<?xml version="1.0" encoding="ISO-8859-1" ?>
<link_info>
   <banner>TI ARM Linker Unix v20.2.7.LTS</banner>
   <copyright>Copyright (c) 1996-2018 Texas Instruments Incorporated</copyright>
   <link_time>0x63d7d77d</link_time>
   <link_errors>0x0</link_errors>
   <output_file>MSP432_RECEVER.out</output_file>
   <entry_point>
      <name>_c_int00_noargs</name>
      <address>0x3de1</address>
   </entry_point>
   <input_file_list>
      <input_file id="fl-2">
         <path>./</path>
         <kind>object</kind>
         <file>ConnectionUart.obj</file>
         <name>ConnectionUart.obj</name>
      </input_file>
      <input_file id="fl-3">
         <path>./</path>
         <kind>object</kind>
         <file>Motor.obj</file>
         <name>Motor.obj</name>
      </input_file>
      <input_file id="fl-4">
         <path>./</path>
         <kind>object</kind>
         <file>UltrasonicSensor.obj</file>
         <name>UltrasonicSensor.obj</name>
      </input_file>
      <input_file id="fl-5">
         <path>./</path>
         <kind>object</kind>
         <file>main.obj</file>
         <name>main.obj</name>
      </input_file>
      <input_file id="fl-6">
         <path>./</path>
         <kind>object</kind>
         <file>startup_msp432p401r_ccs.obj</file>
         <name>startup_msp432p401r_ccs.obj</name>
      </input_file>
      <input_file id="fl-7">
         <path>./</path>
         <kind>object</kind>
         <file>system_msp432p401r.obj</file>
         <name>system_msp432p401r.obj</name>
      </input_file>
      <input_file id="fl-d">
         <kind>object</kind>
         <file>&lt;internal&gt;</file>
         <name>&lt;internal&gt;</name>
      </input_file>
      <input_file id="fl-c3">
         <path>/Applications/ti/ccs1210/ccs/tools/compiler/ti-cgt-arm_20.2.7.LTS/lib/</path>
         <kind>archive</kind>
         <file>rtsv7M4_T_le_v4SPD16_eabi.lib</file>
         <name>printf.c.obj</name>
      </input_file>
      <input_file id="fl-c4">
         <path>/Applications/ti/ccs1210/ccs/tools/compiler/ti-cgt-arm_20.2.7.LTS/lib/</path>
         <kind>archive</kind>
         <file>rtsv7M4_T_le_v4SPD16_eabi.lib</file>
         <name>_printfi.c.obj</name>
      </input_file>
      <input_file id="fl-c5">
         <path>/Applications/ti/ccs1210/ccs/tools/compiler/ti-cgt-arm_20.2.7.LTS/lib/</path>
         <kind>archive</kind>
         <file>rtsv7M4_T_le_v4SPD16_eabi.lib</file>
         <name>fputc.c.obj</name>
      </input_file>
      <input_file id="fl-c6">
         <path>/Applications/ti/ccs1210/ccs/tools/compiler/ti-cgt-arm_20.2.7.LTS/lib/</path>
         <kind>archive</kind>
         <file>rtsv7M4_T_le_v4SPD16_eabi.lib</file>
         <name>fputs.c.obj</name>
      </input_file>
      <input_file id="fl-c7">
         <path>/Applications/ti/ccs1210/ccs/tools/compiler/ti-cgt-arm_20.2.7.LTS/lib/</path>
         <kind>archive</kind>
         <file>rtsv7M4_T_le_v4SPD16_eabi.lib</file>
         <name>_io_perm.c.obj</name>
      </input_file>
      <input_file id="fl-c8">
         <path>/Applications/ti/ccs1210/ccs/tools/compiler/ti-cgt-arm_20.2.7.LTS/lib/</path>
         <kind>archive</kind>
         <file>rtsv7M4_T_le_v4SPD16_eabi.lib</file>
         <name>setvbuf.c.obj</name>
      </input_file>
      <input_file id="fl-c9">
         <path>/Applications/ti/ccs1210/ccs/tools/compiler/ti-cgt-arm_20.2.7.LTS/lib/</path>
         <kind>archive</kind>
         <file>rtsv7M4_T_le_v4SPD16_eabi.lib</file>
         <name>fd_add_t2.asm.obj</name>
      </input_file>
      <input_file id="fl-ca">
         <path>/Applications/ti/ccs1210/ccs/tools/compiler/ti-cgt-arm_20.2.7.LTS/lib/</path>
         <kind>archive</kind>
         <file>rtsv7M4_T_le_v4SPD16_eabi.lib</file>
         <name>fd_cmp_t2.asm.obj</name>
      </input_file>
      <input_file id="fl-cb">
         <path>/Applications/ti/ccs1210/ccs/tools/compiler/ti-cgt-arm_20.2.7.LTS/lib/</path>
         <kind>archive</kind>
         <file>rtsv7M4_T_le_v4SPD16_eabi.lib</file>
         <name>fd_div_t2.asm.obj</name>
      </input_file>
      <input_file id="fl-cc">
         <path>/Applications/ti/ccs1210/ccs/tools/compiler/ti-cgt-arm_20.2.7.LTS/lib/</path>
         <kind>archive</kind>
         <file>rtsv7M4_T_le_v4SPD16_eabi.lib</file>
         <name>fd_mul_t2.asm.obj</name>
      </input_file>
      <input_file id="fl-cd">
         <path>/Applications/ti/ccs1210/ccs/tools/compiler/ti-cgt-arm_20.2.7.LTS/lib/</path>
         <kind>archive</kind>
         <file>rtsv7M4_T_le_v4SPD16_eabi.lib</file>
         <name>fd_toi_t2.asm.obj</name>
      </input_file>
      <input_file id="fl-ce">
         <path>/Applications/ti/ccs1210/ccs/tools/compiler/ti-cgt-arm_20.2.7.LTS/lib/</path>
         <kind>archive</kind>
         <file>rtsv7M4_T_le_v4SPD16_eabi.lib</file>
         <name>i_tofd_t2.asm.obj</name>
      </input_file>
      <input_file id="fl-cf">
         <path>/Applications/ti/ccs1210/ccs/tools/compiler/ti-cgt-arm_20.2.7.LTS/lib/</path>
         <kind>archive</kind>
         <file>rtsv7M4_T_le_v4SPD16_eabi.lib</file>
         <name>memcpy_t2.asm.obj</name>
      </input_file>
      <input_file id="fl-d0">
         <path>/Applications/ti/ccs1210/ccs/tools/compiler/ti-cgt-arm_20.2.7.LTS/lib/</path>
         <kind>archive</kind>
         <file>rtsv7M4_T_le_v4SPD16_eabi.lib</file>
         <name>memset_t2.asm.obj</name>
      </input_file>
      <input_file id="fl-d1">
         <path>/Applications/ti/ccs1210/ccs/tools/compiler/ti-cgt-arm_20.2.7.LTS/lib/</path>
         <kind>archive</kind>
         <file>rtsv7M4_T_le_v4SPD16_eabi.lib</file>
         <name>ull_div_t2.asm.obj</name>
      </input_file>
      <input_file id="fl-d2">
         <path>/Applications/ti/ccs1210/ccs/tools/compiler/ti-cgt-arm_20.2.7.LTS/lib/</path>
         <kind>archive</kind>
         <file>rtsv7M4_T_le_v4SPD16_eabi.lib</file>
         <name>copy_zero_init.c.obj</name>
      </input_file>
      <input_file id="fl-d3">
         <path>/Applications/ti/ccs1210/ccs/tools/compiler/ti-cgt-arm_20.2.7.LTS/lib/</path>
         <kind>archive</kind>
         <file>rtsv7M4_T_le_v4SPD16_eabi.lib</file>
         <name>copy_decompress_none.c.obj</name>
      </input_file>
      <input_file id="fl-d4">
         <path>/Applications/ti/ccs1210/ccs/tools/compiler/ti-cgt-arm_20.2.7.LTS/lib/</path>
         <kind>archive</kind>
         <file>rtsv7M4_T_le_v4SPD16_eabi.lib</file>
         <name>copy_decompress_lzss.c.obj</name>
      </input_file>
      <input_file id="fl-d5">
         <path>/Applications/ti/ccs1210/ccs/tools/compiler/ti-cgt-arm_20.2.7.LTS/lib/</path>
         <kind>archive</kind>
         <file>rtsv7M4_T_le_v4SPD16_eabi.lib</file>
         <name>exit.c.obj</name>
      </input_file>
      <input_file id="fl-d6">
         <path>/Applications/ti/ccs1210/ccs/tools/compiler/ti-cgt-arm_20.2.7.LTS/lib/</path>
         <kind>archive</kind>
         <file>rtsv7M4_T_le_v4SPD16_eabi.lib</file>
         <name>_lock.c.obj</name>
      </input_file>
      <input_file id="fl-d7">
         <path>/Applications/ti/ccs1210/ccs/tools/compiler/ti-cgt-arm_20.2.7.LTS/lib/</path>
         <kind>archive</kind>
         <file>rtsv7M4_T_le_v4SPD16_eabi.lib</file>
         <name>_ltoa.c.obj</name>
      </input_file>
      <input_file id="fl-d8">
         <path>/Applications/ti/ccs1210/ccs/tools/compiler/ti-cgt-arm_20.2.7.LTS/lib/</path>
         <kind>archive</kind>
         <file>rtsv7M4_T_le_v4SPD16_eabi.lib</file>
         <name>atoi.c.obj</name>
      </input_file>
      <input_file id="fl-d9">
         <path>/Applications/ti/ccs1210/ccs/tools/compiler/ti-cgt-arm_20.2.7.LTS/lib/</path>
         <kind>archive</kind>
         <file>rtsv7M4_T_le_v4SPD16_eabi.lib</file>
         <name>ctype.c.obj</name>
      </input_file>
      <input_file id="fl-da">
         <path>/Applications/ti/ccs1210/ccs/tools/compiler/ti-cgt-arm_20.2.7.LTS/lib/</path>
         <kind>archive</kind>
         <file>rtsv7M4_T_le_v4SPD16_eabi.lib</file>
         <name>defs.c.obj</name>
      </input_file>
      <input_file id="fl-db">
         <path>/Applications/ti/ccs1210/ccs/tools/compiler/ti-cgt-arm_20.2.7.LTS/lib/</path>
         <kind>archive</kind>
         <file>rtsv7M4_T_le_v4SPD16_eabi.lib</file>
         <name>memccpy.c.obj</name>
      </input_file>
      <input_file id="fl-dc">
         <path>/Applications/ti/ccs1210/ccs/tools/compiler/ti-cgt-arm_20.2.7.LTS/lib/</path>
         <kind>archive</kind>
         <file>rtsv7M4_T_le_v4SPD16_eabi.lib</file>
         <name>memchr.c.obj</name>
      </input_file>
      <input_file id="fl-dd">
         <path>/Applications/ti/ccs1210/ccs/tools/compiler/ti-cgt-arm_20.2.7.LTS/lib/</path>
         <kind>archive</kind>
         <file>rtsv7M4_T_le_v4SPD16_eabi.lib</file>
         <name>memory.c.obj</name>
      </input_file>
      <input_file id="fl-de">
         <path>/Applications/ti/ccs1210/ccs/tools/compiler/ti-cgt-arm_20.2.7.LTS/lib/</path>
         <kind>archive</kind>
         <file>rtsv7M4_T_le_v4SPD16_eabi.lib</file>
         <name>strchr.c.obj</name>
      </input_file>
      <input_file id="fl-df">
         <path>/Applications/ti/ccs1210/ccs/tools/compiler/ti-cgt-arm_20.2.7.LTS/lib/</path>
         <kind>archive</kind>
         <file>rtsv7M4_T_le_v4SPD16_eabi.lib</file>
         <name>strlen.c.obj</name>
      </input_file>
      <input_file id="fl-e0">
         <path>/Applications/ti/ccs1210/ccs/tools/compiler/ti-cgt-arm_20.2.7.LTS/lib/</path>
         <kind>archive</kind>
         <file>rtsv7M4_T_le_v4SPD16_eabi.lib</file>
         <name>boot_cortex_m.c.obj</name>
      </input_file>
      <input_file id="fl-e1">
         <path>/Applications/ti/ccs1210/ccs/tools/compiler/ti-cgt-arm_20.2.7.LTS/lib/</path>
         <kind>archive</kind>
         <file>rtsv7M4_T_le_v4SPD16_eabi.lib</file>
         <name>write.c.obj</name>
      </input_file>
      <input_file id="fl-e2">
         <path>/Applications/ti/ccs1210/ccs/tools/compiler/ti-cgt-arm_20.2.7.LTS/lib/</path>
         <kind>archive</kind>
         <file>rtsv7M4_T_le_v4SPD16_eabi.lib</file>
         <name>host_device.c.obj</name>
      </input_file>
      <input_file id="fl-e3">
         <path>/Applications/ti/ccs1210/ccs/tools/compiler/ti-cgt-arm_20.2.7.LTS/lib/</path>
         <kind>archive</kind>
         <file>rtsv7M4_T_le_v4SPD16_eabi.lib</file>
         <name>errno.c.obj</name>
      </input_file>
      <input_file id="fl-e4">
         <path>/Applications/ti/ccs1210/ccs/tools/compiler/ti-cgt-arm_20.2.7.LTS/lib/</path>
         <kind>archive</kind>
         <file>rtsv7M4_T_le_v4SPD16_eabi.lib</file>
         <name>wcslen.c.obj</name>
      </input_file>
      <input_file id="fl-e5">
         <path>/Applications/ti/ccs1210/ccs/tools/compiler/ti-cgt-arm_20.2.7.LTS/lib/</path>
         <kind>archive</kind>
         <file>rtsv7M4_T_le_v4SPD16_eabi.lib</file>
         <name>s_frexp.c.obj</name>
      </input_file>
      <input_file id="fl-e6">
         <path>/Applications/ti/ccs1210/ccs/tools/compiler/ti-cgt-arm_20.2.7.LTS/lib/</path>
         <kind>archive</kind>
         <file>rtsv7M4_T_le_v4SPD16_eabi.lib</file>
         <name>s_scalbn.c.obj</name>
      </input_file>
      <input_file id="fl-e7">
         <path>/Applications/ti/ccs1210/ccs/tools/compiler/ti-cgt-arm_20.2.7.LTS/lib/</path>
         <kind>archive</kind>
         <file>rtsv7M4_T_le_v4SPD16_eabi.lib</file>
         <name>fflush.c.obj</name>
      </input_file>
      <input_file id="fl-e8">
         <path>/Applications/ti/ccs1210/ccs/tools/compiler/ti-cgt-arm_20.2.7.LTS/lib/</path>
         <kind>archive</kind>
         <file>rtsv7M4_T_le_v4SPD16_eabi.lib</file>
         <name>fopen.c.obj</name>
      </input_file>
      <input_file id="fl-e9">
         <path>/Applications/ti/ccs1210/ccs/tools/compiler/ti-cgt-arm_20.2.7.LTS/lib/</path>
         <kind>archive</kind>
         <file>rtsv7M4_T_le_v4SPD16_eabi.lib</file>
         <name>fseek.c.obj</name>
      </input_file>
      <input_file id="fl-ea">
         <path>/Applications/ti/ccs1210/ccs/tools/compiler/ti-cgt-arm_20.2.7.LTS/lib/</path>
         <kind>archive</kind>
         <file>rtsv7M4_T_le_v4SPD16_eabi.lib</file>
         <name>div0.asm.obj</name>
      </input_file>
      <input_file id="fl-eb">
         <path>/Applications/ti/ccs1210/ccs/tools/compiler/ti-cgt-arm_20.2.7.LTS/lib/</path>
         <kind>archive</kind>
         <file>rtsv7M4_T_le_v4SPD16_eabi.lib</file>
         <name>autoinit.c.obj</name>
      </input_file>
      <input_file id="fl-ec">
         <path>/Applications/ti/ccs1210/ccs/tools/compiler/ti-cgt-arm_20.2.7.LTS/lib/</path>
         <kind>archive</kind>
         <file>rtsv7M4_T_le_v4SPD16_eabi.lib</file>
         <name>pre_init.c.obj</name>
      </input_file>
      <input_file id="fl-ed">
         <path>/Applications/ti/ccs1210/ccs/tools/compiler/ti-cgt-arm_20.2.7.LTS/lib/</path>
         <kind>archive</kind>
         <file>rtsv7M4_T_le_v4SPD16_eabi.lib</file>
         <name>cpy_tbl.c.obj</name>
      </input_file>
      <input_file id="fl-ee">
         <path>/Applications/ti/ccs1210/ccs/tools/compiler/ti-cgt-arm_20.2.7.LTS/lib/</path>
         <kind>archive</kind>
         <file>rtsv7M4_T_le_v4SPD16_eabi.lib</file>
         <name>args_main.c.obj</name>
      </input_file>
      <input_file id="fl-ef">
         <path>/Applications/ti/ccs1210/ccs/tools/compiler/ti-cgt-arm_20.2.7.LTS/lib/</path>
         <kind>archive</kind>
         <file>rtsv7M4_T_le_v4SPD16_eabi.lib</file>
         <name>hostclose.c.obj</name>
      </input_file>
      <input_file id="fl-f0">
         <path>/Applications/ti/ccs1210/ccs/tools/compiler/ti-cgt-arm_20.2.7.LTS/lib/</path>
         <kind>archive</kind>
         <file>rtsv7M4_T_le_v4SPD16_eabi.lib</file>
         <name>hostlseek.c.obj</name>
      </input_file>
      <input_file id="fl-f1">
         <path>/Applications/ti/ccs1210/ccs/tools/compiler/ti-cgt-arm_20.2.7.LTS/lib/</path>
         <kind>archive</kind>
         <file>rtsv7M4_T_le_v4SPD16_eabi.lib</file>
         <name>hostopen.c.obj</name>
      </input_file>
      <input_file id="fl-f2">
         <path>/Applications/ti/ccs1210/ccs/tools/compiler/ti-cgt-arm_20.2.7.LTS/lib/</path>
         <kind>archive</kind>
         <file>rtsv7M4_T_le_v4SPD16_eabi.lib</file>
         <name>hostread.c.obj</name>
      </input_file>
      <input_file id="fl-f3">
         <path>/Applications/ti/ccs1210/ccs/tools/compiler/ti-cgt-arm_20.2.7.LTS/lib/</path>
         <kind>archive</kind>
         <file>rtsv7M4_T_le_v4SPD16_eabi.lib</file>
         <name>hostrename.c.obj</name>
      </input_file>
      <input_file id="fl-f4">
         <path>/Applications/ti/ccs1210/ccs/tools/compiler/ti-cgt-arm_20.2.7.LTS/lib/</path>
         <kind>archive</kind>
         <file>rtsv7M4_T_le_v4SPD16_eabi.lib</file>
         <name>hostunlink.c.obj</name>
      </input_file>
      <input_file id="fl-f5">
         <path>/Applications/ti/ccs1210/ccs/tools/compiler/ti-cgt-arm_20.2.7.LTS/lib/</path>
         <kind>archive</kind>
         <file>rtsv7M4_T_le_v4SPD16_eabi.lib</file>
         <name>hostwrite.c.obj</name>
      </input_file>
      <input_file id="fl-f6">
         <path>/Applications/ti/ccs1210/ccs/tools/compiler/ti-cgt-arm_20.2.7.LTS/lib/</path>
         <kind>archive</kind>
         <file>rtsv7M4_T_le_v4SPD16_eabi.lib</file>
         <name>trgmsg.c.obj</name>
      </input_file>
      <input_file id="fl-f7">
         <path>/Applications/ti/ccs1210/ccs/tools/compiler/ti-cgt-arm_20.2.7.LTS/lib/</path>
         <kind>archive</kind>
         <file>rtsv7M4_T_le_v4SPD16_eabi.lib</file>
         <name>open.c.obj</name>
      </input_file>
      <input_file id="fl-f8">
         <path>/Applications/ti/ccs1210/ccs/tools/compiler/ti-cgt-arm_20.2.7.LTS/lib/</path>
         <kind>archive</kind>
         <file>rtsv7M4_T_le_v4SPD16_eabi.lib</file>
         <name>lseek.c.obj</name>
      </input_file>
      <input_file id="fl-f9">
         <path>/Applications/ti/ccs1210/ccs/tools/compiler/ti-cgt-arm_20.2.7.LTS/lib/</path>
         <kind>archive</kind>
         <file>rtsv7M4_T_le_v4SPD16_eabi.lib</file>
         <name>s_copysign.c.obj</name>
      </input_file>
      <input_file id="fl-fa">
         <path>/Applications/ti/ccs1210/ccs/tools/compiler/ti-cgt-arm_20.2.7.LTS/lib/</path>
         <kind>archive</kind>
         <file>rtsv7M4_T_le_v4SPD16_eabi.lib</file>
         <name>fclose.c.obj</name>
      </input_file>
      <input_file id="fl-fb">
         <path>/Applications/ti/ccs1210/ccs/tools/compiler/ti-cgt-arm_20.2.7.LTS/lib/</path>
         <kind>archive</kind>
         <file>rtsv7M4_T_le_v4SPD16_eabi.lib</file>
         <name>getdevice.c.obj</name>
      </input_file>
      <input_file id="fl-fc">
         <path>/Applications/ti/ccs1210/ccs/tools/compiler/ti-cgt-arm_20.2.7.LTS/lib/</path>
         <kind>archive</kind>
         <file>rtsv7M4_T_le_v4SPD16_eabi.lib</file>
         <name>strcmp.c.obj</name>
      </input_file>
      <input_file id="fl-fd">
         <path>/Applications/ti/ccs1210/ccs/tools/compiler/ti-cgt-arm_20.2.7.LTS/lib/</path>
         <kind>archive</kind>
         <file>rtsv7M4_T_le_v4SPD16_eabi.lib</file>
         <name>strcpy.c.obj</name>
      </input_file>
      <input_file id="fl-fe">
         <path>/Applications/ti/ccs1210/ccs/tools/compiler/ti-cgt-arm_20.2.7.LTS/lib/</path>
         <kind>archive</kind>
         <file>rtsv7M4_T_le_v4SPD16_eabi.lib</file>
         <name>strncpy.c.obj</name>
      </input_file>
      <input_file id="fl-ff">
         <path>/Applications/ti/ccs1210/ccs/tools/compiler/ti-cgt-arm_20.2.7.LTS/lib/</path>
         <kind>archive</kind>
         <file>rtsv7M4_T_le_v4SPD16_eabi.lib</file>
         <name>remove.c.obj</name>
      </input_file>
      <input_file id="fl-100">
         <path>/Applications/ti/ccs1210/ccs/tools/compiler/ti-cgt-arm_20.2.7.LTS/lib/</path>
         <kind>archive</kind>
         <file>rtsv7M4_T_le_v4SPD16_eabi.lib</file>
         <name>close.c.obj</name>
      </input_file>
      <input_file id="fl-101">
         <path>/Applications/ti/ccs1210/ccs/tools/compiler/ti-cgt-arm_20.2.7.LTS/lib/</path>
         <kind>archive</kind>
         <file>rtsv7M4_T_le_v4SPD16_eabi.lib</file>
         <name>unlink.c.obj</name>
      </input_file>
      <input_file id="fl-102">
         <path>/Applications/ti/ccs1210/ccs/tools/compiler/ti-cgt-arm_20.2.7.LTS/simplelink_msp432p4_sdk_3_40_01_02/source/ti/devices/msp432p4xx/driverlib/ccs/</path>
         <kind>archive</kind>
         <file>msp432p4xx_driverlib.lib</file>
         <name>cs.o</name>
      </input_file>
      <input_file id="fl-103">
         <path>/Applications/ti/ccs1210/ccs/tools/compiler/ti-cgt-arm_20.2.7.LTS/simplelink_msp432p4_sdk_3_40_01_02/source/ti/devices/msp432p4xx/driverlib/ccs/</path>
         <kind>archive</kind>
         <file>msp432p4xx_driverlib.lib</file>
         <name>flash.o</name>
      </input_file>
      <input_file id="fl-104">
         <path>/Applications/ti/ccs1210/ccs/tools/compiler/ti-cgt-arm_20.2.7.LTS/simplelink_msp432p4_sdk_3_40_01_02/source/ti/devices/msp432p4xx/driverlib/ccs/</path>
         <kind>archive</kind>
         <file>msp432p4xx_driverlib.lib</file>
         <name>gpio.o</name>
      </input_file>
      <input_file id="fl-105">
         <path>/Applications/ti/ccs1210/ccs/tools/compiler/ti-cgt-arm_20.2.7.LTS/simplelink_msp432p4_sdk_3_40_01_02/source/ti/devices/msp432p4xx/driverlib/ccs/</path>
         <kind>archive</kind>
         <file>msp432p4xx_driverlib.lib</file>
         <name>interrupt.o</name>
      </input_file>
      <input_file id="fl-106">
         <path>/Applications/ti/ccs1210/ccs/tools/compiler/ti-cgt-arm_20.2.7.LTS/simplelink_msp432p4_sdk_3_40_01_02/source/ti/devices/msp432p4xx/driverlib/ccs/</path>
         <kind>archive</kind>
         <file>msp432p4xx_driverlib.lib</file>
         <name>pcm.o</name>
      </input_file>
      <input_file id="fl-107">
         <path>/Applications/ti/ccs1210/ccs/tools/compiler/ti-cgt-arm_20.2.7.LTS/simplelink_msp432p4_sdk_3_40_01_02/source/ti/devices/msp432p4xx/driverlib/ccs/</path>
         <kind>archive</kind>
         <file>msp432p4xx_driverlib.lib</file>
         <name>rtc_c.o</name>
      </input_file>
      <input_file id="fl-108">
         <path>/Applications/ti/ccs1210/ccs/tools/compiler/ti-cgt-arm_20.2.7.LTS/simplelink_msp432p4_sdk_3_40_01_02/source/ti/devices/msp432p4xx/driverlib/ccs/</path>
         <kind>archive</kind>
         <file>msp432p4xx_driverlib.lib</file>
         <name>sysctl.o</name>
      </input_file>
      <input_file id="fl-109">
         <path>/Applications/ti/ccs1210/ccs/tools/compiler/ti-cgt-arm_20.2.7.LTS/simplelink_msp432p4_sdk_3_40_01_02/source/ti/devices/msp432p4xx/driverlib/ccs/</path>
         <kind>archive</kind>
         <file>msp432p4xx_driverlib.lib</file>
         <name>sysctl_a.o</name>
      </input_file>
      <input_file id="fl-10a">
         <path>/Applications/ti/ccs1210/ccs/tools/compiler/ti-cgt-arm_20.2.7.LTS/simplelink_msp432p4_sdk_3_40_01_02/source/ti/devices/msp432p4xx/driverlib/ccs/</path>
         <kind>archive</kind>
         <file>msp432p4xx_driverlib.lib</file>
         <name>timer_a.o</name>
      </input_file>
      <input_file id="fl-10b">
         <path>/Applications/ti/ccs1210/ccs/tools/compiler/ti-cgt-arm_20.2.7.LTS/simplelink_msp432p4_sdk_3_40_01_02/source/ti/devices/msp432p4xx/driverlib/ccs/</path>
         <kind>archive</kind>
         <file>msp432p4xx_driverlib.lib</file>
         <name>uart.o</name>
      </input_file>
      <input_file id="fl-10c">
         <path>/Applications/ti/ccs1210/ccs/tools/compiler/ti-cgt-arm_20.2.7.LTS/simplelink_msp432p4_sdk_3_40_01_02/source/ti/devices/msp432p4xx/driverlib/ccs/</path>
         <kind>archive</kind>
         <file>msp432p4xx_driverlib.lib</file>
         <name>wdt_a.o</name>
      </input_file>
      <input_file id="fl-10d">
         <path>/Applications/ti/ccs1210/ccs/tools/compiler/ti-cgt-arm_20.2.7.LTS/simplelink_msp432p4_sdk_3_40_01_02/source/ti/devices/msp432p4xx/driverlib/ccs/</path>
         <kind>archive</kind>
         <file>msp432p4xx_driverlib.lib</file>
         <name>cpu.o</name>
      </input_file>
   </input_file_list>
   <object_component_list>
      <object_component id="oc-26">
         <name>.intvecs:retain</name>
         <load_address>0x0</load_address>
         <run_address>0x0</run_address>
         <size>0xe4</size>
         <input_file_ref idref="fl-6"/>
      </object_component>
      <object_component id="oc-217">
         <name>.text:__TI_printfi</name>
         <load_address>0xe4</load_address>
         <run_address>0xe4</run_address>
         <size>0xa4e</size>
         <input_file_ref idref="fl-c4"/>
      </object_component>
      <object_component id="oc-31f">
         <name>.text:_nop</name>
         <load_address>0xb32</load_address>
         <run_address>0xb32</run_address>
         <size>0x2</size>
         <input_file_ref idref="fl-d6"/>
      </object_component>
      <object_component id="oc-147">
         <name>.text</name>
         <load_address>0xb34</load_address>
         <run_address>0xb34</run_address>
         <size>0x56c</size>
         <input_file_ref idref="fl-3"/>
      </object_component>
      <object_component id="oc-b2">
         <name>.text</name>
         <load_address>0x10a0</load_address>
         <run_address>0x10a0</run_address>
         <size>0x334</size>
         <input_file_ref idref="fl-7"/>
      </object_component>
      <object_component id="oc-2fb">
         <name>.text:_pconv_a</name>
         <load_address>0x13d4</load_address>
         <run_address>0x13d4</run_address>
         <size>0x270</size>
         <input_file_ref idref="fl-c4"/>
      </object_component>
      <object_component id="oc-2e9">
         <name>.text:_pconv_g</name>
         <load_address>0x1644</load_address>
         <run_address>0x1644</run_address>
         <size>0x1d0</size>
         <input_file_ref idref="fl-c4"/>
      </object_component>
      <object_component id="oc-3a7">
         <name>.text</name>
         <load_address>0x1814</load_address>
         <run_address>0x1814</run_address>
         <size>0x1b6</size>
         <input_file_ref idref="fl-c9"/>
      </object_component>
      <object_component id="oc-435">
         <name>.text</name>
         <load_address>0x19ca</load_address>
         <run_address>0x19ca</run_address>
         <size>0x2</size>
         <input_file_ref idref="fl-ea"/>
      </object_component>
      <object_component id="oc-364">
         <name>.text:__PCM_setPowerModeAdvanced</name>
         <load_address>0x19cc</load_address>
         <run_address>0x19cc</run_address>
         <size>0x15c</size>
         <input_file_ref idref="fl-106"/>
      </object_component>
      <object_component id="oc-70">
         <name>.text</name>
         <load_address>0x1b28</load_address>
         <run_address>0x1b28</run_address>
         <size>0x144</size>
         <input_file_ref idref="fl-2"/>
      </object_component>
      <object_component id="oc-2a7">
         <name>.text:privateTimer_AProcessClockSourceDivider</name>
         <load_address>0x1c6c</load_address>
         <run_address>0x1c6c</run_address>
         <size>0x144</size>
         <input_file_ref idref="fl-10a"/>
      </object_component>
      <object_component id="oc-2f5">
         <name>.text:_pconv_e</name>
         <load_address>0x1db0</load_address>
         <run_address>0x1db0</run_address>
         <size>0x13c</size>
         <input_file_ref idref="fl-c4"/>
      </object_component>
      <object_component id="oc-38d">
         <name>.text</name>
         <load_address>0x1eec</load_address>
         <run_address>0x1eec</run_address>
         <size>0x136</size>
         <input_file_ref idref="fl-cb"/>
      </object_component>
      <object_component id="oc-1f0">
         <name>.text:CS_initClockSignal</name>
         <load_address>0x2024</load_address>
         <run_address>0x2024</run_address>
         <size>0x130</size>
         <input_file_ref idref="fl-102"/>
      </object_component>
      <object_component id="oc-3b9">
         <name>.text:fcvt</name>
         <load_address>0x2154</load_address>
         <run_address>0x2154</run_address>
         <size>0x124</size>
         <input_file_ref idref="fl-c4"/>
      </object_component>
      <object_component id="oc-dd">
         <name>.text:UART_initModule</name>
         <load_address>0x2278</load_address>
         <run_address>0x2278</run_address>
         <size>0x11c</size>
         <input_file_ref idref="fl-10b"/>
      </object_component>
      <object_component id="oc-32d">
         <name>.text:fputs</name>
         <load_address>0x2394</load_address>
         <run_address>0x2394</run_address>
         <size>0x114</size>
         <input_file_ref idref="fl-c6"/>
      </object_component>
      <object_component id="oc-3cd">
         <name>.text:scalbn</name>
         <load_address>0x24a8</load_address>
         <run_address>0x24a8</run_address>
         <size>0x110</size>
         <input_file_ref idref="fl-e6"/>
      </object_component>
      <object_component id="oc-1b3">
         <name>.text:__PCM_setCoreVoltageLevelAdvanced</name>
         <load_address>0x25b8</load_address>
         <run_address>0x25b8</run_address>
         <size>0x108</size>
         <input_file_ref idref="fl-106"/>
      </object_component>
      <object_component id="oc-4e0">
         <name>.text:aligned_alloc</name>
         <load_address>0x26c0</load_address>
         <run_address>0x26c0</run_address>
         <size>0x100</size>
         <input_file_ref idref="fl-dd"/>
      </object_component>
      <object_component id="oc-388">
         <name>.text</name>
         <load_address>0x27c0</load_address>
         <run_address>0x27c0</run_address>
         <size>0xfc</size>
         <input_file_ref idref="fl-cc"/>
      </object_component>
      <object_component id="oc-49e">
         <name>.text:free</name>
         <load_address>0x28bc</load_address>
         <run_address>0x28bc</run_address>
         <size>0xe4</size>
         <input_file_ref idref="fl-dd"/>
      </object_component>
      <object_component id="oc-470">
         <name>.text:setvbuf</name>
         <load_address>0x29a0</load_address>
         <run_address>0x29a0</run_address>
         <size>0xdc</size>
         <input_file_ref idref="fl-c8"/>
      </object_component>
      <object_component id="oc-a0">
         <name>.text</name>
         <load_address>0x2a7c</load_address>
         <run_address>0x2a7c</run_address>
         <size>0xb6</size>
         <input_file_ref idref="fl-5"/>
      </object_component>
      <object_component id="oc-2de">
         <name>.text:_ltostr</name>
         <load_address>0x2b34</load_address>
         <run_address>0x2b34</run_address>
         <size>0xb1</size>
         <input_file_ref idref="fl-c4"/>
      </object_component>
      <object_component id="oc-14d">
         <name>.text</name>
         <load_address>0x2be8</load_address>
         <run_address>0x2be8</run_address>
         <size>0xb0</size>
         <input_file_ref idref="fl-4"/>
      </object_component>
      <object_component id="oc-3a">
         <name>.text</name>
         <load_address>0x2c98</load_address>
         <run_address>0x2c98</run_address>
         <size>0x9c</size>
         <input_file_ref idref="fl-cf"/>
      </object_component>
      <object_component id="oc-381">
         <name>.text</name>
         <load_address>0x2d34</load_address>
         <run_address>0x2d34</run_address>
         <size>0x96</size>
         <input_file_ref idref="fl-d1"/>
      </object_component>
      <object_component id="oc-334">
         <name>.text:fputc</name>
         <load_address>0x2dcc</load_address>
         <run_address>0x2dcc</run_address>
         <size>0x8c</size>
         <input_file_ref idref="fl-c5"/>
      </object_component>
      <object_component id="oc-b9">
         <name>.text:GPIO_setAsPeripheralModuleFunctionInputPin</name>
         <load_address>0x2e58</load_address>
         <run_address>0x2e58</run_address>
         <size>0x88</size>
         <input_file_ref idref="fl-104"/>
      </object_component>
      <object_component id="oc-1d8">
         <name>.text:GPIO_setAsPeripheralModuleFunctionOutputPin</name>
         <load_address>0x2ee0</load_address>
         <run_address>0x2ee0</run_address>
         <size>0x88</size>
         <input_file_ref idref="fl-104"/>
      </object_component>
      <object_component id="oc-2e4">
         <name>.text:__aeabi_cdcmple</name>
         <load_address>0x2f68</load_address>
         <run_address>0x2f68</run_address>
         <size>0x86</size>
         <input_file_ref idref="fl-ca"/>
      </object_component>
      <object_component id="oc-392">
         <name>.text:__aeabi_cdrcmple</name>
         <load_address>0x2fee</load_address>
         <run_address>0x2fee</run_address>
         <size>0x86</size>
         <input_file_ref idref="fl-ca"/>
      </object_component>
      <object_component id="oc-ef">
         <name>.text:Interrupt_enableInterrupt</name>
         <load_address>0x3074</load_address>
         <run_address>0x3074</run_address>
         <size>0x80</size>
         <input_file_ref idref="fl-105"/>
      </object_component>
      <object_component id="oc-94">
         <name>.text</name>
         <load_address>0x30f4</load_address>
         <run_address>0x30f4</run_address>
         <size>0x7a</size>
         <input_file_ref idref="fl-d0"/>
      </object_component>
      <object_component id="oc-4e7">
         <name>.text:__TI_closefile</name>
         <load_address>0x3170</load_address>
         <run_address>0x3170</run_address>
         <size>0x74</size>
         <input_file_ref idref="fl-fa"/>
      </object_component>
      <object_component id="oc-528">
         <name>.text:split</name>
         <load_address>0x31e4</load_address>
         <run_address>0x31e4</run_address>
         <size>0x70</size>
         <input_file_ref idref="fl-dd"/>
      </object_component>
      <object_component id="oc-3b2">
         <name>.text:_mcpy</name>
         <load_address>0x3254</load_address>
         <run_address>0x3254</run_address>
         <size>0x6e</size>
         <input_file_ref idref="fl-c4"/>
      </object_component>
      <object_component id="oc-517">
         <name>.text:HOSTrename</name>
         <load_address>0x32c4</load_address>
         <run_address>0x32c4</run_address>
         <size>0x6c</size>
         <input_file_ref idref="fl-f3"/>
      </object_component>
      <object_component id="oc-50b">
         <name>.text:HOSTlseek</name>
         <load_address>0x3330</load_address>
         <run_address>0x3330</run_address>
         <size>0x68</size>
         <input_file_ref idref="fl-f0"/>
      </object_component>
      <object_component id="oc-1de">
         <name>.text:Timer_A_configureUpMode</name>
         <load_address>0x3398</load_address>
         <run_address>0x3398</run_address>
         <size>0x68</size>
         <input_file_ref idref="fl-10a"/>
      </object_component>
      <object_component id="oc-17">
         <name>.text:decompress:lzss:__TI_decompress_lzss</name>
         <load_address>0x3400</load_address>
         <run_address>0x3400</run_address>
         <size>0x68</size>
         <input_file_ref idref="fl-d4"/>
      </object_component>
      <object_component id="oc-159">
         <name>.text:printf</name>
         <load_address>0x3468</load_address>
         <run_address>0x3468</run_address>
         <size>0x68</size>
         <input_file_ref idref="fl-c3"/>
      </object_component>
      <object_component id="oc-fb">
         <name>.text:UART_getEnabledInterruptStatus</name>
         <load_address>0x34d0</load_address>
         <run_address>0x34d0</run_address>
         <size>0x64</size>
         <input_file_ref idref="fl-10b"/>
      </object_component>
      <object_component id="oc-3c7">
         <name>.text:frexp</name>
         <load_address>0x3534</load_address>
         <run_address>0x3534</run_address>
         <size>0x64</size>
         <input_file_ref idref="fl-e5"/>
      </object_component>
      <object_component id="oc-46a">
         <name>.text:fseek</name>
         <load_address>0x3598</load_address>
         <run_address>0x3598</run_address>
         <size>0x64</size>
         <input_file_ref idref="fl-e9"/>
      </object_component>
      <object_component id="oc-3fe">
         <name>.text:__TI_wrt_ok</name>
         <load_address>0x35fc</load_address>
         <run_address>0x35fc</run_address>
         <size>0x62</size>
         <input_file_ref idref="fl-c7"/>
      </object_component>
      <object_component id="oc-4f3">
         <name>.text:HOSTopen</name>
         <load_address>0x3660</load_address>
         <run_address>0x3660</run_address>
         <size>0x60</size>
         <input_file_ref idref="fl-f1"/>
      </object_component>
      <object_component id="oc-263">
         <name>.text:PCM_getCoreVoltageLevel</name>
         <load_address>0x36c0</load_address>
         <run_address>0x36c0</run_address>
         <size>0x5e</size>
         <input_file_ref idref="fl-106"/>
      </object_component>
      <object_component id="oc-52f">
         <name>.text:close</name>
         <load_address>0x3720</load_address>
         <run_address>0x3720</run_address>
         <size>0x5c</size>
         <input_file_ref idref="fl-100"/>
      </object_component>
      <object_component id="oc-25d">
         <name>.text:PCM_getPowerMode</name>
         <load_address>0x377c</load_address>
         <run_address>0x377c</run_address>
         <size>0x5a</size>
         <input_file_ref idref="fl-106"/>
      </object_component>
      <object_component id="oc-4ff">
         <name>.text:HOSTread</name>
         <load_address>0x37d8</load_address>
         <run_address>0x37d8</run_address>
         <size>0x58</size>
         <input_file_ref idref="fl-f2"/>
      </object_component>
      <object_component id="oc-505">
         <name>.text:HOSTwrite</name>
         <load_address>0x3830</load_address>
         <run_address>0x3830</run_address>
         <size>0x58</size>
         <input_file_ref idref="fl-f5"/>
      </object_component>
      <object_component id="oc-2ef">
         <name>.text:_pconv_f</name>
         <load_address>0x3888</load_address>
         <run_address>0x3888</run_address>
         <size>0x56</size>
         <input_file_ref idref="fl-c4"/>
      </object_component>
      <object_component id="oc-39c">
         <name>.text:__TI_ltoa</name>
         <load_address>0x38de</load_address>
         <run_address>0x38de</run_address>
         <size>0x54</size>
         <input_file_ref idref="fl-d7"/>
      </object_component>
      <object_component id="oc-3ac">
         <name>.text:_ecpy</name>
         <load_address>0x3932</load_address>
         <run_address>0x3932</run_address>
         <size>0x52</size>
         <input_file_ref idref="fl-c4"/>
      </object_component>
      <object_component id="oc-1ea">
         <name>.text:Timer_A_initCompare</name>
         <load_address>0x3984</load_address>
         <run_address>0x3984</run_address>
         <size>0x4e</size>
         <input_file_ref idref="fl-10a"/>
      </object_component>
      <object_component id="oc-40a">
         <name>.text:__TI_doflush</name>
         <load_address>0x39d2</load_address>
         <run_address>0x39d2</run_address>
         <size>0x4c</size>
         <input_file_ref idref="fl-e7"/>
      </object_component>
      <object_component id="oc-2d8">
         <name>.text:atoi</name>
         <load_address>0x3a20</load_address>
         <run_address>0x3a20</run_address>
         <size>0x4c</size>
         <input_file_ref idref="fl-d8"/>
      </object_component>
      <object_component id="oc-cb">
         <name>.text:FlashCtl_setWaitState</name>
         <load_address>0x3a6c</load_address>
         <run_address>0x3a6c</run_address>
         <size>0x48</size>
         <input_file_ref idref="fl-103"/>
      </object_component>
      <object_component id="oc-166">
         <name>.text:exit</name>
         <load_address>0x3ab4</load_address>
         <run_address>0x3ab4</run_address>
         <size>0x48</size>
         <input_file_ref idref="fl-d5"/>
      </object_component>
      <object_component id="oc-397">
         <name>.text</name>
         <load_address>0x3afc</load_address>
         <run_address>0x3afc</run_address>
         <size>0x48</size>
         <input_file_ref idref="fl-cd"/>
      </object_component>
      <object_component id="oc-4f9">
         <name>.text:HOSTclose</name>
         <load_address>0x3b44</load_address>
         <run_address>0x3b44</run_address>
         <size>0x44</size>
         <input_file_ref idref="fl-ef"/>
      </object_component>
      <object_component id="oc-511">
         <name>.text:HOSTunlink</name>
         <load_address>0x3b88</load_address>
         <run_address>0x3b88</run_address>
         <size>0x44</size>
         <input_file_ref idref="fl-f4"/>
      </object_component>
      <object_component id="oc-16c">
         <name>.text:__TI_auto_init_nobinit_nopinit:__TI_auto_init_nobinit_nopinit</name>
         <load_address>0x3bcc</load_address>
         <run_address>0x3bcc</run_address>
         <size>0x44</size>
         <input_file_ref idref="fl-eb"/>
      </object_component>
      <object_component id="oc-567">
         <name>.text:getdevice</name>
         <load_address>0x3c10</load_address>
         <run_address>0x3c10</run_address>
         <size>0x44</size>
         <input_file_ref idref="fl-fb"/>
      </object_component>
      <object_component id="oc-bf">
         <name>.text:GPIO_setAsOutputPin</name>
         <load_address>0x3c54</load_address>
         <run_address>0x3c54</run_address>
         <size>0x40</size>
         <input_file_ref idref="fl-104"/>
      </object_component>
      <object_component id="oc-3bf">
         <name>.text:_fcpy</name>
         <load_address>0x3c94</load_address>
         <run_address>0x3c94</run_address>
         <size>0x3e</size>
         <input_file_ref idref="fl-c4"/>
      </object_component>
      <object_component id="oc-540">
         <name>.text:__TI_writemsg</name>
         <load_address>0x3cd4</load_address>
         <run_address>0x3cd4</run_address>
         <size>0x38</size>
         <input_file_ref idref="fl-f6"/>
      </object_component>
      <object_component id="oc-589">
         <name>.text:strncpy</name>
         <load_address>0x3d0c</load_address>
         <run_address>0x3d0c</run_address>
         <size>0x36</size>
         <input_file_ref idref="fl-fe"/>
      </object_component>
      <object_component id="oc-d7">
         <name>.text:CS_setDCOCenteredFrequency</name>
         <load_address>0x3d44</load_address>
         <run_address>0x3d44</run_address>
         <size>0x34</size>
         <input_file_ref idref="fl-102"/>
      </object_component>
      <object_component id="oc-4aa">
         <name>.text:__TI_cleanup</name>
         <load_address>0x3d78</load_address>
         <run_address>0x3d78</run_address>
         <size>0x34</size>
         <input_file_ref idref="fl-e8"/>
      </object_component>
      <object_component id="oc-546">
         <name>.text:__TI_readmsg</name>
         <load_address>0x3dac</load_address>
         <run_address>0x3dac</run_address>
         <size>0x34</size>
         <input_file_ref idref="fl-f6"/>
      </object_component>
      <object_component id="oc-58">
         <name>.text:_c_int00_noargs:_c_int00_noargs</name>
         <load_address>0x3de0</load_address>
         <run_address>0x3de0</run_address>
         <size>0x34</size>
         <input_file_ref idref="fl-e0"/>
      </object_component>
      <object_component id="oc-e9">
         <name>.text:UART_enableInterrupt</name>
         <load_address>0x3e14</load_address>
         <run_address>0x3e14</run_address>
         <size>0x30</size>
         <input_file_ref idref="fl-10b"/>
      </object_component>
      <object_component id="oc-101">
         <name>.text:UART_receiveData</name>
         <load_address>0x3e44</load_address>
         <run_address>0x3e44</run_address>
         <size>0x30</size>
         <input_file_ref idref="fl-10b"/>
      </object_component>
      <object_component id="oc-58f">
         <name>.text:finddevice</name>
         <load_address>0x3e74</load_address>
         <run_address>0x3e74</run_address>
         <size>0x30</size>
         <input_file_ref idref="fl-fb"/>
      </object_component>
      <object_component id="oc-3a2">
         <name>.text</name>
         <load_address>0x3ea4</load_address>
         <run_address>0x3ea4</run_address>
         <size>0x2e</size>
         <input_file_ref idref="fl-ce"/>
      </object_component>
      <object_component id="oc-535">
         <name>.text:unlink</name>
         <load_address>0x3ed4</load_address>
         <run_address>0x3ed4</run_address>
         <size>0x2c</size>
         <input_file_ref idref="fl-101"/>
      </object_component>
      <object_component id="oc-1fc">
         <name>.text:GPIO_setOutputHighOnPin</name>
         <load_address>0x3f00</load_address>
         <run_address>0x3f00</run_address>
         <size>0x28</size>
         <input_file_ref idref="fl-104"/>
      </object_component>
      <object_component id="oc-c5">
         <name>.text:GPIO_setOutputLowOnPin</name>
         <load_address>0x3f28</load_address>
         <run_address>0x3f28</run_address>
         <size>0x28</size>
         <input_file_ref idref="fl-104"/>
      </object_component>
      <object_component id="oc-20a">
         <name>.text:PCM_gotoLPM0</name>
         <load_address>0x3f50</load_address>
         <run_address>0x3f50</run_address>
         <size>0x28</size>
         <input_file_ref idref="fl-106"/>
      </object_component>
      <object_component id="oc-4d9">
         <name>.text:free_list_insert</name>
         <load_address>0x3f78</load_address>
         <run_address>0x3f78</run_address>
         <size>0x28</size>
         <input_file_ref idref="fl-dd"/>
      </object_component>
      <object_component id="oc-496">
         <name>.text:lseek</name>
         <load_address>0x3fa0</load_address>
         <run_address>0x3fa0</run_address>
         <size>0x28</size>
         <input_file_ref idref="fl-f8"/>
      </object_component>
      <object_component id="oc-410">
         <name>.text:write</name>
         <load_address>0x3fc8</load_address>
         <run_address>0x3fc8</run_address>
         <size>0x28</size>
         <input_file_ref idref="fl-e1"/>
      </object_component>
      <object_component id="oc-141">
         <name>.text:WDT_A_holdTimer</name>
         <load_address>0x3ff0</load_address>
         <run_address>0x3ff0</run_address>
         <size>0x24</size>
         <input_file_ref idref="fl-10c"/>
      </object_component>
      <object_component id="oc-404">
         <name>.text:memchr</name>
         <load_address>0x4014</load_address>
         <run_address>0x4014</run_address>
         <size>0x20</size>
         <input_file_ref idref="fl-dc"/>
      </object_component>
      <object_component id="oc-153">
         <name>.text:PCM_gotoLPM0InterruptSafe</name>
         <load_address>0x4034</load_address>
         <run_address>0x4034</run_address>
         <size>0x1c</size>
         <input_file_ref idref="fl-106"/>
      </object_component>
      <object_component id="oc-46">
         <name>.text:decompress:ZI:__TI_zero_init_nomemset:__TI_zero_init_nomemset</name>
         <load_address>0x4050</load_address>
         <run_address>0x4050</run_address>
         <size>0x1c</size>
         <input_file_ref idref="fl-d2"/>
      </object_component>
      <object_component id="oc-4d3">
         <name>.text:free_list_remove</name>
         <load_address>0x406c</load_address>
         <run_address>0x406c</run_address>
         <size>0x1c</size>
         <input_file_ref idref="fl-dd"/>
      </object_component>
      <object_component id="oc-301">
         <name>.text:memccpy</name>
         <load_address>0x4088</load_address>
         <run_address>0x4088</run_address>
         <size>0x1c</size>
         <input_file_ref idref="fl-db"/>
      </object_component>
      <object_component id="oc-44e">
         <name>.text:copysign</name>
         <load_address>0x40a4</load_address>
         <run_address>0x40a4</run_address>
         <size>0x1a</size>
         <input_file_ref idref="fl-f9"/>
      </object_component>
      <object_component id="oc-1c4">
         <name>.text:UART_getInterruptStatus</name>
         <load_address>0x40be</load_address>
         <run_address>0x40be</run_address>
         <size>0x18</size>
         <input_file_ref idref="fl-10b"/>
      </object_component>
      <object_component id="oc-5a6">
         <name>.text:strcmp</name>
         <load_address>0x40d6</load_address>
         <run_address>0x40d6</run_address>
         <size>0x18</size>
         <input_file_ref idref="fl-fc"/>
      </object_component>
      <object_component id="oc-1e4">
         <name>.text:Timer_A_startCounter</name>
         <load_address>0x40ee</load_address>
         <run_address>0x40ee</run_address>
         <size>0x16</size>
         <input_file_ref idref="fl-10a"/>
      </object_component>
      <object_component id="oc-e3">
         <name>.text:UART_enableModule</name>
         <load_address>0x4104</load_address>
         <run_address>0x4104</run_address>
         <size>0x16</size>
         <input_file_ref idref="fl-10b"/>
      </object_component>
      <object_component id="oc-3d3">
         <name>.text:strchr</name>
         <load_address>0x411a</load_address>
         <run_address>0x411a</run_address>
         <size>0x16</size>
         <input_file_ref idref="fl-de"/>
      </object_component>
      <object_component id="oc-269">
         <name>.text:PCM_getPowerState</name>
         <load_address>0x4130</load_address>
         <run_address>0x4130</run_address>
         <size>0x14</size>
         <input_file_ref idref="fl-106"/>
      </object_component>
      <object_component id="oc-55a">
         <name>.text:strcpy</name>
         <load_address>0x4144</load_address>
         <run_address>0x4144</run_address>
         <size>0x14</size>
         <input_file_ref idref="fl-fd"/>
      </object_component>
      <object_component id="oc-2d2">
         <name>.text:strlen</name>
         <load_address>0x4158</load_address>
         <run_address>0x4158</run_address>
         <size>0x14</size>
         <input_file_ref idref="fl-df"/>
      </object_component>
      <object_component id="oc-307">
         <name>.text:wcslen</name>
         <load_address>0x416c</load_address>
         <run_address>0x416c</run_address>
         <size>0x12</size>
         <input_file_ref idref="fl-e4"/>
      </object_component>
      <object_component id="oc-1f6">
         <name>.text:Interrupt_disableMaster</name>
         <load_address>0x417e</load_address>
         <run_address>0x417e</run_address>
         <size>0x10</size>
         <input_file_ref idref="fl-105"/>
      </object_component>
      <object_component id="oc-107">
         <name>.text:Interrupt_disableSleepOnIsrExit</name>
         <load_address>0x4190</load_address>
         <run_address>0x4190</run_address>
         <size>0x10</size>
         <input_file_ref idref="fl-105"/>
      </object_component>
      <object_component id="oc-210">
         <name>.text:Interrupt_enableMaster</name>
         <load_address>0x41a0</load_address>
         <run_address>0x41a0</run_address>
         <size>0x10</size>
         <input_file_ref idref="fl-105"/>
      </object_component>
      <object_component id="oc-f5">
         <name>.text:Interrupt_enableSleepOnIsrExit</name>
         <load_address>0x41b0</load_address>
         <run_address>0x41b0</run_address>
         <size>0x10</size>
         <input_file_ref idref="fl-105"/>
      </object_component>
      <object_component id="oc-d1">
         <name>.text:PCM_setCoreVoltageLevel</name>
         <load_address>0x41c0</load_address>
         <run_address>0x41c0</run_address>
         <size>0x10</size>
         <input_file_ref idref="fl-106"/>
      </object_component>
      <object_component id="oc-26f">
         <name>.text:PCM_setPowerMode</name>
         <load_address>0x41d0</load_address>
         <run_address>0x41d0</run_address>
         <size>0x10</size>
         <input_file_ref idref="fl-106"/>
      </object_component>
      <object_component id="oc-1d">
         <name>.text:decompress:none:__TI_decompress_none</name>
         <load_address>0x41e0</load_address>
         <run_address>0x41e0</run_address>
         <size>0xe</size>
         <input_file_ref idref="fl-d3"/>
      </object_component>
      <object_component id="oc-6a">
         <name>.text</name>
         <load_address>0x41ee</load_address>
         <run_address>0x41ee</run_address>
         <size>0xe</size>
         <input_file_ref idref="fl-6"/>
      </object_component>
      <object_component id="oc-2b2">
         <name>.text:CPU_cpsid</name>
         <load_address>0x41fc</load_address>
         <run_address>0x41fc</run_address>
         <size>0xc</size>
         <input_file_ref idref="fl-10d"/>
      </object_component>
      <object_component id="oc-2cb">
         <name>.text:CPU_cpsie</name>
         <load_address>0x4208</load_address>
         <run_address>0x4208</run_address>
         <size>0xc</size>
         <input_file_ref idref="fl-10d"/>
      </object_component>
      <object_component id="oc-30d">
         <name>.text:__aeabi_errno_addr</name>
         <load_address>0x4214</load_address>
         <run_address>0x4214</run_address>
         <size>0x8</size>
         <input_file_ref idref="fl-e3"/>
      </object_component>
      <object_component id="oc-4a4">
         <name>.text:malloc</name>
         <load_address>0x421c</load_address>
         <run_address>0x421c</run_address>
         <size>0x8</size>
         <input_file_ref idref="fl-dd"/>
      </object_component>
      <object_component id="oc-2c4">
         <name>.text:CPU_wfi</name>
         <load_address>0x4224</load_address>
         <run_address>0x4224</run_address>
         <size>0x4</size>
         <input_file_ref idref="fl-10d"/>
      </object_component>
      <object_component id="oc-229">
         <name>.text:_outc</name>
         <load_address>0x4228</load_address>
         <run_address>0x4228</run_address>
         <size>0x4</size>
         <input_file_ref idref="fl-c3"/>
      </object_component>
      <object_component id="oc-223">
         <name>.text:_outs</name>
         <load_address>0x422c</load_address>
         <run_address>0x422c</run_address>
         <size>0x4</size>
         <input_file_ref idref="fl-c3"/>
      </object_component>
      <object_component id="oc-9a">
         <name>.text:_system_pre_init</name>
         <load_address>0x4230</load_address>
         <run_address>0x4230</run_address>
         <size>0x4</size>
         <input_file_ref idref="fl-ec"/>
      </object_component>
      <object_component id="oc-160">
         <name>.text:abort:abort</name>
         <load_address>0x4234</load_address>
         <run_address>0x4234</run_address>
         <size>0x4</size>
         <input_file_ref idref="fl-d5"/>
      </object_component>
      <object_component id="oc-37c">
         <name>.const:.string:_ctypes_</name>
         <load_address>0x4238</load_address>
         <run_address>0x4238</run_address>
         <size>0x101</size>
         <input_file_ref idref="fl-d9"/>
      </object_component>
      <object_component id="oc-1a2">
         <name>.const:GPIO_PORT_TO_BASE</name>
         <load_address>0x433c</load_address>
         <run_address>0x433c</run_address>
         <size>0x30</size>
         <input_file_ref idref="fl-104"/>
      </object_component>
      <object_component id="oc-110">
         <name>.const:uartConfig</name>
         <load_address>0x436c</load_address>
         <run_address>0x436c</run_address>
         <size>0x28</size>
         <input_file_ref idref="fl-2"/>
      </object_component>
      <object_component id="oc-202">
         <name>.const:upConfig</name>
         <load_address>0x4394</load_address>
         <run_address>0x4394</run_address>
         <size>0x18</size>
         <input_file_ref idref="fl-3"/>
      </object_component>
      <object_component id="oc-1bf">
         <name>.const:g_pulEnRegs</name>
         <load_address>0x43ac</load_address>
         <run_address>0x43ac</run_address>
         <size>0x8</size>
         <input_file_ref idref="fl-105"/>
      </object_component>
      <object_component id="oc-5e6">
         <name>.cinit..data.load</name>
         <load_address>0x43b8</load_address>
         <run_address>0x43b8</run_address>
         <size>0x7a</size>
      </object_component>
      <object_component id="oc-5e4">
         <name>__TI_handler_table</name>
         <load_address>0x4434</load_address>
         <run_address>0x4434</run_address>
         <size>0xc</size>
      </object_component>
      <object_component id="oc-5e7">
         <name>.cinit..bss.load</name>
         <load_address>0x4440</load_address>
         <run_address>0x4440</run_address>
         <size>0x8</size>
      </object_component>
      <object_component id="oc-5e5">
         <name>__TI_cinit_table</name>
         <load_address>0x4448</load_address>
         <run_address>0x4448</run_address>
         <size>0x10</size>
      </object_component>
      <object_component id="oc-5b8">
         <name>.binit</name>
         <load_address>0x0</load_address>
         <run_address>0x0</run_address>
         <size>0x0</size>
      </object_component>
      <object_component id="oc-10d">
         <name>.data</name>
         <load_address>0x200005b8</load_address>
         <run_address>0x200005b8</run_address>
         <size>0x18</size>
         <input_file_ref idref="fl-2"/>
      </object_component>
      <object_component id="oc-205">
         <name>.data:compareConfig_PWM</name>
         <load_address>0x200005d0</load_address>
         <run_address>0x200005d0</run_address>
         <size>0x10</size>
         <input_file_ref idref="fl-3"/>
      </object_component>
      <object_component id="oc-19e">
         <name>.data</name>
         <load_address>0x20000610</load_address>
         <run_address>0x20000610</run_address>
         <size>0x4</size>
         <input_file_ref idref="fl-7"/>
      </object_component>
      <object_component id="oc-237">
         <name>.data:$O1$$</name>
         <load_address>0x200005f0</load_address>
         <run_address>0x200005f0</run_address>
         <size>0xc</size>
         <input_file_ref idref="fl-d5"/>
      </object_component>
      <object_component id="oc-21d">
         <name>.data:$O1$$</name>
         <load_address>0x200005fc</load_address>
         <run_address>0x200005fc</run_address>
         <size>0x8</size>
         <input_file_ref idref="fl-d6"/>
      </object_component>
      <object_component id="oc-220">
         <name>.data:_ftable</name>
         <load_address>0x20000400</load_address>
         <run_address>0x20000400</run_address>
         <size>0xf0</size>
         <input_file_ref idref="fl-da"/>
      </object_component>
      <object_component id="oc-4ed">
         <name>.data</name>
         <load_address>0x200005e0</load_address>
         <run_address>0x200005e0</run_address>
         <size>0x10</size>
         <input_file_ref idref="fl-da"/>
      </object_component>
      <object_component id="oc-523">
         <name>.data:$O1$$</name>
         <load_address>0x20000604</load_address>
         <run_address>0x20000604</run_address>
         <size>0x8</size>
         <input_file_ref idref="fl-dd"/>
      </object_component>
      <object_component id="oc-4bd">
         <name>.data:_device</name>
         <load_address>0x200004f0</load_address>
         <run_address>0x200004f0</run_address>
         <size>0x78</size>
         <input_file_ref idref="fl-e2"/>
      </object_component>
      <object_component id="oc-47c">
         <name>.data:_stream</name>
         <load_address>0x20000568</load_address>
         <run_address>0x20000568</run_address>
         <size>0x50</size>
         <input_file_ref idref="fl-e2"/>
      </object_component>
      <object_component id="oc-3e3">
         <name>.data</name>
         <load_address>0x2000060c</load_address>
         <run_address>0x2000060c</run_address>
         <size>0x4</size>
         <input_file_ref idref="fl-e3"/>
      </object_component>
      <object_component id="oc-571">
         <name>.bss:_CIOBUF_</name>
         <uninitialized>true</uninitialized>
         <run_address>0x20000614</run_address>
         <size>0x120</size>
         <input_file_ref idref="fl-f6"/>
      </object_component>
      <object_component id="oc-53b">
         <name>.common:__TI_tmpnams</name>
         <uninitialized>true</uninitialized>
         <run_address>0x20000734</run_address>
         <size>0xa0</size>
      </object_component>
      <object_component id="oc-54c">
         <name>.common:parmbuf</name>
         <uninitialized>true</uninitialized>
         <run_address>0x200007d4</run_address>
         <size>0x8</size>
      </object_component>
      <object_component id="oc-29">
         <name>.sysmem</name>
         <uninitialized>true</uninitialized>
         <run_address>0x20000000</run_address>
         <size>0x10</size>
         <input_file_ref idref="fl-dd"/>
      </object_component>
      <object_component id="oc-5ea">
         <name>.sysmem</name>
         <uninitialized>true</uninitialized>
         <run_address>0x20000000</run_address>
         <size>0x0</size>
      </object_component>
      <object_component id="oc-2c">
         <name>.stack</name>
         <uninitialized>true</uninitialized>
         <run_address>0x2000fe00</run_address>
         <size>0x4</size>
         <input_file_ref idref="fl-e0"/>
      </object_component>
      <object_component id="oc-5e9">
         <name>.stack</name>
         <uninitialized>true</uninitialized>
         <run_address>0x2000fe00</run_address>
         <size>0x0</size>
      </object_component>
      <object_component id="oc-1cf">
         <name>.debug_info</name>
         <load_address>0x0</load_address>
         <run_address>0x0</run_address>
         <size>0x91e</size>
         <input_file_ref idref="fl-2"/>
      </object_component>
      <object_component id="oc-111">
         <name>.debug_info</name>
         <load_address>0x91e</load_address>
         <run_address>0x91e</run_address>
         <size>0xe8</size>
         <input_file_ref idref="fl-2"/>
      </object_component>
      <object_component id="oc-10e">
         <name>.debug_info</name>
         <load_address>0xa06</load_address>
         <run_address>0xa06</run_address>
         <size>0x179</size>
         <input_file_ref idref="fl-2"/>
      </object_component>
      <object_component id="oc-71">
         <name>.debug_info</name>
         <load_address>0xb7f</load_address>
         <run_address>0xb7f</run_address>
         <size>0x5d7</size>
         <input_file_ref idref="fl-2"/>
      </object_component>
      <object_component id="oc-120">
         <name>.debug_info</name>
         <load_address>0x1156</load_address>
         <run_address>0x1156</run_address>
         <size>0x26b</size>
         <input_file_ref idref="fl-2"/>
      </object_component>
      <object_component id="oc-297">
         <name>.debug_info</name>
         <load_address>0x13c1</load_address>
         <run_address>0x13c1</run_address>
         <size>0x1055</size>
         <input_file_ref idref="fl-2"/>
      </object_component>
      <object_component id="oc-292">
         <name>.debug_info</name>
         <load_address>0x2416</load_address>
         <run_address>0x2416</run_address>
         <size>0x37e2</size>
         <input_file_ref idref="fl-2"/>
      </object_component>
      <object_component id="oc-2bf">
         <name>.debug_info</name>
         <load_address>0x5bf8</load_address>
         <run_address>0x5bf8</run_address>
         <size>0x341</size>
         <input_file_ref idref="fl-2"/>
      </object_component>
      <object_component id="oc-114">
         <name>.debug_info</name>
         <load_address>0x5f39</load_address>
         <run_address>0x5f39</run_address>
         <size>0x8b</size>
         <input_file_ref idref="fl-2"/>
      </object_component>
      <object_component id="oc-1d2">
         <name>.debug_info</name>
         <load_address>0x5fc4</load_address>
         <run_address>0x5fc4</run_address>
         <size>0x2a4</size>
         <input_file_ref idref="fl-2"/>
      </object_component>
      <object_component id="oc-2a1">
         <name>.debug_info</name>
         <load_address>0x6268</load_address>
         <run_address>0x6268</run_address>
         <size>0xef</size>
         <input_file_ref idref="fl-2"/>
      </object_component>
      <object_component id="oc-119">
         <name>.debug_info</name>
         <load_address>0x6357</load_address>
         <run_address>0x6357</run_address>
         <size>0xbb</size>
         <input_file_ref idref="fl-2"/>
      </object_component>
      <object_component id="oc-29c">
         <name>.debug_info</name>
         <load_address>0x6412</load_address>
         <run_address>0x6412</run_address>
         <size>0x102</size>
         <input_file_ref idref="fl-2"/>
      </object_component>
      <object_component id="oc-2bc">
         <name>.debug_info</name>
         <load_address>0x6514</load_address>
         <run_address>0x6514</run_address>
         <size>0x981</size>
         <input_file_ref idref="fl-3"/>
      </object_component>
      <object_component id="oc-206">
         <name>.debug_info</name>
         <load_address>0x6e95</load_address>
         <run_address>0x6e95</run_address>
         <size>0xed</size>
         <input_file_ref idref="fl-3"/>
      </object_component>
      <object_component id="oc-203">
         <name>.debug_info</name>
         <load_address>0x6f82</load_address>
         <run_address>0x6f82</run_address>
         <size>0xdb</size>
         <input_file_ref idref="fl-3"/>
      </object_component>
      <object_component id="oc-148">
         <name>.debug_info</name>
         <load_address>0x705d</load_address>
         <run_address>0x705d</run_address>
         <size>0xefb</size>
         <input_file_ref idref="fl-3"/>
      </object_component>
      <object_component id="oc-151">
         <name>.debug_info</name>
         <load_address>0x7f58</load_address>
         <run_address>0x7f58</run_address>
         <size>0x1c0</size>
         <input_file_ref idref="fl-4"/>
      </object_component>
      <object_component id="oc-35">
         <name>.debug_info</name>
         <load_address>0x8118</load_address>
         <run_address>0x8118</run_address>
         <size>0x84</size>
         <input_file_ref idref="fl-4"/>
      </object_component>
      <object_component id="oc-a4">
         <name>.debug_info</name>
         <load_address>0x819c</load_address>
         <run_address>0x819c</run_address>
         <size>0x23c</size>
         <input_file_ref idref="fl-5"/>
      </object_component>
      <object_component id="oc-78">
         <name>.debug_info</name>
         <load_address>0x83d8</load_address>
         <run_address>0x83d8</run_address>
         <size>0x2d1</size>
         <input_file_ref idref="fl-6"/>
      </object_component>
      <object_component id="oc-27">
         <name>.debug_info</name>
         <load_address>0x86a9</load_address>
         <run_address>0x86a9</run_address>
         <size>0xfd</size>
         <input_file_ref idref="fl-6"/>
      </object_component>
      <object_component id="oc-6b">
         <name>.debug_info</name>
         <load_address>0x87a6</load_address>
         <run_address>0x87a6</run_address>
         <size>0x1c4</size>
         <input_file_ref idref="fl-6"/>
      </object_component>
      <object_component id="oc-19f">
         <name>.debug_info</name>
         <load_address>0x896a</load_address>
         <run_address>0x896a</run_address>
         <size>0xf6</size>
         <input_file_ref idref="fl-7"/>
      </object_component>
      <object_component id="oc-b3">
         <name>.debug_info</name>
         <load_address>0x8a60</load_address>
         <run_address>0x8a60</run_address>
         <size>0x268</size>
         <input_file_ref idref="fl-7"/>
      </object_component>
      <object_component id="oc-230">
         <name>.debug_info</name>
         <load_address>0x8cc8</load_address>
         <run_address>0x8cc8</run_address>
         <size>0x3e5</size>
         <input_file_ref idref="fl-c3"/>
      </object_component>
      <object_component id="oc-22b">
         <name>.debug_info</name>
         <load_address>0x90ad</load_address>
         <run_address>0x90ad</run_address>
         <size>0x157</size>
         <input_file_ref idref="fl-c3"/>
      </object_component>
      <object_component id="oc-224">
         <name>.debug_info</name>
         <load_address>0x9204</load_address>
         <run_address>0x9204</run_address>
         <size>0x166</size>
         <input_file_ref idref="fl-c3"/>
      </object_component>
      <object_component id="oc-15a">
         <name>.debug_info</name>
         <load_address>0x936a</load_address>
         <run_address>0x936a</run_address>
         <size>0x1ac</size>
         <input_file_ref idref="fl-c3"/>
      </object_component>
      <object_component id="oc-33d">
         <name>.debug_info</name>
         <load_address>0x9516</load_address>
         <run_address>0x9516</run_address>
         <size>0xb2</size>
         <input_file_ref idref="fl-c3"/>
      </object_component>
      <object_component id="oc-342">
         <name>.debug_info</name>
         <load_address>0x95c8</load_address>
         <run_address>0x95c8</run_address>
         <size>0x4e</size>
         <input_file_ref idref="fl-c3"/>
      </object_component>
      <object_component id="oc-231">
         <name>.debug_info</name>
         <load_address>0x9616</load_address>
         <run_address>0x9616</run_address>
         <size>0x2c</size>
         <input_file_ref idref="fl-c3"/>
      </object_component>
      <object_component id="oc-314">
         <name>.debug_info</name>
         <load_address>0x9642</load_address>
         <run_address>0x9642</run_address>
         <size>0x590</size>
         <input_file_ref idref="fl-c4"/>
      </object_component>
      <object_component id="oc-2e2">
         <name>.debug_info</name>
         <load_address>0x9bd2</load_address>
         <run_address>0x9bd2</run_address>
         <size>0x21e</size>
         <input_file_ref idref="fl-c4"/>
      </object_component>
      <object_component id="oc-3b0">
         <name>.debug_info</name>
         <load_address>0x9df0</load_address>
         <run_address>0x9df0</run_address>
         <size>0x1b3</size>
         <input_file_ref idref="fl-c4"/>
      </object_component>
      <object_component id="oc-3b5">
         <name>.debug_info</name>
         <load_address>0x9fa3</load_address>
         <run_address>0x9fa3</run_address>
         <size>0x21b</size>
         <input_file_ref idref="fl-c4"/>
      </object_component>
      <object_component id="oc-2ed">
         <name>.debug_info</name>
         <load_address>0xa1be</load_address>
         <run_address>0xa1be</run_address>
         <size>0x3c0</size>
         <input_file_ref idref="fl-c4"/>
      </object_component>
      <object_component id="oc-3bd">
         <name>.debug_info</name>
         <load_address>0xa57e</load_address>
         <run_address>0xa57e</run_address>
         <size>0x30a</size>
         <input_file_ref idref="fl-c4"/>
      </object_component>
      <object_component id="oc-3c2">
         <name>.debug_info</name>
         <load_address>0xa888</load_address>
         <run_address>0xa888</run_address>
         <size>0x215</size>
         <input_file_ref idref="fl-c4"/>
      </object_component>
      <object_component id="oc-2f2">
         <name>.debug_info</name>
         <load_address>0xaa9d</load_address>
         <run_address>0xaa9d</run_address>
         <size>0x215</size>
         <input_file_ref idref="fl-c4"/>
      </object_component>
      <object_component id="oc-2f8">
         <name>.debug_info</name>
         <load_address>0xacb2</load_address>
         <run_address>0xacb2</run_address>
         <size>0x304</size>
         <input_file_ref idref="fl-c4"/>
      </object_component>
      <object_component id="oc-2fe">
         <name>.debug_info</name>
         <load_address>0xafb6</load_address>
         <run_address>0xafb6</run_address>
         <size>0x4b5</size>
         <input_file_ref idref="fl-c4"/>
      </object_component>
      <object_component id="oc-21a">
         <name>.debug_info</name>
         <load_address>0xb46b</load_address>
         <run_address>0xb46b</run_address>
         <size>0x5f4</size>
         <input_file_ref idref="fl-c4"/>
      </object_component>
      <object_component id="oc-315">
         <name>.debug_info</name>
         <load_address>0xba5f</load_address>
         <run_address>0xba5f</run_address>
         <size>0x86</size>
         <input_file_ref idref="fl-c4"/>
      </object_component>
      <object_component id="oc-3ef">
         <name>.debug_info</name>
         <load_address>0xbae5</load_address>
         <run_address>0xbae5</run_address>
         <size>0x39</size>
         <input_file_ref idref="fl-c4"/>
      </object_component>
      <object_component id="oc-465">
         <name>.debug_info</name>
         <load_address>0xbb1e</load_address>
         <run_address>0xbb1e</run_address>
         <size>0xb6</size>
         <input_file_ref idref="fl-c4"/>
      </object_component>
      <object_component id="oc-3f4">
         <name>.debug_info</name>
         <load_address>0xbbd4</load_address>
         <run_address>0xbbd4</run_address>
         <size>0x46</size>
         <input_file_ref idref="fl-c4"/>
      </object_component>
      <object_component id="oc-31a">
         <name>.debug_info</name>
         <load_address>0xbc1a</load_address>
         <run_address>0xbc1a</run_address>
         <size>0x46</size>
         <input_file_ref idref="fl-c4"/>
      </object_component>
      <object_component id="oc-3ea">
         <name>.debug_info</name>
         <load_address>0xbc60</load_address>
         <run_address>0xbc60</run_address>
         <size>0x2c</size>
         <input_file_ref idref="fl-c4"/>
      </object_component>
      <object_component id="oc-419">
         <name>.debug_info</name>
         <load_address>0xbc8c</load_address>
         <run_address>0xbc8c</run_address>
         <size>0x383</size>
         <input_file_ref idref="fl-c5"/>
      </object_component>
      <object_component id="oc-335">
         <name>.debug_info</name>
         <load_address>0xc00f</load_address>
         <run_address>0xc00f</run_address>
         <size>0x1ea</size>
         <input_file_ref idref="fl-c5"/>
      </object_component>
      <object_component id="oc-417">
         <name>.debug_info</name>
         <load_address>0xc1f9</load_address>
         <run_address>0xc1f9</run_address>
         <size>0x3fc</size>
         <input_file_ref idref="fl-c6"/>
      </object_component>
      <object_component id="oc-32e">
         <name>.debug_info</name>
         <load_address>0xc5f5</load_address>
         <run_address>0xc5f5</run_address>
         <size>0x2e2</size>
         <input_file_ref idref="fl-c6"/>
      </object_component>
      <object_component id="oc-138">
         <name>.debug_info</name>
         <load_address>0xc8d7</load_address>
         <run_address>0xc8d7</run_address>
         <size>0x2c</size>
         <input_file_ref idref="fl-c6"/>
      </object_component>
      <object_component id="oc-477">
         <name>.debug_info</name>
         <load_address>0xc903</load_address>
         <run_address>0xc903</run_address>
         <size>0x300</size>
         <input_file_ref idref="fl-c7"/>
      </object_component>
      <object_component id="oc-3ff">
         <name>.debug_info</name>
         <load_address>0xcc03</load_address>
         <run_address>0xcc03</run_address>
         <size>0x19c</size>
         <input_file_ref idref="fl-c7"/>
      </object_component>
      <object_component id="oc-4b2">
         <name>.debug_info</name>
         <load_address>0xcd9f</load_address>
         <run_address>0xcd9f</run_address>
         <size>0xbf</size>
         <input_file_ref idref="fl-c7"/>
      </object_component>
      <object_component id="oc-4b1">
         <name>.debug_info</name>
         <load_address>0xce5e</load_address>
         <run_address>0xce5e</run_address>
         <size>0x374</size>
         <input_file_ref idref="fl-c8"/>
      </object_component>
      <object_component id="oc-471">
         <name>.debug_info</name>
         <load_address>0xd1d2</load_address>
         <run_address>0xd1d2</run_address>
         <size>0x20b</size>
         <input_file_ref idref="fl-c8"/>
      </object_component>
      <object_component id="oc-3a8">
         <name>.debug_info</name>
         <load_address>0xd3dd</load_address>
         <run_address>0xd3dd</run_address>
         <size>0x14c</size>
         <input_file_ref idref="fl-c9"/>
      </object_component>
      <object_component id="oc-2e5">
         <name>.debug_info</name>
         <load_address>0xd529</load_address>
         <run_address>0xd529</run_address>
         <size>0x128</size>
         <input_file_ref idref="fl-ca"/>
      </object_component>
      <object_component id="oc-393">
         <name>.debug_info</name>
         <load_address>0xd651</load_address>
         <run_address>0xd651</run_address>
         <size>0x12a</size>
         <input_file_ref idref="fl-ca"/>
      </object_component>
      <object_component id="oc-38e">
         <name>.debug_info</name>
         <load_address>0xd77b</load_address>
         <run_address>0xd77b</run_address>
         <size>0x13a</size>
         <input_file_ref idref="fl-cb"/>
      </object_component>
      <object_component id="oc-389">
         <name>.debug_info</name>
         <load_address>0xd8b5</load_address>
         <run_address>0xd8b5</run_address>
         <size>0x13a</size>
         <input_file_ref idref="fl-cc"/>
      </object_component>
      <object_component id="oc-398">
         <name>.debug_info</name>
         <load_address>0xd9ef</load_address>
         <run_address>0xd9ef</run_address>
         <size>0x12e</size>
         <input_file_ref idref="fl-cd"/>
      </object_component>
      <object_component id="oc-3a3">
         <name>.debug_info</name>
         <load_address>0xdb1d</load_address>
         <run_address>0xdb1d</run_address>
         <size>0x12c</size>
         <input_file_ref idref="fl-ce"/>
      </object_component>
      <object_component id="oc-3b">
         <name>.debug_info</name>
         <load_address>0xdc49</load_address>
         <run_address>0xdc49</run_address>
         <size>0x119</size>
         <input_file_ref idref="fl-cf"/>
      </object_component>
      <object_component id="oc-95">
         <name>.debug_info</name>
         <load_address>0xdd62</load_address>
         <run_address>0xdd62</run_address>
         <size>0x147</size>
         <input_file_ref idref="fl-d0"/>
      </object_component>
      <object_component id="oc-382">
         <name>.debug_info</name>
         <load_address>0xdea9</load_address>
         <run_address>0xdea9</run_address>
         <size>0x134</size>
         <input_file_ref idref="fl-d1"/>
      </object_component>
      <object_component id="oc-93">
         <name>.debug_info</name>
         <load_address>0xdfdd</load_address>
         <run_address>0xdfdd</run_address>
         <size>0x2d4</size>
         <input_file_ref idref="fl-d2"/>
      </object_component>
      <object_component id="oc-47">
         <name>.debug_info</name>
         <load_address>0xe2b1</load_address>
         <run_address>0xe2b1</run_address>
         <size>0x1d2</size>
         <input_file_ref idref="fl-d2"/>
      </object_component>
      <object_component id="oc-8e">
         <name>.debug_info</name>
         <load_address>0xe483</load_address>
         <run_address>0xe483</run_address>
         <size>0x46</size>
         <input_file_ref idref="fl-d2"/>
      </object_component>
      <object_component id="oc-45">
         <name>.debug_info</name>
         <load_address>0xe4c9</load_address>
         <run_address>0xe4c9</run_address>
         <size>0x2a8</size>
         <input_file_ref idref="fl-d3"/>
      </object_component>
      <object_component id="oc-1e">
         <name>.debug_info</name>
         <load_address>0xe771</load_address>
         <run_address>0xe771</run_address>
         <size>0x1ea</size>
         <input_file_ref idref="fl-d3"/>
      </object_component>
      <object_component id="oc-40">
         <name>.debug_info</name>
         <load_address>0xe95b</load_address>
         <run_address>0xe95b</run_address>
         <size>0x46</size>
         <input_file_ref idref="fl-d3"/>
      </object_component>
      <object_component id="oc-86">
         <name>.debug_info</name>
         <load_address>0xe9a1</load_address>
         <run_address>0xe9a1</run_address>
         <size>0x2c</size>
         <input_file_ref idref="fl-d3"/>
      </object_component>
      <object_component id="oc-84">
         <name>.debug_info</name>
         <load_address>0xe9cd</load_address>
         <run_address>0xe9cd</run_address>
         <size>0x29e</size>
         <input_file_ref idref="fl-d4"/>
      </object_component>
      <object_component id="oc-18">
         <name>.debug_info</name>
         <load_address>0xec6b</load_address>
         <run_address>0xec6b</run_address>
         <size>0x250</size>
         <input_file_ref idref="fl-d4"/>
      </object_component>
      <object_component id="oc-30">
         <name>.debug_info</name>
         <load_address>0xeebb</load_address>
         <run_address>0xeebb</run_address>
         <size>0x60</size>
[...]
      </symbol>
      <symbol id="sm-52c">
         <name>__TI_ft_end</name>
         <value>0x200005e0</value>
         <object_component_ref idref="oc-4ed"/>
      </symbol>
      <symbol id="sm-53c">
         <name>memccpy</name>
         <value>0x4089</value>
         <object_component_ref idref="oc-301"/>
      </symbol>
      <symbol id="sm-54c">
         <name>memchr</name>
         <value>0x4015</value>
         <object_component_ref idref="oc-404"/>
      </symbol>
      <symbol id="sm-5d5">
         <name>_sys_memory</name>
         <value>0x20000000</value>
         <object_component_ref idref="oc-29"/>
      </symbol>
      <symbol id="sm-5d6">
         <name>free</name>
         <value>0x28bd</value>
         <object_component_ref idref="oc-49e"/>
      </symbol>
      <symbol id="sm-5d7">
         <name>memalign</name>
         <value>0x26c1</value>
         <object_component_ref idref="oc-4e0"/>
      </symbol>
      <symbol id="sm-5d8">
         <name>malloc</name>
         <value>0x421d</value>
         <object_component_ref idref="oc-4a4"/>
      </symbol>
      <symbol id="sm-5d9">
         <name>aligned_alloc</name>
         <value>0x26c1</value>
         <object_component_ref idref="oc-4e0"/>
      </symbol>
      <symbol id="sm-5e9">
         <name>strchr</name>
         <value>0x411b</value>
         <object_component_ref idref="oc-3d3"/>
      </symbol>
      <symbol id="sm-5f7">
         <name>strlen</name>
         <value>0x4159</value>
         <object_component_ref idref="oc-2d2"/>
      </symbol>
      <symbol id="sm-60a">
         <name>__stack</name>
         <value>0x2000fe00</value>
         <object_component_ref idref="oc-2c"/>
      </symbol>
      <symbol id="sm-60b">
         <name>_c_int00_noargs</name>
         <value>0x3de1</value>
         <object_component_ref idref="oc-58"/>
      </symbol>
      <symbol id="sm-625">
         <name>write</name>
         <value>0x3fc9</value>
         <object_component_ref idref="oc-410"/>
      </symbol>
      <symbol id="sm-636">
         <name>_stream</name>
         <value>0x20000568</value>
         <object_component_ref idref="oc-47c"/>
      </symbol>
      <symbol id="sm-637">
         <name>_device</name>
         <value>0x200004f0</value>
         <object_component_ref idref="oc-4bd"/>
      </symbol>
      <symbol id="sm-64d">
         <name>__aeabi_errno_addr</name>
         <value>0x4215</value>
         <object_component_ref idref="oc-30d"/>
      </symbol>
      <symbol id="sm-64e">
         <name>errno</name>
         <value>0x2000060c</value>
         <object_component_ref idref="oc-3e3"/>
      </symbol>
      <symbol id="sm-667">
         <name>wcslen</name>
         <value>0x416d</value>
         <object_component_ref idref="oc-307"/>
      </symbol>
      <symbol id="sm-687">
         <name>frexpl</name>
         <value>0x3535</value>
         <object_component_ref idref="oc-3c7"/>
      </symbol>
      <symbol id="sm-688">
         <name>frexp</name>
         <value>0x3535</value>
         <object_component_ref idref="oc-3c7"/>
      </symbol>
      <symbol id="sm-6a5">
         <name>scalbn</name>
         <value>0x24a9</value>
         <object_component_ref idref="oc-3cd"/>
      </symbol>
      <symbol id="sm-6a6">
         <name>scalbnl</name>
         <value>0x24a9</value>
         <object_component_ref idref="oc-3cd"/>
      </symbol>
      <symbol id="sm-6a7">
         <name>ldexpl</name>
         <value>0x24a9</value>
         <object_component_ref idref="oc-3cd"/>
      </symbol>
      <symbol id="sm-6a8">
         <name>ldexp</name>
         <value>0x24a9</value>
         <object_component_ref idref="oc-3cd"/>
      </symbol>
      <symbol id="sm-6b8">
         <name>__TI_doflush</name>
         <value>0x39d3</value>
         <object_component_ref idref="oc-40a"/>
      </symbol>
      <symbol id="sm-6c8">
         <name>__TI_cleanup</name>
         <value>0x3d79</value>
         <object_component_ref idref="oc-4aa"/>
      </symbol>
      <symbol id="sm-6da">
         <name>fseek</name>
         <value>0x3599</value>
         <object_component_ref idref="oc-46a"/>
      </symbol>
      <symbol id="sm-6e4">
         <name>__aeabi_idiv0</name>
         <value>0x19cb</value>
         <object_component_ref idref="oc-435"/>
      </symbol>
      <symbol id="sm-6e5">
         <name>__aeabi_ldiv0</name>
         <value>0x19cb</value>
         <object_component_ref idref="oc-435"/>
      </symbol>
      <symbol id="sm-70d">
         <name>__TI_auto_init_nobinit_nopinit</name>
         <value>0x3bcd</value>
         <object_component_ref idref="oc-16c"/>
      </symbol>
      <symbol id="sm-717">
         <name>_system_pre_init</name>
         <value>0x4231</value>
         <object_component_ref idref="oc-9a"/>
      </symbol>
      <symbol id="sm-72a">
         <name>HOSTclose</name>
         <value>0x3b45</value>
         <object_component_ref idref="oc-4f9"/>
      </symbol>
      <symbol id="sm-73b">
         <name>HOSTlseek</name>
         <value>0x3331</value>
         <object_component_ref idref="oc-50b"/>
      </symbol>
      <symbol id="sm-74d">
         <name>parmbuf</name>
         <value>0x200007d4</value>
      </symbol>
      <symbol id="sm-74e">
         <name>HOSTopen</name>
         <value>0x3661</value>
         <object_component_ref idref="oc-4f3"/>
      </symbol>
      <symbol id="sm-75f">
         <name>HOSTread</name>
         <value>0x37d9</value>
         <object_component_ref idref="oc-4ff"/>
      </symbol>
      <symbol id="sm-770">
         <name>HOSTrename</name>
         <value>0x32c5</value>
         <object_component_ref idref="oc-517"/>
      </symbol>
      <symbol id="sm-781">
         <name>HOSTunlink</name>
         <value>0x3b89</value>
         <object_component_ref idref="oc-511"/>
      </symbol>
      <symbol id="sm-792">
         <name>HOSTwrite</name>
         <value>0x3831</value>
         <object_component_ref idref="oc-505"/>
      </symbol>
      <symbol id="sm-7b6">
         <name>__TI_readmsg</name>
         <value>0x3dad</value>
         <object_component_ref idref="oc-546"/>
      </symbol>
      <symbol id="sm-7b7">
         <name>C$$IO$$</name>
         <value>0x3d03</value>
         <object_component_ref idref="oc-540"/>
      </symbol>
      <symbol id="sm-7b8">
         <name>__CIOBUF_</name>
         <value>0x20000614</value>
         <object_component_ref idref="oc-571"/>
      </symbol>
      <symbol id="sm-7b9">
         <name>__TI_writemsg</name>
         <value>0x3cd5</value>
         <object_component_ref idref="oc-540"/>
      </symbol>
      <symbol id="sm-7ca">
         <name>lseek</name>
         <value>0x3fa1</value>
         <object_component_ref idref="oc-496"/>
      </symbol>
      <symbol id="sm-7d4">
         <name>copysign</name>
         <value>0x40a5</value>
         <object_component_ref idref="oc-44e"/>
      </symbol>
      <symbol id="sm-7d5">
         <name>copysignl</name>
         <value>0x40a5</value>
         <object_component_ref idref="oc-44e"/>
      </symbol>
      <symbol id="sm-7ea">
         <name>__TI_closefile</name>
         <value>0x3171</value>
         <object_component_ref idref="oc-4e7"/>
      </symbol>
      <symbol id="sm-80d">
         <name>finddevice</name>
         <value>0x3e75</value>
         <object_component_ref idref="oc-58f"/>
      </symbol>
      <symbol id="sm-80e">
         <name>getdevice</name>
         <value>0x3c11</value>
         <object_component_ref idref="oc-567"/>
      </symbol>
      <symbol id="sm-81d">
         <name>strcmp</name>
         <value>0x40d7</value>
         <object_component_ref idref="oc-5a6"/>
      </symbol>
      <symbol id="sm-82b">
         <name>strcpy</name>
         <value>0x4145</value>
         <object_component_ref idref="oc-55a"/>
      </symbol>
      <symbol id="sm-83b">
         <name>strncpy</name>
         <value>0x3d0d</value>
         <object_component_ref idref="oc-589"/>
      </symbol>
      <symbol id="sm-850">
         <name>close</name>
         <value>0x3721</value>
         <object_component_ref idref="oc-52f"/>
      </symbol>
      <symbol id="sm-860">
         <name>unlink</name>
         <value>0x3ed5</value>
         <object_component_ref idref="oc-535"/>
      </symbol>
      <symbol id="sm-8b5">
         <name>CS_setDCOCenteredFrequency</name>
         <value>0x3d45</value>
         <object_component_ref idref="oc-d7"/>
      </symbol>
      <symbol id="sm-8b6">
         <name>CS_initClockSignal</name>
         <value>0x2025</value>
         <object_component_ref idref="oc-1f0"/>
      </symbol>
      <symbol id="sm-8c5">
         <name>FlashCtl_setWaitState</name>
         <value>0x3a6d</value>
         <object_component_ref idref="oc-cb"/>
      </symbol>
      <symbol id="sm-90d">
         <name>GPIO_setOutputHighOnPin</name>
         <value>0x3f01</value>
         <object_component_ref idref="oc-1fc"/>
      </symbol>
      <symbol id="sm-90e">
         <name>GPIO_setAsOutputPin</name>
         <value>0x3c55</value>
         <object_component_ref idref="oc-bf"/>
      </symbol>
      <symbol id="sm-90f">
         <name>GPIO_setOutputLowOnPin</name>
         <value>0x3f29</value>
         <object_component_ref idref="oc-c5"/>
      </symbol>
      <symbol id="sm-910">
         <name>GPIO_setAsPeripheralModuleFunctionOutputPin</name>
         <value>0x2ee1</value>
         <object_component_ref idref="oc-1d8"/>
      </symbol>
      <symbol id="sm-911">
         <name>GPIO_setAsPeripheralModuleFunctionInputPin</name>
         <value>0x2e59</value>
         <object_component_ref idref="oc-b9"/>
      </symbol>
      <symbol id="sm-954">
         <name>Interrupt_disableMaster</name>
         <value>0x417f</value>
         <object_component_ref idref="oc-1f6"/>
      </symbol>
      <symbol id="sm-955">
         <name>Interrupt_enableSleepOnIsrExit</name>
         <value>0x41b1</value>
         <object_component_ref idref="oc-f5"/>
      </symbol>
      <symbol id="sm-956">
         <name>Interrupt_enableMaster</name>
         <value>0x41a1</value>
         <object_component_ref idref="oc-210"/>
      </symbol>
      <symbol id="sm-957">
         <name>Interrupt_enableInterrupt</name>
         <value>0x3075</value>
         <object_component_ref idref="oc-ef"/>
      </symbol>
      <symbol id="sm-958">
         <name>Interrupt_disableSleepOnIsrExit</name>
         <value>0x4191</value>
         <object_component_ref idref="oc-107"/>
      </symbol>
      <symbol id="sm-9eb">
         <name>PCM_setCoreVoltageLevel</name>
         <value>0x41c1</value>
         <object_component_ref idref="oc-d1"/>
      </symbol>
      <symbol id="sm-9ec">
         <name>PCM_getCoreVoltageLevel</name>
         <value>0x36c1</value>
         <object_component_ref idref="oc-263"/>
      </symbol>
      <symbol id="sm-9ed">
         <name>PCM_gotoLPM0InterruptSafe</name>
         <value>0x4035</value>
         <object_component_ref idref="oc-153"/>
      </symbol>
      <symbol id="sm-9ee">
         <name>PCM_getPowerMode</name>
         <value>0x377d</value>
         <object_component_ref idref="oc-25d"/>
      </symbol>
      <symbol id="sm-9ef">
         <name>PCM_getPowerState</name>
         <value>0x4131</value>
         <object_component_ref idref="oc-269"/>
      </symbol>
      <symbol id="sm-9f0">
         <name>PCM_gotoLPM0</name>
         <value>0x3f51</value>
         <object_component_ref idref="oc-20a"/>
      </symbol>
      <symbol id="sm-9f1">
         <name>PCM_setPowerMode</name>
         <value>0x41d1</value>
         <object_component_ref idref="oc-26f"/>
      </symbol>
      <symbol id="sm-a32">
         <name>Timer_A_initCompare</name>
         <value>0x3985</value>
         <object_component_ref idref="oc-1ea"/>
      </symbol>
      <symbol id="sm-a33">
         <name>Timer_A_startCounter</name>
         <value>0x40ef</value>
         <object_component_ref idref="oc-1e4"/>
      </symbol>
      <symbol id="sm-a34">
         <name>Timer_A_configureUpMode</name>
         <value>0x3399</value>
         <object_component_ref idref="oc-1de"/>
      </symbol>
      <symbol id="sm-a89">
         <name>UART_enableInterrupt</name>
         <value>0x3e15</value>
         <object_component_ref idref="oc-e9"/>
      </symbol>
      <symbol id="sm-a8a">
         <name>UART_receiveData</name>
         <value>0x3e45</value>
         <object_component_ref idref="oc-101"/>
      </symbol>
      <symbol id="sm-a8b">
         <name>UART_enableModule</name>
         <value>0x4105</value>
         <object_component_ref idref="oc-e3"/>
      </symbol>
      <symbol id="sm-a8c">
         <name>UART_getEnabledInterruptStatus</name>
         <value>0x34d1</value>
         <object_component_ref idref="oc-fb"/>
      </symbol>
      <symbol id="sm-a8d">
         <name>UART_getInterruptStatus</name>
         <value>0x40bf</value>
         <object_component_ref idref="oc-1c4"/>
      </symbol>
      <symbol id="sm-a8e">
         <name>UART_initModule</name>
         <value>0x2279</value>
         <object_component_ref idref="oc-dd"/>
      </symbol>
      <symbol id="sm-a9a">
         <name>WDT_A_holdTimer</name>
         <value>0x3ff1</value>
         <object_component_ref idref="oc-141"/>
      </symbol>
      <symbol id="sm-ab4">
         <name>CPU_wfi</name>
         <value>0x4225</value>
         <object_component_ref idref="oc-2c4"/>
      </symbol>
      <symbol id="sm-ab5">
         <name>CPU_cpsie</name>
         <value>0x4209</value>
         <object_component_ref idref="oc-2cb"/>
      </symbol>
      <symbol id="sm-ab6">
         <name>CPU_cpsid</name>
         <value>0x41fd</value>
         <object_component_ref idref="oc-2b2"/>
      </symbol>
      <symbol id="sm-ab7">
         <name>__TI_static_base__</name>
         <value>0x0</value>
      </symbol>
      <symbol id="sm-aba">
         <name>__mpu_init</name>
         <value>0x0</value>
      </symbol>
      <symbol id="sm-abb">
         <name>_system_post_cinit</name>
         <value>0x0</value>
      </symbol>
      <symbol id="sm-abc">
         <name>NMI_Handler</name>
         <value>0x41fb</value>
      </symbol>
      <symbol id="sm-abd">
         <name>HardFault_Handler</name>
         <value>0x41fb</value>
      </symbol>
      <symbol id="sm-abe">
         <name>MemManage_Handler</name>
         <value>0x41fb</value>
      </symbol>
      <symbol id="sm-abf">
         <name>BusFault_Handler</name>
         <value>0x41fb</value>
      </symbol>
      <symbol id="sm-ac0">
         <name>UsageFault_Handler</name>
         <value>0x41fb</value>
      </symbol>
      <symbol id="sm-ac1">
         <name>SVC_Handler</name>
         <value>0x41fb</value>
      </symbol>
      <symbol id="sm-ac2">
         <name>DebugMon_Handler</name>
         <value>0x41fb</value>
      </symbol>
      <symbol id="sm-ac3">
         <name>PendSV_Handler</name>
         <value>0x41fb</value>
      </symbol>
      <symbol id="sm-ac4">
         <name>SysTick_Handler</name>
         <value>0x41fb</value>
      </symbol>
      <symbol id="sm-ac5">
         <name>PSS_IRQHandler</name>
         <value>0x41fb</value>
      </symbol>
      <symbol id="sm-ac6">
         <name>CS_IRQHandler</name>
         <value>0x41fb</value>
      </symbol>
      <symbol id="sm-ac7">
         <name>PCM_IRQHandler</name>
         <value>0x41fb</value>
      </symbol>
      <symbol id="sm-ac8">
         <name>WDT_A_IRQHandler</name>
         <value>0x41fb</value>
      </symbol>
      <symbol id="sm-ac9">
         <name>FPU_IRQHandler</name>
         <value>0x41fb</value>
      </symbol>
      <symbol id="sm-aca">
         <name>FLCTL_IRQHandler</name>
         <value>0x41fb</value>
      </symbol>
      <symbol id="sm-acb">
         <name>COMP_E0_IRQHandler</name>
         <value>0x41fb</value>
      </symbol>
      <symbol id="sm-acc">
         <name>COMP_E1_IRQHandler</name>
         <value>0x41fb</value>
      </symbol>
      <symbol id="sm-acd">
         <name>TA0_0_IRQHandler</name>
         <value>0x41fb</value>
      </symbol>
      <symbol id="sm-ace">
         <name>TA0_N_IRQHandler</name>
         <value>0x41fb</value>
      </symbol>
      <symbol id="sm-acf">
         <name>TA1_0_IRQHandler</name>
         <value>0x41fb</value>
      </symbol>
      <symbol id="sm-ad0">
         <name>TA1_N_IRQHandler</name>
         <value>0x41fb</value>
      </symbol>
      <symbol id="sm-ad1">
         <name>TA2_0_IRQHandler</name>
         <value>0x41fb</value>
      </symbol>
      <symbol id="sm-ad2">
         <name>TA2_N_IRQHandler</name>
         <value>0x41fb</value>
      </symbol>
      <symbol id="sm-ad3">
         <name>TA3_0_IRQHandler</name>
         <value>0x41fb</value>
      </symbol>
      <symbol id="sm-ad4">
         <name>TA3_N_IRQHandler</name>
         <value>0x41fb</value>
      </symbol>
      <symbol id="sm-ad5">
         <name>EUSCIA0_IRQHandler</name>
         <value>0x41fb</value>
      </symbol>
      <symbol id="sm-ad6">
         <name>EUSCIA1_IRQHandler</name>
         <value>0x41fb</value>
      </symbol>
      <symbol id="sm-ad7">
         <name>EUSCIA2_IRQHandler</name>
         <value>0x1bb3</value>
      </symbol>
      <symbol id="sm-ad8">
         <name>EUSCIA3_IRQHandler</name>
         <value>0x41fb</value>
      </symbol>
      <symbol id="sm-ad9">
         <name>EUSCIB0_IRQHandler</name>
         <value>0x41fb</value>
      </symbol>
      <symbol id="sm-ada">
         <name>EUSCIB1_IRQHandler</name>
         <value>0x41fb</value>
      </symbol>
      <symbol id="sm-adb">
         <name>EUSCIB2_IRQHandler</name>
         <value>0x41fb</value>
      </symbol>
      <symbol id="sm-adc">
         <name>EUSCIB3_IRQHandler</name>
         <value>0x41fb</value>
      </symbol>
      <symbol id="sm-add">
         <name>ADC14_IRQHandler</name>
         <value>0x41fb</value>
      </symbol>
      <symbol id="sm-ade">
         <name>T32_INT1_IRQHandler</name>
         <value>0x41fb</value>
      </symbol>
      <symbol id="sm-adf">
         <name>T32_INT2_IRQHandler</name>
         <value>0x41fb</value>
      </symbol>
      <symbol id="sm-ae0">
         <name>T32_INTC_IRQHandler</name>
         <value>0x41fb</value>
      </symbol>
      <symbol id="sm-ae1">
         <name>AES256_IRQHandler</name>
         <value>0x41fb</value>
      </symbol>
      <symbol id="sm-ae2">
         <name>RTC_C_IRQHandler</name>
         <value>0x41fb</value>
      </symbol>
      <symbol id="sm-ae3">
         <name>DMA_ERR_IRQHandler</name>
         <value>0x41fb</value>
      </symbol>
      <symbol id="sm-ae4">
         <name>DMA_INT3_IRQHandler</name>
         <value>0x41fb</value>
      </symbol>
      <symbol id="sm-ae5">
         <name>DMA_INT2_IRQHandler</name>
         <value>0x41fb</value>
      </symbol>
      <symbol id="sm-ae6">
         <name>DMA_INT1_IRQHandler</name>
         <value>0x41fb</value>
      </symbol>
      <symbol id="sm-ae7">
         <name>DMA_INT0_IRQHandler</name>
         <value>0x41fb</value>
      </symbol>
      <symbol id="sm-ae8">
         <name>PORT1_IRQHandler</name>
         <value>0x41fb</value>
      </symbol>
      <symbol id="sm-ae9">
         <name>PORT2_IRQHandler</name>
         <value>0x41fb</value>
      </symbol>
      <symbol id="sm-aea">
         <name>PORT3_IRQHandler</name>
         <value>0x41fb</value>
      </symbol>
      <symbol id="sm-aeb">
         <name>PORT4_IRQHandler</name>
         <value>0x41fb</value>
      </symbol>
      <symbol id="sm-aec">
         <name>PORT5_IRQHandler</name>
         <value>0x41fb</value>
      </symbol>
      <symbol id="sm-aed">
         <name>PORT6_IRQHandler</name>
         <value>0x41fb</value>
      </symbol>
      <symbol id="sm-aee">
         <name>remove</name>
         <value>0x3ed5</value>
      </symbol>
   </symbol_table>
   <title>Link successful</title>
</link_info>
