******************************************************************************
                  TI ARM Linker Unix v20.2.7                   
******************************************************************************
>> Linked Mon Jan 30 19:32:01 2023

OUTPUT FILE NAME:   <MSP432_RECEIVER.out>
ENTRY POINT SYMBOL: "_c_int00_noargs"  address: 00003d89


MEMORY CONFIGURATION

         name            origin    length      used     unused   attr    fill
----------------------  --------  ---------  --------  --------  ----  --------
  MAIN                  00000000   00040000  000043fc  0003bc04  R  X
  INFO                  00200000   00004000  00000000  00004000  R  X
  SRAM_CODE             01000000   00010000  000009dc  0000f624  RW X
  SRAM_DATA             20000000   00010000  000009dc  0000f624  RW  


SEGMENT ALLOCATION MAP

run origin  load origin   length   init length attrs members
----------  ----------- ---------- ----------- ----- -------
00000000    00000000    00004400   00004400    r-x
  00000000    00000000    000000e4   000000e4    r-- .intvecs
  000000e4    000000e4    000040fc   000040fc    r-x .text
  000041e0    000041e0    0000017c   0000017c    r-- .const
  00004360    00004360    000000a0   000000a0    r-- .cinit
20000000    20000000    000007dc   00000000    rw-
  20000000    20000000    00000400   00000000    rw- .sysmem
  20000400    20000400    00000214   00000000    rw- .data
  20000614    20000614    000001c8   00000000    rw- .bss
2000fe00    2000fe00    00000200   00000000    rw-
  2000fe00    2000fe00    00000200   00000000    rw- .stack


SECTION ALLOCATION MAP

 output                                  attributes/
section   page    origin      length       input sections
--------  ----  ----------  ----------   ----------------
.intvecs   0    00000000    000000e4     
                  00000000    000000e4     startup_msp432p401r_ccs.obj (.intvecs:retain)

.text      0    000000e4    000040fc     
                  000000e4    00000a4e     rtsv7M4_T_le_v4SPD16_eabi.lib : _printfi.c.obj (.text:__TI_printfi)
                  00000b32    00000002                                   : _lock.c.obj (.text:_nop)
                  00000b34    00000566     Motor.obj (.text)
                  0000109a    00000002     rtsv7M4_T_le_v4SPD16_eabi.lib : div0.asm.obj (.text)
                  0000109c    00000334     system_msp432p401r.obj (.text)
                  000013d0    00000270     rtsv7M4_T_le_v4SPD16_eabi.lib : _printfi.c.obj (.text:_pconv_a)
                  00001640    000001d0                                   : _printfi.c.obj (.text:_pconv_g)
                  00001810    000001b6                                   : fd_add_t2.asm.obj (.text)
                  000019c6    00000002     --HOLE-- [fill = 0]
                  000019c8    0000015c     msp432p4xx_driverlib.lib : pcm.o (.text:__PCM_setPowerModeAdvanced)
                  00001b24    00000144     ConnectionUart.obj (.text)
                  00001c68    00000144     msp432p4xx_driverlib.lib : timer_a.o (.text:privateTimer_AProcessClockSourceDivider)
                  00001dac    0000013c     rtsv7M4_T_le_v4SPD16_eabi.lib : _printfi.c.obj (.text:_pconv_e)
                  00001ee8    00000136                                   : fd_div_t2.asm.obj (.text)
                  0000201e    00000002     --HOLE-- [fill = 0]
                  00002020    00000130     msp432p4xx_driverlib.lib : cs.o (.text:CS_initClockSignal)
                  00002150    00000124     rtsv7M4_T_le_v4SPD16_eabi.lib : _printfi.c.obj (.text:fcvt)
                  00002274    0000011c     msp432p4xx_driverlib.lib : uart.o (.text:UART_initModule)
                  00002390    00000114     rtsv7M4_T_le_v4SPD16_eabi.lib : fputs.c.obj (.text:fputs)
                  000024a4    00000110                                   : s_scalbn.c.obj (.text:scalbn)
                  000025b4    00000108     msp432p4xx_driverlib.lib : pcm.o (.text:__PCM_setCoreVoltageLevelAdvanced)
                  000026bc    00000100     rtsv7M4_T_le_v4SPD16_eabi.lib : memory.c.obj (.text:aligned_alloc)
                  000027bc    000000fc                                   : fd_mul_t2.asm.obj (.text)
                  000028b8    000000e4                                   : memory.c.obj (.text:free)
                  0000299c    000000dc                                   : setvbuf.c.obj (.text:setvbuf)
                  00002a78    000000b1                                   : _printfi.c.obj (.text:_ltostr)
                  00002b29    00000003     --HOLE-- [fill = 0]
                  00002b2c    000000b0     UltrasonicSensor.obj (.text)
                  00002bdc    0000009c     rtsv7M4_T_le_v4SPD16_eabi.lib : memcpy_t2.asm.obj (.text)
                  00002c78    00000096                                   : ull_div_t2.asm.obj (.text)
                  00002d0e    00000002     --HOLE-- [fill = 0]
                  00002d10    0000008c                                   : fputc.c.obj (.text:fputc)
                  00002d9c    00000088     msp432p4xx_driverlib.lib : gpio.o (.text:GPIO_setAsPeripheralModuleFunctionInputPin)
                  00002e24    00000088                              : gpio.o (.text:GPIO_setAsPeripheralModuleFunctionOutputPin)
                  00002eac    00000086     rtsv7M4_T_le_v4SPD16_eabi.lib : fd_cmp_t2.asm.obj (.text:__aeabi_cdcmple)
                  00002f32    00000086                                   : fd_cmp_t2.asm.obj (.text:__aeabi_cdrcmple)
                  00002fb8    00000080     msp432p4xx_driverlib.lib : interrupt.o (.text:Interrupt_enableInterrupt)
                  00003038    0000007a     rtsv7M4_T_le_v4SPD16_eabi.lib : memset_t2.asm.obj (.text)
                  000030b2    00000002     --HOLE-- [fill = 0]
                  000030b4    00000074                                   : fclose.c.obj (.text:__TI_closefile)
                  00003128    00000070                                   : memory.c.obj (.text:split)
                  00003198    0000006e                                   : _printfi.c.obj (.text:_mcpy)
                  00003206    00000002     --HOLE-- [fill = 0]
                  00003208    0000006c                                   : hostrename.c.obj (.text:HOSTrename)
                  00003274    00000068                                   : hostlseek.c.obj (.text:HOSTlseek)
                  000032dc    00000068     msp432p4xx_driverlib.lib : timer_a.o (.text:Timer_A_configureUpMode)
                  00003344    00000068     rtsv7M4_T_le_v4SPD16_eabi.lib : copy_decompress_lzss.c.obj (.text:decompress:lzss:__TI_decompress_lzss)
                  000033ac    00000068                                   : printf.c.obj (.text:printf)
                  00003414    00000064     msp432p4xx_driverlib.lib : uart.o (.text:UART_getEnabledInterruptStatus)
                  00003478    00000064     rtsv7M4_T_le_v4SPD16_eabi.lib : s_frexp.c.obj (.text:frexp)
                  000034dc    00000064                                   : fseek.c.obj (.text:fseek)
                  00003540    00000064     main.obj (.text)
                  000035a4    00000062     rtsv7M4_T_le_v4SPD16_eabi.lib : _io_perm.c.obj (.text:__TI_wrt_ok)
                  00003606    00000002     --HOLE-- [fill = 0]
                  00003608    00000060                                   : hostopen.c.obj (.text:HOSTopen)
                  00003668    0000005e     msp432p4xx_driverlib.lib : pcm.o (.text:PCM_getCoreVoltageLevel)
                  000036c6    00000002     --HOLE-- [fill = 0]
                  000036c8    0000005c     rtsv7M4_T_le_v4SPD16_eabi.lib : close.c.obj (.text:close)
                  00003724    0000005a     msp432p4xx_driverlib.lib : pcm.o (.text:PCM_getPowerMode)
                  0000377e    00000002     --HOLE-- [fill = 0]
                  00003780    00000058     rtsv7M4_T_le_v4SPD16_eabi.lib : hostread.c.obj (.text:HOSTread)
                  000037d8    00000058                                   : hostwrite.c.obj (.text:HOSTwrite)
                  00003830    00000056                                   : _printfi.c.obj (.text:_pconv_f)
                  00003886    00000054                                   : _ltoa.c.obj (.text:__TI_ltoa)
                  000038da    00000052                                   : _printfi.c.obj (.text:_ecpy)
                  0000392c    0000004e     msp432p4xx_driverlib.lib : timer_a.o (.text:Timer_A_initCompare)
                  0000397a    0000004c     rtsv7M4_T_le_v4SPD16_eabi.lib : fflush.c.obj (.text:__TI_doflush)
                  000039c6    00000002     --HOLE-- [fill = 0]
                  000039c8    0000004c                                   : atoi.c.obj (.text:atoi)
                  00003a14    00000048     msp432p4xx_driverlib.lib : flash.o (.text:FlashCtl_setWaitState)
                  00003a5c    00000048     rtsv7M4_T_le_v4SPD16_eabi.lib : exit.c.obj (.text:exit)
                  00003aa4    00000048                                   : fd_toi_t2.asm.obj (.text)
                  00003aec    00000044                                   : hostclose.c.obj (.text:HOSTclose)
                  00003b30    00000044                                   : hostunlink.c.obj (.text:HOSTunlink)
                  00003b74    00000044                                   : autoinit.c.obj (.text:__TI_auto_init_nobinit_nopinit:__TI_auto_init_nobinit_nopinit)
                  00003bb8    00000044                                   : getdevice.c.obj (.text:getdevice)
                  00003bfc    00000040     msp432p4xx_driverlib.lib : gpio.o (.text:GPIO_setAsOutputPin)
                  00003c3c    0000003e     rtsv7M4_T_le_v4SPD16_eabi.lib : _printfi.c.obj (.text:_fcpy)
                  00003c7a    00000002     --HOLE-- [fill = 0]
                  00003c7c    00000038                                   : trgmsg.c.obj (.text:__TI_writemsg)
                  00003cb4    00000036                                   : strncpy.c.obj (.text:strncpy)
                  00003cea    00000002     --HOLE-- [fill = 0]
                  00003cec    00000034     msp432p4xx_driverlib.lib : cs.o (.text:CS_setDCOCenteredFrequency)
                  00003d20    00000034     rtsv7M4_T_le_v4SPD16_eabi.lib : fopen.c.obj (.text:__TI_cleanup)
                  00003d54    00000034                                   : trgmsg.c.obj (.text:__TI_readmsg)
                  00003d88    00000034                                   : boot_cortex_m.c.obj (.text:_c_int00_noargs:_c_int00_noargs)
                  00003dbc    00000030     msp432p4xx_driverlib.lib : uart.o (.text:UART_enableInterrupt)
                  00003dec    00000030                              : uart.o (.text:UART_receiveData)
                  00003e1c    00000030     rtsv7M4_T_le_v4SPD16_eabi.lib : getdevice.c.obj (.text:finddevice)
                  00003e4c    0000002e                                   : i_tofd_t2.asm.obj (.text)
                  00003e7a    00000002     --HOLE-- [fill = 0]
                  00003e7c    0000002c                                   : unlink.c.obj (.text:unlink)
                  00003ea8    00000028     msp432p4xx_driverlib.lib : gpio.o (.text:GPIO_setOutputHighOnPin)
                  00003ed0    00000028                              : gpio.o (.text:GPIO_setOutputLowOnPin)
                  00003ef8    00000028                              : pcm.o (.text:PCM_gotoLPM0)
                  00003f20    00000028     rtsv7M4_T_le_v4SPD16_eabi.lib : memory.c.obj (.text:free_list_insert)
                  00003f48    00000028                                   : lseek.c.obj (.text:lseek)
                  00003f70    00000028                                   : write.c.obj (.text:write)
                  00003f98    00000024     msp432p4xx_driverlib.lib : wdt_a.o (.text:WDT_A_holdTimer)
                  00003fbc    00000020     rtsv7M4_T_le_v4SPD16_eabi.lib : memchr.c.obj (.text:memchr)
                  00003fdc    0000001c     msp432p4xx_driverlib.lib : pcm.o (.text:PCM_gotoLPM0InterruptSafe)
                  00003ff8    0000001c     rtsv7M4_T_le_v4SPD16_eabi.lib : copy_zero_init.c.obj (.text:decompress:ZI:__TI_zero_init_nomemset:__TI_zero_init_nomemset)
                  00004014    0000001c                                   : memory.c.obj (.text:free_list_remove)
                  00004030    0000001c                                   : memccpy.c.obj (.text:memccpy)
                  0000404c    0000001a                                   : s_copysign.c.obj (.text:copysign)
                  00004066    00000018     msp432p4xx_driverlib.lib : uart.o (.text:UART_getInterruptStatus)
                  0000407e    00000018     rtsv7M4_T_le_v4SPD16_eabi.lib : strcmp.c.obj (.text:strcmp)
                  00004096    00000016     msp432p4xx_driverlib.lib : timer_a.o (.text:Timer_A_startCounter)
                  000040ac    00000016                              : uart.o (.text:UART_enableModule)
                  000040c2    00000016     rtsv7M4_T_le_v4SPD16_eabi.lib : strchr.c.obj (.text:strchr)
                  000040d8    00000014     msp432p4xx_driverlib.lib : pcm.o (.text:PCM_getPowerState)
                  000040ec    00000014     rtsv7M4_T_le_v4SPD16_eabi.lib : strcpy.c.obj (.text:strcpy)
                  00004100    00000014                                   : strlen.c.obj (.text:strlen)
                  00004114    00000012                                   : wcslen.c.obj (.text:wcslen)
                  00004126    00000010     msp432p4xx_driverlib.lib : interrupt.o (.text:Interrupt_disableMaster)
                  00004136    00000002     --HOLE-- [fill = 0]
                  00004138    00000010                              : interrupt.o (.text:Interrupt_disableSleepOnIsrExit)
                  00004148    00000010                              : interrupt.o (.text:Interrupt_enableMaster)
                  00004158    00000010                              : interrupt.o (.text:Interrupt_enableSleepOnIsrExit)
                  00004168    00000010                              : pcm.o (.text:PCM_setCoreVoltageLevel)
                  00004178    00000010                              : pcm.o (.text:PCM_setPowerMode)
                  00004188    0000000e     rtsv7M4_T_le_v4SPD16_eabi.lib : copy_decompress_none.c.obj (.text:decompress:none:__TI_decompress_none)
                  00004196    0000000e     startup_msp432p401r_ccs.obj (.text)
                  000041a4    0000000c     msp432p4xx_driverlib.lib : cpu.o (.text:CPU_cpsid)
                  000041b0    0000000c                              : cpu.o (.text:CPU_cpsie)
                  000041bc    00000008     rtsv7M4_T_le_v4SPD16_eabi.lib : errno.c.obj (.text:__aeabi_errno_addr)
                  000041c4    00000008                                   : memory.c.obj (.text:malloc)
                  000041cc    00000004     msp432p4xx_driverlib.lib : cpu.o (.text:CPU_wfi)
                  000041d0    00000004     rtsv7M4_T_le_v4SPD16_eabi.lib : printf.c.obj (.text:_outc)
                  000041d4    00000004                                   : printf.c.obj (.text:_outs)
                  000041d8    00000004                                   : pre_init.c.obj (.text:_system_pre_init)
                  000041dc    00000004                                   : exit.c.obj (.text:abort:abort)

.const     0    000041e0    0000017c     
                  000041e0    00000101     rtsv7M4_T_le_v4SPD16_eabi.lib : ctype.c.obj (.const:.string:_ctypes_)
                  000042e1    00000003     --HOLE-- [fill = 0]
                  000042e4    00000030     msp432p4xx_driverlib.lib : gpio.o (.const:GPIO_PORT_TO_BASE)
                  00004314    00000028     ConnectionUart.obj (.const:uartConfig)
                  0000433c    00000018     Motor.obj (.const:upConfig)
                  00004354    00000008     msp432p4xx_driverlib.lib : interrupt.o (.const:g_pulEnRegs)

.cinit     0    00004360    000000a0     
                  00004360    0000007c     (.cinit..data.load) [load image, compression = lzss]
                  000043dc    0000000c     (__TI_handler_table)
                  000043e8    00000008     (.cinit..bss.load) [load image, compression = zero_init]
                  000043f0    00000010     (__TI_cinit_table)

.init_array 
*          0    00000000    00000000     UNINITIALIZED

.binit     0    00000000    00000000     

.sysmem    0    20000000    00000400     UNINITIALIZED
                  20000000    00000010     rtsv7M4_T_le_v4SPD16_eabi.lib : memory.c.obj (.sysmem)
                  20000010    000003f0     --HOLE--

.data      0    20000400    00000214     UNINITIALIZED
                  20000400    000000f0     rtsv7M4_T_le_v4SPD16_eabi.lib : defs.c.obj (.data:_ftable)
                  200004f0    00000078                                   : host_device.c.obj (.data:_device)
                  20000568    00000050                                   : host_device.c.obj (.data:_stream)
                  200005b8    00000018     ConnectionUart.obj (.data)
                  200005d0    00000010     Motor.obj (.data:compareConfig_PWM)
                  200005e0    00000010     rtsv7M4_T_le_v4SPD16_eabi.lib : defs.c.obj (.data)
                  200005f0    0000000c                                   : exit.c.obj (.data:$O1$$)
                  200005fc    00000008                                   : _lock.c.obj (.data:$O1$$)
                  20000604    00000008                                   : memory.c.obj (.data:$O1$$)
                  2000060c    00000004                                   : errno.c.obj (.data)
                  20000610    00000004     system_msp432p401r.obj (.data)

.bss       0    20000614    000001c8     UNINITIALIZED
                  20000614    00000120     rtsv7M4_T_le_v4SPD16_eabi.lib : trgmsg.c.obj (.bss:_CIOBUF_)
                  20000734    000000a0     (.common:__TI_tmpnams)
                  200007d4    00000008     (.common:parmbuf)

.stack     0    2000fe00    00000200     UNINITIALIZED
                  2000fe00    00000004     rtsv7M4_T_le_v4SPD16_eabi.lib : boot_cortex_m.c.obj (.stack)
                  2000fe04    000001fc     --HOLE--

__llvm_prf_cnts 
*          0    20000000    00000000     UNINITIALIZED

MODULE SUMMARY

       Module                        code    ro data   rw data
       ------                        ----    -------   -------
    ./
       Motor.obj                     1382    24        32     
       system_msp432p401r.obj        820     0         8      
       ConnectionUart.obj            324     40        48     
       startup_msp432p401r_ccs.obj   14      228       0      
       UltrasonicSensor.obj          176     0         0      
       main.obj                      100     0         0      
    +--+-----------------------------+-------+---------+---------+
       Total:                        2816    292       88     
                                                              
    /Applications/ti/ccs1210/ccs/tools/compiler/ti-cgt-arm_20.2.7.LTS/lib/rtsv7M4_T_le_v4SPD16_eabi.lib
       _printfi.c.obj                4851    0         0      
       defs.c.obj                    0       0         832    
       memory.c.obj                  672     0         16     
       trgmsg.c.obj                  108     0         576    
       fd_add_t2.asm.obj             438     0         0      
       host_device.c.obj             0       0         400    
       fd_div_t2.asm.obj             310     0         0      
       fputs.c.obj                   276     0         0      
       s_scalbn.c.obj                272     0         0      
       fd_cmp_t2.asm.obj             268     0         0      
       ctype.c.obj                   0       257       0      
       fd_mul_t2.asm.obj             252     0         0      
       setvbuf.c.obj                 220     0         0      
       memcpy_t2.asm.obj             156     0         0      
       ull_div_t2.asm.obj            150     0         0      
       fputc.c.obj                   140     0         0      
       memset_t2.asm.obj             122     0         0      
       fclose.c.obj                  116     0         0      
       getdevice.c.obj               116     0         0      
       hostopen.c.obj                96      0         16     
       printf.c.obj                  112     0         0      
       hostrename.c.obj              108     0         0      
       copy_decompress_lzss.c.obj    104     0         0      
       hostlseek.c.obj               104     0         0      
       exit.c.obj                    76      0         24     
       fseek.c.obj                   100     0         0      
       s_frexp.c.obj                 100     0         0      
       _io_perm.c.obj                98      0         0      
       close.c.obj                   92      0         0      
       hostread.c.obj                88      0         0      
       hostwrite.c.obj               88      0         0      
       _ltoa.c.obj                   84      0         0      
       atoi.c.obj                    76      0         0      
       fflush.c.obj                  76      0         0      
       fd_toi_t2.asm.obj             72      0         0      
       autoinit.c.obj                68      0         0      
       hostclose.c.obj               68      0         0      
       hostunlink.c.obj              68      0         0      
       strncpy.c.obj                 54      0         0      
       boot_cortex_m.c.obj           52      0         0      
       fopen.c.obj                   52      0         0      
       i_tofd_t2.asm.obj             46      0         0      
       unlink.c.obj                  44      0         0      
       lseek.c.obj                   40      0         0      
       write.c.obj                   40      0         0      
       memchr.c.obj                  32      0         0      
       copy_zero_init.c.obj          28      0         0      
       memccpy.c.obj                 28      0         0      
       s_copysign.c.obj              26      0         0      
       strcmp.c.obj                  24      0         0      
       strchr.c.obj                  22      0         0      
       strcpy.c.obj                  20      0         0      
       strlen.c.obj                  20      0         0      
       _lock.c.obj                   2       0         16     
       wcslen.c.obj                  18      0         0      
       errno.c.obj                   8       0         8      
       copy_decompress_none.c.obj    14      0         0      
       pre_init.c.obj                4       0         0      
       div0.asm.obj                  2       0         0      
    +--+-----------------------------+-------+---------+---------+
       Total:                        10721   257       1888   
                                                              
    /Applications/ti/ccs1210/ccs/tools/compiler/ti-cgt-arm_20.2.7.LTS/simplelink_msp432p4_sdk_3_40_01_02/source/ti/devices/msp432p4xx/driverlib/ccs/msp432p4xx_driverlib.lib
       pcm.o                         916     0         0      
       timer_a.o                     528     0         0      
       uart.o                        526     0         0      
       gpio.o                        416     48        0      
       cs.o                          356     0         0      
       interrupt.o                   192     8         0      
       flash.o                       72      0         0      
       wdt_a.o                       36      0         0      
       cpu.o                         28      0         0      
    +--+-----------------------------+-------+---------+---------+
       Total:                        3070    56        0      
                                                              
       Heap:                         0       0         2048   
       Stack:                        0       0         1024   
       Linker Generated:             0       160       0      
    +--+-----------------------------+-------+---------+---------+
       Grand Total:                  16607   765       5048   


LINKER GENERATED COPY TABLES

__TI_cinit_table @ 000043f0 records: 2, size/record: 8, table size: 16
	.data: load addr=00004360, load size=0000007c bytes, run addr=20000400, run size=00000214 bytes, compression=lzss
	.bss: load addr=000043e8, load size=00000008 bytes, run addr=20000614, run size=000001c8 bytes, compression=zero_init


LINKER GENERATED HANDLER TABLE

__TI_handler_table @ 000043dc records: 3, size/record: 4, table size: 12
	index: 0, handler: __TI_decompress_lzss
	index: 1, handler: __TI_decompress_none
	index: 2, handler: __TI_zero_init


GLOBAL SYMBOLS: SORTED ALPHABETICALLY BY Name 

address   name                                       
-------   ----                                       
000041a3  ADC14_IRQHandler                           
000041a3  AES256_IRQHandler                          
000041a3  BusFault_Handler                           
000041dd  C$$EXIT                                    
00003cab  C$$IO$$                                    
000041a3  COMP_E0_IRQHandler                         
000041a3  COMP_E1_IRQHandler                         
000041a5  CPU_cpsid                                  
000041b1  CPU_cpsie                                  
000041cd  CPU_wfi                                    
000041a3  CS_IRQHandler                              
00002021  CS_initClockSignal                         
00003ced  CS_setDCOCenteredFrequency                 
000041a3  DMA_ERR_IRQHandler                         
000041a3  DMA_INT0_IRQHandler                        
000041a3  DMA_INT1_IRQHandler                        
000041a3  DMA_INT2_IRQHandler                        
000041a3  DMA_INT3_IRQHandler                        
000041a3  DebugMon_Handler                           
000041a3  Default_Handler                            
000041a3  EUSCIA0_IRQHandler                         
000041a3  EUSCIA1_IRQHandler                         
00001baf  EUSCIA2_IRQHandler                         
00001baf  EUSCIA2_IRQHandler                         
000041a3  EUSCIA3_IRQHandler                         
000041a3  EUSCIB0_IRQHandler                         
000041a3  EUSCIB1_IRQHandler                         
000041a3  EUSCIB2_IRQHandler                         
000041a3  EUSCIB3_IRQHandler                         
000041a3  FLCTL_IRQHandler                           
000041a3  FPU_IRQHandler                             
00003a15  FlashCtl_setWaitState                      
00003bfd  GPIO_setAsOutputPin                        
00002d9d  GPIO_setAsPeripheralModuleFunctionInputPin 
00002e25  GPIO_setAsPeripheralModuleFunctionOutputPin
00003ea9  GPIO_setOutputHighOnPin                    
00003ed1  GPIO_setOutputLowOnPin                     
00003aed  HOSTclose                                  
00003275  HOSTlseek                                  
00003609  HOSTopen                                   
00003781  HOSTread                                   
00003209  HOSTrename                                 
00003b31  HOSTunlink                                 
000037d9  HOSTwrite                                  
000041a3  HardFault_Handler                          
00004127  Interrupt_disableMaster                    
00004139  Interrupt_disableSleepOnIsrExit            
00002fb9  Interrupt_enableInterrupt                  
00004149  Interrupt_enableMaster                     
00004159  Interrupt_enableSleepOnIsrExit             
000041a3  MemManage_Handler                          
000041a3  NMI_Handler                                
000041a3  PCM_IRQHandler                             
00003669  PCM_getCoreVoltageLevel                    
00003725  PCM_getPowerMode                           
000040d9  PCM_getPowerState                          
00003ef9  PCM_gotoLPM0                               
00003fdd  PCM_gotoLPM0InterruptSafe                  
00004169  PCM_setCoreVoltageLevel                    
00004179  PCM_setPowerMode                           
000041a3  PORT1_IRQHandler                           
000041a3  PORT2_IRQHandler                           
000041a3  PORT3_IRQHandler                           
000041a3  PORT4_IRQHandler                           
000041a3  PORT5_IRQHandler                           
000041a3  PORT6_IRQHandler                           
000041a3  PSS_IRQHandler                             
000041a3  PendSV_Handler                             
000041a3  RTC_C_IRQHandler                           
200005b8  RXData                                     
00004197  Reset_Handler                              
000041a3  SVC_Handler                                
000041a3  SysTick_Handler                            
20000610  SystemCoreClock                            
0000109d  SystemCoreClockUpdate                      
00001315  SystemInit                                 
000041a3  T32_INT1_IRQHandler                        
000041a3  T32_INT2_IRQHandler                        
000041a3  T32_INTC_IRQHandler                        
000041a3  TA0_0_IRQHandler                           
000041a3  TA0_N_IRQHandler                           
000041a3  TA1_0_IRQHandler                           
000041a3  TA1_N_IRQHandler                           
000041a3  TA2_0_IRQHandler                           
000041a3  TA2_N_IRQHandler                           
000041a3  TA3_0_IRQHandler                           
000041a3  TA3_N_IRQHandler                           
000032dd  Timer_A_configureUpMode                    
0000392d  Timer_A_initCompare                        
00004097  Timer_A_startCounter                       
00003dbd  UART_enableInterrupt                       
000040ad  UART_enableModule                          
00003415  UART_getEnabledInterruptStatus             
00004067  UART_getInterruptStatus                    
00002275  UART_initModule                            
00003ded  UART_receiveData                           
000041a3  UsageFault_Handler                         
4000480c  WDTCTL_SYM                                 
000041a3  WDT_A_IRQHandler                           
00003f99  WDT_A_holdTimer                            
20000614  __CIOBUF_                                  
20010000  __STACK_END                                
00000200  __STACK_SIZE                               
00000400  __SYSMEM_SIZE                              
000043f0  __TI_CINIT_Base                            
00004400  __TI_CINIT_Limit                           
000043dc  __TI_Handler_Table_Base                    
000043e8  __TI_Handler_Table_Limit                   
00003b75  __TI_auto_init_nobinit_nopinit             
00003d21  __TI_cleanup                               
200005f0  __TI_cleanup_ptr                           
000030b5  __TI_closefile                             
00003345  __TI_decompress_lzss                       
00004189  __TI_decompress_none                       
0000397b  __TI_doflush                               
200005f4  __TI_dtors_ptr                             
200005f8  __TI_enable_exit_profile_output            
200005e0  __TI_ft_end                                
00003887  __TI_ltoa                                  
ffffffff  __TI_pprof_out_hndl                        
000000e5  __TI_printfi                               
ffffffff  __TI_prof_data_size                        
ffffffff  __TI_prof_data_start                       
00003d55  __TI_readmsg                               
00000000  __TI_static_base__                         
20000734  __TI_tmpnams                               
00003c7d  __TI_writemsg                              
000035a5  __TI_wrt_ok                                
00003ff9  __TI_zero_init_nomemset                    
00002ead  __aeabi_cdcmpeq                            
00002ead  __aeabi_cdcmple                            
00002f33  __aeabi_cdrcmple                           
00003aa5  __aeabi_d2iz                               
0000181b  __aeabi_dadd                               
00001ee9  __aeabi_ddiv                               
000027bd  __aeabi_dmul                               
00001811  __aeabi_dsub                               
000041bd  __aeabi_errno_addr                         
00003e4d  __aeabi_i2d                                
0000109b  __aeabi_idiv0                              
0000109b  __aeabi_ldiv0                              
00003039  __aeabi_memclr                             
00003039  __aeabi_memclr4                            
00003039  __aeabi_memclr8                            
00002bdd  __aeabi_memcpy                             
00002bdd  __aeabi_memcpy4                            
00002bdd  __aeabi_memcpy8                            
0000303b  __aeabi_memset                             
0000303b  __aeabi_memset4                            
0000303b  __aeabi_memset8                            
200005ec  __aeabi_stderr                             
200005e4  __aeabi_stdin                              
200005e8  __aeabi_stdout                             
00002c79  __aeabi_uldivmod                           
ffffffff  __binit__                                  
ffffffff  __c_args__                                 
UNDEFED   __mpu_init                                 
2000fe00  __stack                                    
20000000  __start___llvm_prf_cnts                    
20000000  __stop___llvm_prf_cnts                     
00003d89  _c_int00_noargs                            
000041e0  _ctypes_                                   
200004f0  _device                                    
20000400  _ftable                                    
200005fc  _lock                                      
00000b33  _nop                                       
20000568  _stream                                    
20000000  _sys_memory                                
UNDEFED   _system_post_cinit                         
000041d9  _system_pre_init                           
20000600  _unlock                                    
000041dd  abort                                      
000026bd  aligned_alloc                              
000039c9  atoi                                       
00000d43  avanti                                     
ffffffff  binit                                      
000036c9  close                                      
200005d0  compareConfig_PWM                          
00001b53  configUART                                 
00002b2d  configUltraSonic                           
0000404d  copysign                                   
0000404d  copysignl                                  
00000c49  delayManovra                               
00000c7f  delayRetro                                 
2000060c  errno                                      
00003a5d  exit                                       
00003e1d  finddevice                                 
200005cc  flag_park_ended                            
00002d11  fputc                                      
00002391  fputs                                      
000028b9  free                                       
00003479  frexp                                      
00003479  frexpl                                     
000034dd  fseek                                      
00001b25  getFlagParkEnded                           
00001b3d  getKeepDistance                            
00001b2b  getMode                                    
00001b31  getX                                       
00001b37  getY                                       
00003bb9  getdevice                                  
00000bb3  hwInit_motori                              
00000db1  indietro                                   
00000000  interruptVectors                           
00000f17  joystickMode                               
200005c4  keep_distance                              
000024a5  ldexp                                      
000024a5  ldexpl                                     
00002b57  leggiDati                                  
00003f49  lseek                                      
00003541  main                                       
000041c5  malloc                                     
000026bd  memalign                                   
00004031  memccpy                                    
00003fbd  memchr                                     
00002bdd  memcpy                                     
00003041  memset                                     
200005c8  mode                                       
00000e31  parcheggioAutomatico                       
200007d4  parmbuf                                    
000033ad  printf                                     
00002d11  putc                                       
00000b35  pwmEnable                                  
00003e7d  remove                                     
000024a5  scalbn                                     
000024a5  scalbnl                                    
00001b43  setFlagParkEnded                           
00000cb5  setMotor1Direction                         
00000d0d  setMotor1Speed                             
00000ce1  setMotor2Direction                         
00000d29  setMotor2Speed                             
0000299d  setvbuf                                    
000040c3  strchr                                     
0000407f  strcmp                                     
000040ed  strcpy                                     
00004101  strlen                                     
00003cb5  strncpy                                    
00004314  uartConfig                                 
00003e7d  unlink                                     
0000433c  upConfig                                   
00004115  wcslen                                     
00003f71  write                                      
200005bc  x                                          
200005c0  y                                          


GLOBAL SYMBOLS: SORTED BY Symbol Address 

address   name                                       
-------   ----                                       
00000000  __TI_static_base__                         
00000000  interruptVectors                           
000000e5  __TI_printfi                               
00000200  __STACK_SIZE                               
00000400  __SYSMEM_SIZE                              
00000b33  _nop                                       
00000b35  pwmEnable                                  
00000bb3  hwInit_motori                              
00000c49  delayManovra                               
00000c7f  delayRetro                                 
00000cb5  setMotor1Direction                         
00000ce1  setMotor2Direction                         
00000d0d  setMotor1Speed                             
00000d29  setMotor2Speed                             
00000d43  avanti                                     
00000db1  indietro                                   
00000e31  parcheggioAutomatico                       
00000f17  joystickMode                               
0000109b  __aeabi_idiv0                              
0000109b  __aeabi_ldiv0                              
0000109d  SystemCoreClockUpdate                      
00001315  SystemInit                                 
00001811  __aeabi_dsub                               
0000181b  __aeabi_dadd                               
00001b25  getFlagParkEnded                           
00001b2b  getMode                                    
00001b31  getX                                       
00001b37  getY                                       
00001b3d  getKeepDistance                            
00001b43  setFlagParkEnded                           
00001b53  configUART                                 
00001baf  EUSCIA2_IRQHandler                         
00001baf  EUSCIA2_IRQHandler                         
00001ee9  __aeabi_ddiv                               
00002021  CS_initClockSignal                         
00002275  UART_initModule                            
00002391  fputs                                      
000024a5  ldexp                                      
000024a5  ldexpl                                     
000024a5  scalbn                                     
000024a5  scalbnl                                    
000026bd  aligned_alloc                              
000026bd  memalign                                   
000027bd  __aeabi_dmul                               
000028b9  free                                       
0000299d  setvbuf                                    
00002b2d  configUltraSonic                           
00002b57  leggiDati                                  
00002bdd  __aeabi_memcpy                             
00002bdd  __aeabi_memcpy4                            
00002bdd  __aeabi_memcpy8                            
00002bdd  memcpy                                     
00002c79  __aeabi_uldivmod                           
00002d11  fputc                                      
00002d11  putc                                       
00002d9d  GPIO_setAsPeripheralModuleFunctionInputPin 
00002e25  GPIO_setAsPeripheralModuleFunctionOutputPin
00002ead  __aeabi_cdcmpeq                            
00002ead  __aeabi_cdcmple                            
00002f33  __aeabi_cdrcmple                           
00002fb9  Interrupt_enableInterrupt                  
00003039  __aeabi_memclr                             
00003039  __aeabi_memclr4                            
00003039  __aeabi_memclr8                            
0000303b  __aeabi_memset                             
0000303b  __aeabi_memset4                            
0000303b  __aeabi_memset8                            
00003041  memset                                     
000030b5  __TI_closefile                             
00003209  HOSTrename                                 
00003275  HOSTlseek                                  
000032dd  Timer_A_configureUpMode                    
00003345  __TI_decompress_lzss                       
000033ad  printf                                     
00003415  UART_getEnabledInterruptStatus             
00003479  frexp                                      
00003479  frexpl                                     
000034dd  fseek                                      
00003541  main                                       
000035a5  __TI_wrt_ok                                
00003609  HOSTopen                                   
00003669  PCM_getCoreVoltageLevel                    
000036c9  close                                      
00003725  PCM_getPowerMode                           
00003781  HOSTread                                   
000037d9  HOSTwrite                                  
00003887  __TI_ltoa                                  
0000392d  Timer_A_initCompare                        
0000397b  __TI_doflush                               
000039c9  atoi                                       
00003a15  FlashCtl_setWaitState                      
00003a5d  exit                                       
00003aa5  __aeabi_d2iz                               
00003aed  HOSTclose                                  
00003b31  HOSTunlink                                 
00003b75  __TI_auto_init_nobinit_nopinit             
00003bb9  getdevice                                  
00003bfd  GPIO_setAsOutputPin                        
00003c7d  __TI_writemsg                              
00003cab  C$$IO$$                                    
00003cb5  strncpy                                    
00003ced  CS_setDCOCenteredFrequency                 
00003d21  __TI_cleanup                               
00003d55  __TI_readmsg                               
00003d89  _c_int00_noargs                            
00003dbd  UART_enableInterrupt                       
00003ded  UART_receiveData                           
00003e1d  finddevice                                 
00003e4d  __aeabi_i2d                                
00003e7d  remove                                     
00003e7d  unlink                                     
00003ea9  GPIO_setOutputHighOnPin                    
00003ed1  GPIO_setOutputLowOnPin                     
00003ef9  PCM_gotoLPM0                               
00003f49  lseek                                      
00003f71  write                                      
00003f99  WDT_A_holdTimer                            
00003fbd  memchr                                     
00003fdd  PCM_gotoLPM0InterruptSafe                  
00003ff9  __TI_zero_init_nomemset                    
00004031  memccpy                                    
0000404d  copysign                                   
0000404d  copysignl                                  
00004067  UART_getInterruptStatus                    
0000407f  strcmp                                     
00004097  Timer_A_startCounter                       
000040ad  UART_enableModule                          
000040c3  strchr                                     
000040d9  PCM_getPowerState                          
000040ed  strcpy                                     
00004101  strlen                                     
00004115  wcslen                                     
00004127  Interrupt_disableMaster                    
00004139  Interrupt_disableSleepOnIsrExit            
00004149  Interrupt_enableMaster                     
00004159  Interrupt_enableSleepOnIsrExit             
00004169  PCM_setCoreVoltageLevel                    
00004179  PCM_setPowerMode                           
00004189  __TI_decompress_none                       
00004197  Reset_Handler                              
000041a3  ADC14_IRQHandler                           
000041a3  AES256_IRQHandler                          
000041a3  BusFault_Handler                           
000041a3  COMP_E0_IRQHandler                         
000041a3  COMP_E1_IRQHandler                         
000041a3  CS_IRQHandler                              
000041a3  DMA_ERR_IRQHandler                         
000041a3  DMA_INT0_IRQHandler                        
000041a3  DMA_INT1_IRQHandler                        
000041a3  DMA_INT2_IRQHandler                        
000041a3  DMA_INT3_IRQHandler                        
000041a3  DebugMon_Handler                           
000041a3  Default_Handler                            
000041a3  EUSCIA0_IRQHandler                         
000041a3  EUSCIA1_IRQHandler                         
000041a3  EUSCIA3_IRQHandler                         
000041a3  EUSCIB0_IRQHandler                         
000041a3  EUSCIB1_IRQHandler                         
000041a3  EUSCIB2_IRQHandler                         
000041a3  EUSCIB3_IRQHandler                         
000041a3  FLCTL_IRQHandler                           
000041a3  FPU_IRQHandler                             
000041a3  HardFault_Handler                          
000041a3  MemManage_Handler                          
000041a3  NMI_Handler                                
000041a3  PCM_IRQHandler                             
000041a3  PORT1_IRQHandler                           
000041a3  PORT2_IRQHandler                           
000041a3  PORT3_IRQHandler                           
000041a3  PORT4_IRQHandler                           
000041a3  PORT5_IRQHandler                           
000041a3  PORT6_IRQHandler                           
000041a3  PSS_IRQHandler                             
000041a3  PendSV_Handler                             
000041a3  RTC_C_IRQHandler                           
000041a3  SVC_Handler                                
000041a3  SysTick_Handler                            
000041a3  T32_INT1_IRQHandler                        
000041a3  T32_INT2_IRQHandler                        
000041a3  T32_INTC_IRQHandler                        
000041a3  TA0_0_IRQHandler                           
000041a3  TA0_N_IRQHandler                           
000041a3  TA1_0_IRQHandler                           
000041a3  TA1_N_IRQHandler                           
000041a3  TA2_0_IRQHandler                           
000041a3  TA2_N_IRQHandler                           
000041a3  TA3_0_IRQHandler                           
000041a3  TA3_N_IRQHandler                           
000041a3  UsageFault_Handler                         
000041a3  WDT_A_IRQHandler                           
000041a5  CPU_cpsid                                  
000041b1  CPU_cpsie                                  
000041bd  __aeabi_errno_addr                         
000041c5  malloc                                     
000041cd  CPU_wfi                                    
000041d9  _system_pre_init                           
000041dd  C$$EXIT                                    
000041dd  abort                                      
000041e0  _ctypes_                                   
00004314  uartConfig                                 
0000433c  upConfig                                   
000043dc  __TI_Handler_Table_Base                    
000043e8  __TI_Handler_Table_Limit                   
000043f0  __TI_CINIT_Base                            
00004400  __TI_CINIT_Limit                           
20000000  __start___llvm_prf_cnts                    
20000000  __stop___llvm_prf_cnts                     
20000000  _sys_memory                                
20000400  _ftable                                    
200004f0  _device                                    
20000568  _stream                                    
200005b8  RXData                                     
200005bc  x                                          
200005c0  y                                          
200005c4  keep_distance                              
200005c8  mode                                       
200005cc  flag_park_ended                            
200005d0  compareConfig_PWM                          
200005e0  __TI_ft_end                                
200005e4  __aeabi_stdin                              
200005e8  __aeabi_stdout                             
200005ec  __aeabi_stderr                             
200005f0  __TI_cleanup_ptr                           
200005f4  __TI_dtors_ptr                             
200005f8  __TI_enable_exit_profile_output            
200005fc  _lock                                      
20000600  _unlock                                    
2000060c  errno                                      
20000610  SystemCoreClock                            
20000614  __CIOBUF_                                  
20000734  __TI_tmpnams                               
200007d4  parmbuf                                    
2000fe00  __stack                                    
20010000  __STACK_END                                
4000480c  WDTCTL_SYM                                 
ffffffff  __TI_pprof_out_hndl                        
ffffffff  __TI_prof_data_size                        
ffffffff  __TI_prof_data_start                       
ffffffff  __binit__                                  
ffffffff  __c_args__                                 
ffffffff  binit                                      
UNDEFED   __mpu_init                                 
UNDEFED   _system_post_cinit                         

[243 symbols]
