******************************************************************************
                  TI ARM Linker Unix v20.2.7                   
******************************************************************************
>> Linked Mon Jan 30 15:43:09 2023

OUTPUT FILE NAME:   <MSP432_RECEVER.out>
ENTRY POINT SYMBOL: "_c_int00_noargs"  address: 00003de1


MEMORY CONFIGURATION

         name            origin    length      used     unused   attr    fill
----------------------  --------  ---------  --------  --------  ----  --------
  MAIN                  00000000   00040000  00004454  0003bbac  R  X
  INFO                  00200000   00004000  00000000  00004000  R  X
  SRAM_CODE             01000000   00010000  000009dc  0000f624  RW X
  SRAM_DATA             20000000   00010000  000009dc  0000f624  RW  


SEGMENT ALLOCATION MAP

run origin  load origin   length   init length attrs members
----------  ----------- ---------- ----------- ----- -------
00000000    00000000    00004458   00004458    r-x
  00000000    00000000    000000e4   000000e4    r-- .intvecs
  000000e4    000000e4    00004154   00004154    r-x .text
  00004238    00004238    0000017c   0000017c    r-- .const
  000043b8    000043b8    000000a0   000000a0    r-- .cinit
20000000    20000000    000007dc   00000000    rw-
  20000000    20000000    00000400   00000000    rw- .sysmem
  20000400    20000400    00000214   00000000    rw- .data
  20000614    20000614    000001c8   00000000    rw- .bss
2000fe00    2000fe00    00000200   00000000    rw-
  2000fe00    2000fe00    00000200   00000000    rw- .stack


SECTION ALLOCATION MAP

 output                                  attributes/
section   page    origin      length       input sections
--------  ----  ----------  ----------   ----------------
.intvecs   0    00000000    000000e4     
                  00000000    000000e4     startup_msp432p401r_ccs.obj (.intvecs:retain)

.text      0    000000e4    00004154     
                  000000e4    00000a4e     rtsv7M4_T_le_v4SPD16_eabi.lib : _printfi.c.obj (.text:__TI_printfi)
                  00000b32    00000002                                   : _lock.c.obj (.text:_nop)
                  00000b34    0000056c     Motor.obj (.text)
                  000010a0    00000334     system_msp432p401r.obj (.text)
                  000013d4    00000270     rtsv7M4_T_le_v4SPD16_eabi.lib : _printfi.c.obj (.text:_pconv_a)
                  00001644    000001d0                                   : _printfi.c.obj (.text:_pconv_g)
                  00001814    000001b6                                   : fd_add_t2.asm.obj (.text)
                  000019ca    00000002                                   : div0.asm.obj (.text)
                  000019cc    0000015c     msp432p4xx_driverlib.lib : pcm.o (.text:__PCM_setPowerModeAdvanced)
                  00001b28    00000144     ConnectionUart.obj (.text)
                  00001c6c    00000144     msp432p4xx_driverlib.lib : timer_a.o (.text:privateTimer_AProcessClockSourceDivider)
                  00001db0    0000013c     rtsv7M4_T_le_v4SPD16_eabi.lib : _printfi.c.obj (.text:_pconv_e)
                  00001eec    00000136                                   : fd_div_t2.asm.obj (.text)
                  00002022    00000002     --HOLE-- [fill = 0]
                  00002024    00000130     msp432p4xx_driverlib.lib : cs.o (.text:CS_initClockSignal)
                  00002154    00000124     rtsv7M4_T_le_v4SPD16_eabi.lib : _printfi.c.obj (.text:fcvt)
                  00002278    0000011c     msp432p4xx_driverlib.lib : uart.o (.text:UART_initModule)
                  00002394    00000114     rtsv7M4_T_le_v4SPD16_eabi.lib : fputs.c.obj (.text:fputs)
                  000024a8    00000110                                   : s_scalbn.c.obj (.text:scalbn)
                  000025b8    00000108     msp432p4xx_driverlib.lib : pcm.o (.text:__PCM_setCoreVoltageLevelAdvanced)
                  000026c0    00000100     rtsv7M4_T_le_v4SPD16_eabi.lib : memory.c.obj (.text:aligned_alloc)
                  000027c0    000000fc                                   : fd_mul_t2.asm.obj (.text)
                  000028bc    000000e4                                   : memory.c.obj (.text:free)
                  000029a0    000000dc                                   : setvbuf.c.obj (.text:setvbuf)
                  00002a7c    000000b6     main.obj (.text)
                  00002b32    00000002     --HOLE-- [fill = 0]
                  00002b34    000000b1     rtsv7M4_T_le_v4SPD16_eabi.lib : _printfi.c.obj (.text:_ltostr)
                  00002be5    00000003     --HOLE-- [fill = 0]
                  00002be8    000000b0     UltrasonicSensor.obj (.text)
                  00002c98    0000009c     rtsv7M4_T_le_v4SPD16_eabi.lib : memcpy_t2.asm.obj (.text)
                  00002d34    00000096                                   : ull_div_t2.asm.obj (.text)
                  00002dca    00000002     --HOLE-- [fill = 0]
                  00002dcc    0000008c                                   : fputc.c.obj (.text:fputc)
                  00002e58    00000088     msp432p4xx_driverlib.lib : gpio.o (.text:GPIO_setAsPeripheralModuleFunctionInputPin)
                  00002ee0    00000088                              : gpio.o (.text:GPIO_setAsPeripheralModuleFunctionOutputPin)
                  00002f68    00000086     rtsv7M4_T_le_v4SPD16_eabi.lib : fd_cmp_t2.asm.obj (.text:__aeabi_cdcmple)
                  00002fee    00000086                                   : fd_cmp_t2.asm.obj (.text:__aeabi_cdrcmple)
                  00003074    00000080     msp432p4xx_driverlib.lib : interrupt.o (.text:Interrupt_enableInterrupt)
                  000030f4    0000007a     rtsv7M4_T_le_v4SPD16_eabi.lib : memset_t2.asm.obj (.text)
                  0000316e    00000002     --HOLE-- [fill = 0]
                  00003170    00000074                                   : fclose.c.obj (.text:__TI_closefile)
                  000031e4    00000070                                   : memory.c.obj (.text:split)
                  00003254    0000006e                                   : _printfi.c.obj (.text:_mcpy)
                  000032c2    00000002     --HOLE-- [fill = 0]
                  000032c4    0000006c                                   : hostrename.c.obj (.text:HOSTrename)
                  00003330    00000068                                   : hostlseek.c.obj (.text:HOSTlseek)
                  00003398    00000068     msp432p4xx_driverlib.lib : timer_a.o (.text:Timer_A_configureUpMode)
                  00003400    00000068     rtsv7M4_T_le_v4SPD16_eabi.lib : copy_decompress_lzss.c.obj (.text:decompress:lzss:__TI_decompress_lzss)
                  00003468    00000068                                   : printf.c.obj (.text:printf)
                  000034d0    00000064     msp432p4xx_driverlib.lib : uart.o (.text:UART_getEnabledInterruptStatus)
                  00003534    00000064     rtsv7M4_T_le_v4SPD16_eabi.lib : s_frexp.c.obj (.text:frexp)
                  00003598    00000064                                   : fseek.c.obj (.text:fseek)
                  000035fc    00000062                                   : _io_perm.c.obj (.text:__TI_wrt_ok)
                  0000365e    00000002     --HOLE-- [fill = 0]
                  00003660    00000060                                   : hostopen.c.obj (.text:HOSTopen)
                  000036c0    0000005e     msp432p4xx_driverlib.lib : pcm.o (.text:PCM_getCoreVoltageLevel)
                  0000371e    00000002     --HOLE-- [fill = 0]
                  00003720    0000005c     rtsv7M4_T_le_v4SPD16_eabi.lib : close.c.obj (.text:close)
                  0000377c    0000005a     msp432p4xx_driverlib.lib : pcm.o (.text:PCM_getPowerMode)
                  000037d6    00000002     --HOLE-- [fill = 0]
                  000037d8    00000058     rtsv7M4_T_le_v4SPD16_eabi.lib : hostread.c.obj (.text:HOSTread)
                  00003830    00000058                                   : hostwrite.c.obj (.text:HOSTwrite)
                  00003888    00000056                                   : _printfi.c.obj (.text:_pconv_f)
                  000038de    00000054                                   : _ltoa.c.obj (.text:__TI_ltoa)
                  00003932    00000052                                   : _printfi.c.obj (.text:_ecpy)
                  00003984    0000004e     msp432p4xx_driverlib.lib : timer_a.o (.text:Timer_A_initCompare)
                  000039d2    0000004c     rtsv7M4_T_le_v4SPD16_eabi.lib : fflush.c.obj (.text:__TI_doflush)
                  00003a1e    00000002     --HOLE-- [fill = 0]
                  00003a20    0000004c                                   : atoi.c.obj (.text:atoi)
                  00003a6c    00000048     msp432p4xx_driverlib.lib : flash.o (.text:FlashCtl_setWaitState)
                  00003ab4    00000048     rtsv7M4_T_le_v4SPD16_eabi.lib : exit.c.obj (.text:exit)
                  00003afc    00000048                                   : fd_toi_t2.asm.obj (.text)
                  00003b44    00000044                                   : hostclose.c.obj (.text:HOSTclose)
                  00003b88    00000044                                   : hostunlink.c.obj (.text:HOSTunlink)
                  00003bcc    00000044                                   : autoinit.c.obj (.text:__TI_auto_init_nobinit_nopinit:__TI_auto_init_nobinit_nopinit)
                  00003c10    00000044                                   : getdevice.c.obj (.text:getdevice)
                  00003c54    00000040     msp432p4xx_driverlib.lib : gpio.o (.text:GPIO_setAsOutputPin)
                  00003c94    0000003e     rtsv7M4_T_le_v4SPD16_eabi.lib : _printfi.c.obj (.text:_fcpy)
                  00003cd2    00000002     --HOLE-- [fill = 0]
                  00003cd4    00000038                                   : trgmsg.c.obj (.text:__TI_writemsg)
                  00003d0c    00000036                                   : strncpy.c.obj (.text:strncpy)
                  00003d42    00000002     --HOLE-- [fill = 0]
                  00003d44    00000034     msp432p4xx_driverlib.lib : cs.o (.text:CS_setDCOCenteredFrequency)
                  00003d78    00000034     rtsv7M4_T_le_v4SPD16_eabi.lib : fopen.c.obj (.text:__TI_cleanup)
                  00003dac    00000034                                   : trgmsg.c.obj (.text:__TI_readmsg)
                  00003de0    00000034                                   : boot_cortex_m.c.obj (.text:_c_int00_noargs:_c_int00_noargs)
                  00003e14    00000030     msp432p4xx_driverlib.lib : uart.o (.text:UART_enableInterrupt)
                  00003e44    00000030                              : uart.o (.text:UART_receiveData)
                  00003e74    00000030     rtsv7M4_T_le_v4SPD16_eabi.lib : getdevice.c.obj (.text:finddevice)
                  00003ea4    0000002e                                   : i_tofd_t2.asm.obj (.text)
                  00003ed2    00000002     --HOLE-- [fill = 0]
                  00003ed4    0000002c                                   : unlink.c.obj (.text:unlink)
                  00003f00    00000028     msp432p4xx_driverlib.lib : gpio.o (.text:GPIO_setOutputHighOnPin)
                  00003f28    00000028                              : gpio.o (.text:GPIO_setOutputLowOnPin)
                  00003f50    00000028                              : pcm.o (.text:PCM_gotoLPM0)
                  00003f78    00000028     rtsv7M4_T_le_v4SPD16_eabi.lib : memory.c.obj (.text:free_list_insert)
                  00003fa0    00000028                                   : lseek.c.obj (.text:lseek)
                  00003fc8    00000028                                   : write.c.obj (.text:write)
                  00003ff0    00000024     msp432p4xx_driverlib.lib : wdt_a.o (.text:WDT_A_holdTimer)
                  00004014    00000020     rtsv7M4_T_le_v4SPD16_eabi.lib : memchr.c.obj (.text:memchr)
                  00004034    0000001c     msp432p4xx_driverlib.lib : pcm.o (.text:PCM_gotoLPM0InterruptSafe)
                  00004050    0000001c     rtsv7M4_T_le_v4SPD16_eabi.lib : copy_zero_init.c.obj (.text:decompress:ZI:__TI_zero_init_nomemset:__TI_zero_init_nomemset)
                  0000406c    0000001c                                   : memory.c.obj (.text:free_list_remove)
                  00004088    0000001c                                   : memccpy.c.obj (.text:memccpy)
                  000040a4    0000001a                                   : s_copysign.c.obj (.text:copysign)
                  000040be    00000018     msp432p4xx_driverlib.lib : uart.o (.text:UART_getInterruptStatus)
                  000040d6    00000018     rtsv7M4_T_le_v4SPD16_eabi.lib : strcmp.c.obj (.text:strcmp)
                  000040ee    00000016     msp432p4xx_driverlib.lib : timer_a.o (.text:Timer_A_startCounter)
                  00004104    00000016                              : uart.o (.text:UART_enableModule)
                  0000411a    00000016     rtsv7M4_T_le_v4SPD16_eabi.lib : strchr.c.obj (.text:strchr)
                  00004130    00000014     msp432p4xx_driverlib.lib : pcm.o (.text:PCM_getPowerState)
                  00004144    00000014     rtsv7M4_T_le_v4SPD16_eabi.lib : strcpy.c.obj (.text:strcpy)
                  00004158    00000014                                   : strlen.c.obj (.text:strlen)
                  0000416c    00000012                                   : wcslen.c.obj (.text:wcslen)
                  0000417e    00000010     msp432p4xx_driverlib.lib : interrupt.o (.text:Interrupt_disableMaster)
                  0000418e    00000002     --HOLE-- [fill = 0]
                  00004190    00000010                              : interrupt.o (.text:Interrupt_disableSleepOnIsrExit)
                  000041a0    00000010                              : interrupt.o (.text:Interrupt_enableMaster)
                  000041b0    00000010                              : interrupt.o (.text:Interrupt_enableSleepOnIsrExit)
                  000041c0    00000010                              : pcm.o (.text:PCM_setCoreVoltageLevel)
                  000041d0    00000010                              : pcm.o (.text:PCM_setPowerMode)
                  000041e0    0000000e     rtsv7M4_T_le_v4SPD16_eabi.lib : copy_decompress_none.c.obj (.text:decompress:none:__TI_decompress_none)
                  000041ee    0000000e     startup_msp432p401r_ccs.obj (.text)
                  000041fc    0000000c     msp432p4xx_driverlib.lib : cpu.o (.text:CPU_cpsid)
                  00004208    0000000c                              : cpu.o (.text:CPU_cpsie)
                  00004214    00000008     rtsv7M4_T_le_v4SPD16_eabi.lib : errno.c.obj (.text:__aeabi_errno_addr)
                  0000421c    00000008                                   : memory.c.obj (.text:malloc)
                  00004224    00000004     msp432p4xx_driverlib.lib : cpu.o (.text:CPU_wfi)
                  00004228    00000004     rtsv7M4_T_le_v4SPD16_eabi.lib : printf.c.obj (.text:_outc)
                  0000422c    00000004                                   : printf.c.obj (.text:_outs)
                  00004230    00000004                                   : pre_init.c.obj (.text:_system_pre_init)
                  00004234    00000004                                   : exit.c.obj (.text:abort:abort)

.const     0    00004238    0000017c     
                  00004238    00000101     rtsv7M4_T_le_v4SPD16_eabi.lib : ctype.c.obj (.const:.string:_ctypes_)
                  00004339    00000003     --HOLE-- [fill = 0]
                  0000433c    00000030     msp432p4xx_driverlib.lib : gpio.o (.const:GPIO_PORT_TO_BASE)
                  0000436c    00000028     ConnectionUart.obj (.const:uartConfig)
                  00004394    00000018     Motor.obj (.const:upConfig)
                  000043ac    00000008     msp432p4xx_driverlib.lib : interrupt.o (.const:g_pulEnRegs)

.cinit     0    000043b8    000000a0     
                  000043b8    0000007a     (.cinit..data.load) [load image, compression = lzss]
                  00004432    00000002     --HOLE-- [fill = 0]
                  00004434    0000000c     (__TI_handler_table)
                  00004440    00000008     (.cinit..bss.load) [load image, compression = zero_init]
                  00004448    00000010     (__TI_cinit_table)

.init_array 
*          0    00000000    00000000     UNINITIALIZED

.binit     0    00000000    00000000     

.sysmem    0    20000000    00000400     UNINITIALIZED
                  20000000    00000010     rtsv7M4_T_le_v4SPD16_eabi.lib : memory.c.obj (.sysmem)
                  20000010    000003f0     --HOLE--

.data      0    20000400    00000214     UNINITIALIZED
                  20000400    000000f0     rtsv7M4_T_le_v4SPD16_eabi.lib : defs.c.obj (.data:_ftable)
                  200004f0    00000078                                   : host_device.c.obj (.data:_device)
                  20000568    00000050                                   : host_device.c.obj (.data:_stream)
                  200005b8    00000018     ConnectionUart.obj (.data)
                  200005d0    00000010     Motor.obj (.data:compareConfig_PWM)
                  200005e0    00000010     rtsv7M4_T_le_v4SPD16_eabi.lib : defs.c.obj (.data)
                  200005f0    0000000c                                   : exit.c.obj (.data:$O1$$)
                  200005fc    00000008                                   : _lock.c.obj (.data:$O1$$)
                  20000604    00000008                                   : memory.c.obj (.data:$O1$$)
                  2000060c    00000004                                   : errno.c.obj (.data)
                  20000610    00000004     system_msp432p401r.obj (.data)

.bss       0    20000614    000001c8     UNINITIALIZED
                  20000614    00000120     rtsv7M4_T_le_v4SPD16_eabi.lib : trgmsg.c.obj (.bss:_CIOBUF_)
                  20000734    000000a0     (.common:__TI_tmpnams)
                  200007d4    00000008     (.common:parmbuf)

.stack     0    2000fe00    00000200     UNINITIALIZED
                  2000fe00    00000004     rtsv7M4_T_le_v4SPD16_eabi.lib : boot_cortex_m.c.obj (.stack)
                  2000fe04    000001fc     --HOLE--

__llvm_prf_cnts 
*          0    20000000    00000000     UNINITIALIZED

MODULE SUMMARY

       Module                        code    ro data   rw data
       ------                        ----    -------   -------
    ./
       Motor.obj                     1388    24        32     
       system_msp432p401r.obj        820     0         8      
       ConnectionUart.obj            324     40        48     
       startup_msp432p401r_ccs.obj   14      228       0      
       main.obj                      182     0         0      
       UltrasonicSensor.obj          176     0         0      
    +--+-----------------------------+-------+---------+---------+
       Total:                        2904    292       88     
                                                              
    /Applications/ti/ccs1210/ccs/tools/compiler/ti-cgt-arm_20.2.7.LTS/lib/rtsv7M4_T_le_v4SPD16_eabi.lib
       _printfi.c.obj                4851    0         0      
       defs.c.obj                    0       0         832    
       memory.c.obj                  672     0         16     
       trgmsg.c.obj                  108     0         576    
       fd_add_t2.asm.obj             438     0         0      
       host_device.c.obj             0       0         400    
       fd_div_t2.asm.obj             310     0         0      
       fputs.c.obj                   276     0         0      
       s_scalbn.c.obj                272     0         0      
       fd_cmp_t2.asm.obj             268     0         0      
       ctype.c.obj                   0       257       0      
       fd_mul_t2.asm.obj             252     0         0      
       setvbuf.c.obj                 220     0         0      
       memcpy_t2.asm.obj             156     0         0      
       ull_div_t2.asm.obj            150     0         0      
       fputc.c.obj                   140     0         0      
       memset_t2.asm.obj             122     0         0      
       fclose.c.obj                  116     0         0      
       getdevice.c.obj               116     0         0      
       hostopen.c.obj                96      0         16     
       printf.c.obj                  112     0         0      
       hostrename.c.obj              108     0         0      
       copy_decompress_lzss.c.obj    104     0         0      
       hostlseek.c.obj               104     0         0      
       exit.c.obj                    76      0         24     
       fseek.c.obj                   100     0         0      
       s_frexp.c.obj                 100     0         0      
       _io_perm.c.obj                98      0         0      
       close.c.obj                   92      0         0      
       hostread.c.obj                88      0         0      
       hostwrite.c.obj               88      0         0      
       _ltoa.c.obj                   84      0         0      
       atoi.c.obj                    76      0         0      
       fflush.c.obj                  76      0         0      
       fd_toi_t2.asm.obj             72      0         0      
       autoinit.c.obj                68      0         0      
       hostclose.c.obj               68      0         0      
       hostunlink.c.obj              68      0         0      
       strncpy.c.obj                 54      0         0      
       boot_cortex_m.c.obj           52      0         0      
       fopen.c.obj                   52      0         0      
       i_tofd_t2.asm.obj             46      0         0      
       unlink.c.obj                  44      0         0      
       lseek.c.obj                   40      0         0      
       write.c.obj                   40      0         0      
       memchr.c.obj                  32      0         0      
       copy_zero_init.c.obj          28      0         0      
       memccpy.c.obj                 28      0         0      
       s_copysign.c.obj              26      0         0      
       strcmp.c.obj                  24      0         0      
       strchr.c.obj                  22      0         0      
       strcpy.c.obj                  20      0         0      
       strlen.c.obj                  20      0         0      
       _lock.c.obj                   2       0         16     
       wcslen.c.obj                  18      0         0      
       errno.c.obj                   8       0         8      
       copy_decompress_none.c.obj    14      0         0      
       pre_init.c.obj                4       0         0      
       div0.asm.obj                  2       0         0      
    +--+-----------------------------+-------+---------+---------+
       Total:                        10721   257       1888   
                                                              
    /Applications/ti/ccs1210/ccs/tools/compiler/ti-cgt-arm_20.2.7.LTS/simplelink_msp432p4_sdk_3_40_01_02/source/ti/devices/msp432p4xx/driverlib/ccs/msp432p4xx_driverlib.lib
       pcm.o                         916     0         0      
       timer_a.o                     528     0         0      
       uart.o                        526     0         0      
       gpio.o                        416     48        0      
       cs.o                          356     0         0      
       interrupt.o                   192     8         0      
       flash.o                       72      0         0      
       wdt_a.o                       36      0         0      
       cpu.o                         28      0         0      
    +--+-----------------------------+-------+---------+---------+
       Total:                        3070    56        0      
                                                              
       Heap:                         0       0         2048   
       Stack:                        0       0         1024   
       Linker Generated:             0       158       0      
    +--+-----------------------------+-------+---------+---------+
       Grand Total:                  16695   763       5048   


LINKER GENERATED COPY TABLES

__TI_cinit_table @ 00004448 records: 2, size/record: 8, table size: 16
	.data: load addr=000043b8, load size=0000007a bytes, run addr=20000400, run size=00000214 bytes, compression=lzss
	.bss: load addr=00004440, load size=00000008 bytes, run addr=20000614, run size=000001c8 bytes, compression=zero_init


LINKER GENERATED HANDLER TABLE

__TI_handler_table @ 00004434 records: 3, size/record: 4, table size: 12
	index: 0, handler: __TI_decompress_lzss
	index: 1, handler: __TI_decompress_none
	index: 2, handler: __TI_zero_init


GLOBAL SYMBOLS: SORTED ALPHABETICALLY BY Name 

address   name                                       
-------   ----                                       
000041fb  ADC14_IRQHandler                           
000041fb  AES256_IRQHandler                          
000041fb  BusFault_Handler                           
00004235  C$$EXIT                                    
00003d03  C$$IO$$                                    
000041fb  COMP_E0_IRQHandler                         
000041fb  COMP_E1_IRQHandler                         
000041fd  CPU_cpsid                                  
00004209  CPU_cpsie                                  
00004225  CPU_wfi                                    
000041fb  CS_IRQHandler                              
00002025  CS_initClockSignal                         
00003d45  CS_setDCOCenteredFrequency                 
000041fb  DMA_ERR_IRQHandler                         
000041fb  DMA_INT0_IRQHandler                        
000041fb  DMA_INT1_IRQHandler                        
000041fb  DMA_INT2_IRQHandler                        
000041fb  DMA_INT3_IRQHandler                        
000041fb  DebugMon_Handler                           
000041fb  Default_Handler                            
000041fb  EUSCIA0_IRQHandler                         
000041fb  EUSCIA1_IRQHandler                         
00001bb3  EUSCIA2_IRQHandler                         
00001bb3  EUSCIA2_IRQHandler                         
000041fb  EUSCIA3_IRQHandler                         
000041fb  EUSCIB0_IRQHandler                         
000041fb  EUSCIB1_IRQHandler                         
000041fb  EUSCIB2_IRQHandler                         
000041fb  EUSCIB3_IRQHandler                         
000041fb  FLCTL_IRQHandler                           
000041fb  FPU_IRQHandler                             
00003a6d  FlashCtl_setWaitState                      
00003c55  GPIO_setAsOutputPin                        
00002e59  GPIO_setAsPeripheralModuleFunctionInputPin 
00002ee1  GPIO_setAsPeripheralModuleFunctionOutputPin
00003f01  GPIO_setOutputHighOnPin                    
00003f29  GPIO_setOutputLowOnPin                     
00003b45  HOSTclose                                  
00003331  HOSTlseek                                  
00003661  HOSTopen                                   
000037d9  HOSTread                                   
000032c5  HOSTrename                                 
00003b89  HOSTunlink                                 
00003831  HOSTwrite                                  
000041fb  HardFault_Handler                          
0000417f  Interrupt_disableMaster                    
00004191  Interrupt_disableSleepOnIsrExit            
00003075  Interrupt_enableInterrupt                  
000041a1  Interrupt_enableMaster                     
000041b1  Interrupt_enableSleepOnIsrExit             
000041fb  MemManage_Handler                          
000041fb  NMI_Handler                                
000041fb  PCM_IRQHandler                             
000036c1  PCM_getCoreVoltageLevel                    
0000377d  PCM_getPowerMode                           
00004131  PCM_getPowerState                          
00003f51  PCM_gotoLPM0                               
00004035  PCM_gotoLPM0InterruptSafe                  
000041c1  PCM_setCoreVoltageLevel                    
000041d1  PCM_setPowerMode                           
000041fb  PORT1_IRQHandler                           
000041fb  PORT2_IRQHandler                           
000041fb  PORT3_IRQHandler                           
000041fb  PORT4_IRQHandler                           
000041fb  PORT5_IRQHandler                           
000041fb  PORT6_IRQHandler                           
000041fb  PSS_IRQHandler                             
000041fb  PendSV_Handler                             
000041fb  RTC_C_IRQHandler                           
200005b8  RXData                                     
000041ef  Reset_Handler                              
000041fb  SVC_Handler                                
000041fb  SysTick_Handler                            
20000610  SystemCoreClock                            
000010a1  SystemCoreClockUpdate                      
00001319  SystemInit                                 
000041fb  T32_INT1_IRQHandler                        
000041fb  T32_INT2_IRQHandler                        
000041fb  T32_INTC_IRQHandler                        
000041fb  TA0_0_IRQHandler                           
000041fb  TA0_N_IRQHandler                           
000041fb  TA1_0_IRQHandler                           
000041fb  TA1_N_IRQHandler                           
000041fb  TA2_0_IRQHandler                           
000041fb  TA2_N_IRQHandler                           
000041fb  TA3_0_IRQHandler                           
000041fb  TA3_N_IRQHandler                           
00003399  Timer_A_configureUpMode                    
00003985  Timer_A_initCompare                        
000040ef  Timer_A_startCounter                       
00003e15  UART_enableInterrupt                       
00004105  UART_enableModule                          
000034d1  UART_getEnabledInterruptStatus             
000040bf  UART_getInterruptStatus                    
00002279  UART_initModule                            
00003e45  UART_receiveData                           
000041fb  UsageFault_Handler                         
4000480c  WDTCTL_SYM                                 
000041fb  WDT_A_IRQHandler                           
00003ff1  WDT_A_holdTimer                            
20000614  __CIOBUF_                                  
20010000  __STACK_END                                
00000200  __STACK_SIZE                               
00000400  __SYSMEM_SIZE                              
00004448  __TI_CINIT_Base                            
00004458  __TI_CINIT_Limit                           
00004434  __TI_Handler_Table_Base                    
00004440  __TI_Handler_Table_Limit                   
00003bcd  __TI_auto_init_nobinit_nopinit             
00003d79  __TI_cleanup                               
200005f0  __TI_cleanup_ptr                           
00003171  __TI_closefile                             
00003401  __TI_decompress_lzss                       
000041e1  __TI_decompress_none                       
000039d3  __TI_doflush                               
200005f4  __TI_dtors_ptr                             
200005f8  __TI_enable_exit_profile_output            
200005e0  __TI_ft_end                                
000038df  __TI_ltoa                                  
ffffffff  __TI_pprof_out_hndl                        
000000e5  __TI_printfi                               
ffffffff  __TI_prof_data_size                        
ffffffff  __TI_prof_data_start                       
00003dad  __TI_readmsg                               
00000000  __TI_static_base__                         
20000734  __TI_tmpnams                               
00003cd5  __TI_writemsg                              
000035fd  __TI_wrt_ok                                
00004051  __TI_zero_init_nomemset                    
00002f69  __aeabi_cdcmpeq                            
00002f69  __aeabi_cdcmple                            
00002fef  __aeabi_cdrcmple                           
00003afd  __aeabi_d2iz                               
0000181f  __aeabi_dadd                               
00001eed  __aeabi_ddiv                               
000027c1  __aeabi_dmul                               
00001815  __aeabi_dsub                               
00004215  __aeabi_errno_addr                         
00003ea5  __aeabi_i2d                                
000019cb  __aeabi_idiv0                              
000019cb  __aeabi_ldiv0                              
000030f5  __aeabi_memclr                             
000030f5  __aeabi_memclr4                            
000030f5  __aeabi_memclr8                            
00002c99  __aeabi_memcpy                             
00002c99  __aeabi_memcpy4                            
00002c99  __aeabi_memcpy8                            
000030f7  __aeabi_memset                             
000030f7  __aeabi_memset4                            
000030f7  __aeabi_memset8                            
200005ec  __aeabi_stderr                             
200005e4  __aeabi_stdin                              
200005e8  __aeabi_stdout                             
00002d35  __aeabi_uldivmod                           
ffffffff  __binit__                                  
ffffffff  __c_args__                                 
UNDEFED   __mpu_init                                 
2000fe00  __stack                                    
20000000  __start___llvm_prf_cnts                    
20000000  __stop___llvm_prf_cnts                     
00003de1  _c_int00_noargs                            
00004238  _ctypes_                                   
200004f0  _device                                    
20000400  _ftable                                    
200005fc  _lock                                      
00000b33  _nop                                       
20000568  _stream                                    
20000000  _sys_memory                                
UNDEFED   _system_post_cinit                         
00004231  _system_pre_init                           
20000600  _unlock                                    
00004235  abort                                      
000026c1  aligned_alloc                              
00003a21  atoi                                       
00000d43  avanti                                     
ffffffff  binit                                      
00003721  close                                      
200005d0  compareConfig_PWM                          
00001b57  configUART                                 
00002be9  configUltraSonic                           
000040a5  copysign                                   
000040a5  copysignl                                  
00000c49  delayManovra                               
00000c7f  delayRetro                                 
2000060c  errno                                      
00003ab5  exit                                       
00003e75  finddevice                                 
200005cc  flag_park_ended                            
00002dcd  fputc                                      
00002395  fputs                                      
000028bd  free                                       
00003535  frexp                                      
00003535  frexpl                                     
00003599  fseek                                      
00001b29  getFlagParkEnded                           
00001b41  getKeepDistance                            
00001b2f  getMode                                    
00001b35  getX                                       
00001b3b  getY                                       
00003c11  getdevice                                  
00000bb3  hwInit_motori                              
00000db1  indietro                                   
00000000  interruptVectors                           
00000f17  joystickMode                               
200005c4  keep_distance                              
000024a9  ldexp                                      
000024a9  ldexpl                                     
00002c13  leggiDati                                  
00003fa1  lseek                                      
00002a7d  main                                       
0000421d  malloc                                     
000026c1  memalign                                   
00004089  memccpy                                    
00004015  memchr                                     
00002c99  memcpy                                     
000030fd  memset                                     
200005c8  mode                                       
00000e31  parcheggioAutomatico                       
200007d4  parmbuf                                    
00003469  printf                                     
00002dcd  putc                                       
00000b35  pwmEnable                                  
00003ed5  remove                                     
000024a9  scalbn                                     
000024a9  scalbnl                                    
00001b47  setFlagParkEnded                           
00000cb5  setMotor1Direction                         
00000d0d  setMotor1Speed                             
00000ce1  setMotor2Direction                         
00000d29  setMotor2Speed                             
000029a1  setvbuf                                    
0000411b  strchr                                     
000040d7  strcmp                                     
00004145  strcpy                                     
00004159  strlen                                     
00003d0d  strncpy                                    
0000436c  uartConfig                                 
00003ed5  unlink                                     
00004394  upConfig                                   
0000416d  wcslen                                     
00003fc9  write                                      
200005bc  x                                          
200005c0  y                                          


GLOBAL SYMBOLS: SORTED BY Symbol Address 

address   name                                       
-------   ----                                       
00000000  __TI_static_base__                         
00000000  interruptVectors                           
000000e5  __TI_printfi                               
00000200  __STACK_SIZE                               
00000400  __SYSMEM_SIZE                              
00000b33  _nop                                       
00000b35  pwmEnable                                  
00000bb3  hwInit_motori                              
00000c49  delayManovra                               
00000c7f  delayRetro                                 
00000cb5  setMotor1Direction                         
00000ce1  setMotor2Direction                         
00000d0d  setMotor1Speed                             
00000d29  setMotor2Speed                             
00000d43  avanti                                     
00000db1  indietro                                   
00000e31  parcheggioAutomatico                       
00000f17  joystickMode                               
000010a1  SystemCoreClockUpdate                      
00001319  SystemInit                                 
00001815  __aeabi_dsub                               
0000181f  __aeabi_dadd                               
000019cb  __aeabi_idiv0                              
000019cb  __aeabi_ldiv0                              
00001b29  getFlagParkEnded                           
00001b2f  getMode                                    
00001b35  getX                                       
00001b3b  getY                                       
00001b41  getKeepDistance                            
00001b47  setFlagParkEnded                           
00001b57  configUART                                 
00001bb3  EUSCIA2_IRQHandler                         
00001bb3  EUSCIA2_IRQHandler                         
00001eed  __aeabi_ddiv                               
00002025  CS_initClockSignal                         
00002279  UART_initModule                            
00002395  fputs                                      
000024a9  ldexp                                      
000024a9  ldexpl                                     
000024a9  scalbn                                     
000024a9  scalbnl                                    
000026c1  aligned_alloc                              
000026c1  memalign                                   
000027c1  __aeabi_dmul                               
000028bd  free                                       
000029a1  setvbuf                                    
00002a7d  main                                       
00002be9  configUltraSonic                           
00002c13  leggiDati                                  
00002c99  __aeabi_memcpy                             
00002c99  __aeabi_memcpy4                            
00002c99  __aeabi_memcpy8                            
00002c99  memcpy                                     
00002d35  __aeabi_uldivmod                           
00002dcd  fputc                                      
00002dcd  putc                                       
00002e59  GPIO_setAsPeripheralModuleFunctionInputPin 
00002ee1  GPIO_setAsPeripheralModuleFunctionOutputPin
00002f69  __aeabi_cdcmpeq                            
00002f69  __aeabi_cdcmple                            
00002fef  __aeabi_cdrcmple                           
00003075  Interrupt_enableInterrupt                  
000030f5  __aeabi_memclr                             
000030f5  __aeabi_memclr4                            
000030f5  __aeabi_memclr8                            
000030f7  __aeabi_memset                             
000030f7  __aeabi_memset4                            
000030f7  __aeabi_memset8                            
000030fd  memset                                     
00003171  __TI_closefile                             
000032c5  HOSTrename                                 
00003331  HOSTlseek                                  
00003399  Timer_A_configureUpMode                    
00003401  __TI_decompress_lzss                       
00003469  printf                                     
000034d1  UART_getEnabledInterruptStatus             
00003535  frexp                                      
00003535  frexpl                                     
00003599  fseek                                      
000035fd  __TI_wrt_ok                                
00003661  HOSTopen                                   
000036c1  PCM_getCoreVoltageLevel                    
00003721  close                                      
0000377d  PCM_getPowerMode                           
000037d9  HOSTread                                   
00003831  HOSTwrite                                  
000038df  __TI_ltoa                                  
00003985  Timer_A_initCompare                        
000039d3  __TI_doflush                               
00003a21  atoi                                       
00003a6d  FlashCtl_setWaitState                      
00003ab5  exit                                       
00003afd  __aeabi_d2iz                               
00003b45  HOSTclose                                  
00003b89  HOSTunlink                                 
00003bcd  __TI_auto_init_nobinit_nopinit             
00003c11  getdevice                                  
00003c55  GPIO_setAsOutputPin                        
00003cd5  __TI_writemsg                              
00003d03  C$$IO$$                                    
00003d0d  strncpy                                    
00003d45  CS_setDCOCenteredFrequency                 
00003d79  __TI_cleanup                               
00003dad  __TI_readmsg                               
00003de1  _c_int00_noargs                            
00003e15  UART_enableInterrupt                       
00003e45  UART_receiveData                           
00003e75  finddevice                                 
00003ea5  __aeabi_i2d                                
00003ed5  remove                                     
00003ed5  unlink                                     
00003f01  GPIO_setOutputHighOnPin                    
00003f29  GPIO_setOutputLowOnPin                     
00003f51  PCM_gotoLPM0                               
00003fa1  lseek                                      
00003fc9  write                                      
00003ff1  WDT_A_holdTimer                            
00004015  memchr                                     
00004035  PCM_gotoLPM0InterruptSafe                  
00004051  __TI_zero_init_nomemset                    
00004089  memccpy                                    
000040a5  copysign                                   
000040a5  copysignl                                  
000040bf  UART_getInterruptStatus                    
000040d7  strcmp                                     
000040ef  Timer_A_startCounter                       
00004105  UART_enableModule                          
0000411b  strchr                                     
00004131  PCM_getPowerState                          
00004145  strcpy                                     
00004159  strlen                                     
0000416d  wcslen                                     
0000417f  Interrupt_disableMaster                    
00004191  Interrupt_disableSleepOnIsrExit            
000041a1  Interrupt_enableMaster                     
000041b1  Interrupt_enableSleepOnIsrExit             
000041c1  PCM_setCoreVoltageLevel                    
000041d1  PCM_setPowerMode                           
000041e1  __TI_decompress_none                       
000041ef  Reset_Handler                              
000041fb  ADC14_IRQHandler                           
000041fb  AES256_IRQHandler                          
000041fb  BusFault_Handler                           
000041fb  COMP_E0_IRQHandler                         
000041fb  COMP_E1_IRQHandler                         
000041fb  CS_IRQHandler                              
000041fb  DMA_ERR_IRQHandler                         
000041fb  DMA_INT0_IRQHandler                        
000041fb  DMA_INT1_IRQHandler                        
000041fb  DMA_INT2_IRQHandler                        
000041fb  DMA_INT3_IRQHandler                        
000041fb  DebugMon_Handler                           
000041fb  Default_Handler                            
000041fb  EUSCIA0_IRQHandler                         
000041fb  EUSCIA1_IRQHandler                         
000041fb  EUSCIA3_IRQHandler                         
000041fb  EUSCIB0_IRQHandler                         
000041fb  EUSCIB1_IRQHandler                         
000041fb  EUSCIB2_IRQHandler                         
000041fb  EUSCIB3_IRQHandler                         
000041fb  FLCTL_IRQHandler                           
000041fb  FPU_IRQHandler                             
000041fb  HardFault_Handler                          
000041fb  MemManage_Handler                          
000041fb  NMI_Handler                                
000041fb  PCM_IRQHandler                             
000041fb  PORT1_IRQHandler                           
000041fb  PORT2_IRQHandler                           
000041fb  PORT3_IRQHandler                           
000041fb  PORT4_IRQHandler                           
000041fb  PORT5_IRQHandler                           
000041fb  PORT6_IRQHandler                           
000041fb  PSS_IRQHandler                             
000041fb  PendSV_Handler                             
000041fb  RTC_C_IRQHandler                           
000041fb  SVC_Handler                                
000041fb  SysTick_Handler                            
000041fb  T32_INT1_IRQHandler                        
000041fb  T32_INT2_IRQHandler                        
000041fb  T32_INTC_IRQHandler                        
000041fb  TA0_0_IRQHandler                           
000041fb  TA0_N_IRQHandler                           
000041fb  TA1_0_IRQHandler                           
000041fb  TA1_N_IRQHandler                           
000041fb  TA2_0_IRQHandler                           
000041fb  TA2_N_IRQHandler                           
000041fb  TA3_0_IRQHandler                           
000041fb  TA3_N_IRQHandler                           
000041fb  UsageFault_Handler                         
000041fb  WDT_A_IRQHandler                           
000041fd  CPU_cpsid                                  
00004209  CPU_cpsie                                  
00004215  __aeabi_errno_addr                         
0000421d  malloc                                     
00004225  CPU_wfi                                    
00004231  _system_pre_init                           
00004235  C$$EXIT                                    
00004235  abort                                      
00004238  _ctypes_                                   
0000436c  uartConfig                                 
00004394  upConfig                                   
00004434  __TI_Handler_Table_Base                    
00004440  __TI_Handler_Table_Limit                   
00004448  __TI_CINIT_Base                            
00004458  __TI_CINIT_Limit                           
20000000  __start___llvm_prf_cnts                    
20000000  __stop___llvm_prf_cnts                     
20000000  _sys_memory                                
20000400  _ftable                                    
200004f0  _device                                    
20000568  _stream                                    
200005b8  RXData                                     
200005bc  x                                          
200005c0  y                                          
200005c4  keep_distance                              
200005c8  mode                                       
200005cc  flag_park_ended                            
200005d0  compareConfig_PWM                          
200005e0  __TI_ft_end                                
200005e4  __aeabi_stdin                              
200005e8  __aeabi_stdout                             
200005ec  __aeabi_stderr                             
200005f0  __TI_cleanup_ptr                           
200005f4  __TI_dtors_ptr                             
200005f8  __TI_enable_exit_profile_output            
200005fc  _lock                                      
20000600  _unlock                                    
2000060c  errno                                      
20000610  SystemCoreClock                            
20000614  __CIOBUF_                                  
20000734  __TI_tmpnams                               
200007d4  parmbuf                                    
2000fe00  __stack                                    
20010000  __STACK_END                                
4000480c  WDTCTL_SYM                                 
ffffffff  __TI_pprof_out_hndl                        
ffffffff  __TI_prof_data_size                        
ffffffff  __TI_prof_data_start                       
ffffffff  __binit__                                  
ffffffff  __c_args__                                 
ffffffff  binit                                      
UNDEFED   __mpu_init                                 
UNDEFED   _system_post_cinit                         

[243 symbols]
