<?xml version="1.0" encoding="ISO-8859-1" ?>
<link_info>
   <banner>TI ARM Linker Unix v20.2.7.LTS</banner>
   <copyright>Copyright (c) 1996-2018 Texas Instruments Incorporated</copyright>
   <link_time>0x63d54ffd</link_time>
   <link_errors>0x0</link_errors>
   <output_file>Sender.out</output_file>
   <entry_point>
      <name>_c_int00_noargs</name>
      <address>0x3cfd</address>
   </entry_point>
   <input_file_list>
      <input_file id="fl-2">
         <path>./</path>
         <kind>object</kind>
         <file>ConnectionUart.obj</file>
         <name>ConnectionUart.obj</name>
      </input_file>
      <input_file id="fl-3">
         <path>./</path>
         <kind>object</kind>
         <file>Display.obj</file>
         <name>Display.obj</name>
      </input_file>
      <input_file id="fl-4">
         <path>./</path>
         <kind>object</kind>
         <file>Joystick.obj</file>
         <name>Joystick.obj</name>
      </input_file>
      <input_file id="fl-5">
         <path>./</path>
         <kind>object</kind>
         <file>main.obj</file>
         <name>main.obj</name>
      </input_file>
      <input_file id="fl-6">
         <path>./</path>
         <kind>object</kind>
         <file>startup_msp432p401r_ccs.obj</file>
         <name>startup_msp432p401r_ccs.obj</name>
      </input_file>
      <input_file id="fl-7">
         <path>./</path>
         <kind>object</kind>
         <file>system_msp432p401r.obj</file>
         <name>system_msp432p401r.obj</name>
      </input_file>
      <input_file id="fl-8">
         <path>./LcdDriver/</path>
         <kind>object</kind>
         <file>Crystalfontz128x128_ST7735.obj</file>
         <name>Crystalfontz128x128_ST7735.obj</name>
      </input_file>
      <input_file id="fl-9">
         <path>./LcdDriver/</path>
         <kind>object</kind>
         <file>HAL_MSP_EXP432P401R_Crystalfontz128x128_ST7735.obj</file>
         <name>HAL_MSP_EXP432P401R_Crystalfontz128x128_ST7735.obj</name>
      </input_file>
      <input_file id="fl-f">
         <kind>object</kind>
         <file>&lt;internal&gt;</file>
         <name>&lt;internal&gt;</name>
      </input_file>
      <input_file id="fl-c5">
         <path>/Applications/ti/ccs1210/ccs/tools/compiler/ti-cgt-arm_20.2.7.LTS/lib/</path>
         <kind>archive</kind>
         <file>rtsv7M4_T_le_v4SPD16_eabi.lib</file>
         <name>sprintf.c.obj</name>
      </input_file>
      <input_file id="fl-c6">
         <path>/Applications/ti/ccs1210/ccs/tools/compiler/ti-cgt-arm_20.2.7.LTS/lib/</path>
         <kind>archive</kind>
         <file>rtsv7M4_T_le_v4SPD16_eabi.lib</file>
         <name>memcpy_t2.asm.obj</name>
      </input_file>
      <input_file id="fl-c7">
         <path>/Applications/ti/ccs1210/ccs/tools/compiler/ti-cgt-arm_20.2.7.LTS/lib/</path>
         <kind>archive</kind>
         <file>rtsv7M4_T_le_v4SPD16_eabi.lib</file>
         <name>copy_zero_init.c.obj</name>
      </input_file>
      <input_file id="fl-c8">
         <path>/Applications/ti/ccs1210/ccs/tools/compiler/ti-cgt-arm_20.2.7.LTS/lib/</path>
         <kind>archive</kind>
         <file>rtsv7M4_T_le_v4SPD16_eabi.lib</file>
         <name>copy_decompress_none.c.obj</name>
      </input_file>
      <input_file id="fl-c9">
         <path>/Applications/ti/ccs1210/ccs/tools/compiler/ti-cgt-arm_20.2.7.LTS/lib/</path>
         <kind>archive</kind>
         <file>rtsv7M4_T_le_v4SPD16_eabi.lib</file>
         <name>copy_decompress_lzss.c.obj</name>
      </input_file>
      <input_file id="fl-ca">
         <path>/Applications/ti/ccs1210/ccs/tools/compiler/ti-cgt-arm_20.2.7.LTS/lib/</path>
         <kind>archive</kind>
         <file>rtsv7M4_T_le_v4SPD16_eabi.lib</file>
         <name>boot_cortex_m.c.obj</name>
      </input_file>
      <input_file id="fl-cb">
         <path>/Applications/ti/ccs1210/ccs/tools/compiler/ti-cgt-arm_20.2.7.LTS/lib/</path>
         <kind>archive</kind>
         <file>rtsv7M4_T_le_v4SPD16_eabi.lib</file>
         <name>_printfi.c.obj</name>
      </input_file>
      <input_file id="fl-cc">
         <path>/Applications/ti/ccs1210/ccs/tools/compiler/ti-cgt-arm_20.2.7.LTS/lib/</path>
         <kind>archive</kind>
         <file>rtsv7M4_T_le_v4SPD16_eabi.lib</file>
         <name>fd_add_t2.asm.obj</name>
      </input_file>
      <input_file id="fl-cd">
         <path>/Applications/ti/ccs1210/ccs/tools/compiler/ti-cgt-arm_20.2.7.LTS/lib/</path>
         <kind>archive</kind>
         <file>rtsv7M4_T_le_v4SPD16_eabi.lib</file>
         <name>fd_cmp_t2.asm.obj</name>
      </input_file>
      <input_file id="fl-ce">
         <path>/Applications/ti/ccs1210/ccs/tools/compiler/ti-cgt-arm_20.2.7.LTS/lib/</path>
         <kind>archive</kind>
         <file>rtsv7M4_T_le_v4SPD16_eabi.lib</file>
         <name>fd_div_t2.asm.obj</name>
      </input_file>
      <input_file id="fl-cf">
         <path>/Applications/ti/ccs1210/ccs/tools/compiler/ti-cgt-arm_20.2.7.LTS/lib/</path>
         <kind>archive</kind>
         <file>rtsv7M4_T_le_v4SPD16_eabi.lib</file>
         <name>fd_mul_t2.asm.obj</name>
      </input_file>
      <input_file id="fl-d0">
         <path>/Applications/ti/ccs1210/ccs/tools/compiler/ti-cgt-arm_20.2.7.LTS/lib/</path>
         <kind>archive</kind>
         <file>rtsv7M4_T_le_v4SPD16_eabi.lib</file>
         <name>fd_toi_t2.asm.obj</name>
      </input_file>
      <input_file id="fl-d1">
         <path>/Applications/ti/ccs1210/ccs/tools/compiler/ti-cgt-arm_20.2.7.LTS/lib/</path>
         <kind>archive</kind>
         <file>rtsv7M4_T_le_v4SPD16_eabi.lib</file>
         <name>i_tofd_t2.asm.obj</name>
      </input_file>
      <input_file id="fl-d2">
         <path>/Applications/ti/ccs1210/ccs/tools/compiler/ti-cgt-arm_20.2.7.LTS/lib/</path>
         <kind>archive</kind>
         <file>rtsv7M4_T_le_v4SPD16_eabi.lib</file>
         <name>memset_t2.asm.obj</name>
      </input_file>
      <input_file id="fl-d3">
         <path>/Applications/ti/ccs1210/ccs/tools/compiler/ti-cgt-arm_20.2.7.LTS/lib/</path>
         <kind>archive</kind>
         <file>rtsv7M4_T_le_v4SPD16_eabi.lib</file>
         <name>ull_div_t2.asm.obj</name>
      </input_file>
      <input_file id="fl-d4">
         <path>/Applications/ti/ccs1210/ccs/tools/compiler/ti-cgt-arm_20.2.7.LTS/lib/</path>
         <kind>archive</kind>
         <file>rtsv7M4_T_le_v4SPD16_eabi.lib</file>
         <name>autoinit.c.obj</name>
      </input_file>
      <input_file id="fl-d5">
         <path>/Applications/ti/ccs1210/ccs/tools/compiler/ti-cgt-arm_20.2.7.LTS/lib/</path>
         <kind>archive</kind>
         <file>rtsv7M4_T_le_v4SPD16_eabi.lib</file>
         <name>pre_init.c.obj</name>
      </input_file>
      <input_file id="fl-d6">
         <path>/Applications/ti/ccs1210/ccs/tools/compiler/ti-cgt-arm_20.2.7.LTS/lib/</path>
         <kind>archive</kind>
         <file>rtsv7M4_T_le_v4SPD16_eabi.lib</file>
         <name>cpy_tbl.c.obj</name>
      </input_file>
      <input_file id="fl-d7">
         <path>/Applications/ti/ccs1210/ccs/tools/compiler/ti-cgt-arm_20.2.7.LTS/lib/</path>
         <kind>archive</kind>
         <file>rtsv7M4_T_le_v4SPD16_eabi.lib</file>
         <name>exit.c.obj</name>
      </input_file>
      <input_file id="fl-d8">
         <path>/Applications/ti/ccs1210/ccs/tools/compiler/ti-cgt-arm_20.2.7.LTS/lib/</path>
         <kind>archive</kind>
         <file>rtsv7M4_T_le_v4SPD16_eabi.lib</file>
         <name>_lock.c.obj</name>
      </input_file>
      <input_file id="fl-d9">
         <path>/Applications/ti/ccs1210/ccs/tools/compiler/ti-cgt-arm_20.2.7.LTS/lib/</path>
         <kind>archive</kind>
         <file>rtsv7M4_T_le_v4SPD16_eabi.lib</file>
         <name>_ltoa.c.obj</name>
      </input_file>
      <input_file id="fl-da">
         <path>/Applications/ti/ccs1210/ccs/tools/compiler/ti-cgt-arm_20.2.7.LTS/lib/</path>
         <kind>archive</kind>
         <file>rtsv7M4_T_le_v4SPD16_eabi.lib</file>
         <name>args_main.c.obj</name>
      </input_file>
      <input_file id="fl-db">
         <path>/Applications/ti/ccs1210/ccs/tools/compiler/ti-cgt-arm_20.2.7.LTS/lib/</path>
         <kind>archive</kind>
         <file>rtsv7M4_T_le_v4SPD16_eabi.lib</file>
         <name>atoi.c.obj</name>
      </input_file>
      <input_file id="fl-dc">
         <path>/Applications/ti/ccs1210/ccs/tools/compiler/ti-cgt-arm_20.2.7.LTS/lib/</path>
         <kind>archive</kind>
         <file>rtsv7M4_T_le_v4SPD16_eabi.lib</file>
         <name>ctype.c.obj</name>
      </input_file>
      <input_file id="fl-dd">
         <path>/Applications/ti/ccs1210/ccs/tools/compiler/ti-cgt-arm_20.2.7.LTS/lib/</path>
         <kind>archive</kind>
         <file>rtsv7M4_T_le_v4SPD16_eabi.lib</file>
         <name>memccpy.c.obj</name>
      </input_file>
      <input_file id="fl-de">
         <path>/Applications/ti/ccs1210/ccs/tools/compiler/ti-cgt-arm_20.2.7.LTS/lib/</path>
         <kind>archive</kind>
         <file>rtsv7M4_T_le_v4SPD16_eabi.lib</file>
         <name>strchr.c.obj</name>
      </input_file>
      <input_file id="fl-df">
         <path>/Applications/ti/ccs1210/ccs/tools/compiler/ti-cgt-arm_20.2.7.LTS/lib/</path>
         <kind>archive</kind>
         <file>rtsv7M4_T_le_v4SPD16_eabi.lib</file>
         <name>strlen.c.obj</name>
      </input_file>
      <input_file id="fl-e0">
         <path>/Applications/ti/ccs1210/ccs/tools/compiler/ti-cgt-arm_20.2.7.LTS/lib/</path>
         <kind>archive</kind>
         <file>rtsv7M4_T_le_v4SPD16_eabi.lib</file>
         <name>errno.c.obj</name>
      </input_file>
      <input_file id="fl-e1">
         <path>/Applications/ti/ccs1210/ccs/tools/compiler/ti-cgt-arm_20.2.7.LTS/lib/</path>
         <kind>archive</kind>
         <file>rtsv7M4_T_le_v4SPD16_eabi.lib</file>
         <name>wcslen.c.obj</name>
      </input_file>
      <input_file id="fl-e2">
         <path>/Applications/ti/ccs1210/ccs/tools/compiler/ti-cgt-arm_20.2.7.LTS/lib/</path>
         <kind>archive</kind>
         <file>rtsv7M4_T_le_v4SPD16_eabi.lib</file>
         <name>s_frexp.c.obj</name>
      </input_file>
      <input_file id="fl-e3">
         <path>/Applications/ti/ccs1210/ccs/tools/compiler/ti-cgt-arm_20.2.7.LTS/lib/</path>
         <kind>archive</kind>
         <file>rtsv7M4_T_le_v4SPD16_eabi.lib</file>
         <name>s_scalbn.c.obj</name>
      </input_file>
      <input_file id="fl-e4">
         <path>/Applications/ti/ccs1210/ccs/tools/compiler/ti-cgt-arm_20.2.7.LTS/lib/</path>
         <kind>archive</kind>
         <file>rtsv7M4_T_le_v4SPD16_eabi.lib</file>
         <name>div0.asm.obj</name>
      </input_file>
      <input_file id="fl-e5">
         <path>/Applications/ti/ccs1210/ccs/tools/compiler/ti-cgt-arm_20.2.7.LTS/lib/</path>
         <kind>archive</kind>
         <file>rtsv7M4_T_le_v4SPD16_eabi.lib</file>
         <name>s_copysign.c.obj</name>
      </input_file>
      <input_file id="fl-e6">
         <path>/Applications/ti/ccs1210/ccs/tools/compiler/ti-cgt-arm_20.2.7.LTS/simplelink_msp432p4_sdk_3_40_01_02/source/ti/devices/msp432p4xx/driverlib/ccs/</path>
         <kind>archive</kind>
         <file>msp432p4xx_driverlib.lib</file>
         <name>adc14.o</name>
      </input_file>
      <input_file id="fl-e7">
         <path>/Applications/ti/ccs1210/ccs/tools/compiler/ti-cgt-arm_20.2.7.LTS/simplelink_msp432p4_sdk_3_40_01_02/source/ti/devices/msp432p4xx/driverlib/ccs/</path>
         <kind>archive</kind>
         <file>msp432p4xx_driverlib.lib</file>
         <name>cs.o</name>
      </input_file>
      <input_file id="fl-e8">
         <path>/Applications/ti/ccs1210/ccs/tools/compiler/ti-cgt-arm_20.2.7.LTS/simplelink_msp432p4_sdk_3_40_01_02/source/ti/devices/msp432p4xx/driverlib/ccs/</path>
         <kind>archive</kind>
         <file>msp432p4xx_driverlib.lib</file>
         <name>flash.o</name>
      </input_file>
      <input_file id="fl-e9">
         <path>/Applications/ti/ccs1210/ccs/tools/compiler/ti-cgt-arm_20.2.7.LTS/simplelink_msp432p4_sdk_3_40_01_02/source/ti/devices/msp432p4xx/driverlib/ccs/</path>
         <kind>archive</kind>
         <file>msp432p4xx_driverlib.lib</file>
         <name>gpio.o</name>
      </input_file>
      <input_file id="fl-ea">
         <path>/Applications/ti/ccs1210/ccs/tools/compiler/ti-cgt-arm_20.2.7.LTS/simplelink_msp432p4_sdk_3_40_01_02/source/ti/devices/msp432p4xx/driverlib/ccs/</path>
         <kind>archive</kind>
         <file>msp432p4xx_driverlib.lib</file>
         <name>interrupt.o</name>
      </input_file>
      <input_file id="fl-eb">
         <path>/Applications/ti/ccs1210/ccs/tools/compiler/ti-cgt-arm_20.2.7.LTS/simplelink_msp432p4_sdk_3_40_01_02/source/ti/devices/msp432p4xx/driverlib/ccs/</path>
         <kind>archive</kind>
         <file>msp432p4xx_driverlib.lib</file>
         <name>pcm.o</name>
      </input_file>
      <input_file id="fl-ec">
         <path>/Applications/ti/ccs1210/ccs/tools/compiler/ti-cgt-arm_20.2.7.LTS/simplelink_msp432p4_sdk_3_40_01_02/source/ti/devices/msp432p4xx/driverlib/ccs/</path>
         <kind>archive</kind>
         <file>msp432p4xx_driverlib.lib</file>
         <name>rtc_c.o</name>
      </input_file>
      <input_file id="fl-ed">
         <path>/Applications/ti/ccs1210/ccs/tools/compiler/ti-cgt-arm_20.2.7.LTS/simplelink_msp432p4_sdk_3_40_01_02/source/ti/devices/msp432p4xx/driverlib/ccs/</path>
         <kind>archive</kind>
         <file>msp432p4xx_driverlib.lib</file>
         <name>spi.o</name>
      </input_file>
      <input_file id="fl-ee">
         <path>/Applications/ti/ccs1210/ccs/tools/compiler/ti-cgt-arm_20.2.7.LTS/simplelink_msp432p4_sdk_3_40_01_02/source/ti/devices/msp432p4xx/driverlib/ccs/</path>
         <kind>archive</kind>
         <file>msp432p4xx_driverlib.lib</file>
         <name>sysctl.o</name>
      </input_file>
      <input_file id="fl-ef">
         <path>/Applications/ti/ccs1210/ccs/tools/compiler/ti-cgt-arm_20.2.7.LTS/simplelink_msp432p4_sdk_3_40_01_02/source/ti/devices/msp432p4xx/driverlib/ccs/</path>
         <kind>archive</kind>
         <file>msp432p4xx_driverlib.lib</file>
         <name>sysctl_a.o</name>
      </input_file>
      <input_file id="fl-f0">
         <path>/Applications/ti/ccs1210/ccs/tools/compiler/ti-cgt-arm_20.2.7.LTS/simplelink_msp432p4_sdk_3_40_01_02/source/ti/devices/msp432p4xx/driverlib/ccs/</path>
         <kind>archive</kind>
         <file>msp432p4xx_driverlib.lib</file>
         <name>uart.o</name>
      </input_file>
      <input_file id="fl-f1">
         <path>/Applications/ti/ccs1210/ccs/tools/compiler/ti-cgt-arm_20.2.7.LTS/simplelink_msp432p4_sdk_3_40_01_02/source/ti/devices/msp432p4xx/driverlib/ccs/</path>
         <kind>archive</kind>
         <file>msp432p4xx_driverlib.lib</file>
         <name>wdt_a.o</name>
      </input_file>
      <input_file id="fl-f2">
         <path>/Applications/ti/ccs1210/ccs/tools/compiler/ti-cgt-arm_20.2.7.LTS/simplelink_msp432p4_sdk_3_40_01_02/source/ti/devices/msp432p4xx/driverlib/ccs/</path>
         <kind>archive</kind>
         <file>msp432p4xx_driverlib.lib</file>
         <name>cpu.o</name>
      </input_file>
      <input_file id="fl-f3">
         <path>/Applications/ti/ccs1210/ccs/tools/compiler/ti-cgt-arm_20.2.7.LTS/simplelink_msp432p4_sdk_3_40_01_02/source/ti/grlib/lib/ccs/m4f/</path>
         <kind>archive</kind>
         <file>grlib.a</file>
         <name>context.obj</name>
      </input_file>
      <input_file id="fl-f4">
         <path>/Applications/ti/ccs1210/ccs/tools/compiler/ti-cgt-arm_20.2.7.LTS/simplelink_msp432p4_sdk_3_40_01_02/source/ti/grlib/lib/ccs/m4f/</path>
         <kind>archive</kind>
         <file>grlib.a</file>
         <name>display.obj</name>
      </input_file>
      <input_file id="fl-f5">
         <path>/Applications/ti/ccs1210/ccs/tools/compiler/ti-cgt-arm_20.2.7.LTS/simplelink_msp432p4_sdk_3_40_01_02/source/ti/grlib/lib/ccs/m4f/</path>
         <kind>archive</kind>
         <file>grlib.a</file>
         <name>fontfixed6x8.obj</name>
      </input_file>
      <input_file id="fl-f6">
         <path>/Applications/ti/ccs1210/ccs/tools/compiler/ti-cgt-arm_20.2.7.LTS/simplelink_msp432p4_sdk_3_40_01_02/source/ti/grlib/lib/ccs/m4f/</path>
         <kind>archive</kind>
         <file>grlib.a</file>
         <name>string.obj</name>
      </input_file>
      <input_file id="fl-f7">
         <path>/Applications/ti/ccs1210/ccs/tools/compiler/ti-cgt-arm_20.2.7.LTS/simplelink_msp432p4_sdk_3_40_01_02/source/ti/grlib/lib/ccs/m4f/</path>
         <kind>archive</kind>
         <file>grlib.a</file>
         <name>line.obj</name>
      </input_file>
   </input_file_list>
   <object_component_list>
      <object_component id="oc-26">
         <name>.intvecs:retain</name>
         <load_address>0x0</load_address>
         <run_address>0x0</run_address>
         <size>0xe4</size>
         <input_file_ref idref="fl-6"/>
      </object_component>
      <object_component id="oc-20c">
         <name>.text:__TI_printfi</name>
         <load_address>0xe4</load_address>
         <run_address>0xe4</run_address>
         <size>0xa4e</size>
         <input_file_ref idref="fl-cb"/>
      </object_component>
      <object_component id="oc-4b9">
         <name>.text</name>
         <load_address>0xb32</load_address>
         <run_address>0xb32</run_address>
         <size>0x2</size>
         <input_file_ref idref="fl-e4"/>
      </object_component>
      <object_component id="oc-22b">
         <name>.text</name>
         <load_address>0xb34</load_address>
         <run_address>0xb34</run_address>
         <size>0x680</size>
         <input_file_ref idref="fl-8"/>
      </object_component>
      <object_component id="oc-34f">
         <name>.text:Graphics_drawString</name>
         <load_address>0x11b4</load_address>
         <run_address>0x11b4</run_address>
         <size>0x47e</size>
         <input_file_ref idref="fl-f6"/>
      </object_component>
      <object_component id="oc-b1">
         <name>.text</name>
         <load_address>0x1634</load_address>
         <run_address>0x1634</run_address>
         <size>0x334</size>
         <input_file_ref idref="fl-7"/>
      </object_component>
      <object_component id="oc-31c">
         <name>.text:_pconv_a</name>
         <load_address>0x1968</load_address>
         <run_address>0x1968</run_address>
         <size>0x270</size>
         <input_file_ref idref="fl-cb"/>
      </object_component>
      <object_component id="oc-30a">
         <name>.text:_pconv_g</name>
         <load_address>0x1bd8</load_address>
         <run_address>0x1bd8</run_address>
         <size>0x1d0</size>
         <input_file_ref idref="fl-cb"/>
      </object_component>
      <object_component id="oc-3fe">
         <name>.text</name>
         <load_address>0x1da8</load_address>
         <run_address>0x1da8</run_address>
         <size>0x1b6</size>
         <input_file_ref idref="fl-cc"/>
      </object_component>
      <object_component id="oc-73">
         <name>.text</name>
         <load_address>0x1f60</load_address>
         <run_address>0x1f60</run_address>
         <size>0x178</size>
         <input_file_ref idref="fl-4"/>
      </object_component>
      <object_component id="oc-1ec">
         <name>.text:_getIndexForMemRegister</name>
         <load_address>0x20d8</load_address>
         <run_address>0x20d8</run_address>
         <size>0x160</size>
         <input_file_ref idref="fl-e6"/>
      </object_component>
      <object_component id="oc-3c8">
         <name>.text:__PCM_setPowerModeAdvanced</name>
         <load_address>0x2238</load_address>
         <run_address>0x2238</run_address>
         <size>0x15c</size>
         <input_file_ref idref="fl-eb"/>
      </object_component>
      <object_component id="oc-316">
         <name>.text:_pconv_e</name>
         <load_address>0x2394</load_address>
         <run_address>0x2394</run_address>
         <size>0x13c</size>
         <input_file_ref idref="fl-cb"/>
      </object_component>
      <object_component id="oc-3e4">
         <name>.text</name>
         <load_address>0x24d0</load_address>
         <run_address>0x24d0</run_address>
         <size>0x136</size>
         <input_file_ref idref="fl-ce"/>
      </object_component>
      <object_component id="oc-410">
         <name>.text:fcvt</name>
         <load_address>0x2608</load_address>
         <run_address>0x2608</run_address>
         <size>0x124</size>
         <input_file_ref idref="fl-cb"/>
      </object_component>
      <object_component id="oc-d0">
         <name>.text:UART_initModule</name>
         <load_address>0x272c</load_address>
         <run_address>0x272c</run_address>
         <size>0x11c</size>
         <input_file_ref idref="fl-f0"/>
      </object_component>
      <object_component id="oc-424">
         <name>.text:scalbn</name>
         <load_address>0x2848</load_address>
         <run_address>0x2848</run_address>
         <size>0x110</size>
         <input_file_ref idref="fl-e3"/>
      </object_component>
      <object_component id="oc-1cb">
         <name>.text:__PCM_setCoreVoltageLevelAdvanced</name>
         <load_address>0x2958</load_address>
         <run_address>0x2958</run_address>
         <size>0x108</size>
         <input_file_ref idref="fl-eb"/>
      </object_component>
      <object_component id="oc-3df">
         <name>.text</name>
         <load_address>0x2a60</load_address>
         <run_address>0x2a60</run_address>
         <size>0xfc</size>
         <input_file_ref idref="fl-cf"/>
      </object_component>
      <object_component id="oc-349">
         <name>.text:Graphics_getStringWidth</name>
         <load_address>0x2b5c</load_address>
         <run_address>0x2b5c</run_address>
         <size>0xfa</size>
         <input_file_ref idref="fl-f6"/>
      </object_component>
      <object_component id="oc-357">
         <name>.text</name>
         <load_address>0x2c58</load_address>
         <run_address>0x2c58</run_address>
         <size>0xcc</size>
         <input_file_ref idref="fl-9"/>
      </object_component>
      <object_component id="oc-104">
         <name>.text:ADC14_configureConversionMemory</name>
         <load_address>0x2d24</load_address>
         <run_address>0x2d24</run_address>
         <size>0xb4</size>
         <input_file_ref idref="fl-e6"/>
      </object_component>
      <object_component id="oc-fe">
         <name>.text:ADC14_configureMultiSequenceMode</name>
         <load_address>0x2dd8</load_address>
         <run_address>0x2dd8</run_address>
         <size>0xb4</size>
         <input_file_ref idref="fl-e6"/>
      </object_component>
      <object_component id="oc-2ff">
         <name>.text:_ltostr</name>
         <load_address>0x2e8c</load_address>
         <run_address>0x2e8c</run_address>
         <size>0xb1</size>
         <input_file_ref idref="fl-cb"/>
      </object_component>
      <object_component id="oc-477">
         <name>.text:SPI_initMaster</name>
         <load_address>0x2f3e</load_address>
         <run_address>0x2f3e</run_address>
         <size>0xb0</size>
         <input_file_ref idref="fl-ed"/>
      </object_component>
      <object_component id="oc-457">
         <name>.text:Graphics_drawLineH</name>
         <load_address>0x2fee</load_address>
         <run_address>0x2fee</run_address>
         <size>0x9c</size>
         <input_file_ref idref="fl-f7"/>
      </object_component>
      <object_component id="oc-37">
         <name>.text</name>
         <load_address>0x308a</load_address>
         <run_address>0x308a</run_address>
         <size>0x9c</size>
         <input_file_ref idref="fl-c6"/>
      </object_component>
      <object_component id="oc-3d8">
         <name>.text</name>
         <load_address>0x3126</load_address>
         <run_address>0x3126</run_address>
         <size>0x96</size>
         <input_file_ref idref="fl-d3"/>
      </object_component>
      <object_component id="oc-140">
         <name>.text</name>
         <load_address>0x31bc</load_address>
         <run_address>0x31bc</run_address>
         <size>0x88</size>
         <input_file_ref idref="fl-3"/>
      </object_component>
      <object_component id="oc-b8">
         <name>.text:GPIO_setAsPeripheralModuleFunctionInputPin</name>
         <load_address>0x3244</load_address>
         <run_address>0x3244</run_address>
         <size>0x88</size>
         <input_file_ref idref="fl-e9"/>
      </object_component>
      <object_component id="oc-46b">
         <name>.text:GPIO_setAsPeripheralModuleFunctionOutputPin</name>
         <load_address>0x32cc</load_address>
         <run_address>0x32cc</run_address>
         <size>0x88</size>
         <input_file_ref idref="fl-e9"/>
      </object_component>
      <object_component id="oc-305">
         <name>.text:__aeabi_cdcmple</name>
         <load_address>0x3354</load_address>
         <run_address>0x3354</run_address>
         <size>0x86</size>
         <input_file_ref idref="fl-cd"/>
      </object_component>
      <object_component id="oc-3e9">
         <name>.text:__aeabi_cdrcmple</name>
         <load_address>0x33da</load_address>
         <run_address>0x33da</run_address>
         <size>0x86</size>
         <input_file_ref idref="fl-cd"/>
      </object_component>
      <object_component id="oc-e2">
         <name>.text:Interrupt_enableInterrupt</name>
         <load_address>0x3460</load_address>
         <run_address>0x3460</run_address>
         <size>0x80</size>
         <input_file_ref idref="fl-ea"/>
      </object_component>
      <object_component id="oc-93">
         <name>.text</name>
         <load_address>0x34e0</load_address>
         <run_address>0x34e0</run_address>
         <size>0x7a</size>
         <input_file_ref idref="fl-d2"/>
      </object_component>
      <object_component id="oc-409">
         <name>.text:_mcpy</name>
         <load_address>0x355a</load_address>
         <run_address>0x355a</run_address>
         <size>0x6e</size>
         <input_file_ref idref="fl-cb"/>
      </object_component>
      <object_component id="oc-17">
         <name>.text:decompress:lzss:__TI_decompress_lzss</name>
         <load_address>0x35c8</load_address>
         <run_address>0x35c8</run_address>
         <size>0x68</size>
         <input_file_ref idref="fl-c9"/>
      </object_component>
      <object_component id="oc-41e">
         <name>.text:frexp</name>
         <load_address>0x3630</load_address>
         <run_address>0x3630</run_address>
         <size>0x64</size>
         <input_file_ref idref="fl-e2"/>
      </object_component>
      <object_component id="oc-2b8">
         <name>.text:PCM_getCoreVoltageLevel</name>
         <load_address>0x3694</load_address>
         <run_address>0x3694</run_address>
         <size>0x5e</size>
         <input_file_ref idref="fl-eb"/>
      </object_component>
      <object_component id="oc-2b2">
         <name>.text:PCM_getPowerMode</name>
         <load_address>0x36f2</load_address>
         <run_address>0x36f2</run_address>
         <size>0x5a</size>
         <input_file_ref idref="fl-eb"/>
      </object_component>
      <object_component id="oc-6d">
         <name>.text</name>
         <load_address>0x374c</load_address>
         <run_address>0x374c</run_address>
         <size>0x58</size>
         <input_file_ref idref="fl-2"/>
      </object_component>
      <object_component id="oc-310">
         <name>.text:_pconv_f</name>
         <load_address>0x37a4</load_address>
         <run_address>0x37a4</run_address>
         <size>0x56</size>
         <input_file_ref idref="fl-cb"/>
      </object_component>
      <object_component id="oc-f8">
         <name>.text:ADC14_initModule</name>
         <load_address>0x37fc</load_address>
         <run_address>0x37fc</run_address>
         <size>0x54</size>
         <input_file_ref idref="fl-e6"/>
      </object_component>
      <object_component id="oc-3f3">
         <name>.text:__TI_ltoa</name>
         <load_address>0x3850</load_address>
         <run_address>0x3850</run_address>
         <size>0x54</size>
         <input_file_ref idref="fl-d9"/>
      </object_component>
      <object_component id="oc-231">
         <name>.text:Graphics_initContext</name>
         <load_address>0x38a4</load_address>
         <run_address>0x38a4</run_address>
         <size>0x52</size>
         <input_file_ref idref="fl-f3"/>
      </object_component>
      <object_component id="oc-403">
         <name>.text:_ecpy</name>
         <load_address>0x38f6</load_address>
         <run_address>0x38f6</run_address>
         <size>0x52</size>
         <input_file_ref idref="fl-cb"/>
      </object_component>
      <object_component id="oc-2f9">
         <name>.text:atoi</name>
         <load_address>0x3948</load_address>
         <run_address>0x3948</run_address>
         <size>0x4c</size>
         <input_file_ref idref="fl-db"/>
      </object_component>
      <object_component id="oc-be">
         <name>.text:FlashCtl_setWaitState</name>
         <load_address>0x3994</load_address>
         <run_address>0x3994</run_address>
         <size>0x48</size>
         <input_file_ref idref="fl-e8"/>
      </object_component>
      <object_component id="oc-225">
         <name>.text:Graphics_drawStringCentered</name>
         <load_address>0x39dc</load_address>
         <run_address>0x39dc</run_address>
         <size>0x48</size>
         <input_file_ref idref="fl-f6"/>
      </object_component>
      <object_component id="oc-3ee">
         <name>.text</name>
         <load_address>0x3a24</load_address>
         <run_address>0x3a24</run_address>
         <size>0x48</size>
         <input_file_ref idref="fl-d0"/>
      </object_component>
      <object_component id="oc-186">
         <name>.text:__TI_auto_init_nobinit_nopinit:__TI_auto_init_nobinit_nopinit</name>
         <load_address>0x3a6c</load_address>
         <run_address>0x3a6c</run_address>
         <size>0x44</size>
         <input_file_ref idref="fl-d4"/>
      </object_component>
      <object_component id="oc-471">
         <name>.text:GPIO_setAsOutputPin</name>
         <load_address>0x3ab0</load_address>
         <run_address>0x3ab0</run_address>
         <size>0x40</size>
         <input_file_ref idref="fl-e9"/>
      </object_component>
      <object_component id="oc-451">
         <name>.text:Graphics_getNumberOfLeadingZeros</name>
         <load_address>0x3af0</load_address>
         <run_address>0x3af0</run_address>
         <size>0x40</size>
         <input_file_ref idref="fl-f6"/>
      </object_component>
      <object_component id="oc-4fa">
         <name>.text:is_A_Module</name>
         <load_address>0x3b30</load_address>
         <run_address>0x3b30</run_address>
         <size>0x40</size>
         <input_file_ref idref="fl-ed"/>
      </object_component>
      <object_component id="oc-13a">
         <name>.text:sprintf</name>
         <load_address>0x3b70</load_address>
         <run_address>0x3b70</run_address>
         <size>0x40</size>
         <input_file_ref idref="fl-c5"/>
      </object_component>
      <object_component id="oc-416">
         <name>.text:_fcpy</name>
         <load_address>0x3bb0</load_address>
         <run_address>0x3bb0</run_address>
         <size>0x3e</size>
         <input_file_ref idref="fl-cb"/>
      </object_component>
      <object_component id="oc-128">
         <name>.text:ADC14_getEnabledInterruptStatus</name>
         <load_address>0x3bf0</load_address>
         <run_address>0x3bf0</run_address>
         <size>0x38</size>
         <input_file_ref idref="fl-e6"/>
      </object_component>
      <object_component id="oc-4ef">
         <name>.text:Graphics_drawHorizontalLineOnDisplay</name>
         <load_address>0x3c28</load_address>
         <run_address>0x3c28</run_address>
         <size>0x36</size>
         <input_file_ref idref="fl-f4"/>
      </object_component>
      <object_component id="oc-116">
         <name>.text:ADC14_enableSampleTimer</name>
         <load_address>0x3c60</load_address>
         <run_address>0x3c60</run_address>
         <size>0x34</size>
         <input_file_ref idref="fl-e6"/>
      </object_component>
      <object_component id="oc-ca">
         <name>.text:CS_setDCOCenteredFrequency</name>
         <load_address>0x3c94</load_address>
         <run_address>0x3c94</run_address>
         <size>0x34</size>
         <input_file_ref idref="fl-e7"/>
      </object_component>
      <object_component id="oc-146">
         <name>.text:UART_transmitData</name>
         <load_address>0x3cc8</load_address>
         <run_address>0x3cc8</run_address>
         <size>0x34</size>
         <input_file_ref idref="fl-f0"/>
      </object_component>
      <object_component id="oc-55">
         <name>.text:_c_int00_noargs:_c_int00_noargs</name>
         <load_address>0x3cfc</load_address>
         <run_address>0x3cfc</run_address>
         <size>0x34</size>
         <input_file_ref idref="fl-ca"/>
      </object_component>
      <object_component id="oc-12e">
         <name>.text:ADC14_clearInterruptFlag</name>
         <load_address>0x3d30</load_address>
         <run_address>0x3d30</run_address>
         <size>0x30</size>
         <input_file_ref idref="fl-e6"/>
      </object_component>
      <object_component id="oc-10a">
         <name>.text:ADC14_enableInterrupt</name>
         <load_address>0x3d60</load_address>
         <run_address>0x3d60</run_address>
         <size>0x30</size>
         <input_file_ref idref="fl-e6"/>
      </object_component>
      <object_component id="oc-dc">
         <name>.text:UART_enableInterrupt</name>
         <load_address>0x3d90</load_address>
         <run_address>0x3d90</run_address>
         <size>0x30</size>
         <input_file_ref idref="fl-f0"/>
      </object_component>
      <object_component id="oc-3f9">
         <name>.text</name>
         <load_address>0x3dc0</load_address>
         <run_address>0x3dc0</run_address>
         <size>0x2e</size>
         <input_file_ref idref="fl-d1"/>
      </object_component>
      <object_component id="oc-203">
         <name>.text:ADC14_getInterruptStatus</name>
         <load_address>0x3df0</load_address>
         <run_address>0x3df0</run_address>
         <size>0x2c</size>
         <input_file_ref idref="fl-e6"/>
      </object_component>
      <object_component id="oc-122">
         <name>.text:ADC14_toggleConversionTrigger</name>
         <load_address>0x3e1c</load_address>
         <run_address>0x3e1c</run_address>
         <size>0x2c</size>
         <input_file_ref idref="fl-e6"/>
      </object_component>
      <object_component id="oc-45d">
         <name>.text:Graphics_drawPixelOnDisplay</name>
         <load_address>0x3e48</load_address>
         <run_address>0x3e48</run_address>
         <size>0x2c</size>
         <input_file_ref idref="fl-f4"/>
      </object_component>
      <object_component id="oc-11c">
         <name>.text:ADC14_enableConversion</name>
         <load_address>0x3e74</load_address>
         <run_address>0x3e74</run_address>
         <size>0x28</size>
         <input_file_ref idref="fl-e6"/>
      </object_component>
      <object_component id="oc-134">
         <name>.text:ADC14_getResult</name>
         <load_address>0x3e9c</load_address>
         <run_address>0x3e9c</run_address>
         <size>0x28</size>
         <input_file_ref idref="fl-e6"/>
      </object_component>
      <object_component id="oc-363">
         <name>.text:GPIO_setOutputHighOnPin</name>
         <load_address>0x3ec4</load_address>
         <run_address>0x3ec4</run_address>
         <size>0x28</size>
         <input_file_ref idref="fl-e9"/>
      </object_component>
      <object_component id="oc-35d">
         <name>.text:GPIO_setOutputLowOnPin</name>
         <load_address>0x3eec</load_address>
         <run_address>0x3eec</run_address>
         <size>0x28</size>
         <input_file_ref idref="fl-e9"/>
      </object_component>
      <object_component id="oc-281">
         <name>.text:PCM_gotoLPM0</name>
         <load_address>0x3f14</load_address>
         <run_address>0x3f14</run_address>
         <size>0x28</size>
         <input_file_ref idref="fl-eb"/>
      </object_component>
      <object_component id="oc-16d">
         <name>.text:WDT_A_holdTimer</name>
         <load_address>0x3f3c</load_address>
         <run_address>0x3f3c</run_address>
         <size>0x24</size>
         <input_file_ref idref="fl-f1"/>
      </object_component>
      <object_component id="oc-9f">
         <name>.text</name>
         <load_address>0x3f60</load_address>
         <run_address>0x3f60</run_address>
         <size>0x24</size>
         <input_file_ref idref="fl-5"/>
      </object_component>
      <object_component id="oc-173">
         <name>.text:PCM_gotoLPM0InterruptSafe</name>
         <load_address>0x3f84</load_address>
         <run_address>0x3f84</run_address>
         <size>0x1c</size>
         <input_file_ref idref="fl-eb"/>
      </object_component>
      <object_component id="oc-47d">
         <name>.text:SPI_enableModule</name>
         <load_address>0x3fa0</load_address>
         <run_address>0x3fa0</run_address>
         <size>0x1c</size>
         <input_file_ref idref="fl-ed"/>
      </object_component>
      <object_component id="oc-43">
         <name>.text:decompress:ZI:__TI_zero_init_nomemset:__TI_zero_init_nomemset</name>
         <load_address>0x3fbc</load_address>
         <run_address>0x3fbc</run_address>
         <size>0x1c</size>
         <input_file_ref idref="fl-c7"/>
      </object_component>
      <object_component id="oc-322">
         <name>.text:memccpy</name>
         <load_address>0x3fd8</load_address>
         <run_address>0x3fd8</run_address>
         <size>0x1c</size>
         <input_file_ref idref="fl-dd"/>
      </object_component>
      <object_component id="oc-381">
         <name>.text:Graphics_clearDisplayOnDisplay</name>
         <load_address>0x3ff4</load_address>
         <run_address>0x3ff4</run_address>
         <size>0x1a</size>
         <input_file_ref idref="fl-f4"/>
      </object_component>
      <object_component id="oc-23d">
         <name>.text:Graphics_setBackgroundColor</name>
         <load_address>0x400e</load_address>
         <run_address>0x400e</run_address>
         <size>0x1a</size>
         <input_file_ref idref="fl-f3"/>
      </object_component>
      <object_component id="oc-243">
         <name>.text:Graphics_setFont</name>
         <load_address>0x4028</load_address>
         <run_address>0x4028</run_address>
         <size>0x1a</size>
         <input_file_ref idref="fl-f3"/>
      </object_component>
      <object_component id="oc-4d2">
         <name>.text:copysign</name>
         <load_address>0x4042</load_address>
         <run_address>0x4042</run_address>
         <size>0x1a</size>
         <input_file_ref idref="fl-e5"/>
      </object_component>
      <object_component id="oc-212">
         <name>.text:_outs</name>
         <load_address>0x405c</load_address>
         <run_address>0x405c</run_address>
         <size>0x18</size>
         <input_file_ref idref="fl-c5"/>
      </object_component>
      <object_component id="oc-502">
         <name>.text:EUSCI_A_SPI_enable</name>
         <load_address>0x4074</load_address>
         <run_address>0x4074</run_address>
         <size>0x16</size>
         <input_file_ref idref="fl-ed"/>
      </object_component>
      <object_component id="oc-508">
         <name>.text:EUSCI_B_SPI_enable</name>
         <load_address>0x408a</load_address>
         <run_address>0x408a</run_address>
         <size>0x16</size>
         <input_file_ref idref="fl-ed"/>
      </object_component>
      <object_component id="oc-237">
         <name>.text:Graphics_setForegroundColor</name>
         <load_address>0x40a0</load_address>
         <run_address>0x40a0</run_address>
         <size>0x16</size>
         <input_file_ref idref="fl-f3"/>
      </object_component>
      <object_component id="oc-378">
         <name>.text:Graphics_translateColorOnDisplay</name>
         <load_address>0x40b6</load_address>
         <run_address>0x40b6</run_address>
         <size>0x16</size>
         <input_file_ref idref="fl-f4"/>
      </object_component>
      <object_component id="oc-d6">
         <name>.text:UART_enableModule</name>
         <load_address>0x40cc</load_address>
         <run_address>0x40cc</run_address>
         <size>0x16</size>
         <input_file_ref idref="fl-f0"/>
      </object_component>
      <object_component id="oc-42a">
         <name>.text:strchr</name>
         <load_address>0x40e2</load_address>
         <run_address>0x40e2</run_address>
         <size>0x16</size>
         <input_file_ref idref="fl-de"/>
      </object_component>
      <object_component id="oc-2be">
         <name>.text:PCM_getPowerState</name>
         <load_address>0x40f8</load_address>
         <run_address>0x40f8</run_address>
         <size>0x14</size>
         <input_file_ref idref="fl-eb"/>
      </object_component>
      <object_component id="oc-2f3">
         <name>.text:strlen</name>
         <load_address>0x410c</load_address>
         <run_address>0x410c</run_address>
         <size>0x14</size>
         <input_file_ref idref="fl-df"/>
      </object_component>
      <object_component id="oc-249">
         <name>.text:Graphics_clearDisplay</name>
         <load_address>0x4120</load_address>
         <run_address>0x4120</run_address>
         <size>0x12</size>
         <input_file_ref idref="fl-f3"/>
      </object_component>
      <object_component id="oc-328">
         <name>.text:wcslen</name>
         <load_address>0x4132</load_address>
         <run_address>0x4132</run_address>
         <size>0x12</size>
         <input_file_ref idref="fl-e1"/>
      </object_component>
      <object_component id="oc-1e5">
         <name>.text:ADCIsConversionRunning</name>
         <load_address>0x4144</load_address>
         <run_address>0x4144</run_address>
         <size>0x10</size>
         <input_file_ref idref="fl-e6"/>
      </object_component>
      <object_component id="oc-27b">
         <name>.text:Interrupt_disableMaster</name>
         <load_address>0x4154</load_address>
         <run_address>0x4154</run_address>
         <size>0x10</size>
         <input_file_ref idref="fl-ea"/>
      </object_component>
      <object_component id="oc-110">
         <name>.text:Interrupt_enableMaster</name>
         <load_address>0x4164</load_address>
         <run_address>0x4164</run_address>
         <size>0x10</size>
         <input_file_ref idref="fl-ea"/>
      </object_component>
      <object_component id="oc-e8">
         <name>.text:Interrupt_enableSleepOnIsrExit</name>
         <load_address>0x4174</load_address>
         <run_address>0x4174</run_address>
         <size>0x10</size>
         <input_file_ref idref="fl-ea"/>
      </object_component>
      <object_component id="oc-c4">
         <name>.text:PCM_setCoreVoltageLevel</name>
         <load_address>0x4184</load_address>
         <run_address>0x4184</run_address>
         <size>0x10</size>
         <input_file_ref idref="fl-eb"/>
      </object_component>
      <object_component id="oc-2c4">
         <name>.text:PCM_setPowerMode</name>
         <load_address>0x4194</load_address>
         <run_address>0x4194</run_address>
         <size>0x10</size>
         <input_file_ref idref="fl-eb"/>
      </object_component>
      <object_component id="oc-1d">
         <name>.text:decompress:none:__TI_decompress_none</name>
         <load_address>0x41a4</load_address>
         <run_address>0x41a4</run_address>
         <size>0xe</size>
         <input_file_ref idref="fl-c8"/>
      </object_component>
      <object_component id="oc-67">
         <name>.text</name>
         <load_address>0x41b2</load_address>
         <run_address>0x41b2</run_address>
         <size>0xe</size>
         <input_file_ref idref="fl-6"/>
      </object_component>
      <object_component id="oc-f2">
         <name>.text:ADC14_enableModule</name>
         <load_address>0x41c0</load_address>
         <run_address>0x41c0</run_address>
         <size>0xc</size>
         <input_file_ref idref="fl-e6"/>
      </object_component>
      <object_component id="oc-394">
         <name>.text:CPU_cpsid</name>
         <load_address>0x41cc</load_address>
         <run_address>0x41cc</run_address>
         <size>0xc</size>
         <input_file_ref idref="fl-f2"/>
      </object_component>
      <object_component id="oc-1f9">
         <name>.text:CPU_cpsie</name>
         <load_address>0x41d8</load_address>
         <run_address>0x41d8</run_address>
         <size>0xc</size>
         <input_file_ref idref="fl-f2"/>
      </object_component>
      <object_component id="oc-218">
         <name>.text:_outc</name>
         <load_address>0x41e4</load_address>
         <run_address>0x41e4</run_address>
         <size>0xa</size>
         <input_file_ref idref="fl-c5"/>
      </object_component>
      <object_component id="oc-32e">
         <name>.text:__aeabi_errno_addr</name>
         <load_address>0x41f0</load_address>
         <run_address>0x41f0</run_address>
         <size>0x8</size>
         <input_file_ref idref="fl-e0"/>
      </object_component>
      <object_component id="oc-39b">
         <name>.text:CPU_wfi</name>
         <load_address>0x41f8</load_address>
         <run_address>0x41f8</run_address>
         <size>0x4</size>
         <input_file_ref idref="fl-f2"/>
      </object_component>
      <object_component id="oc-99">
         <name>.text:_system_pre_init</name>
         <load_address>0x41fc</load_address>
         <run_address>0x41fc</run_address>
         <size>0x4</size>
         <input_file_ref idref="fl-d5"/>
      </object_component>
      <object_component id="oc-17a">
         <name>.text:abort:abort</name>
         <load_address>0x4200</load_address>
         <run_address>0x4200</run_address>
         <size>0x4</size>
         <input_file_ref idref="fl-d7"/>
      </object_component>
      <object_component id="oc-38e">
         <name>.const:.string:g_pucFontFixed6x8Data</name>
         <load_address>0x4204</load_address>
         <run_address>0x4204</run_address>
         <size>0x2f8</size>
         <input_file_ref idref="fl-f5"/>
      </object_component>
      <object_component id="oc-3d3">
         <name>.const:.string:_ctypes_</name>
         <load_address>0x44fc</load_address>
         <run_address>0x44fc</run_address>
         <size>0x101</size>
         <input_file_ref idref="fl-dc"/>
      </object_component>
      <object_component id="oc-258">
         <name>.const:g_sFontFixed6x8</name>
         <load_address>0x4600</load_address>
         <run_address>0x4600</run_address>
         <size>0xc8</size>
         <input_file_ref idref="fl-f5"/>
      </object_component>
      <object_component id="oc-1f2">
         <name>.const:_ctlRegs</name>
         <load_address>0x46c8</load_address>
         <run_address>0x46c8</run_address>
         <size>0x80</size>
         <input_file_ref idref="fl-e6"/>
      </object_component>
      <object_component id="oc-1bc">
         <name>.const:GPIO_PORT_TO_BASE</name>
         <load_address>0x4748</load_address>
         <run_address>0x4748</run_address>
         <size>0x30</size>
         <input_file_ref idref="fl-e9"/>
      </object_component>
      <object_component id="oc-ee">
         <name>.const:uartConfig</name>
         <load_address>0x4778</load_address>
         <run_address>0x4778</run_address>
         <size>0x28</size>
         <input_file_ref idref="fl-2"/>
      </object_component>
      <object_component id="oc-255">
         <name>.const:g_sCrystalfontz128x128_funcs</name>
         <load_address>0x47a0</load_address>
         <run_address>0x47a0</run_address>
         <size>0x20</size>
         <input_file_ref idref="fl-8"/>
      </object_component>
      <object_component id="oc-483">
         <name>.const:$P$T0$1</name>
         <load_address>0x47c0</load_address>
         <run_address>0x47c0</run_address>
         <size>0x1c</size>
         <input_file_ref idref="fl-9"/>
      </object_component>
      <object_component id="oc-372">
         <name>.const:$P$T0$1</name>
         <load_address>0x47dc</load_address>
         <run_address>0x47dc</run_address>
         <size>0x8</size>
         <input_file_ref idref="fl-8"/>
      </object_component>
      <object_component id="oc-1dc">
         <name>.const:g_pulEnRegs</name>
         <load_address>0x47e4</load_address>
         <run_address>0x47e4</run_address>
         <size>0x8</size>
         <input_file_ref idref="fl-ea"/>
      </object_component>
      <object_component id="oc-565">
         <name>.cinit..data.load</name>
         <load_address>0x47f0</load_address>
         <run_address>0x47f0</run_address>
         <size>0x12</size>
      </object_component>
      <object_component id="oc-563">
         <name>__TI_handler_table</name>
         <load_address>0x4804</load_address>
         <run_address>0x4804</run_address>
         <size>0xc</size>
      </object_component>
      <object_component id="oc-566">
         <name>.cinit..bss.load</name>
         <load_address>0x4810</load_address>
         <run_address>0x4810</run_address>
         <size>0x8</size>
      </object_component>
      <object_component id="oc-564">
         <name>__TI_cinit_table</name>
         <load_address>0x4818</load_address>
         <run_address>0x4818</run_address>
         <size>0x10</size>
      </object_component>
      <object_component id="oc-537">
         <name>.binit</name>
         <load_address>0x0</load_address>
         <run_address>0x0</run_address>
         <size>0x0</size>
      </object_component>
      <object_component id="oc-14c">
         <name>.data</name>
         <load_address>0x20000038</load_address>
         <run_address>0x20000038</run_address>
         <size>0x4</size>
         <input_file_ref idref="fl-4"/>
      </object_component>
      <object_component id="oc-1b8">
         <name>.data</name>
         <load_address>0x20000040</load_address>
         <run_address>0x20000040</run_address>
         <size>0x4</size>
         <input_file_ref idref="fl-7"/>
      </object_component>
      <object_component id="oc-252">
         <name>.data:g_sCrystalfontz128x128</name>
         <load_address>0x20000028</load_address>
         <run_address>0x20000028</run_address>
         <size>0x10</size>
         <input_file_ref idref="fl-8"/>
      </object_component>
      <object_component id="oc-43a">
         <name>.data</name>
         <load_address>0x2000003c</load_address>
         <run_address>0x2000003c</run_address>
         <size>0x4</size>
         <input_file_ref idref="fl-e0"/>
      </object_component>
      <object_component id="oc-24f">
         <name>.common:g_sContext</name>
         <uninitialized>true</uninitialized>
         <run_address>0x20000000</run_address>
         <size>0x1c</size>
      </object_component>
      <object_component id="oc-371">
         <name>.common:Lcd_Orientation</name>
         <uninitialized>true</uninitialized>
         <run_address>0x20000024</run_address>
         <size>0x1</size>
      </object_component>
      <object_component id="oc-369">
         <name>.common:Lcd_ScreenWidth</name>
         <uninitialized>true</uninitialized>
         <run_address>0x2000001e</run_address>
         <size>0x2</size>
      </object_component>
      <object_component id="oc-36c">
         <name>.common:Lcd_ScreenHeigth</name>
         <uninitialized>true</uninitialized>
         <run_address>0x2000001c</run_address>
         <size>0x2</size>
      </object_component>
      <object_component id="oc-36d">
         <name>.common:Lcd_PenSolid</name>
         <uninitialized>true</uninitialized>
         <run_address>0x20000025</run_address>
         <size>0x1</size>
      </object_component>
      <object_component id="oc-36e">
         <name>.common:Lcd_FontSolid</name>
         <uninitialized>true</uninitialized>
         <run_address>0x20000023</run_address>
         <size>0x1</size>
      </object_component>
      <object_component id="oc-36f">
         <name>.common:Lcd_FlagRead</name>
         <uninitialized>true</uninitialized>
         <run_address>0x20000022</run_address>
         <size>0x1</size>
      </object_component>
      <object_component id="oc-370">
         <name>.common:Lcd_TouchTrim</name>
         <uninitialized>true</uninitialized>
         <run_address>0x20000020</run_address>
         <size>0x2</size>
      </object_component>
      <object_component id="oc-29">
         <name>.stack</name>
         <uninitialized>true</uninitialized>
         <run_address>0x2000fe00</run_address>
         <size>0x4</size>
         <input_file_ref idref="fl-ca"/>
      </object_component>
      <object_component id="oc-568">
         <name>.stack</name>
         <uninitialized>true</uninitialized>
         <run_address>0x2000fe00</run_address>
         <size>0x0</size>
      </object_component>
      <object_component id="oc-1e3">
         <name>.debug_info</name>
         <load_address>0x0</load_address>
         <run_address>0x0</run_address>
         <size>0x7bf</size>
         <input_file_ref idref="fl-2"/>
      </object_component>
      <object_component id="oc-ef">
         <name>.debug_info</name>
         <load_address>0x7bf</load_address>
         <run_address>0x7bf</run_address>
         <size>0xe0</size>
         <input_file_ref idref="fl-2"/>
      </object_component>
      <object_component id="oc-6f">
         <name>.debug_info</name>
         <load_address>0x89f</load_address>
         <run_address>0x89f</run_address>
         <size>0x2c5</size>
         <input_file_ref idref="fl-2"/>
      </object_component>
      <object_component id="oc-158">
         <name>.debug_info</name>
         <load_address>0xb64</load_address>
         <run_address>0xb64</run_address>
         <size>0x26b</size>
         <input_file_ref idref="fl-2"/>
      </object_component>
      <object_component id="oc-26b">
         <name>.debug_info</name>
         <load_address>0xdcf</load_address>
         <run_address>0xdcf</run_address>
         <size>0x1055</size>
         <input_file_ref idref="fl-2"/>
      </object_component>
      <object_component id="oc-266">
         <name>.debug_info</name>
         <load_address>0x1e24</load_address>
         <run_address>0x1e24</run_address>
         <size>0x37e2</size>
         <input_file_ref idref="fl-2"/>
      </object_component>
      <object_component id="oc-1d2">
         <name>.debug_info</name>
         <load_address>0x5606</load_address>
         <run_address>0x5606</run_address>
         <size>0x8b</size>
         <input_file_ref idref="fl-2"/>
      </object_component>
      <object_component id="oc-25f">
         <name>.debug_info</name>
         <load_address>0x5691</load_address>
         <run_address>0x5691</run_address>
         <size>0x2a4</size>
         <input_file_ref idref="fl-2"/>
      </object_component>
      <object_component id="oc-275">
         <name>.debug_info</name>
         <load_address>0x5935</load_address>
         <run_address>0x5935</run_address>
         <size>0xef</size>
         <input_file_ref idref="fl-2"/>
      </object_component>
      <object_component id="oc-150">
         <name>.debug_info</name>
         <load_address>0x5a24</load_address>
         <run_address>0x5a24</run_address>
         <size>0xbb</size>
         <input_file_ref idref="fl-2"/>
      </object_component>
      <object_component id="oc-487">
         <name>.debug_info</name>
         <load_address>0x5adf</load_address>
         <run_address>0x5adf</run_address>
         <size>0x131</size>
         <input_file_ref idref="fl-2"/>
      </object_component>
      <object_component id="oc-2e6">
         <name>.debug_info</name>
         <load_address>0x5c10</load_address>
         <run_address>0x5c10</run_address>
         <size>0x102</size>
         <input_file_ref idref="fl-2"/>
      </object_component>
      <object_component id="oc-250">
         <name>.debug_info</name>
         <load_address>0x5d12</load_address>
         <run_address>0x5d12</run_address>
         <size>0x9cb</size>
         <input_file_ref idref="fl-3"/>
      </object_component>
      <object_component id="oc-144">
         <name>.debug_info</name>
         <load_address>0x66dd</load_address>
         <run_address>0x66dd</run_address>
         <size>0x2c5</size>
         <input_file_ref idref="fl-3"/>
      </object_component>
      <object_component id="oc-270">
         <name>.debug_info</name>
         <load_address>0x69a2</load_address>
         <run_address>0x69a2</run_address>
         <size>0x439</size>
         <input_file_ref idref="fl-3"/>
      </object_component>
      <object_component id="oc-155">
         <name>.debug_info</name>
         <load_address>0x6ddb</load_address>
         <run_address>0x6ddb</run_address>
         <size>0xb0d</size>
         <input_file_ref idref="fl-4"/>
      </object_component>
      <object_component id="oc-14d">
         <name>.debug_info</name>
         <load_address>0x78e8</load_address>
         <run_address>0x78e8</run_address>
         <size>0xce</size>
         <input_file_ref idref="fl-4"/>
      </object_component>
      <object_component id="oc-75">
         <name>.debug_info</name>
         <load_address>0x79b6</load_address>
         <run_address>0x79b6</run_address>
         <size>0x443</size>
         <input_file_ref idref="fl-4"/>
      </object_component>
      <object_component id="oc-a1">
         <name>.debug_info</name>
         <load_address>0x7df9</load_address>
         <run_address>0x7df9</run_address>
         <size>0x1ca</size>
         <input_file_ref idref="fl-5"/>
      </object_component>
      <object_component id="oc-7b">
         <name>.debug_info</name>
         <load_address>0x7fc3</load_address>
         <run_address>0x7fc3</run_address>
         <size>0x2c9</size>
         <input_file_ref idref="fl-6"/>
      </object_component>
      <object_component id="oc-27">
         <name>.debug_info</name>
         <load_address>0x828c</load_address>
         <run_address>0x828c</run_address>
         <size>0xf5</size>
         <input_file_ref idref="fl-6"/>
      </object_component>
      <object_component id="oc-68">
         <name>.debug_info</name>
         <load_address>0x8381</load_address>
         <run_address>0x8381</run_address>
         <size>0x1bc</size>
         <input_file_ref idref="fl-6"/>
      </object_component>
      <object_component id="oc-32">
         <name>.debug_info</name>
         <load_address>0x853d</load_address>
         <run_address>0x853d</run_address>
         <size>0x84</size>
         <input_file_ref idref="fl-6"/>
      </object_component>
      <object_component id="oc-1b9">
         <name>.debug_info</name>
         <load_address>0x85c1</load_address>
         <run_address>0x85c1</run_address>
         <size>0xee</size>
         <input_file_ref idref="fl-7"/>
      </object_component>
      <object_component id="oc-b3">
         <name>.debug_info</name>
         <load_address>0x86af</load_address>
         <run_address>0x86af</run_address>
         <size>0x260</size>
         <input_file_ref idref="fl-7"/>
      </object_component>
      <object_component id="oc-36a">
         <name>.debug_info</name>
         <load_address>0x890f</load_address>
         <run_address>0x890f</run_address>
         <size>0x92b</size>
         <input_file_ref idref="fl-8"/>
      </object_component>
      <object_component id="oc-253">
         <name>.debug_info</name>
         <load_address>0x923a</load_address>
         <run_address>0x923a</run_address>
         <size>0x10f</size>
         <input_file_ref idref="fl-8"/>
      </object_component>
      <object_component id="oc-256">
         <name>.debug_info</name>
         <load_address>0x9349</load_address>
         <run_address>0x9349</run_address>
         <size>0x11b</size>
         <input_file_ref idref="fl-8"/>
      </object_component>
      <object_component id="oc-373">
         <name>.debug_info</name>
         <load_address>0x9464</load_address>
         <run_address>0x9464</run_address>
         <size>0xf0</size>
         <input_file_ref idref="fl-8"/>
      </object_component>
      <object_component id="oc-22d">
         <name>.debug_info</name>
         <load_address>0x9554</load_address>
         <run_address>0x9554</run_address>
         <size>0x151e</size>
         <input_file_ref idref="fl-8"/>
      </object_component>
      <object_component id="oc-490">
         <name>.debug_info</name>
         <load_address>0xaa72</load_address>
         <run_address>0xaa72</run_address>
         <size>0x37e2</size>
         <input_file_ref idref="fl-8"/>
      </object_component>
      <object_component id="oc-511">
         <name>.debug_info</name>
         <load_address>0xe254</load_address>
         <run_address>0xe254</run_address>
         <size>0x871</size>
         <input_file_ref idref="fl-9"/>
      </object_component>
      <object_component id="oc-484">
         <name>.debug_info</name>
         <load_address>0xeac5</load_address>
         <run_address>0xeac5</run_address>
         <size>0x103</size>
         <input_file_ref idref="fl-9"/>
      </object_component>
      <object_component id="oc-35b">
         <name>.debug_info</name>
         <load_address>0xebc8</load_address>
         <run_address>0xebc8</run_address>
         <size>0x59d</size>
         <input_file_ref idref="fl-9"/>
      </object_component>
      <object_component id="oc-21f">
         <name>.debug_info</name>
         <load_address>0xf165</load_address>
         <run_address>0xf165</run_address>
         <size>0x333</size>
         <input_file_ref idref="fl-c5"/>
      </object_component>
      <object_component id="oc-13b">
         <name>.debug_info</name>
         <load_address>0xf498</load_address>
         <run_address>0xf498</run_address>
         <size>0x1d1</size>
         <input_file_ref idref="fl-c5"/>
      </object_component>
      <object_component id="oc-213">
         <name>.debug_info</name>
         <load_address>0xf669</load_address>
         <run_address>0xf669</run_address>
         <size>0x18d</size>
         <input_file_ref idref="fl-c5"/>
      </object_component>
      <object_component id="oc-219">
         <name>.debug_info</name>
         <load_address>0xf7f6</load_address>
         <run_address>0xf7f6</run_address>
         <size>0x16d</size>
         <input_file_ref idref="fl-c5"/>
      </object_component>
      <object_component id="oc-441">
         <name>.debug_info</name>
         <load_address>0xf963</load_address>
         <run_address>0xf963</run_address>
         <size>0x2c</size>
         <input_file_ref idref="fl-c5"/>
      </object_component>
      <object_component id="oc-344">
         <name>.debug_info</name>
         <load_address>0xf98f</load_address>
         <run_address>0xf98f</run_address>
         <size>0x4e</size>
         <input_file_ref idref="fl-c5"/>
      </object_component>
      <object_component id="oc-220">
         <name>.debug_info</name>
         <load_address>0xf9dd</load_address>
         <run_address>0xf9dd</run_address>
         <size>0x2c</size>
         <input_file_ref idref="fl-c5"/>
      </object_component>
      <object_component id="oc-3a">
         <name>.debug_info</name>
         <load_address>0xfa09</load_address>
         <run_address>0xfa09</run_address>
         <size>0x119</size>
         <input_file_ref idref="fl-c6"/>
      </object_component>
      <object_component id="oc-92">
         <name>.debug_info</name>
         <load_address>0xfb22</load_address>
         <run_address>0xfb22</run_address>
         <size>0x2d4</size>
         <input_file_ref idref="fl-c7"/>
      </object_component>
      <object_component id="oc-46">
         <name>.debug_info</name>
         <load_address>0xfdf6</load_address>
         <run_address>0xfdf6</run_address>
         <size>0x1d2</size>
         <input_file_ref idref="fl-c7"/>
      </object_component>
      <object_component id="oc-8d">
         <name>.debug_info</name>
         <load_address>0xffc8</load_address>
         <run_address>0xffc8</run_address>
         <size>0x46</size>
         <input_file_ref idref="fl-c7"/>
      </object_component>
      <object_component id="oc-164">
         <name>.debug_info</name>
         <load_address>0x1000e</load_address>
         <run_address>0x1000e</run_address>
         <size>0x2c</size>
         <input_file_ref idref="fl-c7"/>
      </object_component>
      <object_component id="oc-42">
         <name>.debug_info</name>
         <load_address>0x1003a</load_address>
         <run_address>0x1003a</run_address>
         <size>0x2a8</size>
         <input_file_ref idref="fl-c8"/>
      </object_component>
      <object_component id="oc-1e">
         <name>.debug_info</name>
         <load_address>0x102e2</load_address>
         <run_address>0x102e2</run_address>
         <size>0x1ea</size>
         <input_file_ref idref="fl-c8"/>
      </object_component>
      <object_component id="oc-3d">
         <name>.debug_info</name>
         <load_address>0x104cc</load_address>
         <run_address>0x104cc</run_address>
         <size>0x46</size>
         <input_file_ref idref="fl-c8"/>
      </object_component>
      <object_component id="oc-85">
         <name>.debug_info</name>
         <load_address>0x10512</load_address>
         <run_address>0x10512</run_address>
         <size>0x2c</size>
         <input_file_ref idref="fl-c8"/>
      </object_component>
      <object_component id="oc-83">
         <name>.debug_info</name>
         <load_address>0x1053e</load_address>
         <run_address>0x1053e</run_address>
         <size>0x29e</size>
         <input_file_ref idref="fl-c9"/>
      </object_component>
      <object_component id="oc-18">
         <name>.debug_info</name>
         <load_address>0x107dc</load_address>
         <run_address>0x107dc</run_address>
         <size>0x250</size>
         <input_file_ref idref="fl-c9"/>
      </object_component>
      <object_component id="oc-2d">
         <name>.debug_info</name>
         <load_address>0x10a2c</load_address>
         <run_address>0x10a2c</run_address>
         <size>0x60</size>
         <input_file_ref idref="fl-c9"/>
      </object_component>
      <object_component id="oc-15d">
         <name>.debug_info</name>
         <load_address>0x10a8c</load_address>
         <run_address>0x10a8c</run_address>
         <size>0x46</size>
         <input_file_ref idref="fl-c9"/>
      </object_component>
      <object_component id="oc-7e">
         <name>.debug_info</name>
         <load_address>0x10ad2</load_address>
         <run_address>0x10ad2</run_address>
         <size>0x39</size>
         <input_file_ref idref="fl-c9"/>
      </object_component>
      <object_component id="oc-2a">
         <name>.debug_info</name>
         <load_address>0x10b0b</load_address>
         <run_address>0x10b0b</run_address>
         <size>0x10b</size>
         <input_file_ref idref="fl-ca"/>
      </object_component>
      <object_component id="oc-56">
         <name>.debug_info</name>
         <load_address>0x10c16</load_address>
         <run_address>0x10c16</run_address>
         <size>0x1a9</size>
         <input_file_ref idref="fl-ca"/>
      </object_component>
      <object_component id="oc-335">
         <name>.debug_info</name>
         <load_address>0x10dbf</load_address>
         <run_address>0x10dbf</run_address>
         <size>0x590</size>
         <input_file_ref idref="fl-cb"/>
      </object_component>
      <object_component id="oc-300">
         <name>.debug_info</name>
         <load_address>0x1134f</load_address>
         <run_address>0x1134f</run_address>
         <size>0x21e</size>
         <input_file_ref idref="fl-cb"/>
      </object_component>
      <object_component id="oc-404">
         <name>.debug_info</name>
         <load_address>0x1156d</load_address>
         <run_address>0x1156d</run_address>
         <size>0x1b3</size>
         <input_file_ref idref="fl-cb"/>
      </object_component>
      <object_component id="oc-40a">
         <name>.debug_info</name>
         <load_address>0x11720</load_address>
         <run_address>0x11720</run_address>
         <size>0x21b</size>
         <input_file_ref idref="fl-cb"/>
      </object_component>
      <object_component id="oc-30b">
         <name>.debug_info</name>
         <load_address>0x1193b</load_address>
         <run_address>0x1193b</run_address>
         <size>0x3c0</size>
         <input_file_ref idref="fl-cb"/>
      </object_component>
      <object_component id="oc-411">
         <name>.debug_info</name>
         <load_address>0x11cfb</load_address>
         <run_address>0x11cfb</run_address>
         <size>0x30a</size>
         <input_file_ref idref="fl-cb"/>
      </object_component>
      <object_component id="oc-417">
         <name>.debug_info</name>
         <load_address>0x12005</load_address>
         <run_address>0x12005</run_address>
         <size>0x215</size>
         <input_file_ref idref="fl-cb"/>
      </object_component>
      <object_component id="oc-311">
         <name>.debug_info</name>
         <load_address>0x1221a</load_address>
         <run_address>0x1221a</run_address>
         <size>0x215</size>
         <input_file_ref idref="fl-cb"/>
      </object_component>
      <object_component id="oc-317">
         <name>.debug_info</name>
         <load_address>0x1242f</load_address>
         <run_address>0x1242f</run_address>
         <size>0x304</size>
         <input_file_ref idref="fl-cb"/>
      </object_component>
      <object_component id="oc-31d">
         <name>.debug_info</name>
         <load_address>0x12733</load_address>
         <run_address>0x12733</run_address>
         <size>0x4b5</size>
         <input_file_ref idref="fl-cb"/>
      </object_component>
      <object_component id="oc-20d">
         <name>.debug_info</name>
         <load_address>0x12be8</load_address>
         <run_address>0x12be8</run_address>
         <size>0x5f4</size>
         <input_file_ref idref="fl-cb"/>
      </object_component>
      <object_component id="oc-336">
         <name>.debug_info</name>
         <load_address>0x131dc</load_address>
         <run_address>0x131dc</run_address>
         <size>0x86</size>
         <input_file_ref idref="fl-cb"/>
      </object_component>
      <object_component id="oc-446">
         <name>.debug_info</name>
         <load_address>0x13262</load_address>
         <run_address>0x13262</run_address>
         <size>0x39</size>
         <input_file_ref idref="fl-cb"/>
      </object_component>
      <object_component id="oc-4e9">
         <name>.debug_info</name>
         <load_address>0x1329b</load_address>
         <run_address>0x1329b</run_address>
         <size>0xb6</size>
         <input_file_ref idref="fl-cb"/>
      </object_component>
      <object_component id="oc-44b">
         <name>.debug_info</name>
         <load_address>0x13351</load_address>
         <run_address>0x13351</run_address>
         <size>0x46</size>
         <input_file_ref idref="fl-cb"/>
      </object_component>
      <object_component id="oc-33b">
         <name>.debug_info</name>
         <load_address>0x13397</load_address>
         <run_address>0x13397</run_address>
         <size>0x46</size>
         <input_file_ref idref="fl-cb"/>
      </object_component>
      <object_component id="oc-3ff">
         <name>.debug_info</name>
         <load_address>0x133dd</load_address>
         <run_address>0x133dd</run_address>
         <size>0x14c</size>
         <input_file_ref idref="fl-cc"/>
      </object_component>
      <object_component id="oc-307">
         <name>.debug_info</name>
         <load_address>0x13529</load_address>
         <run_address>0x13529</run_address>
         <size>0x128</size>
         <input_file_ref idref="fl-cd"/>
      </object_component>
      <object_component id="oc-3eb">
         <name>.debug_info</name>
         <load_address>0x13651</load_address>
         <run_address>0x13651</run_address>
         <size>0x12a</size>
         <input_file_ref idref="fl-cd"/>
      </object_component>
      <object_component id="oc-3e5">
         <name>.debug_info</name>
         <load_address>0x1377b</load_address>
         <run_address>0x1377b</run_address>
         <size>0x13a</size>
         <input_file_ref idref="fl-ce"/>
      </object_component>
      <object_component id="oc-3e0">
         <name>.debug_info</name>
         <load_address>0x138b5</load_address>
         <run_address>0x138b5</run_address>
         <size>0x13a</size>
         <input_file_ref idref="fl-cf"/>
      </object_component>
      <object_component id="oc-3ef">
         <name>.debug_info</name>
         <load_address>0x139ef</load_address>
         <run_address>0x139ef</run_address>
         <size>0x12e</size>
         <input_file_ref idref="fl-d0"/>
      </object_component>
      <object_component id="oc-3fa">
         <name>.debug_info</name>
         <load_address>0x13b1d</load_address>
         <run_address>0x13b1d</run_address>
         <size>0x12c</size>
         <input_file_ref idref="fl-d1"/>
      </object_component>
      <object_component id="oc-94">
         <name>.debug_info</name>
         <load_address>0x13c49</load_address>
         <run_address>0x13c49</run_address>
         <size>0x147</size>
         <input_file_ref idref="fl-d2"/>
      </object_component>
      <object_component id="oc-3d9">
         <name>.debug_info</name>
         <load_address>0x13d90</load_address>
         <run_address>0x13d90</run_address>
         <size>0x134</size>
         <input_file_ref idref="fl-d3"/>
      </object_component>
      <object_component id="oc-293">
         <name>.debug_info</name>
         <load_address>0x13ec4</load_address>
         <run_address>0x13ec4</run_address>
         <size>0x4b3</size>
         <input_file_ref idref="fl-d4"/>
      </object_component>
      <object_component id="oc-188">
         <name>.debug_info</name>
         <load_address>0x14377</load_address>
         <run_address>0x14377</run_address>
         <size>0x1a6</size>
         <input_file_ref idref="fl-d4"/>
      </object_component>
      <object_component id="oc-3b2">
         <name>.debug_info</name>
         <load_address>0x1451d</load_address>
         <run_address>0x1451d</run_address>
         <size>0x39</size>
         <input_file_ref idref="fl-d4"/>
      </object_component>
      <object_component id="oc-4a5">
         <name>.debug_info</name>
         <load_address>0x14556</load_address>
         <run_address>0x14556</run_address>
         <size>0x39</size>
         <input_file_ref idref="fl-d4"/>
      </object_component>
      <object_component id="oc-3b7">
         <name>.debug_info</name>
         <load_address>0x1458f</load_address>
         <run_address>0x1458f</run_address>
         <size>0x39</size>
         <input_file_ref idref="fl-d4"/>
      </object_component>
      <object_component id="oc-3bc">
         <name>.debug_info</name>
         <load_address>0x145c8</load_address>
         <run_address>0x145c8</run_address>
         <size>0xcd</size>
         <input_file_ref idref="fl-d4"/>
      </object_component>
      <object_component id="oc-9a">
         <name>.debug_info</name>
         <load_address>0x14695</load_address>
         <run_address>0x14695</run_address>
         <size>0x153</size>
         <input_file_ref idref="fl-d5"/>
      </object_component>
      <object_component id="oc-17d">
         <name>.debug_info</name>
         <load_address>0x147e8</load_address>
         <run_address>0x147e8</run_address>
         <size>0x122</size>
         <input_file_ref idref="fl-d7"/>
      </object_component>
      <object_component id="oc-4c4">
         <name>.debug_info</name>
         <load_address>0x1490a</load_address>
         <run_address>0x1490a</run_address>
         <size>0x29c</size>
         <input_file_ref idref="fl-d9"/>
      </object_component>
      <object_component id="oc-3f4">
         <name>.debug_info</name>
         <load_address>0x14ba6</load_address>
         <run_address>0x14ba6</run_address>
         <size>0x1da</size>
         <input_file_ref idref="fl-d9"/>
      </object_component>
      <object_component id="oc-3d7">
         <name>.debug_info</name>
         <load_address>0x14d80</load_address>
         <run_address>0x14d80</run_address>
         <size>0x2b9</size>
         <input_file_ref idref="fl-db"/>
      </object_component>
      <object_component id="oc-2fd">
         <name>.debug_info</name>
         <load_address>0x15039</load_address>
         <run_address>0x15039</run_address>
         <size>0x17c</size>
         <input_file_ref idref="fl-db"/>
      </object_component>
      <object_component id="oc-4b6">
         <name>.debug_info</name>
         <load_address>0x151b5</load_address>
         <run_address>0x151b5</run_address>
         <size>0xf9</size>
         <input_file_ref idref="fl-dc"/>
      </object_component>
      <object_component id="oc-3d4">
         <name>.debug_info</name>
         <load_address>0x152ae</load_address>
         <run_address>0x152ae</run_address>
         <size>0x105</size>
         <input_file_ref idref="fl-dc"/>
      </object_component>
      <object_component id="oc-432">
         <name>.debug_info</name>
         <load_address>0x153b3</load_address>
         <run_address>0x153b3</run_address>
         <size>0x2a7</size>
         <input_file_ref idref="fl-dd"/>
      </object_component>
      <object_component id="oc-323">
         <name>.debug_info</name>
         <load_address>0x1565a</load_address>
         <run_address>0x1565a</run_address>
         <size>0x1b8</size>
         <input_file_ref idref="fl-dd"/>
      </object_component>
      <object_component id="oc-4db">
         <name>.debug_info</name>
         <load_address>0x15812</load_address>
         <run_address>0x15812</run_address>
         <size>0x29a</size>
         <input_file_ref idref="fl-de"/>
      </object_component>
      <object_component id="oc-42b">
         <name>.debug_info</name>
         <load_address>0x15aac</load_address>
         <run_address>0x15aac</run_address>
         <size>0x262</size>
         <input_file_ref idref="fl-de"/>
      </object_component>
      <object_component id="oc-3d2">
         <name>.debug_info</name>
         <load_address>0x15d0e</load_address>
         <run_address>0x15d0e</run_address>
         <size>0x28f</size>
         <input_file_ref idref="fl-df"/>
      </object_component>
      <object_component id="oc-2f4">
         <name>.debug_info</name>
         <load_address>0x15f9d</load_address>
         <run_address>0x15f9d</run_address>
         <size>0x245</size>
         <input_file_ref idref="fl-df"/>
      </object_component>
      <object_component id="oc-43e">
         <name>.debug_info</name>
         <load_address>0x161e2</load_address>
         <run_address>0x161e2</run_address>
         <size>0x289</size>
         <input_file_ref idref="fl-e0"/>
      </object_component>
      <object_component id="oc-43b">
         <name>.debug_info</name>
         <load_address>0x1646b</load_address>
         <run_address>0x1646b</run_address>
         <size>0x10e</size>
         <input_file_ref idref="fl-e0"/>
      </object_component>
      <object_component id="oc-32f">
         <name>.debug_info</name>
         <load_address>0x16579</load_address>
         <run_address>0x16579</run_address>
         <size>0x14e</size>
         <input_file_ref idref="fl-e0"/>
      </object_component>
      <object_component id="oc-439">
         <name>.debug_info</name>
         <load_address>0x166c7</load_address>
         <run_address>0x166c7</run_address>
         <size>0x28f</size>
         <input_file_ref idref="fl-e1"/>
      </object_component>
      <object_component id="oc-329">
         <name>.debug_info</name>
         <load_address>0x16956</load_address>
         <run_address>0x16956</run_address>
         <size>0x15a</size>
[...]
         <value>0x34e9</value>
         <object_component_ref idref="oc-93"/>
      </symbol>
      <symbol id="sm-456">
         <name>__aeabi_memset8</name>
         <value>0x34e3</value>
         <object_component_ref idref="oc-93"/>
      </symbol>
      <symbol id="sm-457">
         <name>__aeabi_memset4</name>
         <value>0x34e3</value>
         <object_component_ref idref="oc-93"/>
      </symbol>
      <symbol id="sm-458">
         <name>__aeabi_memclr8</name>
         <value>0x34e1</value>
         <object_component_ref idref="oc-93"/>
      </symbol>
      <symbol id="sm-459">
         <name>__aeabi_memclr4</name>
         <value>0x34e1</value>
         <object_component_ref idref="oc-93"/>
      </symbol>
      <symbol id="sm-45a">
         <name>__aeabi_memclr</name>
         <value>0x34e1</value>
         <object_component_ref idref="oc-93"/>
      </symbol>
      <symbol id="sm-467">
         <name>__aeabi_uldivmod</name>
         <value>0x3127</value>
         <object_component_ref idref="oc-3d8"/>
      </symbol>
      <symbol id="sm-48f">
         <name>__TI_auto_init_nobinit_nopinit</name>
         <value>0x3a6d</value>
         <object_component_ref idref="oc-186"/>
      </symbol>
      <symbol id="sm-499">
         <name>_system_pre_init</name>
         <value>0x41fd</value>
         <object_component_ref idref="oc-99"/>
      </symbol>
      <symbol id="sm-4a5">
         <name>C$$EXIT</name>
         <value>0x4201</value>
         <object_component_ref idref="oc-17a"/>
      </symbol>
      <symbol id="sm-4a6">
         <name>abort</name>
         <value>0x4201</value>
         <object_component_ref idref="oc-17a"/>
      </symbol>
      <symbol id="sm-4b6">
         <name>__TI_ltoa</name>
         <value>0x3851</value>
         <object_component_ref idref="oc-3f3"/>
      </symbol>
      <symbol id="sm-4cd">
         <name>atoi</name>
         <value>0x3949</value>
         <object_component_ref idref="oc-2f9"/>
      </symbol>
      <symbol id="sm-4d8">
         <name>_ctypes_</name>
         <value>0x44fc</value>
         <object_component_ref idref="oc-3d3"/>
      </symbol>
      <symbol id="sm-4e8">
         <name>memccpy</name>
         <value>0x3fd9</value>
         <object_component_ref idref="oc-322"/>
      </symbol>
      <symbol id="sm-4f8">
         <name>strchr</name>
         <value>0x40e3</value>
         <object_component_ref idref="oc-42a"/>
      </symbol>
      <symbol id="sm-506">
         <name>strlen</name>
         <value>0x410d</value>
         <object_component_ref idref="oc-2f3"/>
      </symbol>
      <symbol id="sm-51c">
         <name>__aeabi_errno_addr</name>
         <value>0x41f1</value>
         <object_component_ref idref="oc-32e"/>
      </symbol>
      <symbol id="sm-51d">
         <name>errno</name>
         <value>0x2000003c</value>
         <object_component_ref idref="oc-43a"/>
      </symbol>
      <symbol id="sm-536">
         <name>wcslen</name>
         <value>0x4133</value>
         <object_component_ref idref="oc-328"/>
      </symbol>
      <symbol id="sm-556">
         <name>frexpl</name>
         <value>0x3631</value>
         <object_component_ref idref="oc-41e"/>
      </symbol>
      <symbol id="sm-557">
         <name>frexp</name>
         <value>0x3631</value>
         <object_component_ref idref="oc-41e"/>
      </symbol>
      <symbol id="sm-574">
         <name>scalbn</name>
         <value>0x2849</value>
         <object_component_ref idref="oc-424"/>
      </symbol>
      <symbol id="sm-575">
         <name>scalbnl</name>
         <value>0x2849</value>
         <object_component_ref idref="oc-424"/>
      </symbol>
      <symbol id="sm-576">
         <name>ldexpl</name>
         <value>0x2849</value>
         <object_component_ref idref="oc-424"/>
      </symbol>
      <symbol id="sm-577">
         <name>ldexp</name>
         <value>0x2849</value>
         <object_component_ref idref="oc-424"/>
      </symbol>
      <symbol id="sm-581">
         <name>__aeabi_idiv0</name>
         <value>0xb33</value>
         <object_component_ref idref="oc-4b9"/>
      </symbol>
      <symbol id="sm-582">
         <name>__aeabi_ldiv0</name>
         <value>0xb33</value>
         <object_component_ref idref="oc-4b9"/>
      </symbol>
      <symbol id="sm-58c">
         <name>copysign</name>
         <value>0x4043</value>
         <object_component_ref idref="oc-4d2"/>
      </symbol>
      <symbol id="sm-58d">
         <name>copysignl</name>
         <value>0x4043</value>
         <object_component_ref idref="oc-4d2"/>
      </symbol>
      <symbol id="sm-698">
         <name>ADC14_enableInterrupt</name>
         <value>0x3d61</value>
         <object_component_ref idref="oc-10a"/>
      </symbol>
      <symbol id="sm-699">
         <name>ADC14_getInterruptStatus</name>
         <value>0x3df1</value>
         <object_component_ref idref="oc-203"/>
      </symbol>
      <symbol id="sm-69a">
         <name>ADC14_enableSampleTimer</name>
         <value>0x3c61</value>
         <object_component_ref idref="oc-116"/>
      </symbol>
      <symbol id="sm-69b">
         <name>ADC14_enableConversion</name>
         <value>0x3e75</value>
         <object_component_ref idref="oc-11c"/>
      </symbol>
      <symbol id="sm-69c">
         <name>ADC14_toggleConversionTrigger</name>
         <value>0x3e1d</value>
         <object_component_ref idref="oc-122"/>
      </symbol>
      <symbol id="sm-69d">
         <name>ADC14_getEnabledInterruptStatus</name>
         <value>0x3bf1</value>
         <object_component_ref idref="oc-128"/>
      </symbol>
      <symbol id="sm-69e">
         <name>ADC14_initModule</name>
         <value>0x37fd</value>
         <object_component_ref idref="oc-f8"/>
      </symbol>
      <symbol id="sm-69f">
         <name>ADC14_configureMultiSequenceMode</name>
         <value>0x2dd9</value>
         <object_component_ref idref="oc-fe"/>
      </symbol>
      <symbol id="sm-6a0">
         <name>ADC14_clearInterruptFlag</name>
         <value>0x3d31</value>
         <object_component_ref idref="oc-12e"/>
      </symbol>
      <symbol id="sm-6a1">
         <name>ADC14_configureConversionMemory</name>
         <value>0x2d25</value>
         <object_component_ref idref="oc-104"/>
      </symbol>
      <symbol id="sm-6a2">
         <name>ADC14_enableModule</name>
         <value>0x41c1</value>
         <object_component_ref idref="oc-f2"/>
      </symbol>
      <symbol id="sm-6a3">
         <name>ADC14_getResult</name>
         <value>0x3e9d</value>
         <object_component_ref idref="oc-134"/>
      </symbol>
      <symbol id="sm-6b1">
         <name>CS_setDCOCenteredFrequency</name>
         <value>0x3c95</value>
         <object_component_ref idref="oc-ca"/>
      </symbol>
      <symbol id="sm-6c0">
         <name>FlashCtl_setWaitState</name>
         <value>0x3995</value>
         <object_component_ref idref="oc-be"/>
      </symbol>
      <symbol id="sm-708">
         <name>GPIO_setOutputHighOnPin</name>
         <value>0x3ec5</value>
         <object_component_ref idref="oc-363"/>
      </symbol>
      <symbol id="sm-709">
         <name>GPIO_setAsOutputPin</name>
         <value>0x3ab1</value>
         <object_component_ref idref="oc-471"/>
      </symbol>
      <symbol id="sm-70a">
         <name>GPIO_setOutputLowOnPin</name>
         <value>0x3eed</value>
         <object_component_ref idref="oc-35d"/>
      </symbol>
      <symbol id="sm-70b">
         <name>GPIO_setAsPeripheralModuleFunctionOutputPin</name>
         <value>0x32cd</value>
         <object_component_ref idref="oc-46b"/>
      </symbol>
      <symbol id="sm-70c">
         <name>GPIO_setAsPeripheralModuleFunctionInputPin</name>
         <value>0x3245</value>
         <object_component_ref idref="oc-b8"/>
      </symbol>
      <symbol id="sm-745">
         <name>Interrupt_disableMaster</name>
         <value>0x4155</value>
         <object_component_ref idref="oc-27b"/>
      </symbol>
      <symbol id="sm-746">
         <name>Interrupt_enableSleepOnIsrExit</name>
         <value>0x4175</value>
         <object_component_ref idref="oc-e8"/>
      </symbol>
      <symbol id="sm-747">
         <name>Interrupt_enableMaster</name>
         <value>0x4165</value>
         <object_component_ref idref="oc-110"/>
      </symbol>
      <symbol id="sm-748">
         <name>Interrupt_enableInterrupt</name>
         <value>0x3461</value>
         <object_component_ref idref="oc-e2"/>
      </symbol>
      <symbol id="sm-7db">
         <name>PCM_setCoreVoltageLevel</name>
         <value>0x4185</value>
         <object_component_ref idref="oc-c4"/>
      </symbol>
      <symbol id="sm-7dc">
         <name>PCM_getCoreVoltageLevel</name>
         <value>0x3695</value>
         <object_component_ref idref="oc-2b8"/>
      </symbol>
      <symbol id="sm-7dd">
         <name>PCM_gotoLPM0InterruptSafe</name>
         <value>0x3f85</value>
         <object_component_ref idref="oc-173"/>
      </symbol>
      <symbol id="sm-7de">
         <name>PCM_getPowerMode</name>
         <value>0x36f3</value>
         <object_component_ref idref="oc-2b2"/>
      </symbol>
      <symbol id="sm-7df">
         <name>PCM_getPowerState</name>
         <value>0x40f9</value>
         <object_component_ref idref="oc-2be"/>
      </symbol>
      <symbol id="sm-7e0">
         <name>PCM_gotoLPM0</name>
         <value>0x3f15</value>
         <object_component_ref idref="oc-281"/>
      </symbol>
      <symbol id="sm-7e1">
         <name>PCM_setPowerMode</name>
         <value>0x4195</value>
         <object_component_ref idref="oc-2c4"/>
      </symbol>
      <symbol id="sm-821">
         <name>EUSCI_B_SPI_enable</name>
         <value>0x408b</value>
         <object_component_ref idref="oc-508"/>
      </symbol>
      <symbol id="sm-822">
         <name>SPI_enableModule</name>
         <value>0x3fa1</value>
         <object_component_ref idref="oc-47d"/>
      </symbol>
      <symbol id="sm-823">
         <name>EUSCI_A_SPI_enable</name>
         <value>0x4075</value>
         <object_component_ref idref="oc-502"/>
      </symbol>
      <symbol id="sm-824">
         <name>SPI_initMaster</name>
         <value>0x2f3f</value>
         <object_component_ref idref="oc-477"/>
      </symbol>
      <symbol id="sm-866">
         <name>UART_enableInterrupt</name>
         <value>0x3d91</value>
         <object_component_ref idref="oc-dc"/>
      </symbol>
      <symbol id="sm-867">
         <name>UART_enableModule</name>
         <value>0x40cd</value>
         <object_component_ref idref="oc-d6"/>
      </symbol>
      <symbol id="sm-868">
         <name>UART_transmitData</name>
         <value>0x3cc9</value>
         <object_component_ref idref="oc-146"/>
      </symbol>
      <symbol id="sm-869">
         <name>UART_initModule</name>
         <value>0x272d</value>
         <object_component_ref idref="oc-d0"/>
      </symbol>
      <symbol id="sm-875">
         <name>WDT_A_holdTimer</name>
         <value>0x3f3d</value>
         <object_component_ref idref="oc-16d"/>
      </symbol>
      <symbol id="sm-88f">
         <name>CPU_wfi</name>
         <value>0x41f9</value>
         <object_component_ref idref="oc-39b"/>
      </symbol>
      <symbol id="sm-890">
         <name>CPU_cpsie</name>
         <value>0x41d9</value>
         <object_component_ref idref="oc-1f9"/>
      </symbol>
      <symbol id="sm-891">
         <name>CPU_cpsid</name>
         <value>0x41cd</value>
         <object_component_ref idref="oc-394"/>
      </symbol>
      <symbol id="sm-8c3">
         <name>Graphics_setBackgroundColor</name>
         <value>0x400f</value>
         <object_component_ref idref="oc-23d"/>
      </symbol>
      <symbol id="sm-8c4">
         <name>Graphics_setFont</name>
         <value>0x4029</value>
         <object_component_ref idref="oc-243"/>
      </symbol>
      <symbol id="sm-8c5">
         <name>Graphics_initContext</name>
         <value>0x38a5</value>
         <object_component_ref idref="oc-231"/>
      </symbol>
      <symbol id="sm-8c6">
         <name>Graphics_setForegroundColor</name>
         <value>0x40a1</value>
         <object_component_ref idref="oc-237"/>
      </symbol>
      <symbol id="sm-8c7">
         <name>Graphics_clearDisplay</name>
         <value>0x4121</value>
         <object_component_ref idref="oc-249"/>
      </symbol>
      <symbol id="sm-8ec">
         <name>Graphics_clearDisplayOnDisplay</name>
         <value>0x3ff5</value>
         <object_component_ref idref="oc-381"/>
      </symbol>
      <symbol id="sm-8ed">
         <name>Graphics_drawPixelOnDisplay</name>
         <value>0x3e49</value>
         <object_component_ref idref="oc-45d"/>
      </symbol>
      <symbol id="sm-8ee">
         <name>Graphics_translateColorOnDisplay</name>
         <value>0x40b7</value>
         <object_component_ref idref="oc-378"/>
      </symbol>
      <symbol id="sm-8ef">
         <name>Graphics_drawHorizontalLineOnDisplay</name>
         <value>0x3c29</value>
         <object_component_ref idref="oc-4ef"/>
      </symbol>
      <symbol id="sm-901">
         <name>g_sFontFixed6x8</name>
         <value>0x4600</value>
         <object_component_ref idref="oc-258"/>
      </symbol>
      <symbol id="sm-959">
         <name>Graphics_drawStringCentered</name>
         <value>0x39dd</value>
         <object_component_ref idref="oc-225"/>
      </symbol>
      <symbol id="sm-95a">
         <name>Graphics_drawString</name>
         <value>0x11b5</value>
         <object_component_ref idref="oc-34f"/>
      </symbol>
      <symbol id="sm-95b">
         <name>Graphics_getStringWidth</name>
         <value>0x2b5d</value>
         <object_component_ref idref="oc-349"/>
      </symbol>
      <symbol id="sm-96e">
         <name>Graphics_drawLineH</name>
         <value>0x2fef</value>
         <object_component_ref idref="oc-457"/>
      </symbol>
      <symbol id="sm-96f">
         <name>__TI_static_base__</name>
         <value>0x0</value>
      </symbol>
      <symbol id="sm-972">
         <name>__mpu_init</name>
         <value>0x0</value>
      </symbol>
      <symbol id="sm-973">
         <name>_system_post_cinit</name>
         <value>0x0</value>
      </symbol>
      <symbol id="sm-974">
         <name>NMI_Handler</name>
         <value>0x41bf</value>
      </symbol>
      <symbol id="sm-975">
         <name>HardFault_Handler</name>
         <value>0x41bf</value>
      </symbol>
      <symbol id="sm-976">
         <name>MemManage_Handler</name>
         <value>0x41bf</value>
      </symbol>
      <symbol id="sm-977">
         <name>BusFault_Handler</name>
         <value>0x41bf</value>
      </symbol>
      <symbol id="sm-978">
         <name>UsageFault_Handler</name>
         <value>0x41bf</value>
      </symbol>
      <symbol id="sm-979">
         <name>SVC_Handler</name>
         <value>0x41bf</value>
      </symbol>
      <symbol id="sm-97a">
         <name>DebugMon_Handler</name>
         <value>0x41bf</value>
      </symbol>
      <symbol id="sm-97b">
         <name>PendSV_Handler</name>
         <value>0x41bf</value>
      </symbol>
      <symbol id="sm-97c">
         <name>SysTick_Handler</name>
         <value>0x41bf</value>
      </symbol>
      <symbol id="sm-97d">
         <name>PSS_IRQHandler</name>
         <value>0x41bf</value>
      </symbol>
      <symbol id="sm-97e">
         <name>CS_IRQHandler</name>
         <value>0x41bf</value>
      </symbol>
      <symbol id="sm-97f">
         <name>PCM_IRQHandler</name>
         <value>0x41bf</value>
      </symbol>
      <symbol id="sm-980">
         <name>WDT_A_IRQHandler</name>
         <value>0x41bf</value>
      </symbol>
      <symbol id="sm-981">
         <name>FPU_IRQHandler</name>
         <value>0x41bf</value>
      </symbol>
      <symbol id="sm-982">
         <name>FLCTL_IRQHandler</name>
         <value>0x41bf</value>
      </symbol>
      <symbol id="sm-983">
         <name>COMP_E0_IRQHandler</name>
         <value>0x41bf</value>
      </symbol>
      <symbol id="sm-984">
         <name>COMP_E1_IRQHandler</name>
         <value>0x41bf</value>
      </symbol>
      <symbol id="sm-985">
         <name>TA0_0_IRQHandler</name>
         <value>0x41bf</value>
      </symbol>
      <symbol id="sm-986">
         <name>TA0_N_IRQHandler</name>
         <value>0x41bf</value>
      </symbol>
      <symbol id="sm-987">
         <name>TA1_0_IRQHandler</name>
         <value>0x41bf</value>
      </symbol>
      <symbol id="sm-988">
         <name>TA1_N_IRQHandler</name>
         <value>0x41bf</value>
      </symbol>
      <symbol id="sm-989">
         <name>TA2_0_IRQHandler</name>
         <value>0x41bf</value>
      </symbol>
      <symbol id="sm-98a">
         <name>TA2_N_IRQHandler</name>
         <value>0x41bf</value>
      </symbol>
      <symbol id="sm-98b">
         <name>TA3_0_IRQHandler</name>
         <value>0x41bf</value>
      </symbol>
      <symbol id="sm-98c">
         <name>TA3_N_IRQHandler</name>
         <value>0x41bf</value>
      </symbol>
      <symbol id="sm-98d">
         <name>EUSCIA0_IRQHandler</name>
         <value>0x41bf</value>
      </symbol>
      <symbol id="sm-98e">
         <name>EUSCIA1_IRQHandler</name>
         <value>0x41bf</value>
      </symbol>
      <symbol id="sm-98f">
         <name>EUSCIA2_IRQHandler</name>
         <value>0x3799</value>
      </symbol>
      <symbol id="sm-990">
         <name>EUSCIA3_IRQHandler</name>
         <value>0x41bf</value>
      </symbol>
      <symbol id="sm-991">
         <name>EUSCIB0_IRQHandler</name>
         <value>0x41bf</value>
      </symbol>
      <symbol id="sm-992">
         <name>EUSCIB1_IRQHandler</name>
         <value>0x41bf</value>
      </symbol>
      <symbol id="sm-993">
         <name>EUSCIB2_IRQHandler</name>
         <value>0x41bf</value>
      </symbol>
      <symbol id="sm-994">
         <name>EUSCIB3_IRQHandler</name>
         <value>0x41bf</value>
      </symbol>
      <symbol id="sm-995">
         <name>ADC14_IRQHandler</name>
         <value>0x1fcf</value>
      </symbol>
      <symbol id="sm-996">
         <name>T32_INT1_IRQHandler</name>
         <value>0x41bf</value>
      </symbol>
      <symbol id="sm-997">
         <name>T32_INT2_IRQHandler</name>
         <value>0x41bf</value>
      </symbol>
      <symbol id="sm-998">
         <name>T32_INTC_IRQHandler</name>
         <value>0x41bf</value>
      </symbol>
      <symbol id="sm-999">
         <name>AES256_IRQHandler</name>
         <value>0x41bf</value>
      </symbol>
      <symbol id="sm-99a">
         <name>RTC_C_IRQHandler</name>
         <value>0x41bf</value>
      </symbol>
      <symbol id="sm-99b">
         <name>DMA_ERR_IRQHandler</name>
         <value>0x41bf</value>
      </symbol>
      <symbol id="sm-99c">
         <name>DMA_INT3_IRQHandler</name>
         <value>0x41bf</value>
      </symbol>
      <symbol id="sm-99d">
         <name>DMA_INT2_IRQHandler</name>
         <value>0x41bf</value>
      </symbol>
      <symbol id="sm-99e">
         <name>DMA_INT1_IRQHandler</name>
         <value>0x41bf</value>
      </symbol>
      <symbol id="sm-99f">
         <name>DMA_INT0_IRQHandler</name>
         <value>0x41bf</value>
      </symbol>
      <symbol id="sm-9a0">
         <name>PORT1_IRQHandler</name>
         <value>0x41bf</value>
      </symbol>
      <symbol id="sm-9a1">
         <name>PORT2_IRQHandler</name>
         <value>0x41bf</value>
      </symbol>
      <symbol id="sm-9a2">
         <name>PORT3_IRQHandler</name>
         <value>0x41bf</value>
      </symbol>
      <symbol id="sm-9a3">
         <name>PORT4_IRQHandler</name>
         <value>0x41bf</value>
      </symbol>
      <symbol id="sm-9a4">
         <name>PORT5_IRQHandler</name>
         <value>0x41bf</value>
      </symbol>
      <symbol id="sm-9a5">
         <name>PORT6_IRQHandler</name>
         <value>0x41bf</value>
      </symbol>
   </symbol_table>
   <title>Link successful</title>
</link_info>
