<?xml version="1.0" encoding="ISO-8859-1" ?>
<link_info>
   <banner>TI ARM Linker Unix v20.2.7.LTS</banner>
   <copyright>Copyright (c) 1996-2018 Texas Instruments Incorporated</copyright>
   <link_time>0x63d6634c</link_time>
   <link_errors>0x0</link_errors>
   <output_file>Sender2.out</output_file>
   <entry_point>
      <name>_c_int00_noargs</name>
      <address>0x5605</address>
   </entry_point>
   <input_file_list>
      <input_file id="fl-2">
         <path>./</path>
         <kind>object</kind>
         <file>ConnectionUart.obj</file>
         <name>ConnectionUart.obj</name>
      </input_file>
      <input_file id="fl-3">
         <path>./</path>
         <kind>object</kind>
         <file>Display.obj</file>
         <name>Display.obj</name>
      </input_file>
      <input_file id="fl-4">
         <path>./</path>
         <kind>object</kind>
         <file>Joystick.obj</file>
         <name>Joystick.obj</name>
      </input_file>
      <input_file id="fl-5">
         <path>./</path>
         <kind>object</kind>
         <file>main.obj</file>
         <name>main.obj</name>
      </input_file>
      <input_file id="fl-6">
         <path>./</path>
         <kind>object</kind>
         <file>startup_msp432p401r_ccs.obj</file>
         <name>startup_msp432p401r_ccs.obj</name>
      </input_file>
      <input_file id="fl-7">
         <path>./</path>
         <kind>object</kind>
         <file>system_msp432p401r.obj</file>
         <name>system_msp432p401r.obj</name>
      </input_file>
      <input_file id="fl-8">
         <path>./LcdDriver/</path>
         <kind>object</kind>
         <file>Crystalfontz128x128_ST7735.obj</file>
         <name>Crystalfontz128x128_ST7735.obj</name>
      </input_file>
      <input_file id="fl-9">
         <path>./LcdDriver/</path>
         <kind>object</kind>
         <file>HAL_MSP_EXP432P401R_Crystalfontz128x128_ST7735.obj</file>
         <name>HAL_MSP_EXP432P401R_Crystalfontz128x128_ST7735.obj</name>
      </input_file>
      <input_file id="fl-f">
         <kind>object</kind>
         <file>&lt;internal&gt;</file>
         <name>&lt;internal&gt;</name>
      </input_file>
      <input_file id="fl-c5">
         <path>/Applications/ti/ccs1210/ccs/tools/compiler/ti-cgt-arm_20.2.7.LTS/lib/</path>
         <kind>archive</kind>
         <file>rtsv7M4_T_le_v4SPD16_eabi.lib</file>
         <name>printf.c.obj</name>
      </input_file>
      <input_file id="fl-c6">
         <path>/Applications/ti/ccs1210/ccs/tools/compiler/ti-cgt-arm_20.2.7.LTS/lib/</path>
         <kind>archive</kind>
         <file>rtsv7M4_T_le_v4SPD16_eabi.lib</file>
         <name>_printfi.c.obj</name>
      </input_file>
      <input_file id="fl-c7">
         <path>/Applications/ti/ccs1210/ccs/tools/compiler/ti-cgt-arm_20.2.7.LTS/lib/</path>
         <kind>archive</kind>
         <file>rtsv7M4_T_le_v4SPD16_eabi.lib</file>
         <name>sprintf.c.obj</name>
      </input_file>
      <input_file id="fl-c8">
         <path>/Applications/ti/ccs1210/ccs/tools/compiler/ti-cgt-arm_20.2.7.LTS/lib/</path>
         <kind>archive</kind>
         <file>rtsv7M4_T_le_v4SPD16_eabi.lib</file>
         <name>fputc.c.obj</name>
      </input_file>
      <input_file id="fl-c9">
         <path>/Applications/ti/ccs1210/ccs/tools/compiler/ti-cgt-arm_20.2.7.LTS/lib/</path>
         <kind>archive</kind>
         <file>rtsv7M4_T_le_v4SPD16_eabi.lib</file>
         <name>fputs.c.obj</name>
      </input_file>
      <input_file id="fl-ca">
         <path>/Applications/ti/ccs1210/ccs/tools/compiler/ti-cgt-arm_20.2.7.LTS/lib/</path>
         <kind>archive</kind>
         <file>rtsv7M4_T_le_v4SPD16_eabi.lib</file>
         <name>_io_perm.c.obj</name>
      </input_file>
      <input_file id="fl-cb">
         <path>/Applications/ti/ccs1210/ccs/tools/compiler/ti-cgt-arm_20.2.7.LTS/lib/</path>
         <kind>archive</kind>
         <file>rtsv7M4_T_le_v4SPD16_eabi.lib</file>
         <name>setvbuf.c.obj</name>
      </input_file>
      <input_file id="fl-cc">
         <path>/Applications/ti/ccs1210/ccs/tools/compiler/ti-cgt-arm_20.2.7.LTS/lib/</path>
         <kind>archive</kind>
         <file>rtsv7M4_T_le_v4SPD16_eabi.lib</file>
         <name>fd_add_t2.asm.obj</name>
      </input_file>
      <input_file id="fl-cd">
         <path>/Applications/ti/ccs1210/ccs/tools/compiler/ti-cgt-arm_20.2.7.LTS/lib/</path>
         <kind>archive</kind>
         <file>rtsv7M4_T_le_v4SPD16_eabi.lib</file>
         <name>fd_cmp_t2.asm.obj</name>
      </input_file>
      <input_file id="fl-ce">
         <path>/Applications/ti/ccs1210/ccs/tools/compiler/ti-cgt-arm_20.2.7.LTS/lib/</path>
         <kind>archive</kind>
         <file>rtsv7M4_T_le_v4SPD16_eabi.lib</file>
         <name>fd_div_t2.asm.obj</name>
      </input_file>
      <input_file id="fl-cf">
         <path>/Applications/ti/ccs1210/ccs/tools/compiler/ti-cgt-arm_20.2.7.LTS/lib/</path>
         <kind>archive</kind>
         <file>rtsv7M4_T_le_v4SPD16_eabi.lib</file>
         <name>fd_mul_t2.asm.obj</name>
      </input_file>
      <input_file id="fl-d0">
         <path>/Applications/ti/ccs1210/ccs/tools/compiler/ti-cgt-arm_20.2.7.LTS/lib/</path>
         <kind>archive</kind>
         <file>rtsv7M4_T_le_v4SPD16_eabi.lib</file>
         <name>fd_toi_t2.asm.obj</name>
      </input_file>
      <input_file id="fl-d1">
         <path>/Applications/ti/ccs1210/ccs/tools/compiler/ti-cgt-arm_20.2.7.LTS/lib/</path>
         <kind>archive</kind>
         <file>rtsv7M4_T_le_v4SPD16_eabi.lib</file>
         <name>i_tofd_t2.asm.obj</name>
      </input_file>
      <input_file id="fl-d2">
         <path>/Applications/ti/ccs1210/ccs/tools/compiler/ti-cgt-arm_20.2.7.LTS/lib/</path>
         <kind>archive</kind>
         <file>rtsv7M4_T_le_v4SPD16_eabi.lib</file>
         <name>memcpy_t2.asm.obj</name>
      </input_file>
      <input_file id="fl-d3">
         <path>/Applications/ti/ccs1210/ccs/tools/compiler/ti-cgt-arm_20.2.7.LTS/lib/</path>
         <kind>archive</kind>
         <file>rtsv7M4_T_le_v4SPD16_eabi.lib</file>
         <name>memset_t2.asm.obj</name>
      </input_file>
      <input_file id="fl-d4">
         <path>/Applications/ti/ccs1210/ccs/tools/compiler/ti-cgt-arm_20.2.7.LTS/lib/</path>
         <kind>archive</kind>
         <file>rtsv7M4_T_le_v4SPD16_eabi.lib</file>
         <name>ull_div_t2.asm.obj</name>
      </input_file>
      <input_file id="fl-d5">
         <path>/Applications/ti/ccs1210/ccs/tools/compiler/ti-cgt-arm_20.2.7.LTS/lib/</path>
         <kind>archive</kind>
         <file>rtsv7M4_T_le_v4SPD16_eabi.lib</file>
         <name>copy_zero_init.c.obj</name>
      </input_file>
      <input_file id="fl-d6">
         <path>/Applications/ti/ccs1210/ccs/tools/compiler/ti-cgt-arm_20.2.7.LTS/lib/</path>
         <kind>archive</kind>
         <file>rtsv7M4_T_le_v4SPD16_eabi.lib</file>
         <name>copy_decompress_none.c.obj</name>
      </input_file>
      <input_file id="fl-d7">
         <path>/Applications/ti/ccs1210/ccs/tools/compiler/ti-cgt-arm_20.2.7.LTS/lib/</path>
         <kind>archive</kind>
         <file>rtsv7M4_T_le_v4SPD16_eabi.lib</file>
         <name>copy_decompress_lzss.c.obj</name>
      </input_file>
      <input_file id="fl-d8">
         <path>/Applications/ti/ccs1210/ccs/tools/compiler/ti-cgt-arm_20.2.7.LTS/lib/</path>
         <kind>archive</kind>
         <file>rtsv7M4_T_le_v4SPD16_eabi.lib</file>
         <name>exit.c.obj</name>
      </input_file>
      <input_file id="fl-d9">
         <path>/Applications/ti/ccs1210/ccs/tools/compiler/ti-cgt-arm_20.2.7.LTS/lib/</path>
         <kind>archive</kind>
         <file>rtsv7M4_T_le_v4SPD16_eabi.lib</file>
         <name>_lock.c.obj</name>
      </input_file>
      <input_file id="fl-da">
         <path>/Applications/ti/ccs1210/ccs/tools/compiler/ti-cgt-arm_20.2.7.LTS/lib/</path>
         <kind>archive</kind>
         <file>rtsv7M4_T_le_v4SPD16_eabi.lib</file>
         <name>_ltoa.c.obj</name>
      </input_file>
      <input_file id="fl-db">
         <path>/Applications/ti/ccs1210/ccs/tools/compiler/ti-cgt-arm_20.2.7.LTS/lib/</path>
         <kind>archive</kind>
         <file>rtsv7M4_T_le_v4SPD16_eabi.lib</file>
         <name>atoi.c.obj</name>
      </input_file>
      <input_file id="fl-dc">
         <path>/Applications/ti/ccs1210/ccs/tools/compiler/ti-cgt-arm_20.2.7.LTS/lib/</path>
         <kind>archive</kind>
         <file>rtsv7M4_T_le_v4SPD16_eabi.lib</file>
         <name>ctype.c.obj</name>
      </input_file>
      <input_file id="fl-dd">
         <path>/Applications/ti/ccs1210/ccs/tools/compiler/ti-cgt-arm_20.2.7.LTS/lib/</path>
         <kind>archive</kind>
         <file>rtsv7M4_T_le_v4SPD16_eabi.lib</file>
         <name>defs.c.obj</name>
      </input_file>
      <input_file id="fl-de">
         <path>/Applications/ti/ccs1210/ccs/tools/compiler/ti-cgt-arm_20.2.7.LTS/lib/</path>
         <kind>archive</kind>
         <file>rtsv7M4_T_le_v4SPD16_eabi.lib</file>
         <name>memccpy.c.obj</name>
      </input_file>
      <input_file id="fl-df">
         <path>/Applications/ti/ccs1210/ccs/tools/compiler/ti-cgt-arm_20.2.7.LTS/lib/</path>
         <kind>archive</kind>
         <file>rtsv7M4_T_le_v4SPD16_eabi.lib</file>
         <name>memchr.c.obj</name>
      </input_file>
      <input_file id="fl-e0">
         <path>/Applications/ti/ccs1210/ccs/tools/compiler/ti-cgt-arm_20.2.7.LTS/lib/</path>
         <kind>archive</kind>
         <file>rtsv7M4_T_le_v4SPD16_eabi.lib</file>
         <name>memory.c.obj</name>
      </input_file>
      <input_file id="fl-e1">
         <path>/Applications/ti/ccs1210/ccs/tools/compiler/ti-cgt-arm_20.2.7.LTS/lib/</path>
         <kind>archive</kind>
         <file>rtsv7M4_T_le_v4SPD16_eabi.lib</file>
         <name>strchr.c.obj</name>
      </input_file>
      <input_file id="fl-e2">
         <path>/Applications/ti/ccs1210/ccs/tools/compiler/ti-cgt-arm_20.2.7.LTS/lib/</path>
         <kind>archive</kind>
         <file>rtsv7M4_T_le_v4SPD16_eabi.lib</file>
         <name>strcpy.c.obj</name>
      </input_file>
      <input_file id="fl-e3">
         <path>/Applications/ti/ccs1210/ccs/tools/compiler/ti-cgt-arm_20.2.7.LTS/lib/</path>
         <kind>archive</kind>
         <file>rtsv7M4_T_le_v4SPD16_eabi.lib</file>
         <name>strlen.c.obj</name>
      </input_file>
      <input_file id="fl-e4">
         <path>/Applications/ti/ccs1210/ccs/tools/compiler/ti-cgt-arm_20.2.7.LTS/lib/</path>
         <kind>archive</kind>
         <file>rtsv7M4_T_le_v4SPD16_eabi.lib</file>
         <name>boot_cortex_m.c.obj</name>
      </input_file>
      <input_file id="fl-e5">
         <path>/Applications/ti/ccs1210/ccs/tools/compiler/ti-cgt-arm_20.2.7.LTS/lib/</path>
         <kind>archive</kind>
         <file>rtsv7M4_T_le_v4SPD16_eabi.lib</file>
         <name>write.c.obj</name>
      </input_file>
      <input_file id="fl-e6">
         <path>/Applications/ti/ccs1210/ccs/tools/compiler/ti-cgt-arm_20.2.7.LTS/lib/</path>
         <kind>archive</kind>
         <file>rtsv7M4_T_le_v4SPD16_eabi.lib</file>
         <name>host_device.c.obj</name>
      </input_file>
      <input_file id="fl-e7">
         <path>/Applications/ti/ccs1210/ccs/tools/compiler/ti-cgt-arm_20.2.7.LTS/lib/</path>
         <kind>archive</kind>
         <file>rtsv7M4_T_le_v4SPD16_eabi.lib</file>
         <name>errno.c.obj</name>
      </input_file>
      <input_file id="fl-e8">
         <path>/Applications/ti/ccs1210/ccs/tools/compiler/ti-cgt-arm_20.2.7.LTS/lib/</path>
         <kind>archive</kind>
         <file>rtsv7M4_T_le_v4SPD16_eabi.lib</file>
         <name>wcslen.c.obj</name>
      </input_file>
      <input_file id="fl-e9">
         <path>/Applications/ti/ccs1210/ccs/tools/compiler/ti-cgt-arm_20.2.7.LTS/lib/</path>
         <kind>archive</kind>
         <file>rtsv7M4_T_le_v4SPD16_eabi.lib</file>
         <name>s_frexp.c.obj</name>
      </input_file>
      <input_file id="fl-ea">
         <path>/Applications/ti/ccs1210/ccs/tools/compiler/ti-cgt-arm_20.2.7.LTS/lib/</path>
         <kind>archive</kind>
         <file>rtsv7M4_T_le_v4SPD16_eabi.lib</file>
         <name>s_scalbn.c.obj</name>
      </input_file>
      <input_file id="fl-eb">
         <path>/Applications/ti/ccs1210/ccs/tools/compiler/ti-cgt-arm_20.2.7.LTS/lib/</path>
         <kind>archive</kind>
         <file>rtsv7M4_T_le_v4SPD16_eabi.lib</file>
         <name>fflush.c.obj</name>
      </input_file>
      <input_file id="fl-ec">
         <path>/Applications/ti/ccs1210/ccs/tools/compiler/ti-cgt-arm_20.2.7.LTS/lib/</path>
         <kind>archive</kind>
         <file>rtsv7M4_T_le_v4SPD16_eabi.lib</file>
         <name>fopen.c.obj</name>
      </input_file>
      <input_file id="fl-ed">
         <path>/Applications/ti/ccs1210/ccs/tools/compiler/ti-cgt-arm_20.2.7.LTS/lib/</path>
         <kind>archive</kind>
         <file>rtsv7M4_T_le_v4SPD16_eabi.lib</file>
         <name>fseek.c.obj</name>
      </input_file>
      <input_file id="fl-ee">
         <path>/Applications/ti/ccs1210/ccs/tools/compiler/ti-cgt-arm_20.2.7.LTS/lib/</path>
         <kind>archive</kind>
         <file>rtsv7M4_T_le_v4SPD16_eabi.lib</file>
         <name>div0.asm.obj</name>
      </input_file>
      <input_file id="fl-ef">
         <path>/Applications/ti/ccs1210/ccs/tools/compiler/ti-cgt-arm_20.2.7.LTS/lib/</path>
         <kind>archive</kind>
         <file>rtsv7M4_T_le_v4SPD16_eabi.lib</file>
         <name>autoinit.c.obj</name>
      </input_file>
      <input_file id="fl-f0">
         <path>/Applications/ti/ccs1210/ccs/tools/compiler/ti-cgt-arm_20.2.7.LTS/lib/</path>
         <kind>archive</kind>
         <file>rtsv7M4_T_le_v4SPD16_eabi.lib</file>
         <name>pre_init.c.obj</name>
      </input_file>
      <input_file id="fl-f1">
         <path>/Applications/ti/ccs1210/ccs/tools/compiler/ti-cgt-arm_20.2.7.LTS/lib/</path>
         <kind>archive</kind>
         <file>rtsv7M4_T_le_v4SPD16_eabi.lib</file>
         <name>cpy_tbl.c.obj</name>
      </input_file>
      <input_file id="fl-f2">
         <path>/Applications/ti/ccs1210/ccs/tools/compiler/ti-cgt-arm_20.2.7.LTS/lib/</path>
         <kind>archive</kind>
         <file>rtsv7M4_T_le_v4SPD16_eabi.lib</file>
         <name>args_main.c.obj</name>
      </input_file>
      <input_file id="fl-f3">
         <path>/Applications/ti/ccs1210/ccs/tools/compiler/ti-cgt-arm_20.2.7.LTS/lib/</path>
         <kind>archive</kind>
         <file>rtsv7M4_T_le_v4SPD16_eabi.lib</file>
         <name>hostclose.c.obj</name>
      </input_file>
      <input_file id="fl-f4">
         <path>/Applications/ti/ccs1210/ccs/tools/compiler/ti-cgt-arm_20.2.7.LTS/lib/</path>
         <kind>archive</kind>
         <file>rtsv7M4_T_le_v4SPD16_eabi.lib</file>
         <name>hostlseek.c.obj</name>
      </input_file>
      <input_file id="fl-f5">
         <path>/Applications/ti/ccs1210/ccs/tools/compiler/ti-cgt-arm_20.2.7.LTS/lib/</path>
         <kind>archive</kind>
         <file>rtsv7M4_T_le_v4SPD16_eabi.lib</file>
         <name>hostopen.c.obj</name>
      </input_file>
      <input_file id="fl-f6">
         <path>/Applications/ti/ccs1210/ccs/tools/compiler/ti-cgt-arm_20.2.7.LTS/lib/</path>
         <kind>archive</kind>
         <file>rtsv7M4_T_le_v4SPD16_eabi.lib</file>
         <name>hostread.c.obj</name>
      </input_file>
      <input_file id="fl-f7">
         <path>/Applications/ti/ccs1210/ccs/tools/compiler/ti-cgt-arm_20.2.7.LTS/lib/</path>
         <kind>archive</kind>
         <file>rtsv7M4_T_le_v4SPD16_eabi.lib</file>
         <name>hostrename.c.obj</name>
      </input_file>
      <input_file id="fl-f8">
         <path>/Applications/ti/ccs1210/ccs/tools/compiler/ti-cgt-arm_20.2.7.LTS/lib/</path>
         <kind>archive</kind>
         <file>rtsv7M4_T_le_v4SPD16_eabi.lib</file>
         <name>hostunlink.c.obj</name>
      </input_file>
      <input_file id="fl-f9">
         <path>/Applications/ti/ccs1210/ccs/tools/compiler/ti-cgt-arm_20.2.7.LTS/lib/</path>
         <kind>archive</kind>
         <file>rtsv7M4_T_le_v4SPD16_eabi.lib</file>
         <name>hostwrite.c.obj</name>
      </input_file>
      <input_file id="fl-fa">
         <path>/Applications/ti/ccs1210/ccs/tools/compiler/ti-cgt-arm_20.2.7.LTS/lib/</path>
         <kind>archive</kind>
         <file>rtsv7M4_T_le_v4SPD16_eabi.lib</file>
         <name>trgmsg.c.obj</name>
      </input_file>
      <input_file id="fl-fb">
         <path>/Applications/ti/ccs1210/ccs/tools/compiler/ti-cgt-arm_20.2.7.LTS/lib/</path>
         <kind>archive</kind>
         <file>rtsv7M4_T_le_v4SPD16_eabi.lib</file>
         <name>open.c.obj</name>
      </input_file>
      <input_file id="fl-fc">
         <path>/Applications/ti/ccs1210/ccs/tools/compiler/ti-cgt-arm_20.2.7.LTS/lib/</path>
         <kind>archive</kind>
         <file>rtsv7M4_T_le_v4SPD16_eabi.lib</file>
         <name>lseek.c.obj</name>
      </input_file>
      <input_file id="fl-fd">
         <path>/Applications/ti/ccs1210/ccs/tools/compiler/ti-cgt-arm_20.2.7.LTS/lib/</path>
         <kind>archive</kind>
         <file>rtsv7M4_T_le_v4SPD16_eabi.lib</file>
         <name>s_copysign.c.obj</name>
      </input_file>
      <input_file id="fl-fe">
         <path>/Applications/ti/ccs1210/ccs/tools/compiler/ti-cgt-arm_20.2.7.LTS/lib/</path>
         <kind>archive</kind>
         <file>rtsv7M4_T_le_v4SPD16_eabi.lib</file>
         <name>fclose.c.obj</name>
      </input_file>
      <input_file id="fl-ff">
         <path>/Applications/ti/ccs1210/ccs/tools/compiler/ti-cgt-arm_20.2.7.LTS/lib/</path>
         <kind>archive</kind>
         <file>rtsv7M4_T_le_v4SPD16_eabi.lib</file>
         <name>getdevice.c.obj</name>
      </input_file>
      <input_file id="fl-100">
         <path>/Applications/ti/ccs1210/ccs/tools/compiler/ti-cgt-arm_20.2.7.LTS/lib/</path>
         <kind>archive</kind>
         <file>rtsv7M4_T_le_v4SPD16_eabi.lib</file>
         <name>strcmp.c.obj</name>
      </input_file>
      <input_file id="fl-101">
         <path>/Applications/ti/ccs1210/ccs/tools/compiler/ti-cgt-arm_20.2.7.LTS/lib/</path>
         <kind>archive</kind>
         <file>rtsv7M4_T_le_v4SPD16_eabi.lib</file>
         <name>strncpy.c.obj</name>
      </input_file>
      <input_file id="fl-102">
         <path>/Applications/ti/ccs1210/ccs/tools/compiler/ti-cgt-arm_20.2.7.LTS/lib/</path>
         <kind>archive</kind>
         <file>rtsv7M4_T_le_v4SPD16_eabi.lib</file>
         <name>remove.c.obj</name>
      </input_file>
      <input_file id="fl-103">
         <path>/Applications/ti/ccs1210/ccs/tools/compiler/ti-cgt-arm_20.2.7.LTS/lib/</path>
         <kind>archive</kind>
         <file>rtsv7M4_T_le_v4SPD16_eabi.lib</file>
         <name>close.c.obj</name>
      </input_file>
      <input_file id="fl-104">
         <path>/Applications/ti/ccs1210/ccs/tools/compiler/ti-cgt-arm_20.2.7.LTS/lib/</path>
         <kind>archive</kind>
         <file>rtsv7M4_T_le_v4SPD16_eabi.lib</file>
         <name>unlink.c.obj</name>
      </input_file>
      <input_file id="fl-105">
         <path>/Applications/ti/ccs1210/ccs/tools/compiler/ti-cgt-arm_20.2.7.LTS/simplelink_msp432p4_sdk_3_40_01_02/source/ti/devices/msp432p4xx/driverlib/ccs/</path>
         <kind>archive</kind>
         <file>msp432p4xx_driverlib.lib</file>
         <name>adc14.o</name>
      </input_file>
      <input_file id="fl-106">
         <path>/Applications/ti/ccs1210/ccs/tools/compiler/ti-cgt-arm_20.2.7.LTS/simplelink_msp432p4_sdk_3_40_01_02/source/ti/devices/msp432p4xx/driverlib/ccs/</path>
         <kind>archive</kind>
         <file>msp432p4xx_driverlib.lib</file>
         <name>cs.o</name>
      </input_file>
      <input_file id="fl-107">
         <path>/Applications/ti/ccs1210/ccs/tools/compiler/ti-cgt-arm_20.2.7.LTS/simplelink_msp432p4_sdk_3_40_01_02/source/ti/devices/msp432p4xx/driverlib/ccs/</path>
         <kind>archive</kind>
         <file>msp432p4xx_driverlib.lib</file>
         <name>flash.o</name>
      </input_file>
      <input_file id="fl-108">
         <path>/Applications/ti/ccs1210/ccs/tools/compiler/ti-cgt-arm_20.2.7.LTS/simplelink_msp432p4_sdk_3_40_01_02/source/ti/devices/msp432p4xx/driverlib/ccs/</path>
         <kind>archive</kind>
         <file>msp432p4xx_driverlib.lib</file>
         <name>gpio.o</name>
      </input_file>
      <input_file id="fl-109">
         <path>/Applications/ti/ccs1210/ccs/tools/compiler/ti-cgt-arm_20.2.7.LTS/simplelink_msp432p4_sdk_3_40_01_02/source/ti/devices/msp432p4xx/driverlib/ccs/</path>
         <kind>archive</kind>
         <file>msp432p4xx_driverlib.lib</file>
         <name>interrupt.o</name>
      </input_file>
      <input_file id="fl-10a">
         <path>/Applications/ti/ccs1210/ccs/tools/compiler/ti-cgt-arm_20.2.7.LTS/simplelink_msp432p4_sdk_3_40_01_02/source/ti/devices/msp432p4xx/driverlib/ccs/</path>
         <kind>archive</kind>
         <file>msp432p4xx_driverlib.lib</file>
         <name>pcm.o</name>
      </input_file>
      <input_file id="fl-10b">
         <path>/Applications/ti/ccs1210/ccs/tools/compiler/ti-cgt-arm_20.2.7.LTS/simplelink_msp432p4_sdk_3_40_01_02/source/ti/devices/msp432p4xx/driverlib/ccs/</path>
         <kind>archive</kind>
         <file>msp432p4xx_driverlib.lib</file>
         <name>rtc_c.o</name>
      </input_file>
      <input_file id="fl-10c">
         <path>/Applications/ti/ccs1210/ccs/tools/compiler/ti-cgt-arm_20.2.7.LTS/simplelink_msp432p4_sdk_3_40_01_02/source/ti/devices/msp432p4xx/driverlib/ccs/</path>
         <kind>archive</kind>
         <file>msp432p4xx_driverlib.lib</file>
         <name>spi.o</name>
      </input_file>
      <input_file id="fl-10d">
         <path>/Applications/ti/ccs1210/ccs/tools/compiler/ti-cgt-arm_20.2.7.LTS/simplelink_msp432p4_sdk_3_40_01_02/source/ti/devices/msp432p4xx/driverlib/ccs/</path>
         <kind>archive</kind>
         <file>msp432p4xx_driverlib.lib</file>
         <name>sysctl.o</name>
      </input_file>
      <input_file id="fl-10e">
         <path>/Applications/ti/ccs1210/ccs/tools/compiler/ti-cgt-arm_20.2.7.LTS/simplelink_msp432p4_sdk_3_40_01_02/source/ti/devices/msp432p4xx/driverlib/ccs/</path>
         <kind>archive</kind>
         <file>msp432p4xx_driverlib.lib</file>
         <name>sysctl_a.o</name>
      </input_file>
      <input_file id="fl-10f">
         <path>/Applications/ti/ccs1210/ccs/tools/compiler/ti-cgt-arm_20.2.7.LTS/simplelink_msp432p4_sdk_3_40_01_02/source/ti/devices/msp432p4xx/driverlib/ccs/</path>
         <kind>archive</kind>
         <file>msp432p4xx_driverlib.lib</file>
         <name>uart.o</name>
      </input_file>
      <input_file id="fl-110">
         <path>/Applications/ti/ccs1210/ccs/tools/compiler/ti-cgt-arm_20.2.7.LTS/simplelink_msp432p4_sdk_3_40_01_02/source/ti/devices/msp432p4xx/driverlib/ccs/</path>
         <kind>archive</kind>
         <file>msp432p4xx_driverlib.lib</file>
         <name>wdt_a.o</name>
      </input_file>
      <input_file id="fl-111">
         <path>/Applications/ti/ccs1210/ccs/tools/compiler/ti-cgt-arm_20.2.7.LTS/simplelink_msp432p4_sdk_3_40_01_02/source/ti/devices/msp432p4xx/driverlib/ccs/</path>
         <kind>archive</kind>
         <file>msp432p4xx_driverlib.lib</file>
         <name>cpu.o</name>
      </input_file>
      <input_file id="fl-112">
         <path>/Applications/ti/ccs1210/ccs/tools/compiler/ti-cgt-arm_20.2.7.LTS/simplelink_msp432p4_sdk_3_40_01_02/source/ti/grlib/lib/ccs/m4f/</path>
         <kind>archive</kind>
         <file>grlib.a</file>
         <name>circle.obj</name>
      </input_file>
      <input_file id="fl-113">
         <path>/Applications/ti/ccs1210/ccs/tools/compiler/ti-cgt-arm_20.2.7.LTS/simplelink_msp432p4_sdk_3_40_01_02/source/ti/grlib/lib/ccs/m4f/</path>
         <kind>archive</kind>
         <file>grlib.a</file>
         <name>context.obj</name>
      </input_file>
      <input_file id="fl-114">
         <path>/Applications/ti/ccs1210/ccs/tools/compiler/ti-cgt-arm_20.2.7.LTS/simplelink_msp432p4_sdk_3_40_01_02/source/ti/grlib/lib/ccs/m4f/</path>
         <kind>archive</kind>
         <file>grlib.a</file>
         <name>display.obj</name>
      </input_file>
      <input_file id="fl-115">
         <path>/Applications/ti/ccs1210/ccs/tools/compiler/ti-cgt-arm_20.2.7.LTS/simplelink_msp432p4_sdk_3_40_01_02/source/ti/grlib/lib/ccs/m4f/</path>
         <kind>archive</kind>
         <file>grlib.a</file>
         <name>fontfixed6x8.obj</name>
      </input_file>
      <input_file id="fl-116">
         <path>/Applications/ti/ccs1210/ccs/tools/compiler/ti-cgt-arm_20.2.7.LTS/simplelink_msp432p4_sdk_3_40_01_02/source/ti/grlib/lib/ccs/m4f/</path>
         <kind>archive</kind>
         <file>grlib.a</file>
         <name>line.obj</name>
      </input_file>
      <input_file id="fl-117">
         <path>/Applications/ti/ccs1210/ccs/tools/compiler/ti-cgt-arm_20.2.7.LTS/simplelink_msp432p4_sdk_3_40_01_02/source/ti/grlib/lib/ccs/m4f/</path>
         <kind>archive</kind>
         <file>grlib.a</file>
         <name>rectangle.obj</name>
      </input_file>
      <input_file id="fl-118">
         <path>/Applications/ti/ccs1210/ccs/tools/compiler/ti-cgt-arm_20.2.7.LTS/simplelink_msp432p4_sdk_3_40_01_02/source/ti/grlib/lib/ccs/m4f/</path>
         <kind>archive</kind>
         <file>grlib.a</file>
         <name>string.obj</name>
      </input_file>
   </input_file_list>
   <object_component_list>
      <object_component id="oc-26">
         <name>.intvecs:retain</name>
         <load_address>0x0</load_address>
         <run_address>0x0</run_address>
         <size>0xe4</size>
         <input_file_ref idref="fl-6"/>
      </object_component>
      <object_component id="oc-2ca">
         <name>.text:__TI_printfi</name>
         <load_address>0xe4</load_address>
         <run_address>0xe4</run_address>
         <size>0xa4e</size>
         <input_file_ref idref="fl-c6"/>
      </object_component>
      <object_component id="oc-454">
         <name>.text:_nop</name>
         <load_address>0xb32</load_address>
         <run_address>0xb32</run_address>
         <size>0x2</size>
         <input_file_ref idref="fl-d9"/>
      </object_component>
      <object_component id="oc-275">
         <name>.text</name>
         <load_address>0xb34</load_address>
         <run_address>0xb34</run_address>
         <size>0x680</size>
         <input_file_ref idref="fl-8"/>
      </object_component>
      <object_component id="oc-76">
         <name>.text</name>
         <load_address>0x11b4</load_address>
         <run_address>0x11b4</run_address>
         <size>0x5c0</size>
         <input_file_ref idref="fl-4"/>
      </object_component>
      <object_component id="oc-2a8">
         <name>.text:Graphics_drawString</name>
         <load_address>0x1774</load_address>
         <run_address>0x1774</run_address>
         <size>0x47e</size>
         <input_file_ref idref="fl-118"/>
      </object_component>
      <object_component id="oc-5cb">
         <name>.text</name>
         <load_address>0x1bf2</load_address>
         <run_address>0x1bf2</run_address>
         <size>0x2</size>
         <input_file_ref idref="fl-ee"/>
      </object_component>
      <object_component id="oc-153">
         <name>.text</name>
         <load_address>0x1bf4</load_address>
         <run_address>0x1bf4</run_address>
         <size>0x43c</size>
         <input_file_ref idref="fl-3"/>
      </object_component>
      <object_component id="oc-b8">
         <name>.text</name>
         <load_address>0x2030</load_address>
         <run_address>0x2030</run_address>
         <size>0x334</size>
         <input_file_ref idref="fl-7"/>
      </object_component>
      <object_component id="oc-430">
         <name>.text:_pconv_a</name>
         <load_address>0x2364</load_address>
         <run_address>0x2364</run_address>
         <size>0x270</size>
         <input_file_ref idref="fl-c6"/>
      </object_component>
      <object_component id="oc-293">
         <name>.text:Graphics_fillCircle</name>
         <load_address>0x25d4</load_address>
         <run_address>0x25d4</run_address>
         <size>0x22a</size>
         <input_file_ref idref="fl-112"/>
      </object_component>
      <object_component id="oc-41e">
         <name>.text:_pconv_g</name>
         <load_address>0x2800</load_address>
         <run_address>0x2800</run_address>
         <size>0x1d0</size>
         <input_file_ref idref="fl-c6"/>
      </object_component>
      <object_component id="oc-524">
         <name>.text</name>
         <load_address>0x29d0</load_address>
         <run_address>0x29d0</run_address>
         <size>0x1b6</size>
         <input_file_ref idref="fl-cc"/>
      </object_component>
      <object_component id="oc-244">
         <name>.text:_getIndexForMemRegister</name>
         <load_address>0x2b88</load_address>
         <run_address>0x2b88</run_address>
         <size>0x160</size>
         <input_file_ref idref="fl-105"/>
      </object_component>
      <object_component id="oc-4a7">
         <name>.text:__PCM_setPowerModeAdvanced</name>
         <load_address>0x2ce8</load_address>
         <run_address>0x2ce8</run_address>
         <size>0x15c</size>
         <input_file_ref idref="fl-10a"/>
      </object_component>
      <object_component id="oc-42a">
         <name>.text:_pconv_e</name>
         <load_address>0x2e44</load_address>
         <run_address>0x2e44</run_address>
         <size>0x13c</size>
         <input_file_ref idref="fl-c6"/>
      </object_component>
      <object_component id="oc-50a">
         <name>.text</name>
         <load_address>0x2f80</load_address>
         <run_address>0x2f80</run_address>
         <size>0x136</size>
         <input_file_ref idref="fl-ce"/>
      </object_component>
      <object_component id="oc-1c0">
         <name>.text:CS_initClockSignal</name>
         <load_address>0x30b8</load_address>
         <run_address>0x30b8</run_address>
         <size>0x130</size>
         <input_file_ref idref="fl-106"/>
      </object_component>
      <object_component id="oc-536">
         <name>.text:fcvt</name>
         <load_address>0x31e8</load_address>
         <run_address>0x31e8</run_address>
         <size>0x124</size>
         <input_file_ref idref="fl-c6"/>
      </object_component>
      <object_component id="oc-d7">
         <name>.text:UART_initModule</name>
         <load_address>0x330c</load_address>
         <run_address>0x330c</run_address>
         <size>0x11c</size>
         <input_file_ref idref="fl-10f"/>
      </object_component>
      <object_component id="oc-462">
         <name>.text:fputs</name>
         <load_address>0x3428</load_address>
         <run_address>0x3428</run_address>
         <size>0x114</size>
         <input_file_ref idref="fl-c9"/>
      </object_component>
      <object_component id="oc-54a">
         <name>.text:scalbn</name>
         <load_address>0x353c</load_address>
         <run_address>0x353c</run_address>
         <size>0x110</size>
         <input_file_ref idref="fl-ea"/>
      </object_component>
      <object_component id="oc-224">
         <name>.text:__PCM_setCoreVoltageLevelAdvanced</name>
         <load_address>0x364c</load_address>
         <run_address>0x364c</run_address>
         <size>0x108</size>
         <input_file_ref idref="fl-10a"/>
      </object_component>
      <object_component id="oc-682">
         <name>.text:aligned_alloc</name>
         <load_address>0x3754</load_address>
         <run_address>0x3754</run_address>
         <size>0x100</size>
         <input_file_ref idref="fl-e0"/>
      </object_component>
      <object_component id="oc-505">
         <name>.text</name>
         <load_address>0x3854</load_address>
         <run_address>0x3854</run_address>
         <size>0xfc</size>
         <input_file_ref idref="fl-cf"/>
      </object_component>
      <object_component id="oc-396">
         <name>.text:Graphics_getStringWidth</name>
         <load_address>0x3950</load_address>
         <run_address>0x3950</run_address>
         <size>0xfa</size>
         <input_file_ref idref="fl-118"/>
      </object_component>
      <object_component id="oc-640">
         <name>.text:free</name>
         <load_address>0x3a4c</load_address>
         <run_address>0x3a4c</run_address>
         <size>0xe4</size>
         <input_file_ref idref="fl-e0"/>
      </object_component>
      <object_component id="oc-606">
         <name>.text:setvbuf</name>
         <load_address>0x3b30</load_address>
         <run_address>0x3b30</run_address>
         <size>0xdc</size>
         <input_file_ref idref="fl-cb"/>
      </object_component>
      <object_component id="oc-3ac">
         <name>.text</name>
         <load_address>0x3c0c</load_address>
         <run_address>0x3c0c</run_address>
         <size>0xcc</size>
         <input_file_ref idref="fl-9"/>
      </object_component>
      <object_component id="oc-123">
         <name>.text:ADC14_configureConversionMemory</name>
         <load_address>0x3cd8</load_address>
         <run_address>0x3cd8</run_address>
         <size>0xb4</size>
         <input_file_ref idref="fl-105"/>
      </object_component>
      <object_component id="oc-11d">
         <name>.text:ADC14_configureMultiSequenceMode</name>
         <load_address>0x3d8c</load_address>
         <run_address>0x3d8c</run_address>
         <size>0xb4</size>
         <input_file_ref idref="fl-105"/>
      </object_component>
      <object_component id="oc-413">
         <name>.text:_ltostr</name>
         <load_address>0x3e40</load_address>
         <run_address>0x3e40</run_address>
         <size>0xb1</size>
         <input_file_ref idref="fl-c6"/>
      </object_component>
      <object_component id="oc-4ce">
         <name>.text:SPI_initMaster</name>
         <load_address>0x3ef2</load_address>
         <run_address>0x3ef2</run_address>
         <size>0xb0</size>
         <input_file_ref idref="fl-10c"/>
      </object_component>
      <object_component id="oc-26f">
         <name>.text:Graphics_drawRectangle</name>
         <load_address>0x3fa2</load_address>
         <run_address>0x3fa2</run_address>
         <size>0xa2</size>
         <input_file_ref idref="fl-117"/>
      </object_component>
      <object_component id="oc-39e">
         <name>.text:Graphics_drawLineH</name>
         <load_address>0x4044</load_address>
         <run_address>0x4044</run_address>
         <size>0x9c</size>
         <input_file_ref idref="fl-116"/>
      </object_component>
      <object_component id="oc-3a4">
         <name>.text:Graphics_drawLineV</name>
         <load_address>0x40e0</load_address>
         <run_address>0x40e0</run_address>
         <size>0x9c</size>
         <input_file_ref idref="fl-116"/>
      </object_component>
      <object_component id="oc-3a">
         <name>.text</name>
         <load_address>0x417c</load_address>
         <run_address>0x417c</run_address>
         <size>0x9c</size>
         <input_file_ref idref="fl-d2"/>
      </object_component>
      <object_component id="oc-4fe">
         <name>.text</name>
         <load_address>0x4218</load_address>
         <run_address>0x4218</run_address>
         <size>0x96</size>
         <input_file_ref idref="fl-d4"/>
      </object_component>
      <object_component id="oc-469">
         <name>.text:fputc</name>
         <load_address>0x42b0</load_address>
         <run_address>0x42b0</run_address>
         <size>0x8c</size>
         <input_file_ref idref="fl-c8"/>
      </object_component>
      <object_component id="oc-bf">
         <name>.text:GPIO_setAsPeripheralModuleFunctionInputPin</name>
         <load_address>0x433c</load_address>
         <run_address>0x433c</run_address>
         <size>0x88</size>
         <input_file_ref idref="fl-108"/>
      </object_component>
      <object_component id="oc-4c8">
         <name>.text:GPIO_setAsPeripheralModuleFunctionOutputPin</name>
         <load_address>0x43c4</load_address>
         <run_address>0x43c4</run_address>
         <size>0x88</size>
         <input_file_ref idref="fl-108"/>
      </object_component>
      <object_component id="oc-419">
         <name>.text:__aeabi_cdcmple</name>
         <load_address>0x444c</load_address>
         <run_address>0x444c</run_address>
         <size>0x86</size>
         <input_file_ref idref="fl-cd"/>
      </object_component>
      <object_component id="oc-50f">
         <name>.text:__aeabi_cdrcmple</name>
         <load_address>0x44d2</load_address>
         <run_address>0x44d2</run_address>
         <size>0x86</size>
         <input_file_ref idref="fl-cd"/>
      </object_component>
      <object_component id="oc-147">
         <name>.text:GPIO_getEnabledInterruptStatus</name>
         <load_address>0x4558</load_address>
         <run_address>0x4558</run_address>
         <size>0x84</size>
         <input_file_ref idref="fl-108"/>
      </object_component>
      <object_component id="oc-e9">
         <name>.text:Interrupt_enableInterrupt</name>
         <load_address>0x45dc</load_address>
         <run_address>0x45dc</run_address>
         <size>0x80</size>
         <input_file_ref idref="fl-109"/>
      </object_component>
      <object_component id="oc-9a">
         <name>.text</name>
         <load_address>0x465c</load_address>
         <run_address>0x465c</run_address>
         <size>0x7a</size>
         <input_file_ref idref="fl-d3"/>
      </object_component>
      <object_component id="oc-689">
         <name>.text:__TI_closefile</name>
         <load_address>0x46d8</load_address>
         <run_address>0x46d8</run_address>
         <size>0x74</size>
         <input_file_ref idref="fl-fe"/>
      </object_component>
      <object_component id="oc-6ca">
         <name>.text:split</name>
         <load_address>0x474c</load_address>
         <run_address>0x474c</run_address>
         <size>0x70</size>
         <input_file_ref idref="fl-e0"/>
      </object_component>
      <object_component id="oc-52f">
         <name>.text:_mcpy</name>
         <load_address>0x47bc</load_address>
         <run_address>0x47bc</run_address>
         <size>0x6e</size>
         <input_file_ref idref="fl-c6"/>
      </object_component>
      <object_component id="oc-a6">
         <name>.text</name>
         <load_address>0x482a</load_address>
         <run_address>0x482a</run_address>
         <size>0x6e</size>
         <input_file_ref idref="fl-5"/>
      </object_component>
      <object_component id="oc-6b9">
         <name>.text:HOSTrename</name>
         <load_address>0x4898</load_address>
         <run_address>0x4898</run_address>
         <size>0x6c</size>
         <input_file_ref idref="fl-f7"/>
      </object_component>
      <object_component id="oc-6ad">
         <name>.text:HOSTlseek</name>
         <load_address>0x4904</load_address>
         <run_address>0x4904</run_address>
         <size>0x68</size>
         <input_file_ref idref="fl-f4"/>
      </object_component>
      <object_component id="oc-17">
         <name>.text:decompress:lzss:__TI_decompress_lzss</name>
         <load_address>0x496c</load_address>
         <run_address>0x496c</run_address>
         <size>0x68</size>
         <input_file_ref idref="fl-d7"/>
      </object_component>
      <object_component id="oc-159">
         <name>.text:printf</name>
         <load_address>0x49d4</load_address>
         <run_address>0x49d4</run_address>
         <size>0x68</size>
         <input_file_ref idref="fl-c5"/>
      </object_component>
      <object_component id="oc-544">
         <name>.text:frexp</name>
         <load_address>0x4a3c</load_address>
         <run_address>0x4a3c</run_address>
         <size>0x64</size>
         <input_file_ref idref="fl-e9"/>
      </object_component>
      <object_component id="oc-600">
         <name>.text:fseek</name>
         <load_address>0x4aa0</load_address>
         <run_address>0x4aa0</run_address>
         <size>0x64</size>
         <input_file_ref idref="fl-ed"/>
      </object_component>
      <object_component id="oc-57b">
         <name>.text:__TI_wrt_ok</name>
         <load_address>0x4b04</load_address>
         <run_address>0x4b04</run_address>
         <size>0x62</size>
         <input_file_ref idref="fl-ca"/>
      </object_component>
      <object_component id="oc-695">
         <name>.text:HOSTopen</name>
         <load_address>0x4b68</load_address>
         <run_address>0x4b68</run_address>
         <size>0x60</size>
         <input_file_ref idref="fl-f5"/>
      </object_component>
      <object_component id="oc-353">
         <name>.text:PCM_getCoreVoltageLevel</name>
         <load_address>0x4bc8</load_address>
         <run_address>0x4bc8</run_address>
         <size>0x5e</size>
         <input_file_ref idref="fl-10a"/>
      </object_component>
      <object_component id="oc-6d1">
         <name>.text:close</name>
         <load_address>0x4c28</load_address>
         <run_address>0x4c28</run_address>
         <size>0x5c</size>
         <input_file_ref idref="fl-103"/>
      </object_component>
      <object_component id="oc-34d">
         <name>.text:PCM_getPowerMode</name>
         <load_address>0x4c84</load_address>
         <run_address>0x4c84</run_address>
         <size>0x5a</size>
         <input_file_ref idref="fl-10a"/>
      </object_component>
      <object_component id="oc-70">
         <name>.text</name>
         <load_address>0x4ce0</load_address>
         <run_address>0x4ce0</run_address>
         <size>0x58</size>
         <input_file_ref idref="fl-2"/>
      </object_component>
      <object_component id="oc-f9">
         <name>.text:GPIO_setAsInputPinWithPullUpResistor</name>
         <load_address>0x4d38</load_address>
         <run_address>0x4d38</run_address>
         <size>0x58</size>
         <input_file_ref idref="fl-108"/>
      </object_component>
      <object_component id="oc-6a1">
         <name>.text:HOSTread</name>
         <load_address>0x4d90</load_address>
         <run_address>0x4d90</run_address>
         <size>0x58</size>
         <input_file_ref idref="fl-f6"/>
      </object_component>
      <object_component id="oc-6a7">
         <name>.text:HOSTwrite</name>
         <load_address>0x4de8</load_address>
         <run_address>0x4de8</run_address>
         <size>0x58</size>
         <input_file_ref idref="fl-f9"/>
      </object_component>
      <object_component id="oc-424">
         <name>.text:_pconv_f</name>
         <load_address>0x4e40</load_address>
         <run_address>0x4e40</run_address>
         <size>0x56</size>
         <input_file_ref idref="fl-c6"/>
      </object_component>
      <object_component id="oc-117">
         <name>.text:ADC14_initModule</name>
         <load_address>0x4e98</load_address>
         <run_address>0x4e98</run_address>
         <size>0x54</size>
         <input_file_ref idref="fl-105"/>
      </object_component>
      <object_component id="oc-519">
         <name>.text:__TI_ltoa</name>
         <load_address>0x4eec</load_address>
         <run_address>0x4eec</run_address>
         <size>0x54</size>
         <input_file_ref idref="fl-da"/>
      </object_component>
      <object_component id="oc-27b">
         <name>.text:Graphics_initContext</name>
         <load_address>0x4f40</load_address>
         <run_address>0x4f40</run_address>
         <size>0x52</size>
         <input_file_ref idref="fl-113"/>
      </object_component>
      <object_component id="oc-529">
         <name>.text:_ecpy</name>
         <load_address>0x4f92</load_address>
         <run_address>0x4f92</run_address>
         <size>0x52</size>
         <input_file_ref idref="fl-c6"/>
      </object_component>
      <object_component id="oc-587">
         <name>.text:__TI_doflush</name>
         <load_address>0x4fe4</load_address>
         <run_address>0x4fe4</run_address>
         <size>0x4c</size>
         <input_file_ref idref="fl-eb"/>
      </object_component>
      <object_component id="oc-40d">
         <name>.text:atoi</name>
         <load_address>0x5030</load_address>
         <run_address>0x5030</run_address>
         <size>0x4c</size>
         <input_file_ref idref="fl-db"/>
      </object_component>
      <object_component id="oc-c5">
         <name>.text:FlashCtl_setWaitState</name>
         <load_address>0x507c</load_address>
         <run_address>0x507c</run_address>
         <size>0x48</size>
         <input_file_ref idref="fl-107"/>
      </object_component>
      <object_component id="oc-269">
         <name>.text:Graphics_drawStringCentered</name>
         <load_address>0x50c4</load_address>
         <run_address>0x50c4</run_address>
         <size>0x48</size>
         <input_file_ref idref="fl-118"/>
      </object_component>
      <object_component id="oc-1d9">
         <name>.text:exit</name>
         <load_address>0x510c</load_address>
         <run_address>0x510c</run_address>
         <size>0x48</size>
         <input_file_ref idref="fl-d8"/>
      </object_component>
      <object_component id="oc-514">
         <name>.text</name>
         <load_address>0x5154</load_address>
         <run_address>0x5154</run_address>
         <size>0x48</size>
         <input_file_ref idref="fl-d0"/>
      </object_component>
      <object_component id="oc-69b">
         <name>.text:HOSTclose</name>
         <load_address>0x519c</load_address>
         <run_address>0x519c</run_address>
         <size>0x44</size>
         <input_file_ref idref="fl-f3"/>
      </object_component>
      <object_component id="oc-6b3">
         <name>.text:HOSTunlink</name>
         <load_address>0x51e0</load_address>
         <run_address>0x51e0</run_address>
         <size>0x44</size>
         <input_file_ref idref="fl-f8"/>
      </object_component>
      <object_component id="oc-1df">
         <name>.text:__TI_auto_init_nobinit_nopinit:__TI_auto_init_nobinit_nopinit</name>
         <load_address>0x5224</load_address>
         <run_address>0x5224</run_address>
         <size>0x44</size>
         <input_file_ref idref="fl-ef"/>
      </object_component>
      <object_component id="oc-703">
         <name>.text:getdevice</name>
         <load_address>0x5268</load_address>
         <run_address>0x5268</run_address>
         <size>0x44</size>
         <input_file_ref idref="fl-ff"/>
      </object_component>
      <object_component id="oc-105">
         <name>.text:GPIO_setAsOutputPin</name>
         <load_address>0x52ac</load_address>
         <run_address>0x52ac</run_address>
         <size>0x40</size>
         <input_file_ref idref="fl-108"/>
      </object_component>
      <object_component id="oc-3e2">
         <name>.text:Graphics_getNumberOfLeadingZeros</name>
         <load_address>0x52ec</load_address>
         <run_address>0x52ec</run_address>
         <size>0x40</size>
         <input_file_ref idref="fl-118"/>
      </object_component>
      <object_component id="oc-5ac">
         <name>.text:is_A_Module</name>
         <load_address>0x532c</load_address>
         <run_address>0x532c</run_address>
         <size>0x40</size>
         <input_file_ref idref="fl-10c"/>
      </object_component>
      <object_component id="oc-174">
         <name>.text:sprintf</name>
         <load_address>0x536c</load_address>
         <run_address>0x536c</run_address>
         <size>0x40</size>
         <input_file_ref idref="fl-c7"/>
      </object_component>
      <object_component id="oc-53c">
         <name>.text:_fcpy</name>
         <load_address>0x53ac</load_address>
         <run_address>0x53ac</run_address>
         <size>0x3e</size>
         <input_file_ref idref="fl-c6"/>
      </object_component>
      <object_component id="oc-17a">
         <name>.text:ADC14_getEnabledInterruptStatus</name>
         <load_address>0x53ec</load_address>
         <run_address>0x53ec</run_address>
         <size>0x38</size>
         <input_file_ref idref="fl-105"/>
      </object_component>
      <object_component id="oc-6e2">
         <name>.text:__TI_writemsg</name>
         <load_address>0x5424</load_address>
         <run_address>0x5424</run_address>
         <size>0x38</size>
         <input_file_ref idref="fl-fa"/>
      </object_component>
      <object_component id="oc-4b7">
         <name>.text:Graphics_drawHorizontalLineOnDisplay</name>
         <load_address>0x545c</load_address>
         <run_address>0x545c</run_address>
         <size>0x36</size>
         <input_file_ref idref="fl-114"/>
      </object_component>
      <object_component id="oc-4bf">
         <name>.text:Graphics_drawVerticalLineOnDisplay</name>
         <load_address>0x5492</load_address>
         <run_address>0x5492</run_address>
         <size>0x36</size>
         <input_file_ref idref="fl-114"/>
      </object_component>
      <object_component id="oc-723">
         <name>.text:strncpy</name>
         <load_address>0x54c8</load_address>
         <run_address>0x54c8</run_address>
         <size>0x36</size>
         <input_file_ref idref="fl-101"/>
      </object_component>
      <object_component id="oc-135">
         <name>.text:ADC14_enableSampleTimer</name>
         <load_address>0x5500</load_address>
         <run_address>0x5500</run_address>
         <size>0x34</size>
         <input_file_ref idref="fl-105"/>
      </object_component>
      <object_component id="oc-d1">
         <name>.text:CS_setDCOCenteredFrequency</name>
         <load_address>0x5534</load_address>
         <run_address>0x5534</run_address>
         <size>0x34</size>
         <input_file_ref idref="fl-106"/>
      </object_component>
      <object_component id="oc-165">
         <name>.text:UART_transmitData</name>
         <load_address>0x5568</load_address>
         <run_address>0x5568</run_address>
         <size>0x34</size>
         <input_file_ref idref="fl-10f"/>
      </object_component>
      <object_component id="oc-64c">
         <name>.text:__TI_cleanup</name>
         <load_address>0x559c</load_address>
         <run_address>0x559c</run_address>
         <size>0x34</size>
         <input_file_ref idref="fl-ec"/>
      </object_component>
      <object_component id="oc-6e8">
         <name>.text:__TI_readmsg</name>
         <load_address>0x55d0</load_address>
         <run_address>0x55d0</run_address>
         <size>0x34</size>
         <input_file_ref idref="fl-fa"/>
      </object_component>
      <object_component id="oc-58">
         <name>.text:_c_int00_noargs:_c_int00_noargs</name>
         <load_address>0x5604</load_address>
         <run_address>0x5604</run_address>
         <size>0x34</size>
         <input_file_ref idref="fl-e4"/>
      </object_component>
      <object_component id="oc-180">
         <name>.text:ADC14_clearInterruptFlag</name>
         <load_address>0x5638</load_address>
         <run_address>0x5638</run_address>
         <size>0x30</size>
         <input_file_ref idref="fl-105"/>
      </object_component>
      <object_component id="oc-129">
         <name>.text:ADC14_enableInterrupt</name>
         <load_address>0x5668</load_address>
         <run_address>0x5668</run_address>
         <size>0x30</size>
         <input_file_ref idref="fl-105"/>
      </object_component>
      <object_component id="oc-e3">
         <name>.text:UART_enableInterrupt</name>
         <load_address>0x5698</load_address>
         <run_address>0x5698</run_address>
         <size>0x30</size>
         <input_file_ref idref="fl-10f"/>
      </object_component>
      <object_component id="oc-729">
         <name>.text:finddevice</name>
         <load_address>0x56c8</load_address>
         <run_address>0x56c8</run_address>
         <size>0x30</size>
         <input_file_ref idref="fl-ff"/>
      </object_component>
      <object_component id="oc-51f">
         <name>.text</name>
         <load_address>0x56f8</load_address>
         <run_address>0x56f8</run_address>
         <size>0x2e</size>
         <input_file_ref idref="fl-d1"/>
      </object_component>
      <object_component id="oc-2fd">
         <name>.text:ADC14_getInterruptStatus</name>
         <load_address>0x5728</load_address>
         <run_address>0x5728</run_address>
         <size>0x2c</size>
         <input_file_ref idref="fl-105"/>
      </object_component>
      <object_component id="oc-141">
         <name>.text:ADC14_toggleConversionTrigger</name>
         <load_address>0x5754</load_address>
         <run_address>0x5754</run_address>
         <size>0x2c</size>
         <input_file_ref idref="fl-105"/>
      </object_component>
      <object_component id="oc-3e8">
         <name>.text:Graphics_drawPixelOnDisplay</name>
         <load_address>0x5780</load_address>
         <run_address>0x5780</run_address>
         <size>0x2c</size>
         <input_file_ref idref="fl-114"/>
      </object_component>
      <object_component id="oc-6d7">
         <name>.text:unlink</name>
         <load_address>0x57ac</load_address>
         <run_address>0x57ac</run_address>
         <size>0x2c</size>
         <input_file_ref idref="fl-104"/>
      </object_component>
      <object_component id="oc-13b">
         <name>.text:ADC14_enableConversion</name>
         <load_address>0x57d8</load_address>
         <run_address>0x57d8</run_address>
         <size>0x28</size>
         <input_file_ref idref="fl-105"/>
      </object_component>
      <object_component id="oc-16e">
         <name>.text:ADC14_getResult</name>
         <load_address>0x5800</load_address>
         <run_address>0x5800</run_address>
         <size>0x28</size>
         <input_file_ref idref="fl-105"/>
      </object_component>
      <object_component id="oc-14d">
         <name>.text:GPIO_clearInterruptFlag</name>
         <load_address>0x5828</load_address>
         <run_address>0x5828</run_address>
         <size>0x28</size>
         <input_file_ref idref="fl-108"/>
      </object_component>
      <object_component id="oc-ff">
         <name>.text:GPIO_enableInterrupt</name>
         <load_address>0x5850</load_address>
         <run_address>0x5850</run_address>
         <size>0x28</size>
         <input_file_ref idref="fl-108"/>
      </object_component>
      <object_component id="oc-3b2">
         <name>.text:GPIO_setOutputHighOnPin</name>
         <load_address>0x5878</load_address>
         <run_address>0x5878</run_address>
         <size>0x28</size>
         <input_file_ref idref="fl-108"/>
      </object_component>
      <object_component id="oc-10b">
         <name>.text:GPIO_setOutputLowOnPin</name>
         <load_address>0x58a0</load_address>
         <run_address>0x58a0</run_address>
         <size>0x28</size>
         <input_file_ref idref="fl-108"/>
      </object_component>
      <object_component id="oc-31f">
         <name>.text:PCM_gotoLPM0</name>
         <load_address>0x58c8</load_address>
         <run_address>0x58c8</run_address>
         <size>0x28</size>
         <input_file_ref idref="fl-10a"/>
      </object_component>
      <object_component id="oc-67b">
         <name>.text:free_list_insert</name>
         <load_address>0x58f0</load_address>
         <run_address>0x58f0</run_address>
         <size>0x28</size>
         <input_file_ref idref="fl-e0"/>
      </object_component>
      <object_component id="oc-638">
         <name>.text:lseek</name>
         <load_address>0x5918</load_address>
         <run_address>0x5918</run_address>
         <size>0x28</size>
         <input_file_ref idref="fl-fc"/>
      </object_component>
      <object_component id="oc-58d">
         <name>.text:write</name>
         <load_address>0x5940</load_address>
         <run_address>0x5940</run_address>
         <size>0x28</size>
         <input_file_ref idref="fl-e5"/>
      </object_component>
      <object_component id="oc-25b">
         <name>.text:GPIO_getInterruptStatus</name>
         <load_address>0x5968</load_address>
         <run_address>0x5968</run_address>
         <size>0x24</size>
         <input_file_ref idref="fl-108"/>
      </object_component>
      <object_component id="oc-1c6">
         <name>.text:WDT_A_holdTimer</name>
         <load_address>0x598c</load_address>
         <run_address>0x598c</run_address>
         <size>0x24</size>
         <input_file_ref idref="fl-110"/>
      </object_component>
      <object_component id="oc-581">
         <name>.text:memchr</name>
         <load_address>0x59b0</load_address>
         <run_address>0x59b0</run_address>
         <size>0x20</size>
         <input_file_ref idref="fl-df"/>
      </object_component>
      <object_component id="oc-1cc">
         <name>.text:PCM_gotoLPM0InterruptSafe</name>
         <load_address>0x59d0</load_address>
         <run_address>0x59d0</run_address>
         <size>0x1c</size>
         <input_file_ref idref="fl-10a"/>
      </object_component>
      <object_component id="oc-4d4">
         <name>.text:SPI_enableModule</name>
         <load_address>0x59ec</load_address>
         <run_address>0x59ec</run_address>
         <size>0x1c</size>
         <input_file_ref idref="fl-10c"/>
      </object_component>
      <object_component id="oc-46">
         <name>.text:decompress:ZI:__TI_zero_init_nomemset:__TI_zero_init_nomemset</name>
         <load_address>0x5a08</load_address>
         <run_address>0x5a08</run_address>
         <size>0x1c</size>
         <input_file_ref idref="fl-d5"/>
      </object_component>
      <object_component id="oc-675">
         <name>.text:free_list_remove</name>
         <load_address>0x5a24</load_address>
         <run_address>0x5a24</run_address>
         <size>0x1c</size>
         <input_file_ref idref="fl-e0"/>
      </object_component>
      <object_component id="oc-436">
         <name>.text:memccpy</name>
         <load_address>0x5a40</load_address>
         <run_address>0x5a40</run_address>
         <size>0x1c</size>
         <input_file_ref idref="fl-de"/>
      </object_component>
      <object_component id="oc-38e">
         <name>.text:Graphics_clearDisplayOnDisplay</name>
         <load_address>0x5a5c</load_address>
         <run_address>0x5a5c</run_address>
         <size>0x1a</size>
         <input_file_ref idref="fl-114"/>
      </object_component>
      <object_component id="oc-287">
         <name>.text:Graphics_setBackgroundColor</name>
         <load_address>0x5a76</load_address>
         <run_address>0x5a76</run_address>
         <size>0x1a</size>
         <input_file_ref idref="fl-113"/>
      </object_component>
      <object_component id="oc-28d">
         <name>.text:Graphics_setFont</name>
         <load_address>0x5a90</load_address>
         <run_address>0x5a90</run_address>
         <size>0x1a</size>
         <input_file_ref idref="fl-113"/>
      </object_component>
      <object_component id="oc-5e4">
         <name>.text:copysign</name>
         <load_address>0x5aaa</load_address>
         <run_address>0x5aaa</run_address>
         <size>0x1a</size>
         <input_file_ref idref="fl-fd"/>
      </object_component>
      <object_component id="oc-2ef">
         <name>.text:_outs</name>
         <load_address>0x5ac4</load_address>
         <run_address>0x5ac4</run_address>
         <size>0x18</size>
         <input_file_ref idref="fl-c7"/>
      </object_component>
      <object_component id="oc-73e">
         <name>.text:strcmp</name>
         <load_address>0x5adc</load_address>
         <run_address>0x5adc</run_address>
         <size>0x18</size>
         <input_file_ref idref="fl-100"/>
      </object_component>
      <object_component id="oc-5b4">
         <name>.text:EUSCI_A_SPI_enable</name>
         <load_address>0x5af4</load_address>
         <run_address>0x5af4</run_address>
         <size>0x16</size>
         <input_file_ref idref="fl-10c"/>
      </object_component>
      <object_component id="oc-5ba">
         <name>.text:EUSCI_B_SPI_enable</name>
         <load_address>0x5b0a</load_address>
         <run_address>0x5b0a</run_address>
         <size>0x16</size>
         <input_file_ref idref="fl-10c"/>
      </object_component>
      <object_component id="oc-281">
         <name>.text:Graphics_setForegroundColor</name>
         <load_address>0x5b20</load_address>
         <run_address>0x5b20</run_address>
         <size>0x16</size>
         <input_file_ref idref="fl-113"/>
      </object_component>
      <object_component id="oc-3c6">
         <name>.text:Graphics_translateColorOnDisplay</name>
         <load_address>0x5b36</load_address>
         <run_address>0x5b36</run_address>
         <size>0x16</size>
         <input_file_ref idref="fl-114"/>
      </object_component>
      <object_component id="oc-dd">
         <name>.text:UART_enableModule</name>
         <load_address>0x5b4c</load_address>
         <run_address>0x5b4c</run_address>
         <size>0x16</size>
         <input_file_ref idref="fl-10f"/>
      </object_component>
      <object_component id="oc-550">
         <name>.text:strchr</name>
         <load_address>0x5b62</load_address>
         <run_address>0x5b62</run_address>
         <size>0x16</size>
         <input_file_ref idref="fl-e1"/>
      </object_component>
      <object_component id="oc-359">
         <name>.text:PCM_getPowerState</name>
         <load_address>0x5b78</load_address>
         <run_address>0x5b78</run_address>
         <size>0x14</size>
         <input_file_ref idref="fl-10a"/>
      </object_component>
      <object_component id="oc-15f">
         <name>.text:strcpy</name>
         <load_address>0x5b8c</load_address>
         <run_address>0x5b8c</run_address>
         <size>0x14</size>
         <input_file_ref idref="fl-e2"/>
      </object_component>
      <object_component id="oc-407">
         <name>.text:strlen</name>
         <load_address>0x5ba0</load_address>
         <run_address>0x5ba0</run_address>
         <size>0x14</size>
         <input_file_ref idref="fl-e3"/>
      </object_component>
      <object_component id="oc-263">
         <name>.text:Graphics_clearDisplay</name>
         <load_address>0x5bb4</load_address>
         <run_address>0x5bb4</run_address>
         <size>0x12</size>
         <input_file_ref idref="fl-113"/>
      </object_component>
      <object_component id="oc-3db">
         <name>.text:Graphics_flushOnDisplay</name>
         <load_address>0x5bc6</load_address>
         <run_address>0x5bc6</run_address>
         <size>0x12</size>
         <input_file_ref idref="fl-114"/>
      </object_component>
      <object_component id="oc-43c">
         <name>.text:wcslen</name>
         <load_address>0x5bd8</load_address>
         <run_address>0x5bd8</run_address>
         <size>0x12</size>
         <input_file_ref idref="fl-e8"/>
      </object_component>
      <object_component id="oc-23d">
         <name>.text:ADCIsConversionRunning</name>
         <load_address>0x5bec</load_address>
         <run_address>0x5bec</run_address>
         <size>0x10</size>
         <input_file_ref idref="fl-105"/>
      </object_component>
      <object_component id="oc-1ba">
         <name>.text:Interrupt_disableMaster</name>
         <load_address>0x5bfc</load_address>
         <run_address>0x5bfc</run_address>
         <size>0x10</size>
         <input_file_ref idref="fl-109"/>
      </object_component>
      <object_component id="oc-12f">
         <name>.text:Interrupt_enableMaster</name>
         <load_address>0x5c0c</load_address>
         <run_address>0x5c0c</run_address>
         <size>0x10</size>
         <input_file_ref idref="fl-109"/>
      </object_component>
      <object_component id="oc-ef">
         <name>.text:Interrupt_enableSleepOnIsrExit</name>
         <load_address>0x5c1c</load_address>
         <run_address>0x5c1c</run_address>
         <size>0x10</size>
         <input_file_ref idref="fl-109"/>
      </object_component>
      <object_component id="oc-cb">
         <name>.text:PCM_setCoreVoltageLevel</name>
         <load_address>0x5c2c</load_address>
         <run_address>0x5c2c</run_address>
         <size>0x10</size>
         <input_file_ref idref="fl-10a"/>
      </object_component>
      <object_component id="oc-35f">
         <name>.text:PCM_setPowerMode</name>
         <load_address>0x5c3c</load_address>
         <run_address>0x5c3c</run_address>
         <size>0x10</size>
         <input_file_ref idref="fl-10a"/>
      </object_component>
      <object_component id="oc-2a2">
         <name>.text:Graphics_flushBuffer</name>
         <load_address>0x5c4c</load_address>
         <run_address>0x5c4c</run_address>
         <size>0xe</size>
         <input_file_ref idref="fl-113"/>
      </object_component>
      <object_component id="oc-1d">
         <name>.text:decompress:none:__TI_decompress_none</name>
         <load_address>0x5c5a</load_address>
         <run_address>0x5c5a</run_address>
         <size>0xe</size>
         <input_file_ref idref="fl-d6"/>
      </object_component>
      <object_component id="oc-6a">
         <name>.text</name>
         <load_address>0x5c68</load_address>
         <run_address>0x5c68</run_address>
         <size>0xe</size>
         <input_file_ref idref="fl-6"/>
      </object_component>
      <object_component id="oc-111">
         <name>.text:ADC14_enableModule</name>
         <load_address>0x5c78</load_address>
         <run_address>0x5c78</run_address>
         <size>0xc</size>
         <input_file_ref idref="fl-105"/>
      </object_component>
      <object_component id="oc-316">
         <name>.text:CPU_cpsid</name>
         <load_address>0x5c84</load_address>
         <run_address>0x5c84</run_address>
         <size>0xc</size>
         <input_file_ref idref="fl-111"/>
      </object_component>
      <object_component id="oc-251">
         <name>.text:CPU_cpsie</name>
         <load_address>0x5c90</load_address>
         <run_address>0x5c90</run_address>
         <size>0xc</size>
         <input_file_ref idref="fl-111"/>
      </object_component>
      <object_component id="oc-2f5">
         <name>.text:_outc</name>
         <load_address>0x5c9c</load_address>
         <run_address>0x5c9c</run_address>
         <size>0xa</size>
         <input_file_ref idref="fl-c7"/>
      </object_component>
      <object_component id="oc-442">
         <name>.text:__aeabi_errno_addr</name>
         <load_address>0x5ca8</load_address>
         <run_address>0x5ca8</run_address>
         <size>0x8</size>
         <input_file_ref idref="fl-e7"/>
      </object_component>
      <object_component id="oc-646">
         <name>.text:malloc</name>
         <load_address>0x5cb0</load_address>
         <run_address>0x5cb0</run_address>
         <size>0x8</size>
         <input_file_ref idref="fl-e0"/>
      </object_component>
      <object_component id="oc-484">
         <name>.text:CPU_wfi</name>
         <load_address>0x5cb8</load_address>
         <run_address>0x5cb8</run_address>
         <size>0x4</size>
         <input_file_ref idref="fl-111"/>
      </object_component>
      <object_component id="oc-2dc">
         <name>.text:_outc</name>
         <load_address>0x5cbc</load_address>
         <run_address>0x5cbc</run_address>
         <size>0x4</size>
         <input_file_ref idref="fl-c5"/>
      </object_component>
      <object_component id="oc-2d6">
         <name>.text:_outs</name>
         <load_address>0x5cc0</load_address>
         <run_address>0x5cc0</run_address>
         <size>0x4</size>
         <input_file_ref idref="fl-c5"/>
      </object_component>
      <object_component id="oc-a0">
         <name>.text:_system_pre_init</name>
         <load_address>0x5cc4</load_address>
         <run_address>0x5cc4</run_address>
         <size>0x4</size>
         <input_file_ref idref="fl-f0"/>
      </object_component>
      <object_component id="oc-1d3">
         <name>.text:abort:abort</name>
         <load_address>0x5cc8</load_address>
         <run_address>0x5cc8</run_address>
         <size>0x4</size>
         <input_file_ref idref="fl-d8"/>
      </object_component>
      <object_component id="oc-3d5">
         <name>.const:.string:g_pucFontFixed6x8Data</name>
         <load_address>0x5ccc</load_address>
         <run_address>0x5ccc</run_address>
         <size>0x2f8</size>
         <input_file_ref idref="fl-115"/>
      </object_component>
      <object_component id="oc-4f9">
         <name>.const:.string:_ctypes_</name>
         <load_address>0x5fc4</load_address>
         <run_address>0x5fc4</run_address>
         <size>0x101</size>
         <input_file_ref idref="fl-dc"/>
      </object_component>
      <object_component id="oc-29f">
         <name>.const:g_sFontFixed6x8</name>
         <load_address>0x60c8</load_address>
         <run_address>0x60c8</run_address>
         <size>0xc8</size>
         <input_file_ref idref="fl-115"/>
      </object_component>
      <object_component id="oc-24a">
         <name>.const:_ctlRegs</name>
         <load_address>0x6190</load_address>
         <run_address>0x6190</run_address>
         <size>0x80</size>
         <input_file_ref idref="fl-105"/>
      </object_component>
      <object_component id="oc-215">
         <name>.const:GPIO_PORT_TO_BASE</name>
         <load_address>0x6210</load_address>
         <run_address>0x6210</run_address>
         <size>0x30</size>
         <input_file_ref idref="fl-108"/>
      </object_component>
      <object_component id="oc-f5">
         <name>.const:uartConfig</name>
         <load_address>0x6240</load_address>
         <run_address>0x6240</run_address>
         <size>0x28</size>
         <input_file_ref idref="fl-2"/>
      </object_component>
      <object_component id="oc-29c">
         <name>.const:g_sCrystalfontz128x128_funcs</name>
         <load_address>0x6268</load_address>
         <run_address>0x6268</run_address>
         <size>0x20</size>
         <input_file_ref idref="fl-8"/>
      </object_component>
      <object_component id="oc-4da">
         <name>.const:$P$T0$1</name>
         <load_address>0x6288</load_address>
         <run_address>0x6288</run_address>
         <size>0x1c</size>
         <input_file_ref idref="fl-9"/>
      </object_component>
      <object_component id="oc-3c1">
         <name>.const:$P$T0$1</name>
         <load_address>0x62a4</load_address>
         <run_address>0x62a4</run_address>
         <size>0x8</size>
         <input_file_ref idref="fl-8"/>
      </object_component>
      <object_component id="oc-2b2">
         <name>.const:$P$T0$1</name>
         <load_address>0x62ac</load_address>
         <run_address>0x62ac</run_address>
         <size>0x8</size>
         <input_file_ref idref="fl-3"/>
      </object_component>
      <object_component id="oc-2b5">
         <name>.const:$P$T1$2</name>
         <load_address>0x62b4</load_address>
         <run_address>0x62b4</run_address>
         <size>0x8</size>
         <input_file_ref idref="fl-3"/>
      </object_component>
      <object_component id="oc-2b8">
         <name>.const:$P$T2$3</name>
         <load_address>0x62bc</load_address>
         <run_address>0x62bc</run_address>
         <size>0x8</size>
         <input_file_ref idref="fl-3"/>
      </object_component>
      <object_component id="oc-2bb">
         <name>.const:$P$T3$4</name>
         <load_address>0x62c4</load_address>
         <run_address>0x62c4</run_address>
         <size>0x8</size>
         <input_file_ref idref="fl-3"/>
      </object_component>
      <object_component id="oc-2be">
         <name>.const:$P$T4$5</name>
         <load_address>0x62cc</load_address>
         <run_address>0x62cc</run_address>
         <size>0x8</size>
         <input_file_ref idref="fl-3"/>
      </object_component>
      <object_component id="oc-2c1">
         <name>.const:$P$T5$6</name>
         <load_address>0x62d4</load_address>
         <run_address>0x62d4</run_address>
         <size>0x8</size>
         <input_file_ref idref="fl-3"/>
      </object_component>
      <object_component id="oc-230">
         <name>.const:g_pulEnRegs</name>
         <load_address>0x62dc</load_address>
         <run_address>0x62dc</run_address>
         <size>0x8</size>
         <input_file_ref idref="fl-109"/>
      </object_component>
      <object_component id="oc-77e">
         <name>.cinit..data.load</name>
         <load_address>0x62e8</load_address>
         <run_address>0x62e8</run_address>
         <size>0x74</size>
      </object_component>
      <object_component id="oc-77c">
         <name>__TI_handler_table</name>
         <load_address>0x635c</load_address>
         <run_address>0x635c</run_address>
         <size>0xc</size>
      </object_component>
      <object_component id="oc-77f">
         <name>.cinit..bss.load</name>
         <load_address>0x6368</load_address>
         <run_address>0x6368</run_address>
         <size>0x8</size>
      </object_component>
      <object_component id="oc-77d">
         <name>__TI_cinit_table</name>
         <load_address>0x6370</load_address>
         <run_address>0x6370</run_address>
         <size>0x10</size>
      </object_component>
      <object_component id="oc-750">
         <name>.binit</name>
         <load_address>0x0</load_address>
         <run_address>0x0</run_address>
         <size>0x0</size>
      </object_component>
      <object_component id="oc-16b">
         <name>.data</name>
         <load_address>0x200005b8</load_address>
         <run_address>0x200005b8</run_address>
         <size>0x10</size>
         <input_file_ref idref="fl-4"/>
      </object_component>
      <object_component id="oc-211">
         <name>.data</name>
         <load_address>0x20000608</load_address>
         <run_address>0x20000608</run_address>
         <size>0x4</size>
         <input_file_ref idref="fl-7"/>
      </object_component>
      <object_component id="oc-299">
         <name>.data:g_sCrystalfontz128x128</name>
         <load_address>0x200005c8</load_address>
         <run_address>0x200005c8</run_address>
         <size>0x10</size>
         <input_file_ref idref="fl-8"/>
      </object_component>
      <object_component id="oc-327">
         <name>.data:$O1$$</name>
         <load_address>0x200005e8</load_address>
         <run_address>0x200005e8</run_address>
         <size>0xc</size>
         <input_file_ref idref="fl-d8"/>
      </object_component>
      <object_component id="oc-2d0">
         <name>.data:$O1$$</name>
         <load_address>0x200005f4</load_address>
         <run_address>0x200005f4</run_address>
         <size>0x8</size>
         <input_file_ref idref="fl-d9"/>
      </object_component>
      <object_component id="oc-2d3">
         <name>.data:_ftable</name>
         <load_address>0x20000400</load_address>
         <run_address>0x20000400</run_address>
         <size>0xf0</size>
         <input_file_ref idref="fl-dd"/>
      </object_component>
      <object_component id="oc-68f">
         <name>.data</name>
         <load_address>0x200005d8</load_address>
         <run_address>0x200005d8</run_address>
         <size>0x10</size>
         <input_file_ref idref="fl-dd"/>
      </object_component>
      <object_component id="oc-6c5">
         <name>.data:$O1$$</name>
         <load_address>0x200005fc</load_address>
         <run_address>0x200005fc</run_address>
         <size>0x8</size>
         <input_file_ref idref="fl-e0"/>
      </object_component>
      <object_component id="oc-65f">
         <name>.data:_device</name>
         <load_address>0x200004f0</load_address>
         <run_address>0x200004f0</run_address>
         <size>0x78</size>
         <input_file_ref idref="fl-e6"/>
      </object_component>
      <object_component id="oc-612">
         <name>.data:_stream</name>
         <load_address>0x20000568</load_address>
         <run_address>0x20000568</run_address>
         <size>0x50</size>
         <input_file_ref idref="fl-e6"/>
      </object_component>
      <object_component id="oc-560">
         <name>.data</name>
         <load_address>0x20000604</load_address>
         <run_address>0x20000604</run_address>
         <size>0x4</size>
         <input_file_ref idref="fl-e7"/>
      </object_component>
      <object_component id="oc-70d">
         <name>.bss:_CIOBUF_</name>
         <uninitialized>true</uninitialized>
         <run_address>0x2000060c</run_address>
         <size>0x120</size>
         <input_file_ref idref="fl-fa"/>
      </object_component>
      <object_component id="oc-2ae">
         <name>.common:sContext</name>
         <uninitialized>true</uninitialized>
         <run_address>0x200007e8</run_address>
         <size>0x1c</size>
      </object_component>
      <object_component id="oc-2b1">
         <name>.common:invisibleContext</name>
         <uninitialized>true</uninitialized>
         <run_address>0x200007cc</run_address>
         <size>0x1c</size>
      </object_component>
      <object_component id="oc-3c0">
         <name>.common:Lcd_Orientation</name>
         <uninitialized>true</uninitialized>
         <run_address>0x20000814</run_address>
         <size>0x1</size>
      </object_component>
      <object_component id="oc-3b8">
         <name>.common:Lcd_ScreenWidth</name>
         <uninitialized>true</uninitialized>
         <run_address>0x2000080e</run_address>
         <size>0x2</size>
      </object_component>
      <object_component id="oc-3bb">
         <name>.common:Lcd_ScreenHeigth</name>
         <uninitialized>true</uninitialized>
         <run_address>0x2000080c</run_address>
         <size>0x2</size>
      </object_component>
      <object_component id="oc-3bc">
         <name>.common:Lcd_PenSolid</name>
         <uninitialized>true</uninitialized>
         <run_address>0x20000815</run_address>
         <size>0x1</size>
      </object_component>
      <object_component id="oc-3bd">
         <name>.common:Lcd_FontSolid</name>
         <uninitialized>true</uninitialized>
         <run_address>0x20000813</run_address>
         <size>0x1</size>
      </object_component>
      <object_component id="oc-3be">
         <name>.common:Lcd_FlagRead</name>
         <uninitialized>true</uninitialized>
         <run_address>0x20000812</run_address>
         <size>0x1</size>
      </object_component>
      <object_component id="oc-3bf">
         <name>.common:Lcd_TouchTrim</name>
         <uninitialized>true</uninitialized>
         <run_address>0x20000810</run_address>
         <size>0x2</size>
      </object_component>
      <object_component id="oc-6dd">
         <name>.common:__TI_tmpnams</name>
         <uninitialized>true</uninitialized>
         <run_address>0x2000072c</run_address>
         <size>0xa0</size>
      </object_component>
      <object_component id="oc-6ee">
         <name>.common:parmbuf</name>
         <uninitialized>true</uninitialized>
         <run_address>0x20000804</run_address>
         <size>0x8</size>
      </object_component>
      <object_component id="oc-29">
         <name>.sysmem</name>
         <uninitialized>true</uninitialized>
         <run_address>0x20000000</run_address>
         <size>0x10</size>
         <input_file_ref idref="fl-e0"/>
      </object_component>
      <object_component id="oc-782">
         <name>.sysmem</name>
         <uninitialized>true</uninitialized>
         <run_address>0x20000000</run_address>
         <size>0x0</size>
      </object_component>
      <object_component id="oc-2c">
         <name>.stack</name>
         <uninitialized>true</uninitialized>
         <run_address>0x2000fe00</run_address>
         <size>0x4</size>
         <input_file_ref idref="fl-e4"/>
      </object_component>
      <object_component id="oc-781">
         <name>.stack</name>
         <uninitialized>true</uninitialized>
         <run_address>0x2000fe00</run_address>
         <size>0x0</size>
      </object_component>
      <object_component id="oc-237">
         <name>.debug_info</name>
         <load_address>0x0</load_address>
         <run_address>0x0</run_address>
         <size>0x7c0</size>
         <input_file_ref idref="fl-2"/>
      </object_component>
      <object_component id="oc-f6">
         <name>.debug_info</name>
         <load_address>0x7c0</load_address>
         <run_address>0x7c0</run_address>
         <size>0xe1</size>
         <input_file_ref idref="fl-2"/>
      </object_component>
      <object_component id="oc-72">
         <name>.debug_info</name>
         <load_address>0x8a1</load_address>
[...]
      <symbol id="sm-878">
         <name>HOSTunlink</name>
         <value>0x51e1</value>
         <object_component_ref idref="oc-6b3"/>
      </symbol>
      <symbol id="sm-889">
         <name>HOSTwrite</name>
         <value>0x4de9</value>
         <object_component_ref idref="oc-6a7"/>
      </symbol>
      <symbol id="sm-8ad">
         <name>__TI_readmsg</name>
         <value>0x55d1</value>
         <object_component_ref idref="oc-6e8"/>
      </symbol>
      <symbol id="sm-8ae">
         <name>C$$IO$$</name>
         <value>0x5453</value>
         <object_component_ref idref="oc-6e2"/>
      </symbol>
      <symbol id="sm-8af">
         <name>__CIOBUF_</name>
         <value>0x2000060c</value>
         <object_component_ref idref="oc-70d"/>
      </symbol>
      <symbol id="sm-8b0">
         <name>__TI_writemsg</name>
         <value>0x5425</value>
         <object_component_ref idref="oc-6e2"/>
      </symbol>
      <symbol id="sm-8c1">
         <name>lseek</name>
         <value>0x5919</value>
         <object_component_ref idref="oc-638"/>
      </symbol>
      <symbol id="sm-8cb">
         <name>copysign</name>
         <value>0x5aab</value>
         <object_component_ref idref="oc-5e4"/>
      </symbol>
      <symbol id="sm-8cc">
         <name>copysignl</name>
         <value>0x5aab</value>
         <object_component_ref idref="oc-5e4"/>
      </symbol>
      <symbol id="sm-8e1">
         <name>__TI_closefile</name>
         <value>0x46d9</value>
         <object_component_ref idref="oc-689"/>
      </symbol>
      <symbol id="sm-904">
         <name>finddevice</name>
         <value>0x56c9</value>
         <object_component_ref idref="oc-729"/>
      </symbol>
      <symbol id="sm-905">
         <name>getdevice</name>
         <value>0x5269</value>
         <object_component_ref idref="oc-703"/>
      </symbol>
      <symbol id="sm-914">
         <name>strcmp</name>
         <value>0x5add</value>
         <object_component_ref idref="oc-73e"/>
      </symbol>
      <symbol id="sm-924">
         <name>strncpy</name>
         <value>0x54c9</value>
         <object_component_ref idref="oc-723"/>
      </symbol>
      <symbol id="sm-939">
         <name>close</name>
         <value>0x4c29</value>
         <object_component_ref idref="oc-6d1"/>
      </symbol>
      <symbol id="sm-949">
         <name>unlink</name>
         <value>0x57ad</value>
         <object_component_ref idref="oc-6d7"/>
      </symbol>
      <symbol id="sm-a54">
         <name>ADC14_enableInterrupt</name>
         <value>0x5669</value>
         <object_component_ref idref="oc-129"/>
      </symbol>
      <symbol id="sm-a55">
         <name>ADC14_getInterruptStatus</name>
         <value>0x5729</value>
         <object_component_ref idref="oc-2fd"/>
      </symbol>
      <symbol id="sm-a56">
         <name>ADC14_enableSampleTimer</name>
         <value>0x5501</value>
         <object_component_ref idref="oc-135"/>
      </symbol>
      <symbol id="sm-a57">
         <name>ADC14_enableConversion</name>
         <value>0x57d9</value>
         <object_component_ref idref="oc-13b"/>
      </symbol>
      <symbol id="sm-a58">
         <name>ADC14_toggleConversionTrigger</name>
         <value>0x5755</value>
         <object_component_ref idref="oc-141"/>
      </symbol>
      <symbol id="sm-a59">
         <name>ADC14_getEnabledInterruptStatus</name>
         <value>0x53ed</value>
         <object_component_ref idref="oc-17a"/>
      </symbol>
      <symbol id="sm-a5a">
         <name>ADC14_initModule</name>
         <value>0x4e99</value>
         <object_component_ref idref="oc-117"/>
      </symbol>
      <symbol id="sm-a5b">
         <name>ADC14_configureMultiSequenceMode</name>
         <value>0x3d8d</value>
         <object_component_ref idref="oc-11d"/>
      </symbol>
      <symbol id="sm-a5c">
         <name>ADC14_clearInterruptFlag</name>
         <value>0x5639</value>
         <object_component_ref idref="oc-180"/>
      </symbol>
      <symbol id="sm-a5d">
         <name>ADC14_configureConversionMemory</name>
         <value>0x3cd9</value>
         <object_component_ref idref="oc-123"/>
      </symbol>
      <symbol id="sm-a5e">
         <name>ADC14_enableModule</name>
         <value>0x5c79</value>
         <object_component_ref idref="oc-111"/>
      </symbol>
      <symbol id="sm-a5f">
         <name>ADC14_getResult</name>
         <value>0x5801</value>
         <object_component_ref idref="oc-16e"/>
      </symbol>
      <symbol id="sm-a8e">
         <name>CS_setDCOCenteredFrequency</name>
         <value>0x5535</value>
         <object_component_ref idref="oc-d1"/>
      </symbol>
      <symbol id="sm-a8f">
         <name>CS_initClockSignal</name>
         <value>0x30b9</value>
         <object_component_ref idref="oc-1c0"/>
      </symbol>
      <symbol id="sm-a9e">
         <name>FlashCtl_setWaitState</name>
         <value>0x507d</value>
         <object_component_ref idref="oc-c5"/>
      </symbol>
      <symbol id="sm-b21">
         <name>GPIO_setOutputHighOnPin</name>
         <value>0x5879</value>
         <object_component_ref idref="oc-3b2"/>
      </symbol>
      <symbol id="sm-b22">
         <name>GPIO_setAsInputPinWithPullUpResistor</name>
         <value>0x4d39</value>
         <object_component_ref idref="oc-f9"/>
      </symbol>
      <symbol id="sm-b23">
         <name>GPIO_getInterruptStatus</name>
         <value>0x5969</value>
         <object_component_ref idref="oc-25b"/>
      </symbol>
      <symbol id="sm-b24">
         <name>GPIO_enableInterrupt</name>
         <value>0x5851</value>
         <object_component_ref idref="oc-ff"/>
      </symbol>
      <symbol id="sm-b25">
         <name>GPIO_getEnabledInterruptStatus</name>
         <value>0x4559</value>
         <object_component_ref idref="oc-147"/>
      </symbol>
      <symbol id="sm-b26">
         <name>GPIO_setAsOutputPin</name>
         <value>0x52ad</value>
         <object_component_ref idref="oc-105"/>
      </symbol>
      <symbol id="sm-b27">
         <name>GPIO_setOutputLowOnPin</name>
         <value>0x58a1</value>
         <object_component_ref idref="oc-10b"/>
      </symbol>
      <symbol id="sm-b28">
         <name>GPIO_clearInterruptFlag</name>
         <value>0x5829</value>
         <object_component_ref idref="oc-14d"/>
      </symbol>
      <symbol id="sm-b29">
         <name>GPIO_setAsPeripheralModuleFunctionOutputPin</name>
         <value>0x43c5</value>
         <object_component_ref idref="oc-4c8"/>
      </symbol>
      <symbol id="sm-b2a">
         <name>GPIO_setAsPeripheralModuleFunctionInputPin</name>
         <value>0x433d</value>
         <object_component_ref idref="oc-bf"/>
      </symbol>
      <symbol id="sm-b63">
         <name>Interrupt_disableMaster</name>
         <value>0x5bfd</value>
         <object_component_ref idref="oc-1ba"/>
      </symbol>
      <symbol id="sm-b64">
         <name>Interrupt_enableSleepOnIsrExit</name>
         <value>0x5c1d</value>
         <object_component_ref idref="oc-ef"/>
      </symbol>
      <symbol id="sm-b65">
         <name>Interrupt_enableMaster</name>
         <value>0x5c0d</value>
         <object_component_ref idref="oc-12f"/>
      </symbol>
      <symbol id="sm-b66">
         <name>Interrupt_enableInterrupt</name>
         <value>0x45dd</value>
         <object_component_ref idref="oc-e9"/>
      </symbol>
      <symbol id="sm-bf9">
         <name>PCM_setCoreVoltageLevel</name>
         <value>0x5c2d</value>
         <object_component_ref idref="oc-cb"/>
      </symbol>
      <symbol id="sm-bfa">
         <name>PCM_getCoreVoltageLevel</name>
         <value>0x4bc9</value>
         <object_component_ref idref="oc-353"/>
      </symbol>
      <symbol id="sm-bfb">
         <name>PCM_gotoLPM0InterruptSafe</name>
         <value>0x59d1</value>
         <object_component_ref idref="oc-1cc"/>
      </symbol>
      <symbol id="sm-bfc">
         <name>PCM_getPowerMode</name>
         <value>0x4c85</value>
         <object_component_ref idref="oc-34d"/>
      </symbol>
      <symbol id="sm-bfd">
         <name>PCM_getPowerState</name>
         <value>0x5b79</value>
         <object_component_ref idref="oc-359"/>
      </symbol>
      <symbol id="sm-bfe">
         <name>PCM_gotoLPM0</name>
         <value>0x58c9</value>
         <object_component_ref idref="oc-31f"/>
      </symbol>
      <symbol id="sm-bff">
         <name>PCM_setPowerMode</name>
         <value>0x5c3d</value>
         <object_component_ref idref="oc-35f"/>
      </symbol>
      <symbol id="sm-c3f">
         <name>EUSCI_B_SPI_enable</name>
         <value>0x5b0b</value>
         <object_component_ref idref="oc-5ba"/>
      </symbol>
      <symbol id="sm-c40">
         <name>SPI_enableModule</name>
         <value>0x59ed</value>
         <object_component_ref idref="oc-4d4"/>
      </symbol>
      <symbol id="sm-c41">
         <name>EUSCI_A_SPI_enable</name>
         <value>0x5af5</value>
         <object_component_ref idref="oc-5b4"/>
      </symbol>
      <symbol id="sm-c42">
         <name>SPI_initMaster</name>
         <value>0x3ef3</value>
         <object_component_ref idref="oc-4ce"/>
      </symbol>
      <symbol id="sm-c84">
         <name>UART_enableInterrupt</name>
         <value>0x5699</value>
         <object_component_ref idref="oc-e3"/>
      </symbol>
      <symbol id="sm-c85">
         <name>UART_enableModule</name>
         <value>0x5b4d</value>
         <object_component_ref idref="oc-dd"/>
      </symbol>
      <symbol id="sm-c86">
         <name>UART_transmitData</name>
         <value>0x5569</value>
         <object_component_ref idref="oc-165"/>
      </symbol>
      <symbol id="sm-c87">
         <name>UART_initModule</name>
         <value>0x330d</value>
         <object_component_ref idref="oc-d7"/>
      </symbol>
      <symbol id="sm-c93">
         <name>WDT_A_holdTimer</name>
         <value>0x598d</value>
         <object_component_ref idref="oc-1c6"/>
      </symbol>
      <symbol id="sm-cad">
         <name>CPU_wfi</name>
         <value>0x5cb9</value>
         <object_component_ref idref="oc-484"/>
      </symbol>
      <symbol id="sm-cae">
         <name>CPU_cpsie</name>
         <value>0x5c91</value>
         <object_component_ref idref="oc-251"/>
      </symbol>
      <symbol id="sm-caf">
         <name>CPU_cpsid</name>
         <value>0x5c85</value>
         <object_component_ref idref="oc-316"/>
      </symbol>
      <symbol id="sm-cd1">
         <name>Graphics_fillCircle</name>
         <value>0x25d5</value>
         <object_component_ref idref="oc-293"/>
      </symbol>
      <symbol id="sm-d06">
         <name>Graphics_setBackgroundColor</name>
         <value>0x5a77</value>
         <object_component_ref idref="oc-287"/>
      </symbol>
      <symbol id="sm-d07">
         <name>Graphics_setFont</name>
         <value>0x5a91</value>
         <object_component_ref idref="oc-28d"/>
      </symbol>
      <symbol id="sm-d08">
         <name>Graphics_initContext</name>
         <value>0x4f41</value>
         <object_component_ref idref="oc-27b"/>
      </symbol>
      <symbol id="sm-d09">
         <name>Graphics_setForegroundColor</name>
         <value>0x5b21</value>
         <object_component_ref idref="oc-281"/>
      </symbol>
      <symbol id="sm-d0a">
         <name>Graphics_flushBuffer</name>
         <value>0x5c4d</value>
         <object_component_ref idref="oc-2a2"/>
      </symbol>
      <symbol id="sm-d0b">
         <name>Graphics_clearDisplay</name>
         <value>0x5bb5</value>
         <object_component_ref idref="oc-263"/>
      </symbol>
      <symbol id="sm-d40">
         <name>Graphics_clearDisplayOnDisplay</name>
         <value>0x5a5d</value>
         <object_component_ref idref="oc-38e"/>
      </symbol>
      <symbol id="sm-d41">
         <name>Graphics_flushOnDisplay</name>
         <value>0x5bc7</value>
         <object_component_ref idref="oc-3db"/>
      </symbol>
      <symbol id="sm-d42">
         <name>Graphics_drawPixelOnDisplay</name>
         <value>0x5781</value>
         <object_component_ref idref="oc-3e8"/>
      </symbol>
      <symbol id="sm-d43">
         <name>Graphics_translateColorOnDisplay</name>
         <value>0x5b37</value>
         <object_component_ref idref="oc-3c6"/>
      </symbol>
      <symbol id="sm-d44">
         <name>Graphics_drawHorizontalLineOnDisplay</name>
         <value>0x545d</value>
         <object_component_ref idref="oc-4b7"/>
      </symbol>
      <symbol id="sm-d45">
         <name>Graphics_drawVerticalLineOnDisplay</name>
         <value>0x5493</value>
         <object_component_ref idref="oc-4bf"/>
      </symbol>
      <symbol id="sm-d57">
         <name>g_sFontFixed6x8</name>
         <value>0x60c8</value>
         <object_component_ref idref="oc-29f"/>
      </symbol>
      <symbol id="sm-d78">
         <name>Graphics_drawLineH</name>
         <value>0x4045</value>
         <object_component_ref idref="oc-39e"/>
      </symbol>
      <symbol id="sm-d79">
         <name>Graphics_drawLineV</name>
         <value>0x40e1</value>
         <object_component_ref idref="oc-3a4"/>
      </symbol>
      <symbol id="sm-d87">
         <name>Graphics_drawRectangle</name>
         <value>0x3fa3</value>
         <object_component_ref idref="oc-26f"/>
      </symbol>
      <symbol id="sm-ddf">
         <name>Graphics_drawStringCentered</name>
         <value>0x50c5</value>
         <object_component_ref idref="oc-269"/>
      </symbol>
      <symbol id="sm-de0">
         <name>Graphics_drawString</name>
         <value>0x1775</value>
         <object_component_ref idref="oc-2a8"/>
      </symbol>
      <symbol id="sm-de1">
         <name>Graphics_getStringWidth</name>
         <value>0x3951</value>
         <object_component_ref idref="oc-396"/>
      </symbol>
      <symbol id="sm-de2">
         <name>__TI_static_base__</name>
         <value>0x0</value>
      </symbol>
      <symbol id="sm-de5">
         <name>__mpu_init</name>
         <value>0x0</value>
      </symbol>
      <symbol id="sm-de6">
         <name>_system_post_cinit</name>
         <value>0x0</value>
      </symbol>
      <symbol id="sm-de7">
         <name>NMI_Handler</name>
         <value>0x5c75</value>
      </symbol>
      <symbol id="sm-de8">
         <name>HardFault_Handler</name>
         <value>0x5c75</value>
      </symbol>
      <symbol id="sm-de9">
         <name>MemManage_Handler</name>
         <value>0x5c75</value>
      </symbol>
      <symbol id="sm-dea">
         <name>BusFault_Handler</name>
         <value>0x5c75</value>
      </symbol>
      <symbol id="sm-deb">
         <name>UsageFault_Handler</name>
         <value>0x5c75</value>
      </symbol>
      <symbol id="sm-dec">
         <name>SVC_Handler</name>
         <value>0x5c75</value>
      </symbol>
      <symbol id="sm-ded">
         <name>DebugMon_Handler</name>
         <value>0x5c75</value>
      </symbol>
      <symbol id="sm-dee">
         <name>PendSV_Handler</name>
         <value>0x5c75</value>
      </symbol>
      <symbol id="sm-def">
         <name>SysTick_Handler</name>
         <value>0x5c75</value>
      </symbol>
      <symbol id="sm-df0">
         <name>PSS_IRQHandler</name>
         <value>0x5c75</value>
      </symbol>
      <symbol id="sm-df1">
         <name>CS_IRQHandler</name>
         <value>0x5c75</value>
      </symbol>
      <symbol id="sm-df2">
         <name>PCM_IRQHandler</name>
         <value>0x5c75</value>
      </symbol>
      <symbol id="sm-df3">
         <name>WDT_A_IRQHandler</name>
         <value>0x5c75</value>
      </symbol>
      <symbol id="sm-df4">
         <name>FPU_IRQHandler</name>
         <value>0x5c75</value>
      </symbol>
      <symbol id="sm-df5">
         <name>FLCTL_IRQHandler</name>
         <value>0x5c75</value>
      </symbol>
      <symbol id="sm-df6">
         <name>COMP_E0_IRQHandler</name>
         <value>0x5c75</value>
      </symbol>
      <symbol id="sm-df7">
         <name>COMP_E1_IRQHandler</name>
         <value>0x5c75</value>
      </symbol>
      <symbol id="sm-df8">
         <name>TA0_0_IRQHandler</name>
         <value>0x5c75</value>
      </symbol>
      <symbol id="sm-df9">
         <name>TA0_N_IRQHandler</name>
         <value>0x5c75</value>
      </symbol>
      <symbol id="sm-dfa">
         <name>TA1_0_IRQHandler</name>
         <value>0x5c75</value>
      </symbol>
      <symbol id="sm-dfb">
         <name>TA1_N_IRQHandler</name>
         <value>0x5c75</value>
      </symbol>
      <symbol id="sm-dfc">
         <name>TA2_0_IRQHandler</name>
         <value>0x5c75</value>
      </symbol>
      <symbol id="sm-dfd">
         <name>TA2_N_IRQHandler</name>
         <value>0x5c75</value>
      </symbol>
      <symbol id="sm-dfe">
         <name>TA3_0_IRQHandler</name>
         <value>0x5c75</value>
      </symbol>
      <symbol id="sm-dff">
         <name>TA3_N_IRQHandler</name>
         <value>0x5c75</value>
      </symbol>
      <symbol id="sm-e00">
         <name>EUSCIA0_IRQHandler</name>
         <value>0x5c75</value>
      </symbol>
      <symbol id="sm-e01">
         <name>EUSCIA1_IRQHandler</name>
         <value>0x5c75</value>
      </symbol>
      <symbol id="sm-e02">
         <name>EUSCIA2_IRQHandler</name>
         <value>0x4d2d</value>
      </symbol>
      <symbol id="sm-e03">
         <name>EUSCIA3_IRQHandler</name>
         <value>0x5c75</value>
      </symbol>
      <symbol id="sm-e04">
         <name>EUSCIB0_IRQHandler</name>
         <value>0x5c75</value>
      </symbol>
      <symbol id="sm-e05">
         <name>EUSCIB1_IRQHandler</name>
         <value>0x5c75</value>
      </symbol>
      <symbol id="sm-e06">
         <name>EUSCIB2_IRQHandler</name>
         <value>0x5c75</value>
      </symbol>
      <symbol id="sm-e07">
         <name>EUSCIB3_IRQHandler</name>
         <value>0x5c75</value>
      </symbol>
      <symbol id="sm-e08">
         <name>ADC14_IRQHandler</name>
         <value>0x16ad</value>
      </symbol>
      <symbol id="sm-e09">
         <name>T32_INT1_IRQHandler</name>
         <value>0x5c75</value>
      </symbol>
      <symbol id="sm-e0a">
         <name>T32_INT2_IRQHandler</name>
         <value>0x5c75</value>
      </symbol>
      <symbol id="sm-e0b">
         <name>T32_INTC_IRQHandler</name>
         <value>0x5c75</value>
      </symbol>
      <symbol id="sm-e0c">
         <name>AES256_IRQHandler</name>
         <value>0x5c75</value>
      </symbol>
      <symbol id="sm-e0d">
         <name>RTC_C_IRQHandler</name>
         <value>0x5c75</value>
      </symbol>
      <symbol id="sm-e0e">
         <name>DMA_ERR_IRQHandler</name>
         <value>0x5c75</value>
      </symbol>
      <symbol id="sm-e0f">
         <name>DMA_INT3_IRQHandler</name>
         <value>0x5c75</value>
      </symbol>
      <symbol id="sm-e10">
         <name>DMA_INT2_IRQHandler</name>
         <value>0x5c75</value>
      </symbol>
      <symbol id="sm-e11">
         <name>DMA_INT1_IRQHandler</name>
         <value>0x5c75</value>
      </symbol>
      <symbol id="sm-e12">
         <name>DMA_INT0_IRQHandler</name>
         <value>0x5c75</value>
      </symbol>
      <symbol id="sm-e13">
         <name>PORT1_IRQHandler</name>
         <value>0x129b</value>
      </symbol>
      <symbol id="sm-e14">
         <name>PORT2_IRQHandler</name>
         <value>0x5c75</value>
      </symbol>
      <symbol id="sm-e15">
         <name>PORT3_IRQHandler</name>
         <value>0x12ff</value>
      </symbol>
      <symbol id="sm-e16">
         <name>PORT4_IRQHandler</name>
         <value>0x135b</value>
      </symbol>
      <symbol id="sm-e17">
         <name>PORT5_IRQHandler</name>
         <value>0x13dd</value>
      </symbol>
      <symbol id="sm-e18">
         <name>PORT6_IRQHandler</name>
         <value>0x5c75</value>
      </symbol>
      <symbol id="sm-e19">
         <name>remove</name>
         <value>0x57ad</value>
      </symbol>
   </symbol_table>
   <title>Link successful</title>
</link_info>
