******************************************************************************
                  TI ARM Linker Unix v20.2.7                   
******************************************************************************
>> Linked Sat Jan 28 17:40:29 2023

OUTPUT FILE NAME:   <Sender.out>
ENTRY POINT SYMBOL: "_c_int00_noargs"  address: 00003cfd


MEMORY CONFIGURATION

         name            origin    length      used     unused   attr    fill
----------------------  --------  ---------  --------  --------  ----  --------
  MAIN                  00000000   00040000  00004824  0003b7dc  R  X
  INFO                  00200000   00004000  00000000  00004000  R  X
  SRAM_CODE             01000000   00010000  00000242  0000fdbe  RW X
  SRAM_DATA             20000000   00010000  00000242  0000fdbe  RW  


SEGMENT ALLOCATION MAP

run origin  load origin   length   init length attrs members
----------  ----------- ---------- ----------- ----- -------
00000000    00000000    00004828   00004828    r-x
  00000000    00000000    000000e4   000000e4    r-- .intvecs
  000000e4    000000e4    00004120   00004120    r-x .text
  00004204    00004204    000005e8   000005e8    r-- .const
  000047f0    000047f0    00000038   00000038    r-- .cinit
20000000    20000000    00000044   00000000    rw-
  20000000    20000000    00000026   00000000    rw- .bss
  20000028    20000028    0000001c   00000000    rw- .data
2000fe00    2000fe00    00000200   00000000    rw-
  2000fe00    2000fe00    00000200   00000000    rw- .stack


SECTION ALLOCATION MAP

 output                                  attributes/
section   page    origin      length       input sections
--------  ----  ----------  ----------   ----------------
.intvecs   0    00000000    000000e4     
                  00000000    000000e4     startup_msp432p401r_ccs.obj (.intvecs:retain)

.text      0    000000e4    00004120     
                  000000e4    00000a4e     rtsv7M4_T_le_v4SPD16_eabi.lib : _printfi.c.obj (.text:__TI_printfi)
                  00000b32    00000002                                   : div0.asm.obj (.text)
                  00000b34    00000680     Crystalfontz128x128_ST7735.obj (.text)
                  000011b4    0000047e     grlib.a : string.obj (.text:Graphics_drawString)
                  00001632    00000002     --HOLE-- [fill = 0]
                  00001634    00000334     system_msp432p401r.obj (.text)
                  00001968    00000270     rtsv7M4_T_le_v4SPD16_eabi.lib : _printfi.c.obj (.text:_pconv_a)
                  00001bd8    000001d0                                   : _printfi.c.obj (.text:_pconv_g)
                  00001da8    000001b6                                   : fd_add_t2.asm.obj (.text)
                  00001f5e    00000002     --HOLE-- [fill = 0]
                  00001f60    00000178     Joystick.obj (.text)
                  000020d8    00000160     msp432p4xx_driverlib.lib : adc14.o (.text:_getIndexForMemRegister)
                  00002238    0000015c                              : pcm.o (.text:__PCM_setPowerModeAdvanced)
                  00002394    0000013c     rtsv7M4_T_le_v4SPD16_eabi.lib : _printfi.c.obj (.text:_pconv_e)
                  000024d0    00000136                                   : fd_div_t2.asm.obj (.text)
                  00002606    00000002     --HOLE-- [fill = 0]
                  00002608    00000124                                   : _printfi.c.obj (.text:fcvt)
                  0000272c    0000011c     msp432p4xx_driverlib.lib : uart.o (.text:UART_initModule)
                  00002848    00000110     rtsv7M4_T_le_v4SPD16_eabi.lib : s_scalbn.c.obj (.text:scalbn)
                  00002958    00000108     msp432p4xx_driverlib.lib : pcm.o (.text:__PCM_setCoreVoltageLevelAdvanced)
                  00002a60    000000fc     rtsv7M4_T_le_v4SPD16_eabi.lib : fd_mul_t2.asm.obj (.text)
                  00002b5c    000000fa     grlib.a : string.obj (.text:Graphics_getStringWidth)
                  00002c56    00000002     --HOLE-- [fill = 0]
                  00002c58    000000cc     HAL_MSP_EXP432P401R_Crystalfontz128x128_ST7735.obj (.text)
                  00002d24    000000b4     msp432p4xx_driverlib.lib : adc14.o (.text:ADC14_configureConversionMemory)
                  00002dd8    000000b4                              : adc14.o (.text:ADC14_configureMultiSequenceMode)
                  00002e8c    000000b1     rtsv7M4_T_le_v4SPD16_eabi.lib : _printfi.c.obj (.text:_ltostr)
                  00002f3d    00000001     --HOLE-- [fill = 0]
                  00002f3e    000000b0     msp432p4xx_driverlib.lib : spi.o (.text:SPI_initMaster)
                  00002fee    0000009c     grlib.a : line.obj (.text:Graphics_drawLineH)
                  0000308a    0000009c     rtsv7M4_T_le_v4SPD16_eabi.lib : memcpy_t2.asm.obj (.text)
                  00003126    00000096                                   : ull_div_t2.asm.obj (.text)
                  000031bc    00000088     Display.obj (.text)
                  00003244    00000088     msp432p4xx_driverlib.lib : gpio.o (.text:GPIO_setAsPeripheralModuleFunctionInputPin)
                  000032cc    00000088                              : gpio.o (.text:GPIO_setAsPeripheralModuleFunctionOutputPin)
                  00003354    00000086     rtsv7M4_T_le_v4SPD16_eabi.lib : fd_cmp_t2.asm.obj (.text:__aeabi_cdcmple)
                  000033da    00000086                                   : fd_cmp_t2.asm.obj (.text:__aeabi_cdrcmple)
                  00003460    00000080     msp432p4xx_driverlib.lib : interrupt.o (.text:Interrupt_enableInterrupt)
                  000034e0    0000007a     rtsv7M4_T_le_v4SPD16_eabi.lib : memset_t2.asm.obj (.text)
                  0000355a    0000006e                                   : _printfi.c.obj (.text:_mcpy)
                  000035c8    00000068                                   : copy_decompress_lzss.c.obj (.text:decompress:lzss:__TI_decompress_lzss)
                  00003630    00000064                                   : s_frexp.c.obj (.text:frexp)
                  00003694    0000005e     msp432p4xx_driverlib.lib : pcm.o (.text:PCM_getCoreVoltageLevel)
                  000036f2    0000005a                              : pcm.o (.text:PCM_getPowerMode)
                  0000374c    00000058     ConnectionUart.obj (.text)
                  000037a4    00000056     rtsv7M4_T_le_v4SPD16_eabi.lib : _printfi.c.obj (.text:_pconv_f)
                  000037fa    00000002     --HOLE-- [fill = 0]
                  000037fc    00000054     msp432p4xx_driverlib.lib : adc14.o (.text:ADC14_initModule)
                  00003850    00000054     rtsv7M4_T_le_v4SPD16_eabi.lib : _ltoa.c.obj (.text:__TI_ltoa)
                  000038a4    00000052     grlib.a : context.obj (.text:Graphics_initContext)
                  000038f6    00000052     rtsv7M4_T_le_v4SPD16_eabi.lib : _printfi.c.obj (.text:_ecpy)
                  00003948    0000004c                                   : atoi.c.obj (.text:atoi)
                  00003994    00000048     msp432p4xx_driverlib.lib : flash.o (.text:FlashCtl_setWaitState)
                  000039dc    00000048     grlib.a : string.obj (.text:Graphics_drawStringCentered)
                  00003a24    00000048     rtsv7M4_T_le_v4SPD16_eabi.lib : fd_toi_t2.asm.obj (.text)
                  00003a6c    00000044                                   : autoinit.c.obj (.text:__TI_auto_init_nobinit_nopinit:__TI_auto_init_nobinit_nopinit)
                  00003ab0    00000040     msp432p4xx_driverlib.lib : gpio.o (.text:GPIO_setAsOutputPin)
                  00003af0    00000040     grlib.a : string.obj (.text:Graphics_getNumberOfLeadingZeros)
                  00003b30    00000040     msp432p4xx_driverlib.lib : spi.o (.text:is_A_Module)
                  00003b70    00000040     rtsv7M4_T_le_v4SPD16_eabi.lib : sprintf.c.obj (.text:sprintf)
                  00003bb0    0000003e                                   : _printfi.c.obj (.text:_fcpy)
                  00003bee    00000002     --HOLE-- [fill = 0]
                  00003bf0    00000038     msp432p4xx_driverlib.lib : adc14.o (.text:ADC14_getEnabledInterruptStatus)
                  00003c28    00000036     grlib.a : display.obj (.text:Graphics_drawHorizontalLineOnDisplay)
                  00003c5e    00000002     --HOLE-- [fill = 0]
                  00003c60    00000034     msp432p4xx_driverlib.lib : adc14.o (.text:ADC14_enableSampleTimer)
                  00003c94    00000034                              : cs.o (.text:CS_setDCOCenteredFrequency)
                  00003cc8    00000034                              : uart.o (.text:UART_transmitData)
                  00003cfc    00000034     rtsv7M4_T_le_v4SPD16_eabi.lib : boot_cortex_m.c.obj (.text:_c_int00_noargs:_c_int00_noargs)
                  00003d30    00000030     msp432p4xx_driverlib.lib : adc14.o (.text:ADC14_clearInterruptFlag)
                  00003d60    00000030                              : adc14.o (.text:ADC14_enableInterrupt)
                  00003d90    00000030                              : uart.o (.text:UART_enableInterrupt)
                  00003dc0    0000002e     rtsv7M4_T_le_v4SPD16_eabi.lib : i_tofd_t2.asm.obj (.text)
                  00003dee    00000002     --HOLE-- [fill = 0]
                  00003df0    0000002c     msp432p4xx_driverlib.lib : adc14.o (.text:ADC14_getInterruptStatus)
                  00003e1c    0000002c                              : adc14.o (.text:ADC14_toggleConversionTrigger)
                  00003e48    0000002c     grlib.a : display.obj (.text:Graphics_drawPixelOnDisplay)
                  00003e74    00000028     msp432p4xx_driverlib.lib : adc14.o (.text:ADC14_enableConversion)
                  00003e9c    00000028                              : adc14.o (.text:ADC14_getResult)
                  00003ec4    00000028                              : gpio.o (.text:GPIO_setOutputHighOnPin)
                  00003eec    00000028                              : gpio.o (.text:GPIO_setOutputLowOnPin)
                  00003f14    00000028                              : pcm.o (.text:PCM_gotoLPM0)
                  00003f3c    00000024                              : wdt_a.o (.text:WDT_A_holdTimer)
                  00003f60    00000024     main.obj (.text)
                  00003f84    0000001c     msp432p4xx_driverlib.lib : pcm.o (.text:PCM_gotoLPM0InterruptSafe)
                  00003fa0    0000001c                              : spi.o (.text:SPI_enableModule)
                  00003fbc    0000001c     rtsv7M4_T_le_v4SPD16_eabi.lib : copy_zero_init.c.obj (.text:decompress:ZI:__TI_zero_init_nomemset:__TI_zero_init_nomemset)
                  00003fd8    0000001c                                   : memccpy.c.obj (.text:memccpy)
                  00003ff4    0000001a     grlib.a : display.obj (.text:Graphics_clearDisplayOnDisplay)
                  0000400e    0000001a             : context.obj (.text:Graphics_setBackgroundColor)
                  00004028    0000001a             : context.obj (.text:Graphics_setFont)
                  00004042    0000001a     rtsv7M4_T_le_v4SPD16_eabi.lib : s_copysign.c.obj (.text:copysign)
                  0000405c    00000018                                   : sprintf.c.obj (.text:_outs)
                  00004074    00000016     msp432p4xx_driverlib.lib : spi.o (.text:EUSCI_A_SPI_enable)
                  0000408a    00000016                              : spi.o (.text:EUSCI_B_SPI_enable)
                  000040a0    00000016     grlib.a : context.obj (.text:Graphics_setForegroundColor)
                  000040b6    00000016             : display.obj (.text:Graphics_translateColorOnDisplay)
                  000040cc    00000016     msp432p4xx_driverlib.lib : uart.o (.text:UART_enableModule)
                  000040e2    00000016     rtsv7M4_T_le_v4SPD16_eabi.lib : strchr.c.obj (.text:strchr)
                  000040f8    00000014     msp432p4xx_driverlib.lib : pcm.o (.text:PCM_getPowerState)
                  0000410c    00000014     rtsv7M4_T_le_v4SPD16_eabi.lib : strlen.c.obj (.text:strlen)
                  00004120    00000012     grlib.a : context.obj (.text:Graphics_clearDisplay)
                  00004132    00000012     rtsv7M4_T_le_v4SPD16_eabi.lib : wcslen.c.obj (.text:wcslen)
                  00004144    00000010     msp432p4xx_driverlib.lib : adc14.o (.text:ADCIsConversionRunning)
                  00004154    00000010                              : interrupt.o (.text:Interrupt_disableMaster)
                  00004164    00000010                              : interrupt.o (.text:Interrupt_enableMaster)
                  00004174    00000010                              : interrupt.o (.text:Interrupt_enableSleepOnIsrExit)
                  00004184    00000010                              : pcm.o (.text:PCM_setCoreVoltageLevel)
                  00004194    00000010                              : pcm.o (.text:PCM_setPowerMode)
                  000041a4    0000000e     rtsv7M4_T_le_v4SPD16_eabi.lib : copy_decompress_none.c.obj (.text:decompress:none:__TI_decompress_none)
                  000041b2    0000000e     startup_msp432p401r_ccs.obj (.text)
                  000041c0    0000000c     msp432p4xx_driverlib.lib : adc14.o (.text:ADC14_enableModule)
                  000041cc    0000000c                              : cpu.o (.text:CPU_cpsid)
                  000041d8    0000000c                              : cpu.o (.text:CPU_cpsie)
                  000041e4    0000000a     rtsv7M4_T_le_v4SPD16_eabi.lib : sprintf.c.obj (.text:_outc)
                  000041ee    00000002     --HOLE-- [fill = 0]
                  000041f0    00000008                                   : errno.c.obj (.text:__aeabi_errno_addr)
                  000041f8    00000004     msp432p4xx_driverlib.lib : cpu.o (.text:CPU_wfi)
                  000041fc    00000004     rtsv7M4_T_le_v4SPD16_eabi.lib : pre_init.c.obj (.text:_system_pre_init)
                  00004200    00000004                                   : exit.c.obj (.text:abort:abort)

.const     0    00004204    000005e8     
                  00004204    000002f8     grlib.a : fontfixed6x8.obj (.const:.string:g_pucFontFixed6x8Data)
                  000044fc    00000101     rtsv7M4_T_le_v4SPD16_eabi.lib : ctype.c.obj (.const:.string:_ctypes_)
                  000045fd    00000003     --HOLE-- [fill = 0]
                  00004600    000000c8     grlib.a : fontfixed6x8.obj (.const:g_sFontFixed6x8)
                  000046c8    00000080     msp432p4xx_driverlib.lib : adc14.o (.const:_ctlRegs)
                  00004748    00000030                              : gpio.o (.const:GPIO_PORT_TO_BASE)
                  00004778    00000028     ConnectionUart.obj (.const:uartConfig)
                  000047a0    00000020     Crystalfontz128x128_ST7735.obj (.const:g_sCrystalfontz128x128_funcs)
                  000047c0    0000001c     HAL_MSP_EXP432P401R_Crystalfontz128x128_ST7735.obj (.const:$P$T0$1)
                  000047dc    00000008     Crystalfontz128x128_ST7735.obj (.const:$P$T0$1)
                  000047e4    00000008     msp432p4xx_driverlib.lib : interrupt.o (.const:g_pulEnRegs)

.cinit     0    000047f0    00000038     
                  000047f0    00000012     (.cinit..data.load) [load image, compression = lzss]
                  00004802    00000002     --HOLE-- [fill = 0]
                  00004804    0000000c     (__TI_handler_table)
                  00004810    00000008     (.cinit..bss.load) [load image, compression = zero_init]
                  00004818    00000010     (__TI_cinit_table)

.init_array 
*          0    00000000    00000000     UNINITIALIZED

.binit     0    00000000    00000000     

.bss       0    20000000    00000026     UNINITIALIZED
                  20000000    0000001c     (.common:g_sContext)
                  2000001c    00000002     (.common:Lcd_ScreenHeigth)
                  2000001e    00000002     (.common:Lcd_ScreenWidth)
                  20000020    00000002     (.common:Lcd_TouchTrim)
                  20000022    00000001     (.common:Lcd_FlagRead)
                  20000023    00000001     (.common:Lcd_FontSolid)
                  20000024    00000001     (.common:Lcd_Orientation)
                  20000025    00000001     (.common:Lcd_PenSolid)

.data      0    20000028    0000001c     UNINITIALIZED
                  20000028    00000010     Crystalfontz128x128_ST7735.obj (.data:g_sCrystalfontz128x128)
                  20000038    00000004     Joystick.obj (.data)
                  2000003c    00000004     rtsv7M4_T_le_v4SPD16_eabi.lib : errno.c.obj (.data)
                  20000040    00000004     system_msp432p401r.obj (.data)

.stack     0    2000fe00    00000200     UNINITIALIZED
                  2000fe00    00000004     rtsv7M4_T_le_v4SPD16_eabi.lib : boot_cortex_m.c.obj (.stack)
                  2000fe04    000001fc     --HOLE--

__llvm_prf_cnts 
*          0    20000000    00000000     UNINITIALIZED

MODULE SUMMARY

       Module                                               code    ro data   rw data
       ------                                               ----    -------   -------
    ./
       system_msp432p401r.obj                               820     0         8      
       Joystick.obj                                         376     0         8      
       startup_msp432p401r_ccs.obj                          14      228       0      
       Display.obj                                          136     0         56     
       ConnectionUart.obj                                   88      40        0      
       main.obj                                             36      0         0      
    +--+----------------------------------------------------+-------+---------+---------+
       Total:                                               1470    268       72     
                                                                                     
    ./LcdDriver/
       Crystalfontz128x128_ST7735.obj                       1664    40        52     
       HAL_MSP_EXP432P401R_Crystalfontz128x128_ST7735.obj   204     28        0      
    +--+----------------------------------------------------+-------+---------+---------+
       Total:                                               1868    68        52     
                                                                                     
    /Applications/ti/ccs1210/ccs/tools/compiler/ti-cgt-arm_20.2.7.LTS/lib/rtsv7M4_T_le_v4SPD16_eabi.lib
       _printfi.c.obj                                       4851    0         0      
       fd_add_t2.asm.obj                                    438     0         0      
       fd_div_t2.asm.obj                                    310     0         0      
       s_scalbn.c.obj                                       272     0         0      
       fd_cmp_t2.asm.obj                                    268     0         0      
       ctype.c.obj                                          0       257       0      
       fd_mul_t2.asm.obj                                    252     0         0      
       memcpy_t2.asm.obj                                    156     0         0      
       ull_div_t2.asm.obj                                   150     0         0      
       memset_t2.asm.obj                                    122     0         0      
       copy_decompress_lzss.c.obj                           104     0         0      
       s_frexp.c.obj                                        100     0         0      
       sprintf.c.obj                                        98      0         0      
       _ltoa.c.obj                                          84      0         0      
       atoi.c.obj                                           76      0         0      
       fd_toi_t2.asm.obj                                    72      0         0      
       autoinit.c.obj                                       68      0         0      
       boot_cortex_m.c.obj                                  52      0         0      
       i_tofd_t2.asm.obj                                    46      0         0      
       copy_zero_init.c.obj                                 28      0         0      
       memccpy.c.obj                                        28      0         0      
       s_copysign.c.obj                                     26      0         0      
       strchr.c.obj                                         22      0         0      
       strlen.c.obj                                         20      0         0      
       wcslen.c.obj                                         18      0         0      
       errno.c.obj                                          8       0         8      
       copy_decompress_none.c.obj                           14      0         0      
       exit.c.obj                                           4       0         0      
       pre_init.c.obj                                       4       0         0      
       div0.asm.obj                                         2       0         0      
    +--+----------------------------------------------------+-------+---------+---------+
       Total:                                               7693    257       8      
                                                                                     
    /Applications/ti/ccs1210/ccs/tools/compiler/ti-cgt-arm_20.2.7.LTS/simplelink_msp432p4_sdk_3_40_01_02/source/ti/devices/msp432p4xx/driverlib/ccs/msp432p4xx_driverlib.lib
       adc14.o                                              1196    128       0      
       pcm.o                                                916     0         0      
       gpio.o                                               416     48        0      
       uart.o                                               406     0         0      
       spi.o                                                312     0         0      
       interrupt.o                                          176     8         0      
       flash.o                                              72      0         0      
       cs.o                                                 52      0         0      
       wdt_a.o                                              36      0         0      
       cpu.o                                                28      0         0      
    +--+----------------------------------------------------+-------+---------+---------+
       Total:                                               3610    184       0      
                                                                                     
    /Applications/ti/ccs1210/ccs/tools/compiler/ti-cgt-arm_20.2.7.LTS/simplelink_msp432p4_sdk_3_40_01_02/source/ti/grlib/lib/ccs/m4f/grlib.a
       string.obj                                           1536    0         0      
       fontfixed6x8.obj                                     0       960       0      
       context.obj                                          174     0         0      
       line.obj                                             156     0         0      
       display.obj                                          146     0         0      
    +--+----------------------------------------------------+-------+---------+---------+
       Total:                                               2012    960       0      
                                                                                     
       Stack:                                               0       0         1024   
       Linker Generated:                                    0       54        0      
    +--+----------------------------------------------------+-------+---------+---------+
       Grand Total:                                         16653   1791      1156   


LINKER GENERATED COPY TABLES

__TI_cinit_table @ 00004818 records: 2, size/record: 8, table size: 16
	.data: load addr=000047f0, load size=00000012 bytes, run addr=20000028, run size=0000001c bytes, compression=lzss
	.bss: load addr=00004810, load size=00000008 bytes, run addr=20000000, run size=00000026 bytes, compression=zero_init


LINKER GENERATED HANDLER TABLE

__TI_handler_table @ 00004804 records: 3, size/record: 4, table size: 12
	index: 0, handler: __TI_decompress_lzss
	index: 1, handler: __TI_decompress_none
	index: 2, handler: __TI_zero_init


GLOBAL SYMBOLS: SORTED ALPHABETICALLY BY Name 

address   name                                       
-------   ----                                       
00001fcf  ADC14_IRQHandler                           
00001fcf  ADC14_IRQHandler                           
00003d31  ADC14_clearInterruptFlag                   
00002d25  ADC14_configureConversionMemory            
00002dd9  ADC14_configureMultiSequenceMode           
00003e75  ADC14_enableConversion                     
00003d61  ADC14_enableInterrupt                      
000041c1  ADC14_enableModule                         
00003c61  ADC14_enableSampleTimer                    
00003bf1  ADC14_getEnabledInterruptStatus            
00003df1  ADC14_getInterruptStatus                   
00003e9d  ADC14_getResult                            
000037fd  ADC14_initModule                           
00003e1d  ADC14_toggleConversionTrigger              
000041bf  AES256_IRQHandler                          
000041bf  BusFault_Handler                           
00004201  C$$EXIT                                    
000041bf  COMP_E0_IRQHandler                         
000041bf  COMP_E1_IRQHandler                         
000041cd  CPU_cpsid                                  
000041d9  CPU_cpsie                                  
000041f9  CPU_wfi                                    
000041bf  CS_IRQHandler                              
00003c95  CS_setDCOCenteredFrequency                 
00000b35  Crystalfontz128x128_Init                   
00000c49  Crystalfontz128x128_SetDrawFrame           
00000d77  Crystalfontz128x128_SetOrientation         
000041bf  DMA_ERR_IRQHandler                         
000041bf  DMA_INT0_IRQHandler                        
000041bf  DMA_INT1_IRQHandler                        
000041bf  DMA_INT2_IRQHandler                        
000041bf  DMA_INT3_IRQHandler                        
000041bf  DebugMon_Handler                           
000041bf  Default_Handler                            
000041bf  EUSCIA0_IRQHandler                         
000041bf  EUSCIA1_IRQHandler                         
00003799  EUSCIA2_IRQHandler                         
00003799  EUSCIA2_IRQHandler                         
000041bf  EUSCIA3_IRQHandler                         
000041bf  EUSCIB0_IRQHandler                         
000041bf  EUSCIB1_IRQHandler                         
000041bf  EUSCIB2_IRQHandler                         
000041bf  EUSCIB3_IRQHandler                         
00004075  EUSCI_A_SPI_enable                         
0000408b  EUSCI_B_SPI_enable                         
000041bf  FLCTL_IRQHandler                           
000041bf  FPU_IRQHandler                             
00003995  FlashCtl_setWaitState                      
00003ab1  GPIO_setAsOutputPin                        
00003245  GPIO_setAsPeripheralModuleFunctionInputPin 
000032cd  GPIO_setAsPeripheralModuleFunctionOutputPin
00003ec5  GPIO_setOutputHighOnPin                    
00003eed  GPIO_setOutputLowOnPin                     
00004121  Graphics_clearDisplay                      
00003ff5  Graphics_clearDisplayOnDisplay             
00003c29  Graphics_drawHorizontalLineOnDisplay       
00002fef  Graphics_drawLineH                         
00003e49  Graphics_drawPixelOnDisplay                
000011b5  Graphics_drawString                        
000039dd  Graphics_drawStringCentered                
00002b5d  Graphics_getStringWidth                    
000038a5  Graphics_initContext                       
0000400f  Graphics_setBackgroundColor                
00004029  Graphics_setFont                           
000040a1  Graphics_setForegroundColor                
000040b7  Graphics_translateColorOnDisplay           
00002c59  HAL_LCD_PortInit                           
00002c89  HAL_LCD_SpiInit                            
00002cbf  HAL_LCD_writeCommand                       
00002cef  HAL_LCD_writeData                          
000041bf  HardFault_Handler                          
00004155  Interrupt_disableMaster                    
00003461  Interrupt_enableInterrupt                  
00004165  Interrupt_enableMaster                     
00004175  Interrupt_enableSleepOnIsrExit             
20000022  Lcd_FlagRead                               
20000023  Lcd_FontSolid                              
20000024  Lcd_Orientation                            
20000025  Lcd_PenSolid                               
2000001c  Lcd_ScreenHeigth                           
2000001e  Lcd_ScreenWidth                            
20000020  Lcd_TouchTrim                              
000041bf  MemManage_Handler                          
000041bf  NMI_Handler                                
000041bf  PCM_IRQHandler                             
00003695  PCM_getCoreVoltageLevel                    
000036f3  PCM_getPowerMode                           
000040f9  PCM_getPowerState                          
00003f15  PCM_gotoLPM0                               
00003f85  PCM_gotoLPM0InterruptSafe                  
00004185  PCM_setCoreVoltageLevel                    
00004195  PCM_setPowerMode                           
000041bf  PORT1_IRQHandler                           
000041bf  PORT2_IRQHandler                           
000041bf  PORT3_IRQHandler                           
000041bf  PORT4_IRQHandler                           
000041bf  PORT5_IRQHandler                           
000041bf  PORT6_IRQHandler                           
000041bf  PSS_IRQHandler                             
000041bf  PendSV_Handler                             
000041bf  RTC_C_IRQHandler                           
000041b3  Reset_Handler                              
00003fa1  SPI_enableModule                           
00002f3f  SPI_initMaster                             
000041bf  SVC_Handler                                
000041bf  SysTick_Handler                            
20000040  SystemCoreClock                            
00001635  SystemCoreClockUpdate                      
000018ad  SystemInit                                 
000041bf  T32_INT1_IRQHandler                        
000041bf  T32_INT2_IRQHandler                        
000041bf  T32_INTC_IRQHandler                        
000041bf  TA0_0_IRQHandler                           
000041bf  TA0_N_IRQHandler                           
000041bf  TA1_0_IRQHandler                           
000041bf  TA1_N_IRQHandler                           
000041bf  TA2_0_IRQHandler                           
000041bf  TA2_N_IRQHandler                           
000041bf  TA3_0_IRQHandler                           
000041bf  TA3_N_IRQHandler                           
00003d91  UART_enableInterrupt                       
000040cd  UART_enableModule                          
0000272d  UART_initModule                            
00003cc9  UART_transmitData                          
000041bf  UsageFault_Handler                         
4000480c  WDTCTL_SYM                                 
000041bf  WDT_A_IRQHandler                           
00003f3d  WDT_A_holdTimer                            
20010000  __STACK_END                                
00000200  __STACK_SIZE                               
00004818  __TI_CINIT_Base                            
00004828  __TI_CINIT_Limit                           
00004804  __TI_Handler_Table_Base                    
00004810  __TI_Handler_Table_Limit                   
00003a6d  __TI_auto_init_nobinit_nopinit             
000035c9  __TI_decompress_lzss                       
000041a5  __TI_decompress_none                       
00003851  __TI_ltoa                                  
ffffffff  __TI_pprof_out_hndl                        
000000e5  __TI_printfi                               
ffffffff  __TI_prof_data_size                        
ffffffff  __TI_prof_data_start                       
00000000  __TI_static_base__                         
00003fbd  __TI_zero_init_nomemset                    
00003355  __aeabi_cdcmpeq                            
00003355  __aeabi_cdcmple                            
000033db  __aeabi_cdrcmple                           
00003a25  __aeabi_d2iz                               
00001db3  __aeabi_dadd                               
000024d1  __aeabi_ddiv                               
00002a61  __aeabi_dmul                               
00001da9  __aeabi_dsub                               
000041f1  __aeabi_errno_addr                         
00003dc1  __aeabi_i2d                                
00000b33  __aeabi_idiv0                              
00000b33  __aeabi_ldiv0                              
000034e1  __aeabi_memclr                             
000034e1  __aeabi_memclr4                            
000034e1  __aeabi_memclr8                            
0000308b  __aeabi_memcpy                             
0000308b  __aeabi_memcpy4                            
0000308b  __aeabi_memcpy8                            
000034e3  __aeabi_memset                             
000034e3  __aeabi_memset4                            
000034e3  __aeabi_memset8                            
00003127  __aeabi_uldivmod                           
ffffffff  __binit__                                  
ffffffff  __c_args__                                 
UNDEFED   __mpu_init                                 
2000fe00  __stack                                    
20000000  __start___llvm_prf_cnts                    
20000000  __stop___llvm_prf_cnts                     
00003cfd  _c_int00_noargs                            
000044fc  _ctypes_                                   
UNDEFED   _system_post_cinit                         
000041fd  _system_pre_init                           
00004201  abort                                      
00001f61  adcInit                                    
00003949  atoi                                       
ffffffff  binit                                      
0000374d  configureUart                              
20000038  cont                                       
00004043  copysign                                   
00004043  copysignl                                  
000031bd  draw                                       
2000003c  errno                                      
00003631  frexp                                      
00003631  frexpl                                     
20000000  g_sContext                                 
20000028  g_sCrystalfontz128x128                     
000047a0  g_sCrystalfontz128x128_funcs               
00004600  g_sFontFixed6x8                            
000031e3  graphicsInit                               
00003f61  initHW                                     
00000000  interruptVectors                           
00002849  ldexp                                      
00002849  ldexpl                                     
00003f71  main                                       
00003fd9  memccpy                                    
0000308b  memcpy                                     
000034e9  memset                                     
00002849  scalbn                                     
00002849  scalbnl                                    
00003b71  sprintf                                    
000040e3  strchr                                     
0000410d  strlen                                     
00004778  uartConfig                                 
00004133  wcslen                                     


GLOBAL SYMBOLS: SORTED BY Symbol Address 

address   name                                       
-------   ----                                       
00000000  __TI_static_base__                         
00000000  interruptVectors                           
000000e5  __TI_printfi                               
00000200  __STACK_SIZE                               
00000b33  __aeabi_idiv0                              
00000b33  __aeabi_ldiv0                              
00000b35  Crystalfontz128x128_Init                   
00000c49  Crystalfontz128x128_SetDrawFrame           
00000d77  Crystalfontz128x128_SetOrientation         
000011b5  Graphics_drawString                        
00001635  SystemCoreClockUpdate                      
000018ad  SystemInit                                 
00001da9  __aeabi_dsub                               
00001db3  __aeabi_dadd                               
00001f61  adcInit                                    
00001fcf  ADC14_IRQHandler                           
00001fcf  ADC14_IRQHandler                           
000024d1  __aeabi_ddiv                               
0000272d  UART_initModule                            
00002849  ldexp                                      
00002849  ldexpl                                     
00002849  scalbn                                     
00002849  scalbnl                                    
00002a61  __aeabi_dmul                               
00002b5d  Graphics_getStringWidth                    
00002c59  HAL_LCD_PortInit                           
00002c89  HAL_LCD_SpiInit                            
00002cbf  HAL_LCD_writeCommand                       
00002cef  HAL_LCD_writeData                          
00002d25  ADC14_configureConversionMemory            
00002dd9  ADC14_configureMultiSequenceMode           
00002f3f  SPI_initMaster                             
00002fef  Graphics_drawLineH                         
0000308b  __aeabi_memcpy                             
0000308b  __aeabi_memcpy4                            
0000308b  __aeabi_memcpy8                            
0000308b  memcpy                                     
00003127  __aeabi_uldivmod                           
000031bd  draw                                       
000031e3  graphicsInit                               
00003245  GPIO_setAsPeripheralModuleFunctionInputPin 
000032cd  GPIO_setAsPeripheralModuleFunctionOutputPin
00003355  __aeabi_cdcmpeq                            
00003355  __aeabi_cdcmple                            
000033db  __aeabi_cdrcmple                           
00003461  Interrupt_enableInterrupt                  
000034e1  __aeabi_memclr                             
000034e1  __aeabi_memclr4                            
000034e1  __aeabi_memclr8                            
000034e3  __aeabi_memset                             
000034e3  __aeabi_memset4                            
000034e3  __aeabi_memset8                            
000034e9  memset                                     
000035c9  __TI_decompress_lzss                       
00003631  frexp                                      
00003631  frexpl                                     
00003695  PCM_getCoreVoltageLevel                    
000036f3  PCM_getPowerMode                           
0000374d  configureUart                              
00003799  EUSCIA2_IRQHandler                         
00003799  EUSCIA2_IRQHandler                         
000037fd  ADC14_initModule                           
00003851  __TI_ltoa                                  
000038a5  Graphics_initContext                       
00003949  atoi                                       
00003995  FlashCtl_setWaitState                      
000039dd  Graphics_drawStringCentered                
00003a25  __aeabi_d2iz                               
00003a6d  __TI_auto_init_nobinit_nopinit             
00003ab1  GPIO_setAsOutputPin                        
00003b71  sprintf                                    
00003bf1  ADC14_getEnabledInterruptStatus            
00003c29  Graphics_drawHorizontalLineOnDisplay       
00003c61  ADC14_enableSampleTimer                    
00003c95  CS_setDCOCenteredFrequency                 
00003cc9  UART_transmitData                          
00003cfd  _c_int00_noargs                            
00003d31  ADC14_clearInterruptFlag                   
00003d61  ADC14_enableInterrupt                      
00003d91  UART_enableInterrupt                       
00003dc1  __aeabi_i2d                                
00003df1  ADC14_getInterruptStatus                   
00003e1d  ADC14_toggleConversionTrigger              
00003e49  Graphics_drawPixelOnDisplay                
00003e75  ADC14_enableConversion                     
00003e9d  ADC14_getResult                            
00003ec5  GPIO_setOutputHighOnPin                    
00003eed  GPIO_setOutputLowOnPin                     
00003f15  PCM_gotoLPM0                               
00003f3d  WDT_A_holdTimer                            
00003f61  initHW                                     
00003f71  main                                       
00003f85  PCM_gotoLPM0InterruptSafe                  
00003fa1  SPI_enableModule                           
00003fbd  __TI_zero_init_nomemset                    
00003fd9  memccpy                                    
00003ff5  Graphics_clearDisplayOnDisplay             
0000400f  Graphics_setBackgroundColor                
00004029  Graphics_setFont                           
00004043  copysign                                   
00004043  copysignl                                  
00004075  EUSCI_A_SPI_enable                         
0000408b  EUSCI_B_SPI_enable                         
000040a1  Graphics_setForegroundColor                
000040b7  Graphics_translateColorOnDisplay           
000040cd  UART_enableModule                          
000040e3  strchr                                     
000040f9  PCM_getPowerState                          
0000410d  strlen                                     
00004121  Graphics_clearDisplay                      
00004133  wcslen                                     
00004155  Interrupt_disableMaster                    
00004165  Interrupt_enableMaster                     
00004175  Interrupt_enableSleepOnIsrExit             
00004185  PCM_setCoreVoltageLevel                    
00004195  PCM_setPowerMode                           
000041a5  __TI_decompress_none                       
000041b3  Reset_Handler                              
000041bf  AES256_IRQHandler                          
000041bf  BusFault_Handler                           
000041bf  COMP_E0_IRQHandler                         
000041bf  COMP_E1_IRQHandler                         
000041bf  CS_IRQHandler                              
000041bf  DMA_ERR_IRQHandler                         
000041bf  DMA_INT0_IRQHandler                        
000041bf  DMA_INT1_IRQHandler                        
000041bf  DMA_INT2_IRQHandler                        
000041bf  DMA_INT3_IRQHandler                        
000041bf  DebugMon_Handler                           
000041bf  Default_Handler                            
000041bf  EUSCIA0_IRQHandler                         
000041bf  EUSCIA1_IRQHandler                         
000041bf  EUSCIA3_IRQHandler                         
000041bf  EUSCIB0_IRQHandler                         
000041bf  EUSCIB1_IRQHandler                         
000041bf  EUSCIB2_IRQHandler                         
000041bf  EUSCIB3_IRQHandler                         
000041bf  FLCTL_IRQHandler                           
000041bf  FPU_IRQHandler                             
000041bf  HardFault_Handler                          
000041bf  MemManage_Handler                          
000041bf  NMI_Handler                                
000041bf  PCM_IRQHandler                             
000041bf  PORT1_IRQHandler                           
000041bf  PORT2_IRQHandler                           
000041bf  PORT3_IRQHandler                           
000041bf  PORT4_IRQHandler                           
000041bf  PORT5_IRQHandler                           
000041bf  PORT6_IRQHandler                           
000041bf  PSS_IRQHandler                             
000041bf  PendSV_Handler                             
000041bf  RTC_C_IRQHandler                           
000041bf  SVC_Handler                                
000041bf  SysTick_Handler                            
000041bf  T32_INT1_IRQHandler                        
000041bf  T32_INT2_IRQHandler                        
000041bf  T32_INTC_IRQHandler                        
000041bf  TA0_0_IRQHandler                           
000041bf  TA0_N_IRQHandler                           
000041bf  TA1_0_IRQHandler                           
000041bf  TA1_N_IRQHandler                           
000041bf  TA2_0_IRQHandler                           
000041bf  TA2_N_IRQHandler                           
000041bf  TA3_0_IRQHandler                           
000041bf  TA3_N_IRQHandler                           
000041bf  UsageFault_Handler                         
000041bf  WDT_A_IRQHandler                           
000041c1  ADC14_enableModule                         
000041cd  CPU_cpsid                                  
000041d9  CPU_cpsie                                  
000041f1  __aeabi_errno_addr                         
000041f9  CPU_wfi                                    
000041fd  _system_pre_init                           
00004201  C$$EXIT                                    
00004201  abort                                      
000044fc  _ctypes_                                   
00004600  g_sFontFixed6x8                            
00004778  uartConfig                                 
000047a0  g_sCrystalfontz128x128_funcs               
00004804  __TI_Handler_Table_Base                    
00004810  __TI_Handler_Table_Limit                   
00004818  __TI_CINIT_Base                            
00004828  __TI_CINIT_Limit                           
20000000  __start___llvm_prf_cnts                    
20000000  __stop___llvm_prf_cnts                     
20000000  g_sContext                                 
2000001c  Lcd_ScreenHeigth                           
2000001e  Lcd_ScreenWidth                            
20000020  Lcd_TouchTrim                              
20000022  Lcd_FlagRead                               
20000023  Lcd_FontSolid                              
20000024  Lcd_Orientation                            
20000025  Lcd_PenSolid                               
20000028  g_sCrystalfontz128x128                     
20000038  cont                                       
2000003c  errno                                      
20000040  SystemCoreClock                            
2000fe00  __stack                                    
20010000  __STACK_END                                
4000480c  WDTCTL_SYM                                 
ffffffff  __TI_pprof_out_hndl                        
ffffffff  __TI_prof_data_size                        
ffffffff  __TI_prof_data_start                       
ffffffff  __binit__                                  
ffffffff  __c_args__                                 
ffffffff  binit                                      
UNDEFED   __mpu_init                                 
UNDEFED   _system_post_cinit                         

[208 symbols]
