******************************************************************************
                  TI ARM Linker Unix v20.2.7                   
******************************************************************************
>> Linked Mon Jan 30 19:49:23 2023

OUTPUT FILE NAME:   <MSP432_SENDER.out>
ENTRY POINT SYMBOL: "_c_int00_noargs"  address: 0000570d


MEMORY CONFIGURATION

         name            origin    length      used     unused   attr    fill
----------------------  --------  ---------  --------  --------  ----  --------
  MAIN                  00000000   00040000  000064a4  00039b5c  R  X
  INFO                  00200000   00004000  00000000  00004000  R  X
  SRAM_CODE             01000000   00010000  00000a16  0000f5ea  RW X
  SRAM_DATA             20000000   00010000  00000a16  0000f5ea  RW  


SEGMENT ALLOCATION MAP

run origin  load origin   length   init length attrs members
----------  ----------- ---------- ----------- ----- -------
00000000    00000000    000064a8   000064a8    r-x
  00000000    00000000    000000e4   000000e4    r-- .intvecs
  000000e4    000000e4    00005d10   00005d10    r-x .text
  00005df4    00005df4    00000618   00000618    r-- .const
  00006410    00006410    00000098   00000098    r-- .cinit
20000000    20000000    00000816   00000000    rw-
  20000000    20000000    00000400   00000000    rw- .sysmem
  20000400    20000400    0000020c   00000000    rw- .data
  2000060c    2000060c    0000020a   00000000    rw- .bss
2000fe00    2000fe00    00000200   00000000    rw-
  2000fe00    2000fe00    00000200   00000000    rw- .stack


SECTION ALLOCATION MAP

 output                                  attributes/
section   page    origin      length       input sections
--------  ----  ----------  ----------   ----------------
.intvecs   0    00000000    000000e4     
                  00000000    000000e4     startup_msp432p401r_ccs.obj (.intvecs:retain)

.text      0    000000e4    00005d10     
                  000000e4    00000a4e     rtsv7M4_T_le_v4SPD16_eabi.lib : _printfi.c.obj (.text:__TI_printfi)
                  00000b32    00000002                                   : _lock.c.obj (.text:_nop)
                  00000b34    000006c0     Joystick.obj (.text)
                  000011f4    00000680     Crystalfontz128x128_ST7735.obj (.text)
                  00001874    0000047e     grlib.a : string.obj (.text:Graphics_drawString)
                  00001cf2    00000002     rtsv7M4_T_le_v4SPD16_eabi.lib : div0.asm.obj (.text)
                  00001cf4    00000444     Display.obj (.text)
                  00002138    00000334     system_msp432p401r.obj (.text)
                  0000246c    00000270     rtsv7M4_T_le_v4SPD16_eabi.lib : _printfi.c.obj (.text:_pconv_a)
                  000026dc    0000022a     grlib.a : circle.obj (.text:Graphics_fillCircle)
                  00002906    00000002     --HOLE-- [fill = 0]
                  00002908    000001d0     rtsv7M4_T_le_v4SPD16_eabi.lib : _printfi.c.obj (.text:_pconv_g)
                  00002ad8    000001b6                                   : fd_add_t2.asm.obj (.text)
                  00002c8e    00000002     --HOLE-- [fill = 0]
                  00002c90    00000160     msp432p4xx_driverlib.lib : adc14.o (.text:_getIndexForMemRegister)
                  00002df0    0000015c                              : pcm.o (.text:__PCM_setPowerModeAdvanced)
                  00002f4c    0000013c     rtsv7M4_T_le_v4SPD16_eabi.lib : _printfi.c.obj (.text:_pconv_e)
                  00003088    00000136                                   : fd_div_t2.asm.obj (.text)
                  000031be    00000002     --HOLE-- [fill = 0]
                  000031c0    00000130     msp432p4xx_driverlib.lib : cs.o (.text:CS_initClockSignal)
                  000032f0    00000124     rtsv7M4_T_le_v4SPD16_eabi.lib : _printfi.c.obj (.text:fcvt)
                  00003414    0000011c     msp432p4xx_driverlib.lib : uart.o (.text:UART_initModule)
                  00003530    00000114     rtsv7M4_T_le_v4SPD16_eabi.lib : fputs.c.obj (.text:fputs)
                  00003644    00000110                                   : s_scalbn.c.obj (.text:scalbn)
                  00003754    00000108     msp432p4xx_driverlib.lib : pcm.o (.text:__PCM_setCoreVoltageLevelAdvanced)
                  0000385c    00000100     rtsv7M4_T_le_v4SPD16_eabi.lib : memory.c.obj (.text:aligned_alloc)
                  0000395c    000000fc                                   : fd_mul_t2.asm.obj (.text)
                  00003a58    000000fa     grlib.a : string.obj (.text:Graphics_getStringWidth)
                  00003b52    00000002     --HOLE-- [fill = 0]
                  00003b54    000000e4     rtsv7M4_T_le_v4SPD16_eabi.lib : memory.c.obj (.text:free)
                  00003c38    000000dc                                   : setvbuf.c.obj (.text:setvbuf)
                  00003d14    000000cc     HAL_MSP_EXP432P401R_Crystalfontz128x128_ST7735.obj (.text)
                  00003de0    000000b4     msp432p4xx_driverlib.lib : adc14.o (.text:ADC14_configureConversionMemory)
                  00003e94    000000b4                              : adc14.o (.text:ADC14_configureMultiSequenceMode)
                  00003f48    000000b1     rtsv7M4_T_le_v4SPD16_eabi.lib : _printfi.c.obj (.text:_ltostr)
                  00003ff9    00000001     --HOLE-- [fill = 0]
                  00003ffa    000000b0     msp432p4xx_driverlib.lib : spi.o (.text:SPI_initMaster)
                  000040aa    000000a2     grlib.a : rectangle.obj (.text:Graphics_drawRectangle)
                  0000414c    0000009c             : line.obj (.text:Graphics_drawLineH)
                  000041e8    0000009c             : line.obj (.text:Graphics_drawLineV)
                  00004284    0000009c     rtsv7M4_T_le_v4SPD16_eabi.lib : memcpy_t2.asm.obj (.text)
                  00004320    00000096                                   : ull_div_t2.asm.obj (.text)
                  000043b6    00000002     --HOLE-- [fill = 0]
                  000043b8    0000008c                                   : fputc.c.obj (.text:fputc)
                  00004444    00000088     msp432p4xx_driverlib.lib : gpio.o (.text:GPIO_setAsPeripheralModuleFunctionInputPin)
                  000044cc    00000088                              : gpio.o (.text:GPIO_setAsPeripheralModuleFunctionOutputPin)
                  00004554    00000086     rtsv7M4_T_le_v4SPD16_eabi.lib : fd_cmp_t2.asm.obj (.text:__aeabi_cdcmple)
                  000045da    00000086                                   : fd_cmp_t2.asm.obj (.text:__aeabi_cdrcmple)
                  00004660    00000084     msp432p4xx_driverlib.lib : gpio.o (.text:GPIO_getEnabledInterruptStatus)
                  000046e4    00000080                              : interrupt.o (.text:Interrupt_enableInterrupt)
                  00004764    0000007a     rtsv7M4_T_le_v4SPD16_eabi.lib : memset_t2.asm.obj (.text)
                  000047de    00000002     --HOLE-- [fill = 0]
                  000047e0    00000074                                   : fclose.c.obj (.text:__TI_closefile)
                  00004854    00000070                                   : memory.c.obj (.text:split)
                  000048c4    0000006e                                   : _printfi.c.obj (.text:_mcpy)
                  00004932    0000006e     main.obj (.text)
                  000049a0    0000006c     rtsv7M4_T_le_v4SPD16_eabi.lib : hostrename.c.obj (.text:HOSTrename)
                  00004a0c    00000068                                   : hostlseek.c.obj (.text:HOSTlseek)
                  00004a74    00000068                                   : copy_decompress_lzss.c.obj (.text:decompress:lzss:__TI_decompress_lzss)
                  00004adc    00000068                                   : printf.c.obj (.text:printf)
                  00004b44    00000064                                   : s_frexp.c.obj (.text:frexp)
                  00004ba8    00000064                                   : fseek.c.obj (.text:fseek)
                  00004c0c    00000062                                   : _io_perm.c.obj (.text:__TI_wrt_ok)
                  00004c6e    00000002     --HOLE-- [fill = 0]
                  00004c70    00000060                                   : hostopen.c.obj (.text:HOSTopen)
                  00004cd0    0000005e     msp432p4xx_driverlib.lib : pcm.o (.text:PCM_getCoreVoltageLevel)
                  00004d2e    00000002     --HOLE-- [fill = 0]
                  00004d30    0000005c     rtsv7M4_T_le_v4SPD16_eabi.lib : close.c.obj (.text:close)
                  00004d8c    0000005a     msp432p4xx_driverlib.lib : pcm.o (.text:PCM_getPowerMode)
                  00004de6    00000002     --HOLE-- [fill = 0]
                  00004de8    00000058     ConnectionUart.obj (.text)
                  00004e40    00000058     msp432p4xx_driverlib.lib : gpio.o (.text:GPIO_setAsInputPinWithPullUpResistor)
                  00004e98    00000058     rtsv7M4_T_le_v4SPD16_eabi.lib : hostread.c.obj (.text:HOSTread)
                  00004ef0    00000058                                   : hostwrite.c.obj (.text:HOSTwrite)
                  00004f48    00000056                                   : _printfi.c.obj (.text:_pconv_f)
                  00004f9e    00000002     --HOLE-- [fill = 0]
                  00004fa0    00000054     msp432p4xx_driverlib.lib : adc14.o (.text:ADC14_initModule)
                  00004ff4    00000054     rtsv7M4_T_le_v4SPD16_eabi.lib : _ltoa.c.obj (.text:__TI_ltoa)
                  00005048    00000052     grlib.a : context.obj (.text:Graphics_initContext)
                  0000509a    00000052     rtsv7M4_T_le_v4SPD16_eabi.lib : _printfi.c.obj (.text:_ecpy)
                  000050ec    0000004c                                   : fflush.c.obj (.text:__TI_doflush)
                  00005138    0000004c                                   : atoi.c.obj (.text:atoi)
                  00005184    00000048     msp432p4xx_driverlib.lib : flash.o (.text:FlashCtl_setWaitState)
                  000051cc    00000048     grlib.a : string.obj (.text:Graphics_drawStringCentered)
                  00005214    00000048     rtsv7M4_T_le_v4SPD16_eabi.lib : exit.c.obj (.text:exit)
                  0000525c    00000048                                   : fd_toi_t2.asm.obj (.text)
                  000052a4    00000044                                   : hostclose.c.obj (.text:HOSTclose)
                  000052e8    00000044                                   : hostunlink.c.obj (.text:HOSTunlink)
                  0000532c    00000044                                   : autoinit.c.obj (.text:__TI_auto_init_nobinit_nopinit:__TI_auto_init_nobinit_nopinit)
                  00005370    00000044                                   : getdevice.c.obj (.text:getdevice)
                  000053b4    00000040     msp432p4xx_driverlib.lib : gpio.o (.text:GPIO_setAsOutputPin)
                  000053f4    00000040     grlib.a : string.obj (.text:Graphics_getNumberOfLeadingZeros)
                  00005434    00000040     msp432p4xx_driverlib.lib : spi.o (.text:is_A_Module)
                  00005474    00000040     rtsv7M4_T_le_v4SPD16_eabi.lib : sprintf.c.obj (.text:sprintf)
                  000054b4    0000003e                                   : _printfi.c.obj (.text:_fcpy)
                  000054f2    00000002     --HOLE-- [fill = 0]
                  000054f4    00000038     msp432p4xx_driverlib.lib : adc14.o (.text:ADC14_getEnabledInterruptStatus)
                  0000552c    00000038     rtsv7M4_T_le_v4SPD16_eabi.lib : trgmsg.c.obj (.text:__TI_writemsg)
                  00005564    00000036     grlib.a : display.obj (.text:Graphics_drawHorizontalLineOnDisplay)
                  0000559a    00000036             : display.obj (.text:Graphics_drawVerticalLineOnDisplay)
                  000055d0    00000036     rtsv7M4_T_le_v4SPD16_eabi.lib : strncpy.c.obj (.text:strncpy)
                  00005606    00000002     --HOLE-- [fill = 0]
                  00005608    00000034     msp432p4xx_driverlib.lib : adc14.o (.text:ADC14_enableSampleTimer)
                  0000563c    00000034                              : cs.o (.text:CS_setDCOCenteredFrequency)
                  00005670    00000034                              : uart.o (.text:UART_transmitData)
                  000056a4    00000034     rtsv7M4_T_le_v4SPD16_eabi.lib : fopen.c.obj (.text:__TI_cleanup)
                  000056d8    00000034                                   : trgmsg.c.obj (.text:__TI_readmsg)
                  0000570c    00000034                                   : boot_cortex_m.c.obj (.text:_c_int00_noargs:_c_int00_noargs)
                  00005740    00000030     msp432p4xx_driverlib.lib : adc14.o (.text:ADC14_clearInterruptFlag)
                  00005770    00000030                              : adc14.o (.text:ADC14_enableInterrupt)
                  000057a0    00000030                              : uart.o (.text:UART_enableInterrupt)
                  000057d0    00000030     rtsv7M4_T_le_v4SPD16_eabi.lib : getdevice.c.obj (.text:finddevice)
                  00005800    0000002e                                   : i_tofd_t2.asm.obj (.text)
                  0000582e    00000002     --HOLE-- [fill = 0]
                  00005830    0000002c     msp432p4xx_driverlib.lib : adc14.o (.text:ADC14_getInterruptStatus)
                  0000585c    0000002c                              : adc14.o (.text:ADC14_toggleConversionTrigger)
                  00005888    0000002c     grlib.a : display.obj (.text:Graphics_drawPixelOnDisplay)
                  000058b4    0000002c     rtsv7M4_T_le_v4SPD16_eabi.lib : unlink.c.obj (.text:unlink)
                  000058e0    00000028     msp432p4xx_driverlib.lib : adc14.o (.text:ADC14_enableConversion)
                  00005908    00000028                              : adc14.o (.text:ADC14_getResult)
                  00005930    00000028                              : gpio.o (.text:GPIO_clearInterruptFlag)
                  00005958    00000028                              : gpio.o (.text:GPIO_enableInterrupt)
                  00005980    00000028                              : gpio.o (.text:GPIO_setOutputHighOnPin)
                  000059a8    00000028                              : gpio.o (.text:GPIO_setOutputLowOnPin)
                  000059d0    00000028                              : pcm.o (.text:PCM_gotoLPM0)
                  000059f8    00000028     rtsv7M4_T_le_v4SPD16_eabi.lib : memory.c.obj (.text:free_list_insert)
                  00005a20    00000028                                   : lseek.c.obj (.text:lseek)
                  00005a48    00000028                                   : write.c.obj (.text:write)
                  00005a70    00000024     msp432p4xx_driverlib.lib : gpio.o (.text:GPIO_getInterruptStatus)
                  00005a94    00000024                              : wdt_a.o (.text:WDT_A_holdTimer)
                  00005ab8    00000020     rtsv7M4_T_le_v4SPD16_eabi.lib : memchr.c.obj (.text:memchr)
                  00005ad8    0000001e                                   : strcat.c.obj (.text:strcat)
                  00005af6    0000001c     msp432p4xx_driverlib.lib : pcm.o (.text:PCM_gotoLPM0InterruptSafe)
                  00005b12    0000001c                              : spi.o (.text:SPI_enableModule)
                  00005b2e    0000001c     rtsv7M4_T_le_v4SPD16_eabi.lib : copy_zero_init.c.obj (.text:decompress:ZI:__TI_zero_init_nomemset:__TI_zero_init_nomemset)
                  00005b4a    00000002     --HOLE-- [fill = 0]
                  00005b4c    0000001c                                   : memory.c.obj (.text:free_list_remove)
                  00005b68    0000001c                                   : memccpy.c.obj (.text:memccpy)
                  00005b84    0000001a     grlib.a : display.obj (.text:Graphics_clearDisplayOnDisplay)
                  00005b9e    0000001a             : context.obj (.text:Graphics_setBackgroundColor)
                  00005bb8    0000001a             : context.obj (.text:Graphics_setFont)
                  00005bd2    0000001a     rtsv7M4_T_le_v4SPD16_eabi.lib : s_copysign.c.obj (.text:copysign)
                  00005bec    00000018                                   : sprintf.c.obj (.text:_outs)
                  00005c04    00000018                                   : strcmp.c.obj (.text:strcmp)
                  00005c1c    00000016     msp432p4xx_driverlib.lib : spi.o (.text:EUSCI_A_SPI_enable)
                  00005c32    00000016                              : spi.o (.text:EUSCI_B_SPI_enable)
                  00005c48    00000016     grlib.a : context.obj (.text:Graphics_setForegroundColor)
                  00005c5e    00000016             : display.obj (.text:Graphics_translateColorOnDisplay)
                  00005c74    00000016     msp432p4xx_driverlib.lib : uart.o (.text:UART_enableModule)
                  00005c8a    00000016     rtsv7M4_T_le_v4SPD16_eabi.lib : strchr.c.obj (.text:strchr)
                  00005ca0    00000014     msp432p4xx_driverlib.lib : pcm.o (.text:PCM_getPowerState)
                  00005cb4    00000014     rtsv7M4_T_le_v4SPD16_eabi.lib : strcpy.c.obj (.text:strcpy)
                  00005cc8    00000014                                   : strlen.c.obj (.text:strlen)
                  00005cdc    00000012     grlib.a : context.obj (.text:Graphics_clearDisplay)
                  00005cee    00000012             : display.obj (.text:Graphics_flushOnDisplay)
                  00005d00    00000012     rtsv7M4_T_le_v4SPD16_eabi.lib : wcslen.c.obj (.text:wcslen)
                  00005d12    00000002     --HOLE-- [fill = 0]
                  00005d14    00000010     msp432p4xx_driverlib.lib : adc14.o (.text:ADCIsConversionRunning)
                  00005d24    00000010                              : interrupt.o (.text:Interrupt_disableMaster)
                  00005d34    00000010                              : interrupt.o (.text:Interrupt_enableMaster)
                  00005d44    00000010                              : interrupt.o (.text:Interrupt_enableSleepOnIsrExit)
                  00005d54    00000010                              : pcm.o (.text:PCM_setCoreVoltageLevel)
                  00005d64    00000010                              : pcm.o (.text:PCM_setPowerMode)
                  00005d74    0000000e     grlib.a : context.obj (.text:Graphics_flushBuffer)
                  00005d82    0000000e     rtsv7M4_T_le_v4SPD16_eabi.lib : copy_decompress_none.c.obj (.text:decompress:none:__TI_decompress_none)
                  00005d90    0000000e     startup_msp432p401r_ccs.obj (.text)
                  00005d9e    00000002     --HOLE-- [fill = 0]
                  00005da0    0000000c     msp432p4xx_driverlib.lib : adc14.o (.text:ADC14_enableModule)
                  00005dac    0000000c                              : cpu.o (.text:CPU_cpsid)
                  00005db8    0000000c                              : cpu.o (.text:CPU_cpsie)
                  00005dc4    0000000a     rtsv7M4_T_le_v4SPD16_eabi.lib : sprintf.c.obj (.text:_outc)
                  00005dce    00000002     --HOLE-- [fill = 0]
                  00005dd0    00000008                                   : errno.c.obj (.text:__aeabi_errno_addr)
                  00005dd8    00000008                                   : memory.c.obj (.text:malloc)
                  00005de0    00000004     msp432p4xx_driverlib.lib : cpu.o (.text:CPU_wfi)
                  00005de4    00000004     rtsv7M4_T_le_v4SPD16_eabi.lib : printf.c.obj (.text:_outc)
                  00005de8    00000004                                   : printf.c.obj (.text:_outs)
                  00005dec    00000004                                   : pre_init.c.obj (.text:_system_pre_init)
                  00005df0    00000004                                   : exit.c.obj (.text:abort:abort)

.const     0    00005df4    00000618     
                  00005df4    000002f8     grlib.a : fontfixed6x8.obj (.const:.string:g_pucFontFixed6x8Data)
                  000060ec    00000101     rtsv7M4_T_le_v4SPD16_eabi.lib : ctype.c.obj (.const:.string:_ctypes_)
                  000061ed    00000003     --HOLE-- [fill = 0]
                  000061f0    000000c8     grlib.a : fontfixed6x8.obj (.const:g_sFontFixed6x8)
                  000062b8    00000080     msp432p4xx_driverlib.lib : adc14.o (.const:_ctlRegs)
                  00006338    00000030                              : gpio.o (.const:GPIO_PORT_TO_BASE)
                  00006368    00000028     ConnectionUart.obj (.const:uartConfig)
                  00006390    00000020     Crystalfontz128x128_ST7735.obj (.const:g_sCrystalfontz128x128_funcs)
                  000063b0    0000001c     HAL_MSP_EXP432P401R_Crystalfontz128x128_ST7735.obj (.const:$P$T0$1)
                  000063cc    00000008     Crystalfontz128x128_ST7735.obj (.const:$P$T0$1)
                  000063d4    00000008     Display.obj (.const:$P$T0$1)
                  000063dc    00000008     Display.obj (.const:$P$T1$2)
                  000063e4    00000008     Display.obj (.const:$P$T2$3)
                  000063ec    00000008     Display.obj (.const:$P$T3$4)
                  000063f4    00000008     Display.obj (.const:$P$T4$5)
                  000063fc    00000008     Display.obj (.const:$P$T5$6)
                  00006404    00000008     msp432p4xx_driverlib.lib : interrupt.o (.const:g_pulEnRegs)

.cinit     0    00006410    00000098     
                  00006410    00000074     (.cinit..data.load) [load image, compression = lzss]
                  00006484    0000000c     (__TI_handler_table)
                  00006490    00000008     (.cinit..bss.load) [load image, compression = zero_init]
                  00006498    00000010     (__TI_cinit_table)

.init_array 
*          0    00000000    00000000     UNINITIALIZED

.binit     0    00000000    00000000     

.sysmem    0    20000000    00000400     UNINITIALIZED
                  20000000    00000010     rtsv7M4_T_le_v4SPD16_eabi.lib : memory.c.obj (.sysmem)
                  20000010    000003f0     --HOLE--

.data      0    20000400    0000020c     UNINITIALIZED
                  20000400    000000f0     rtsv7M4_T_le_v4SPD16_eabi.lib : defs.c.obj (.data:_ftable)
                  200004f0    00000078                                   : host_device.c.obj (.data:_device)
                  20000568    00000050                                   : host_device.c.obj (.data:_stream)
                  200005b8    00000010     Joystick.obj (.data)
                  200005c8    00000010     Crystalfontz128x128_ST7735.obj (.data:g_sCrystalfontz128x128)
                  200005d8    00000010     rtsv7M4_T_le_v4SPD16_eabi.lib : defs.c.obj (.data)
                  200005e8    0000000c                                   : exit.c.obj (.data:$O1$$)
                  200005f4    00000008                                   : _lock.c.obj (.data:$O1$$)
                  200005fc    00000008                                   : memory.c.obj (.data:$O1$$)
                  20000604    00000004                                   : errno.c.obj (.data)
                  20000608    00000004     system_msp432p401r.obj (.data)

.bss       0    2000060c    0000020a     UNINITIALIZED
                  2000060c    00000120     rtsv7M4_T_le_v4SPD16_eabi.lib : trgmsg.c.obj (.bss:_CIOBUF_)
                  2000072c    000000a0     (.common:__TI_tmpnams)
                  200007cc    0000001c     (.common:invisibleContext)
                  200007e8    0000001c     (.common:sContext)
                  20000804    00000008     (.common:parmbuf)
                  2000080c    00000002     (.common:Lcd_ScreenHeigth)
                  2000080e    00000002     (.common:Lcd_ScreenWidth)
                  20000810    00000002     (.common:Lcd_TouchTrim)
                  20000812    00000001     (.common:Lcd_FlagRead)
                  20000813    00000001     (.common:Lcd_FontSolid)
                  20000814    00000001     (.common:Lcd_Orientation)
                  20000815    00000001     (.common:Lcd_PenSolid)

.stack     0    2000fe00    00000200     UNINITIALIZED
                  2000fe00    00000004     rtsv7M4_T_le_v4SPD16_eabi.lib : boot_cortex_m.c.obj (.stack)
                  2000fe04    000001fc     --HOLE--

__llvm_prf_cnts 
*          0    20000000    00000000     UNINITIALIZED

MODULE SUMMARY

       Module                                               code    ro data   rw data
       ------                                               ----    -------   -------
    ./
       Joystick.obj                                         1728    0         32     
       Display.obj                                          1092    48        112    
       system_msp432p401r.obj                               820     0         8      
       startup_msp432p401r_ccs.obj                          14      228       0      
       ConnectionUart.obj                                   88      40        0      
       main.obj                                             110     0         0      
    +--+----------------------------------------------------+-------+---------+---------+
       Total:                                               3852    316       152    
                                                                                     
    ./LcdDriver/
       Crystalfontz128x128_ST7735.obj                       1664    40        52     
       HAL_MSP_EXP432P401R_Crystalfontz128x128_ST7735.obj   204     28        0      
    +--+----------------------------------------------------+-------+---------+---------+
       Total:                                               1868    68        52     
                                                                                     
    /Applications/ti/ccs1210/ccs/tools/compiler/ti-cgt-arm_20.2.7.LTS/lib/rtsv7M4_T_le_v4SPD16_eabi.lib
       _printfi.c.obj                                       4851    0         0      
       defs.c.obj                                           0       0         832    
       memory.c.obj                                         672     0         16     
       trgmsg.c.obj                                         108     0         576    
       fd_add_t2.asm.obj                                    438     0         0      
       host_device.c.obj                                    0       0         400    
       fd_div_t2.asm.obj                                    310     0         0      
       fputs.c.obj                                          276     0         0      
       s_scalbn.c.obj                                       272     0         0      
       fd_cmp_t2.asm.obj                                    268     0         0      
       ctype.c.obj                                          0       257       0      
       fd_mul_t2.asm.obj                                    252     0         0      
       setvbuf.c.obj                                        220     0         0      
       memcpy_t2.asm.obj                                    156     0         0      
       ull_div_t2.asm.obj                                   150     0         0      
       fputc.c.obj                                          140     0         0      
       memset_t2.asm.obj                                    122     0         0      
       fclose.c.obj                                         116     0         0      
       getdevice.c.obj                                      116     0         0      
       hostopen.c.obj                                       96      0         16     
       printf.c.obj                                         112     0         0      
       hostrename.c.obj                                     108     0         0      
       copy_decompress_lzss.c.obj                           104     0         0      
       hostlseek.c.obj                                      104     0         0      
       exit.c.obj                                           76      0         24     
       fseek.c.obj                                          100     0         0      
       s_frexp.c.obj                                        100     0         0      
       _io_perm.c.obj                                       98      0         0      
       sprintf.c.obj                                        98      0         0      
       close.c.obj                                          92      0         0      
       hostread.c.obj                                       88      0         0      
       hostwrite.c.obj                                      88      0         0      
       _ltoa.c.obj                                          84      0         0      
       atoi.c.obj                                           76      0         0      
       fflush.c.obj                                         76      0         0      
       fd_toi_t2.asm.obj                                    72      0         0      
       autoinit.c.obj                                       68      0         0      
       hostclose.c.obj                                      68      0         0      
       hostunlink.c.obj                                     68      0         0      
       strncpy.c.obj                                        54      0         0      
       boot_cortex_m.c.obj                                  52      0         0      
       fopen.c.obj                                          52      0         0      
       i_tofd_t2.asm.obj                                    46      0         0      
       unlink.c.obj                                         44      0         0      
       lseek.c.obj                                          40      0         0      
       write.c.obj                                          40      0         0      
       memchr.c.obj                                         32      0         0      
       strcat.c.obj                                         30      0         0      
       copy_zero_init.c.obj                                 28      0         0      
       memccpy.c.obj                                        28      0         0      
       s_copysign.c.obj                                     26      0         0      
       strcmp.c.obj                                         24      0         0      
       strchr.c.obj                                         22      0         0      
       strcpy.c.obj                                         20      0         0      
       strlen.c.obj                                         20      0         0      
       _lock.c.obj                                          2       0         16     
       wcslen.c.obj                                         18      0         0      
       errno.c.obj                                          8       0         8      
       copy_decompress_none.c.obj                           14      0         0      
       pre_init.c.obj                                       4       0         0      
       div0.asm.obj                                         2       0         0      
    +--+----------------------------------------------------+-------+---------+---------+
       Total:                                               10849   257       1888   
                                                                                     
    /Applications/ti/ccs1210/ccs/tools/compiler/ti-cgt-arm_20.2.7.LTS/simplelink_msp432p4_sdk_3_40_01_02/source/ti/devices/msp432p4xx/driverlib/ccs/msp432p4xx_driverlib.lib
       adc14.o                                              1196    128       0      
       pcm.o                                                916     0         0      
       gpio.o                                               752     48        0      
       uart.o                                               406     0         0      
       cs.o                                                 356     0         0      
       spi.o                                                312     0         0      
       interrupt.o                                          176     8         0      
       flash.o                                              72      0         0      
       wdt_a.o                                              36      0         0      
       cpu.o                                                28      0         0      
    +--+----------------------------------------------------+-------+---------+---------+
       Total:                                               4250    184       0      
                                                                                     
    /Applications/ti/ccs1210/ccs/tools/compiler/ti-cgt-arm_20.2.7.LTS/simplelink_msp432p4_sdk_3_40_01_02/source/ti/grlib/lib/ccs/m4f/grlib.a
       string.obj                                           1536    0         0      
       fontfixed6x8.obj                                     0       960       0      
       circle.obj                                           554     0         0      
       line.obj                                             312     0         0      
       display.obj                                          218     0         0      
       context.obj                                          188     0         0      
       rectangle.obj                                        162     0         0      
    +--+----------------------------------------------------+-------+---------+---------+
       Total:                                               2970    960       0      
                                                                                     
       Heap:                                                0       0         2048   
       Stack:                                               0       0         1024   
       Linker Generated:                                    0       152       0      
    +--+----------------------------------------------------+-------+---------+---------+
       Grand Total:                                         23789   1937      5164   


LINKER GENERATED COPY TABLES

__TI_cinit_table @ 00006498 records: 2, size/record: 8, table size: 16
	.data: load addr=00006410, load size=00000074 bytes, run addr=20000400, run size=0000020c bytes, compression=lzss
	.bss: load addr=00006490, load size=00000008 bytes, run addr=2000060c, run size=0000020a bytes, compression=zero_init


LINKER GENERATED HANDLER TABLE

__TI_handler_table @ 00006484 records: 3, size/record: 4, table size: 12
	index: 0, handler: __TI_decompress_lzss
	index: 1, handler: __TI_decompress_none
	index: 2, handler: __TI_zero_init


GLOBAL SYMBOLS: SORTED ALPHABETICALLY BY Name 

address   name                                       
-------   ----                                       
00001131  ADC14_IRQHandler                           
00001131  ADC14_IRQHandler                           
00005741  ADC14_clearInterruptFlag                   
00003de1  ADC14_configureConversionMemory            
00003e95  ADC14_configureMultiSequenceMode           
000058e1  ADC14_enableConversion                     
00005771  ADC14_enableInterrupt                      
00005da1  ADC14_enableModule                         
00005609  ADC14_enableSampleTimer                    
000054f5  ADC14_getEnabledInterruptStatus            
00005831  ADC14_getInterruptStatus                   
00005909  ADC14_getResult                            
00004fa1  ADC14_initModule                           
0000585d  ADC14_toggleConversionTrigger              
00005d9d  AES256_IRQHandler                          
00005d9d  BusFault_Handler                           
00005df1  C$$EXIT                                    
0000555b  C$$IO$$                                    
00005d9d  COMP_E0_IRQHandler                         
00005d9d  COMP_E1_IRQHandler                         
00005dad  CPU_cpsid                                  
00005db9  CPU_cpsie                                  
00005de1  CPU_wfi                                    
00005d9d  CS_IRQHandler                              
000031c1  CS_initClockSignal                         
0000563d  CS_setDCOCenteredFrequency                 
000011f5  Crystalfontz128x128_Init                   
00001309  Crystalfontz128x128_SetDrawFrame           
00001437  Crystalfontz128x128_SetOrientation         
00005d9d  DMA_ERR_IRQHandler                         
00005d9d  DMA_INT0_IRQHandler                        
00005d9d  DMA_INT1_IRQHandler                        
00005d9d  DMA_INT2_IRQHandler                        
00005d9d  DMA_INT3_IRQHandler                        
00005d9d  DebugMon_Handler                           
00005d9d  Default_Handler                            
00005d9d  EUSCIA0_IRQHandler                         
00005d9d  EUSCIA1_IRQHandler                         
00004e35  EUSCIA2_IRQHandler                         
00004e35  EUSCIA2_IRQHandler                         
00005d9d  EUSCIA3_IRQHandler                         
00005d9d  EUSCIB0_IRQHandler                         
00005d9d  EUSCIB1_IRQHandler                         
00005d9d  EUSCIB2_IRQHandler                         
00005d9d  EUSCIB3_IRQHandler                         
00005c1d  EUSCI_A_SPI_enable                         
00005c33  EUSCI_B_SPI_enable                         
00005d9d  FLCTL_IRQHandler                           
00005d9d  FPU_IRQHandler                             
00005185  FlashCtl_setWaitState                      
00005931  GPIO_clearInterruptFlag                    
00005959  GPIO_enableInterrupt                       
00004661  GPIO_getEnabledInterruptStatus             
00005a71  GPIO_getInterruptStatus                    
00004e41  GPIO_setAsInputPinWithPullUpResistor       
000053b5  GPIO_setAsOutputPin                        
00004445  GPIO_setAsPeripheralModuleFunctionInputPin 
000044cd  GPIO_setAsPeripheralModuleFunctionOutputPin
00005981  GPIO_setOutputHighOnPin                    
000059a9  GPIO_setOutputLowOnPin                     
00005cdd  Graphics_clearDisplay                      
00005b85  Graphics_clearDisplayOnDisplay             
00005565  Graphics_drawHorizontalLineOnDisplay       
0000414d  Graphics_drawLineH                         
000041e9  Graphics_drawLineV                         
00005889  Graphics_drawPixelOnDisplay                
000040ab  Graphics_drawRectangle                     
00001875  Graphics_drawString                        
000051cd  Graphics_drawStringCentered                
0000559b  Graphics_drawVerticalLineOnDisplay         
000026dd  Graphics_fillCircle                        
00005d75  Graphics_flushBuffer                       
00005cef  Graphics_flushOnDisplay                    
00003a59  Graphics_getStringWidth                    
00005049  Graphics_initContext                       
00005b9f  Graphics_setBackgroundColor                
00005bb9  Graphics_setFont                           
00005c49  Graphics_setForegroundColor                
00005c5f  Graphics_translateColorOnDisplay           
00003d15  HAL_LCD_PortInit                           
00003d45  HAL_LCD_SpiInit                            
00003d7b  HAL_LCD_writeCommand                       
00003dab  HAL_LCD_writeData                          
000052a5  HOSTclose                                  
00004a0d  HOSTlseek                                  
00004c71  HOSTopen                                   
00004e99  HOSTread                                   
000049a1  HOSTrename                                 
000052e9  HOSTunlink                                 
00004ef1  HOSTwrite                                  
00005d9d  HardFault_Handler                          
00005d25  Interrupt_disableMaster                    
000046e5  Interrupt_enableInterrupt                  
00005d35  Interrupt_enableMaster                     
00005d45  Interrupt_enableSleepOnIsrExit             
20000812  Lcd_FlagRead                               
20000813  Lcd_FontSolid                              
20000814  Lcd_Orientation                            
20000815  Lcd_PenSolid                               
2000080c  Lcd_ScreenHeigth                           
2000080e  Lcd_ScreenWidth                            
20000810  Lcd_TouchTrim                              
00005d9d  MemManage_Handler                          
00005d9d  NMI_Handler                                
00005d9d  PCM_IRQHandler                             
00004cd1  PCM_getCoreVoltageLevel                    
00004d8d  PCM_getPowerMode                           
00005ca1  PCM_getPowerState                          
000059d1  PCM_gotoLPM0                               
00005af7  PCM_gotoLPM0InterruptSafe                  
00005d55  PCM_setCoreVoltageLevel                    
00005d65  PCM_setPowerMode                           
00000c1b  PORT1_IRQHandler                           
00000c1b  PORT1_IRQHandler                           
00005d9d  PORT2_IRQHandler                           
00000c7f  PORT3_IRQHandler                           
00000c7f  PORT3_IRQHandler                           
00000cdb  PORT4_IRQHandler                           
00000cdb  PORT4_IRQHandler                           
00000d5d  PORT5_IRQHandler                           
00000d5d  PORT5_IRQHandler                           
00005d9d  PORT6_IRQHandler                           
00005d9d  PSS_IRQHandler                             
00005d9d  PendSV_Handler                             
00005d9d  RTC_C_IRQHandler                           
00005d91  Reset_Handler                              
00005b13  SPI_enableModule                           
00003ffb  SPI_initMaster                             
00005d9d  SVC_Handler                                
00005d9d  SysTick_Handler                            
20000608  SystemCoreClock                            
00002139  SystemCoreClockUpdate                      
000023b1  SystemInit                                 
00005d9d  T32_INT1_IRQHandler                        
00005d9d  T32_INT2_IRQHandler                        
00005d9d  T32_INTC_IRQHandler                        
00005d9d  TA0_0_IRQHandler                           
00005d9d  TA0_N_IRQHandler                           
00005d9d  TA1_0_IRQHandler                           
00005d9d  TA1_N_IRQHandler                           
00005d9d  TA2_0_IRQHandler                           
00005d9d  TA2_N_IRQHandler                           
00005d9d  TA3_0_IRQHandler                           
00005d9d  TA3_N_IRQHandler                           
000057a1  UART_enableInterrupt                       
00005c75  UART_enableModule                          
00003415  UART_initModule                            
00005671  UART_transmitData                          
00005d9d  UsageFault_Handler                         
4000480c  WDTCTL_SYM                                 
00005d9d  WDT_A_IRQHandler                           
00005a95  WDT_A_holdTimer                            
2000060c  __CIOBUF_                                  
20010000  __STACK_END                                
00000200  __STACK_SIZE                               
00000400  __SYSMEM_SIZE                              
00006498  __TI_CINIT_Base                            
000064a8  __TI_CINIT_Limit                           
00006484  __TI_Handler_Table_Base                    
00006490  __TI_Handler_Table_Limit                   
0000532d  __TI_auto_init_nobinit_nopinit             
000056a5  __TI_cleanup                               
200005e8  __TI_cleanup_ptr                           
000047e1  __TI_closefile                             
00004a75  __TI_decompress_lzss                       
00005d83  __TI_decompress_none                       
000050ed  __TI_doflush                               
200005ec  __TI_dtors_ptr                             
200005f0  __TI_enable_exit_profile_output            
200005d8  __TI_ft_end                                
00004ff5  __TI_ltoa                                  
ffffffff  __TI_pprof_out_hndl                        
000000e5  __TI_printfi                               
ffffffff  __TI_prof_data_size                        
ffffffff  __TI_prof_data_start                       
000056d9  __TI_readmsg                               
00000000  __TI_static_base__                         
2000072c  __TI_tmpnams                               
0000552d  __TI_writemsg                              
00004c0d  __TI_wrt_ok                                
00005b2f  __TI_zero_init_nomemset                    
00004555  __aeabi_cdcmpeq                            
00004555  __aeabi_cdcmple                            
000045db  __aeabi_cdrcmple                           
0000525d  __aeabi_d2iz                               
00002ae3  __aeabi_dadd                               
00003089  __aeabi_ddiv                               
0000395d  __aeabi_dmul                               
00002ad9  __aeabi_dsub                               
00005dd1  __aeabi_errno_addr                         
00005801  __aeabi_i2d                                
00001cf3  __aeabi_idiv0                              
00001cf3  __aeabi_ldiv0                              
00004765  __aeabi_memclr                             
00004765  __aeabi_memclr4                            
00004765  __aeabi_memclr8                            
00004285  __aeabi_memcpy                             
00004285  __aeabi_memcpy4                            
00004285  __aeabi_memcpy8                            
00004767  __aeabi_memset                             
00004767  __aeabi_memset4                            
00004767  __aeabi_memset8                            
200005e4  __aeabi_stderr                             
200005dc  __aeabi_stdin                              
200005e0  __aeabi_stdout                             
00004321  __aeabi_uldivmod                           
ffffffff  __binit__                                  
ffffffff  __c_args__                                 
UNDEFED   __mpu_init                                 
2000fe00  __stack                                    
20000000  __start___llvm_prf_cnts                    
20000000  __stop___llvm_prf_cnts                     
0000570d  _c_int00_noargs                            
000060ec  _ctypes_                                   
200004f0  _device                                    
20000400  _ftable                                    
200005f4  _lock                                      
00000b33  _nop                                       
20000568  _stream                                    
20000000  _sys_memory                                
UNDEFED   _system_post_cinit                         
00005ded  _system_pre_init                           
200005f8  _unlock                                    
00005df1  abort                                      
00000b35  adcInit                                    
0000385d  aligned_alloc                              
00005139  atoi                                       
00000dc9  auto_park_mode                             
ffffffff  binit                                      
00001cff  clear_display_invisible                    
00001cf5  clear_display_visible                      
00004d31  close                                      
00004de9  configureUart                              
200005bc  cont                                       
00005bd3  copysign                                   
00005bd3  copysignl                                  
00001d09  draw                                       
00001e73  draw_circle                                
00001d2f  draw_rectangle                             
20000604  errno                                      
00005215  exit                                       
000057d1  finddevice                                 
000043b9  fputc                                      
00003531  fputs                                      
00003b55  free                                       
00004b45  frexp                                      
00004b45  frexpl                                     
00004ba9  fseek                                      
200005c8  g_sCrystalfontz128x128                     
00006390  g_sCrystalfontz128x128_funcs               
000061f0  g_sFontFixed6x8                            
00005371  getdevice                                  
00001d69  graphicsInit                               
00001f09  graphics_first_menu                        
00004933  initHW                                     
00000000  interruptVectors                           
200007cc  invisibleContext                           
00000f05  joystick_mode_setup                        
00000e3f  keep_distance                              
00003645  ldexp                                      
00003645  ldexpl                                     
00005a21  lseek                                      
0000498d  main                                       
00005dd9  malloc                                     
0000385d  memalign                                   
00005b69  memccpy                                    
00005ab9  memchr                                     
00004285  memcpy                                     
0000476d  memset                                     
20000804  parmbuf                                    
00004add  printf                                     
000043b9  putc                                       
000058b5  remove                                     
200007e8  sContext                                   
00003645  scalbn                                     
00003645  scalbnl                                    
200005c0  sel                                        
200005c4  sel1                                       
200005b8  semaforo                                   
00003c39  setvbuf                                    
00005475  sprintf                                    
00005ad9  strcat                                     
00005c8b  strchr                                     
00005c05  strcmp                                     
00005cb5  strcpy                                     
00005cc9  strlen                                     
000055d1  strncpy                                    
00006368  uartConfig                                 
000058b5  unlink                                     
00005d01  wcslen                                     
00005a49  write                                      


GLOBAL SYMBOLS: SORTED BY Symbol Address 

address   name                                       
-------   ----                                       
00000000  __TI_static_base__                         
00000000  interruptVectors                           
000000e5  __TI_printfi                               
00000200  __STACK_SIZE                               
00000400  __SYSMEM_SIZE                              
00000b33  _nop                                       
00000b35  adcInit                                    
00000c1b  PORT1_IRQHandler                           
00000c1b  PORT1_IRQHandler                           
00000c7f  PORT3_IRQHandler                           
00000c7f  PORT3_IRQHandler                           
00000cdb  PORT4_IRQHandler                           
00000cdb  PORT4_IRQHandler                           
00000d5d  PORT5_IRQHandler                           
00000d5d  PORT5_IRQHandler                           
00000dc9  auto_park_mode                             
00000e3f  keep_distance                              
00000f05  joystick_mode_setup                        
00001131  ADC14_IRQHandler                           
00001131  ADC14_IRQHandler                           
000011f5  Crystalfontz128x128_Init                   
00001309  Crystalfontz128x128_SetDrawFrame           
00001437  Crystalfontz128x128_SetOrientation         
00001875  Graphics_drawString                        
00001cf3  __aeabi_idiv0                              
00001cf3  __aeabi_ldiv0                              
00001cf5  clear_display_visible                      
00001cff  clear_display_invisible                    
00001d09  draw                                       
00001d2f  draw_rectangle                             
00001d69  graphicsInit                               
00001e73  draw_circle                                
00001f09  graphics_first_menu                        
00002139  SystemCoreClockUpdate                      
000023b1  SystemInit                                 
000026dd  Graphics_fillCircle                        
00002ad9  __aeabi_dsub                               
00002ae3  __aeabi_dadd                               
00003089  __aeabi_ddiv                               
000031c1  CS_initClockSignal                         
00003415  UART_initModule                            
00003531  fputs                                      
00003645  ldexp                                      
00003645  ldexpl                                     
00003645  scalbn                                     
00003645  scalbnl                                    
0000385d  aligned_alloc                              
0000385d  memalign                                   
0000395d  __aeabi_dmul                               
00003a59  Graphics_getStringWidth                    
00003b55  free                                       
00003c39  setvbuf                                    
00003d15  HAL_LCD_PortInit                           
00003d45  HAL_LCD_SpiInit                            
00003d7b  HAL_LCD_writeCommand                       
00003dab  HAL_LCD_writeData                          
00003de1  ADC14_configureConversionMemory            
00003e95  ADC14_configureMultiSequenceMode           
00003ffb  SPI_initMaster                             
000040ab  Graphics_drawRectangle                     
0000414d  Graphics_drawLineH                         
000041e9  Graphics_drawLineV                         
00004285  __aeabi_memcpy                             
00004285  __aeabi_memcpy4                            
00004285  __aeabi_memcpy8                            
00004285  memcpy                                     
00004321  __aeabi_uldivmod                           
000043b9  fputc                                      
000043b9  putc                                       
00004445  GPIO_setAsPeripheralModuleFunctionInputPin 
000044cd  GPIO_setAsPeripheralModuleFunctionOutputPin
00004555  __aeabi_cdcmpeq                            
00004555  __aeabi_cdcmple                            
000045db  __aeabi_cdrcmple                           
00004661  GPIO_getEnabledInterruptStatus             
000046e5  Interrupt_enableInterrupt                  
00004765  __aeabi_memclr                             
00004765  __aeabi_memclr4                            
00004765  __aeabi_memclr8                            
00004767  __aeabi_memset                             
00004767  __aeabi_memset4                            
00004767  __aeabi_memset8                            
0000476d  memset                                     
000047e1  __TI_closefile                             
00004933  initHW                                     
0000498d  main                                       
000049a1  HOSTrename                                 
00004a0d  HOSTlseek                                  
00004a75  __TI_decompress_lzss                       
00004add  printf                                     
00004b45  frexp                                      
00004b45  frexpl                                     
00004ba9  fseek                                      
00004c0d  __TI_wrt_ok                                
00004c71  HOSTopen                                   
00004cd1  PCM_getCoreVoltageLevel                    
00004d31  close                                      
00004d8d  PCM_getPowerMode                           
00004de9  configureUart                              
00004e35  EUSCIA2_IRQHandler                         
00004e35  EUSCIA2_IRQHandler                         
00004e41  GPIO_setAsInputPinWithPullUpResistor       
00004e99  HOSTread                                   
00004ef1  HOSTwrite                                  
00004fa1  ADC14_initModule                           
00004ff5  __TI_ltoa                                  
00005049  Graphics_initContext                       
000050ed  __TI_doflush                               
00005139  atoi                                       
00005185  FlashCtl_setWaitState                      
000051cd  Graphics_drawStringCentered                
00005215  exit                                       
0000525d  __aeabi_d2iz                               
000052a5  HOSTclose                                  
000052e9  HOSTunlink                                 
0000532d  __TI_auto_init_nobinit_nopinit             
00005371  getdevice                                  
000053b5  GPIO_setAsOutputPin                        
00005475  sprintf                                    
000054f5  ADC14_getEnabledInterruptStatus            
0000552d  __TI_writemsg                              
0000555b  C$$IO$$                                    
00005565  Graphics_drawHorizontalLineOnDisplay       
0000559b  Graphics_drawVerticalLineOnDisplay         
000055d1  strncpy                                    
00005609  ADC14_enableSampleTimer                    
0000563d  CS_setDCOCenteredFrequency                 
00005671  UART_transmitData                          
000056a5  __TI_cleanup                               
000056d9  __TI_readmsg                               
0000570d  _c_int00_noargs                            
00005741  ADC14_clearInterruptFlag                   
00005771  ADC14_enableInterrupt                      
000057a1  UART_enableInterrupt                       
000057d1  finddevice                                 
00005801  __aeabi_i2d                                
00005831  ADC14_getInterruptStatus                   
0000585d  ADC14_toggleConversionTrigger              
00005889  Graphics_drawPixelOnDisplay                
000058b5  remove                                     
000058b5  unlink                                     
000058e1  ADC14_enableConversion                     
00005909  ADC14_getResult                            
00005931  GPIO_clearInterruptFlag                    
00005959  GPIO_enableInterrupt                       
00005981  GPIO_setOutputHighOnPin                    
000059a9  GPIO_setOutputLowOnPin                     
000059d1  PCM_gotoLPM0                               
00005a21  lseek                                      
00005a49  write                                      
00005a71  GPIO_getInterruptStatus                    
00005a95  WDT_A_holdTimer                            
00005ab9  memchr                                     
00005ad9  strcat                                     
00005af7  PCM_gotoLPM0InterruptSafe                  
00005b13  SPI_enableModule                           
00005b2f  __TI_zero_init_nomemset                    
00005b69  memccpy                                    
00005b85  Graphics_clearDisplayOnDisplay             
00005b9f  Graphics_setBackgroundColor                
00005bb9  Graphics_setFont                           
00005bd3  copysign                                   
00005bd3  copysignl                                  
00005c05  strcmp                                     
00005c1d  EUSCI_A_SPI_enable                         
00005c33  EUSCI_B_SPI_enable                         
00005c49  Graphics_setForegroundColor                
00005c5f  Graphics_translateColorOnDisplay           
00005c75  UART_enableModule                          
00005c8b  strchr                                     
00005ca1  PCM_getPowerState                          
00005cb5  strcpy                                     
00005cc9  strlen                                     
00005cdd  Graphics_clearDisplay                      
00005cef  Graphics_flushOnDisplay                    
00005d01  wcslen                                     
00005d25  Interrupt_disableMaster                    
00005d35  Interrupt_enableMaster                     
00005d45  Interrupt_enableSleepOnIsrExit             
00005d55  PCM_setCoreVoltageLevel                    
00005d65  PCM_setPowerMode                           
00005d75  Graphics_flushBuffer                       
00005d83  __TI_decompress_none                       
00005d91  Reset_Handler                              
00005d9d  AES256_IRQHandler                          
00005d9d  BusFault_Handler                           
00005d9d  COMP_E0_IRQHandler                         
00005d9d  COMP_E1_IRQHandler                         
00005d9d  CS_IRQHandler                              
00005d9d  DMA_ERR_IRQHandler                         
00005d9d  DMA_INT0_IRQHandler                        
00005d9d  DMA_INT1_IRQHandler                        
00005d9d  DMA_INT2_IRQHandler                        
00005d9d  DMA_INT3_IRQHandler                        
00005d9d  DebugMon_Handler                           
00005d9d  Default_Handler                            
00005d9d  EUSCIA0_IRQHandler                         
00005d9d  EUSCIA1_IRQHandler                         
00005d9d  EUSCIA3_IRQHandler                         
00005d9d  EUSCIB0_IRQHandler                         
00005d9d  EUSCIB1_IRQHandler                         
00005d9d  EUSCIB2_IRQHandler                         
00005d9d  EUSCIB3_IRQHandler                         
00005d9d  FLCTL_IRQHandler                           
00005d9d  FPU_IRQHandler                             
00005d9d  HardFault_Handler                          
00005d9d  MemManage_Handler                          
00005d9d  NMI_Handler                                
00005d9d  PCM_IRQHandler                             
00005d9d  PORT2_IRQHandler                           
00005d9d  PORT6_IRQHandler                           
00005d9d  PSS_IRQHandler                             
00005d9d  PendSV_Handler                             
00005d9d  RTC_C_IRQHandler                           
00005d9d  SVC_Handler                                
00005d9d  SysTick_Handler                            
00005d9d  T32_INT1_IRQHandler                        
00005d9d  T32_INT2_IRQHandler                        
00005d9d  T32_INTC_IRQHandler                        
00005d9d  TA0_0_IRQHandler                           
00005d9d  TA0_N_IRQHandler                           
00005d9d  TA1_0_IRQHandler                           
00005d9d  TA1_N_IRQHandler                           
00005d9d  TA2_0_IRQHandler                           
00005d9d  TA2_N_IRQHandler                           
00005d9d  TA3_0_IRQHandler                           
00005d9d  TA3_N_IRQHandler                           
00005d9d  UsageFault_Handler                         
00005d9d  WDT_A_IRQHandler                           
00005da1  ADC14_enableModule                         
00005dad  CPU_cpsid                                  
00005db9  CPU_cpsie                                  
00005dd1  __aeabi_errno_addr                         
00005dd9  malloc                                     
00005de1  CPU_wfi                                    
00005ded  _system_pre_init                           
00005df1  C$$EXIT                                    
00005df1  abort                                      
000060ec  _ctypes_                                   
000061f0  g_sFontFixed6x8                            
00006368  uartConfig                                 
00006390  g_sCrystalfontz128x128_funcs               
00006484  __TI_Handler_Table_Base                    
00006490  __TI_Handler_Table_Limit                   
00006498  __TI_CINIT_Base                            
000064a8  __TI_CINIT_Limit                           
20000000  __start___llvm_prf_cnts                    
20000000  __stop___llvm_prf_cnts                     
20000000  _sys_memory                                
20000400  _ftable                                    
200004f0  _device                                    
20000568  _stream                                    
200005b8  semaforo                                   
200005bc  cont                                       
200005c0  sel                                        
200005c4  sel1                                       
200005c8  g_sCrystalfontz128x128                     
200005d8  __TI_ft_end                                
200005dc  __aeabi_stdin                              
200005e0  __aeabi_stdout                             
200005e4  __aeabi_stderr                             
200005e8  __TI_cleanup_ptr                           
200005ec  __TI_dtors_ptr                             
200005f0  __TI_enable_exit_profile_output            
200005f4  _lock                                      
200005f8  _unlock                                    
20000604  errno                                      
20000608  SystemCoreClock                            
2000060c  __CIOBUF_                                  
2000072c  __TI_tmpnams                               
200007cc  invisibleContext                           
200007e8  sContext                                   
20000804  parmbuf                                    
2000080c  Lcd_ScreenHeigth                           
2000080e  Lcd_ScreenWidth                            
20000810  Lcd_TouchTrim                              
20000812  Lcd_FlagRead                               
20000813  Lcd_FontSolid                              
20000814  Lcd_Orientation                            
20000815  Lcd_PenSolid                               
2000fe00  __stack                                    
20010000  __STACK_END                                
4000480c  WDTCTL_SYM                                 
ffffffff  __TI_pprof_out_hndl                        
ffffffff  __TI_prof_data_size                        
ffffffff  __TI_prof_data_start                       
ffffffff  __binit__                                  
ffffffff  __c_args__                                 
ffffffff  binit                                      
UNDEFED   __mpu_init                                 
UNDEFED   _system_post_cinit                         

[291 symbols]
