******************************************************************************
                  TI ARM Linker Unix v20.2.7                   
******************************************************************************
>> Linked Sun Jan 29 13:15:08 2023

OUTPUT FILE NAME:   <Sender2.out>
ENTRY POINT SYMBOL: "_c_int00_noargs"  address: 00005605


MEMORY CONFIGURATION

         name            origin    length      used     unused   attr    fill
----------------------  --------  ---------  --------  --------  ----  --------
  MAIN                  00000000   00040000  0000637c  00039c84  R  X
  INFO                  00200000   00004000  00000000  00004000  R  X
  SRAM_CODE             01000000   00010000  00000a16  0000f5ea  RW X
  SRAM_DATA             20000000   00010000  00000a16  0000f5ea  RW  


SEGMENT ALLOCATION MAP

run origin  load origin   length   init length attrs members
----------  ----------- ---------- ----------- ----- -------
00000000    00000000    00006380   00006380    r-x
  00000000    00000000    000000e4   000000e4    r-- .intvecs
  000000e4    000000e4    00005be8   00005be8    r-x .text
  00005ccc    00005ccc    00000618   00000618    r-- .const
  000062e8    000062e8    00000098   00000098    r-- .cinit
20000000    20000000    00000816   00000000    rw-
  20000000    20000000    00000400   00000000    rw- .sysmem
  20000400    20000400    0000020c   00000000    rw- .data
  2000060c    2000060c    0000020a   00000000    rw- .bss
2000fe00    2000fe00    00000200   00000000    rw-
  2000fe00    2000fe00    00000200   00000000    rw- .stack


SECTION ALLOCATION MAP

 output                                  attributes/
section   page    origin      length       input sections
--------  ----  ----------  ----------   ----------------
.intvecs   0    00000000    000000e4     
                  00000000    000000e4     startup_msp432p401r_ccs.obj (.intvecs:retain)

.text      0    000000e4    00005be8     
                  000000e4    00000a4e     rtsv7M4_T_le_v4SPD16_eabi.lib : _printfi.c.obj (.text:__TI_printfi)
                  00000b32    00000002                                   : _lock.c.obj (.text:_nop)
                  00000b34    00000680     Crystalfontz128x128_ST7735.obj (.text)
                  000011b4    000005c0     Joystick.obj (.text)
                  00001774    0000047e     grlib.a : string.obj (.text:Graphics_drawString)
                  00001bf2    00000002     rtsv7M4_T_le_v4SPD16_eabi.lib : div0.asm.obj (.text)
                  00001bf4    0000043c     Display.obj (.text)
                  00002030    00000334     system_msp432p401r.obj (.text)
                  00002364    00000270     rtsv7M4_T_le_v4SPD16_eabi.lib : _printfi.c.obj (.text:_pconv_a)
                  000025d4    0000022a     grlib.a : circle.obj (.text:Graphics_fillCircle)
                  000027fe    00000002     --HOLE-- [fill = 0]
                  00002800    000001d0     rtsv7M4_T_le_v4SPD16_eabi.lib : _printfi.c.obj (.text:_pconv_g)
                  000029d0    000001b6                                   : fd_add_t2.asm.obj (.text)
                  00002b86    00000002     --HOLE-- [fill = 0]
                  00002b88    00000160     msp432p4xx_driverlib.lib : adc14.o (.text:_getIndexForMemRegister)
                  00002ce8    0000015c                              : pcm.o (.text:__PCM_setPowerModeAdvanced)
                  00002e44    0000013c     rtsv7M4_T_le_v4SPD16_eabi.lib : _printfi.c.obj (.text:_pconv_e)
                  00002f80    00000136                                   : fd_div_t2.asm.obj (.text)
                  000030b6    00000002     --HOLE-- [fill = 0]
                  000030b8    00000130     msp432p4xx_driverlib.lib : cs.o (.text:CS_initClockSignal)
                  000031e8    00000124     rtsv7M4_T_le_v4SPD16_eabi.lib : _printfi.c.obj (.text:fcvt)
                  0000330c    0000011c     msp432p4xx_driverlib.lib : uart.o (.text:UART_initModule)
                  00003428    00000114     rtsv7M4_T_le_v4SPD16_eabi.lib : fputs.c.obj (.text:fputs)
                  0000353c    00000110                                   : s_scalbn.c.obj (.text:scalbn)
                  0000364c    00000108     msp432p4xx_driverlib.lib : pcm.o (.text:__PCM_setCoreVoltageLevelAdvanced)
                  00003754    00000100     rtsv7M4_T_le_v4SPD16_eabi.lib : memory.c.obj (.text:aligned_alloc)
                  00003854    000000fc                                   : fd_mul_t2.asm.obj (.text)
                  00003950    000000fa     grlib.a : string.obj (.text:Graphics_getStringWidth)
                  00003a4a    00000002     --HOLE-- [fill = 0]
                  00003a4c    000000e4     rtsv7M4_T_le_v4SPD16_eabi.lib : memory.c.obj (.text:free)
                  00003b30    000000dc                                   : setvbuf.c.obj (.text:setvbuf)
                  00003c0c    000000cc     HAL_MSP_EXP432P401R_Crystalfontz128x128_ST7735.obj (.text)
                  00003cd8    000000b4     msp432p4xx_driverlib.lib : adc14.o (.text:ADC14_configureConversionMemory)
                  00003d8c    000000b4                              : adc14.o (.text:ADC14_configureMultiSequenceMode)
                  00003e40    000000b1     rtsv7M4_T_le_v4SPD16_eabi.lib : _printfi.c.obj (.text:_ltostr)
                  00003ef1    00000001     --HOLE-- [fill = 0]
                  00003ef2    000000b0     msp432p4xx_driverlib.lib : spi.o (.text:SPI_initMaster)
                  00003fa2    000000a2     grlib.a : rectangle.obj (.text:Graphics_drawRectangle)
                  00004044    0000009c             : line.obj (.text:Graphics_drawLineH)
                  000040e0    0000009c             : line.obj (.text:Graphics_drawLineV)
                  0000417c    0000009c     rtsv7M4_T_le_v4SPD16_eabi.lib : memcpy_t2.asm.obj (.text)
                  00004218    00000096                                   : ull_div_t2.asm.obj (.text)
                  000042ae    00000002     --HOLE-- [fill = 0]
                  000042b0    0000008c                                   : fputc.c.obj (.text:fputc)
                  0000433c    00000088     msp432p4xx_driverlib.lib : gpio.o (.text:GPIO_setAsPeripheralModuleFunctionInputPin)
                  000043c4    00000088                              : gpio.o (.text:GPIO_setAsPeripheralModuleFunctionOutputPin)
                  0000444c    00000086     rtsv7M4_T_le_v4SPD16_eabi.lib : fd_cmp_t2.asm.obj (.text:__aeabi_cdcmple)
                  000044d2    00000086                                   : fd_cmp_t2.asm.obj (.text:__aeabi_cdrcmple)
                  00004558    00000084     msp432p4xx_driverlib.lib : gpio.o (.text:GPIO_getEnabledInterruptStatus)
                  000045dc    00000080                              : interrupt.o (.text:Interrupt_enableInterrupt)
                  0000465c    0000007a     rtsv7M4_T_le_v4SPD16_eabi.lib : memset_t2.asm.obj (.text)
                  000046d6    00000002     --HOLE-- [fill = 0]
                  000046d8    00000074                                   : fclose.c.obj (.text:__TI_closefile)
                  0000474c    00000070                                   : memory.c.obj (.text:split)
                  000047bc    0000006e                                   : _printfi.c.obj (.text:_mcpy)
                  0000482a    0000006e     main.obj (.text)
                  00004898    0000006c     rtsv7M4_T_le_v4SPD16_eabi.lib : hostrename.c.obj (.text:HOSTrename)
                  00004904    00000068                                   : hostlseek.c.obj (.text:HOSTlseek)
                  0000496c    00000068                                   : copy_decompress_lzss.c.obj (.text:decompress:lzss:__TI_decompress_lzss)
                  000049d4    00000068                                   : printf.c.obj (.text:printf)
                  00004a3c    00000064                                   : s_frexp.c.obj (.text:frexp)
                  00004aa0    00000064                                   : fseek.c.obj (.text:fseek)
                  00004b04    00000062                                   : _io_perm.c.obj (.text:__TI_wrt_ok)
                  00004b66    00000002     --HOLE-- [fill = 0]
                  00004b68    00000060                                   : hostopen.c.obj (.text:HOSTopen)
                  00004bc8    0000005e     msp432p4xx_driverlib.lib : pcm.o (.text:PCM_getCoreVoltageLevel)
                  00004c26    00000002     --HOLE-- [fill = 0]
                  00004c28    0000005c     rtsv7M4_T_le_v4SPD16_eabi.lib : close.c.obj (.text:close)
                  00004c84    0000005a     msp432p4xx_driverlib.lib : pcm.o (.text:PCM_getPowerMode)
                  00004cde    00000002     --HOLE-- [fill = 0]
                  00004ce0    00000058     ConnectionUart.obj (.text)
                  00004d38    00000058     msp432p4xx_driverlib.lib : gpio.o (.text:GPIO_setAsInputPinWithPullUpResistor)
                  00004d90    00000058     rtsv7M4_T_le_v4SPD16_eabi.lib : hostread.c.obj (.text:HOSTread)
                  00004de8    00000058                                   : hostwrite.c.obj (.text:HOSTwrite)
                  00004e40    00000056                                   : _printfi.c.obj (.text:_pconv_f)
                  00004e96    00000002     --HOLE-- [fill = 0]
                  00004e98    00000054     msp432p4xx_driverlib.lib : adc14.o (.text:ADC14_initModule)
                  00004eec    00000054     rtsv7M4_T_le_v4SPD16_eabi.lib : _ltoa.c.obj (.text:__TI_ltoa)
                  00004f40    00000052     grlib.a : context.obj (.text:Graphics_initContext)
                  00004f92    00000052     rtsv7M4_T_le_v4SPD16_eabi.lib : _printfi.c.obj (.text:_ecpy)
                  00004fe4    0000004c                                   : fflush.c.obj (.text:__TI_doflush)
                  00005030    0000004c                                   : atoi.c.obj (.text:atoi)
                  0000507c    00000048     msp432p4xx_driverlib.lib : flash.o (.text:FlashCtl_setWaitState)
                  000050c4    00000048     grlib.a : string.obj (.text:Graphics_drawStringCentered)
                  0000510c    00000048     rtsv7M4_T_le_v4SPD16_eabi.lib : exit.c.obj (.text:exit)
                  00005154    00000048                                   : fd_toi_t2.asm.obj (.text)
                  0000519c    00000044                                   : hostclose.c.obj (.text:HOSTclose)
                  000051e0    00000044                                   : hostunlink.c.obj (.text:HOSTunlink)
                  00005224    00000044                                   : autoinit.c.obj (.text:__TI_auto_init_nobinit_nopinit:__TI_auto_init_nobinit_nopinit)
                  00005268    00000044                                   : getdevice.c.obj (.text:getdevice)
                  000052ac    00000040     msp432p4xx_driverlib.lib : gpio.o (.text:GPIO_setAsOutputPin)
                  000052ec    00000040     grlib.a : string.obj (.text:Graphics_getNumberOfLeadingZeros)
                  0000532c    00000040     msp432p4xx_driverlib.lib : spi.o (.text:is_A_Module)
                  0000536c    00000040     rtsv7M4_T_le_v4SPD16_eabi.lib : sprintf.c.obj (.text:sprintf)
                  000053ac    0000003e                                   : _printfi.c.obj (.text:_fcpy)
                  000053ea    00000002     --HOLE-- [fill = 0]
                  000053ec    00000038     msp432p4xx_driverlib.lib : adc14.o (.text:ADC14_getEnabledInterruptStatus)
                  00005424    00000038     rtsv7M4_T_le_v4SPD16_eabi.lib : trgmsg.c.obj (.text:__TI_writemsg)
                  0000545c    00000036     grlib.a : display.obj (.text:Graphics_drawHorizontalLineOnDisplay)
                  00005492    00000036             : display.obj (.text:Graphics_drawVerticalLineOnDisplay)
                  000054c8    00000036     rtsv7M4_T_le_v4SPD16_eabi.lib : strncpy.c.obj (.text:strncpy)
                  000054fe    00000002     --HOLE-- [fill = 0]
                  00005500    00000034     msp432p4xx_driverlib.lib : adc14.o (.text:ADC14_enableSampleTimer)
                  00005534    00000034                              : cs.o (.text:CS_setDCOCenteredFrequency)
                  00005568    00000034                              : uart.o (.text:UART_transmitData)
                  0000559c    00000034     rtsv7M4_T_le_v4SPD16_eabi.lib : fopen.c.obj (.text:__TI_cleanup)
                  000055d0    00000034                                   : trgmsg.c.obj (.text:__TI_readmsg)
                  00005604    00000034                                   : boot_cortex_m.c.obj (.text:_c_int00_noargs:_c_int00_noargs)
                  00005638    00000030     msp432p4xx_driverlib.lib : adc14.o (.text:ADC14_clearInterruptFlag)
                  00005668    00000030                              : adc14.o (.text:ADC14_enableInterrupt)
                  00005698    00000030                              : uart.o (.text:UART_enableInterrupt)
                  000056c8    00000030     rtsv7M4_T_le_v4SPD16_eabi.lib : getdevice.c.obj (.text:finddevice)
                  000056f8    0000002e                                   : i_tofd_t2.asm.obj (.text)
                  00005726    00000002     --HOLE-- [fill = 0]
                  00005728    0000002c     msp432p4xx_driverlib.lib : adc14.o (.text:ADC14_getInterruptStatus)
                  00005754    0000002c                              : adc14.o (.text:ADC14_toggleConversionTrigger)
                  00005780    0000002c     grlib.a : display.obj (.text:Graphics_drawPixelOnDisplay)
                  000057ac    0000002c     rtsv7M4_T_le_v4SPD16_eabi.lib : unlink.c.obj (.text:unlink)
                  000057d8    00000028     msp432p4xx_driverlib.lib : adc14.o (.text:ADC14_enableConversion)
                  00005800    00000028                              : adc14.o (.text:ADC14_getResult)
                  00005828    00000028                              : gpio.o (.text:GPIO_clearInterruptFlag)
                  00005850    00000028                              : gpio.o (.text:GPIO_enableInterrupt)
                  00005878    00000028                              : gpio.o (.text:GPIO_setOutputHighOnPin)
                  000058a0    00000028                              : gpio.o (.text:GPIO_setOutputLowOnPin)
                  000058c8    00000028                              : pcm.o (.text:PCM_gotoLPM0)
                  000058f0    00000028     rtsv7M4_T_le_v4SPD16_eabi.lib : memory.c.obj (.text:free_list_insert)
                  00005918    00000028                                   : lseek.c.obj (.text:lseek)
                  00005940    00000028                                   : write.c.obj (.text:write)
                  00005968    00000024     msp432p4xx_driverlib.lib : gpio.o (.text:GPIO_getInterruptStatus)
                  0000598c    00000024                              : wdt_a.o (.text:WDT_A_holdTimer)
                  000059b0    00000020     rtsv7M4_T_le_v4SPD16_eabi.lib : memchr.c.obj (.text:memchr)
                  000059d0    0000001c     msp432p4xx_driverlib.lib : pcm.o (.text:PCM_gotoLPM0InterruptSafe)
                  000059ec    0000001c                              : spi.o (.text:SPI_enableModule)
                  00005a08    0000001c     rtsv7M4_T_le_v4SPD16_eabi.lib : copy_zero_init.c.obj (.text:decompress:ZI:__TI_zero_init_nomemset:__TI_zero_init_nomemset)
                  00005a24    0000001c                                   : memory.c.obj (.text:free_list_remove)
                  00005a40    0000001c                                   : memccpy.c.obj (.text:memccpy)
                  00005a5c    0000001a     grlib.a : display.obj (.text:Graphics_clearDisplayOnDisplay)
                  00005a76    0000001a             : context.obj (.text:Graphics_setBackgroundColor)
                  00005a90    0000001a             : context.obj (.text:Graphics_setFont)
                  00005aaa    0000001a     rtsv7M4_T_le_v4SPD16_eabi.lib : s_copysign.c.obj (.text:copysign)
                  00005ac4    00000018                                   : sprintf.c.obj (.text:_outs)
                  00005adc    00000018                                   : strcmp.c.obj (.text:strcmp)
                  00005af4    00000016     msp432p4xx_driverlib.lib : spi.o (.text:EUSCI_A_SPI_enable)
                  00005b0a    00000016                              : spi.o (.text:EUSCI_B_SPI_enable)
                  00005b20    00000016     grlib.a : context.obj (.text:Graphics_setForegroundColor)
                  00005b36    00000016             : display.obj (.text:Graphics_translateColorOnDisplay)
                  00005b4c    00000016     msp432p4xx_driverlib.lib : uart.o (.text:UART_enableModule)
                  00005b62    00000016     rtsv7M4_T_le_v4SPD16_eabi.lib : strchr.c.obj (.text:strchr)
                  00005b78    00000014     msp432p4xx_driverlib.lib : pcm.o (.text:PCM_getPowerState)
                  00005b8c    00000014     rtsv7M4_T_le_v4SPD16_eabi.lib : strcpy.c.obj (.text:strcpy)
                  00005ba0    00000014                                   : strlen.c.obj (.text:strlen)
                  00005bb4    00000012     grlib.a : context.obj (.text:Graphics_clearDisplay)
                  00005bc6    00000012             : display.obj (.text:Graphics_flushOnDisplay)
                  00005bd8    00000012     rtsv7M4_T_le_v4SPD16_eabi.lib : wcslen.c.obj (.text:wcslen)
                  00005bea    00000002     --HOLE-- [fill = 0]
                  00005bec    00000010     msp432p4xx_driverlib.lib : adc14.o (.text:ADCIsConversionRunning)
                  00005bfc    00000010                              : interrupt.o (.text:Interrupt_disableMaster)
                  00005c0c    00000010                              : interrupt.o (.text:Interrupt_enableMaster)
                  00005c1c    00000010                              : interrupt.o (.text:Interrupt_enableSleepOnIsrExit)
                  00005c2c    00000010                              : pcm.o (.text:PCM_setCoreVoltageLevel)
                  00005c3c    00000010                              : pcm.o (.text:PCM_setPowerMode)
                  00005c4c    0000000e     grlib.a : context.obj (.text:Graphics_flushBuffer)
                  00005c5a    0000000e     rtsv7M4_T_le_v4SPD16_eabi.lib : copy_decompress_none.c.obj (.text:decompress:none:__TI_decompress_none)
                  00005c68    0000000e     startup_msp432p401r_ccs.obj (.text)
                  00005c76    00000002     --HOLE-- [fill = 0]
                  00005c78    0000000c     msp432p4xx_driverlib.lib : adc14.o (.text:ADC14_enableModule)
                  00005c84    0000000c                              : cpu.o (.text:CPU_cpsid)
                  00005c90    0000000c                              : cpu.o (.text:CPU_cpsie)
                  00005c9c    0000000a     rtsv7M4_T_le_v4SPD16_eabi.lib : sprintf.c.obj (.text:_outc)
                  00005ca6    00000002     --HOLE-- [fill = 0]
                  00005ca8    00000008                                   : errno.c.obj (.text:__aeabi_errno_addr)
                  00005cb0    00000008                                   : memory.c.obj (.text:malloc)
                  00005cb8    00000004     msp432p4xx_driverlib.lib : cpu.o (.text:CPU_wfi)
                  00005cbc    00000004     rtsv7M4_T_le_v4SPD16_eabi.lib : printf.c.obj (.text:_outc)
                  00005cc0    00000004                                   : printf.c.obj (.text:_outs)
                  00005cc4    00000004                                   : pre_init.c.obj (.text:_system_pre_init)
                  00005cc8    00000004                                   : exit.c.obj (.text:abort:abort)

.const     0    00005ccc    00000618     
                  00005ccc    000002f8     grlib.a : fontfixed6x8.obj (.const:.string:g_pucFontFixed6x8Data)
                  00005fc4    00000101     rtsv7M4_T_le_v4SPD16_eabi.lib : ctype.c.obj (.const:.string:_ctypes_)
                  000060c5    00000003     --HOLE-- [fill = 0]
                  000060c8    000000c8     grlib.a : fontfixed6x8.obj (.const:g_sFontFixed6x8)
                  00006190    00000080     msp432p4xx_driverlib.lib : adc14.o (.const:_ctlRegs)
                  00006210    00000030                              : gpio.o (.const:GPIO_PORT_TO_BASE)
                  00006240    00000028     ConnectionUart.obj (.const:uartConfig)
                  00006268    00000020     Crystalfontz128x128_ST7735.obj (.const:g_sCrystalfontz128x128_funcs)
                  00006288    0000001c     HAL_MSP_EXP432P401R_Crystalfontz128x128_ST7735.obj (.const:$P$T0$1)
                  000062a4    00000008     Crystalfontz128x128_ST7735.obj (.const:$P$T0$1)
                  000062ac    00000008     Display.obj (.const:$P$T0$1)
                  000062b4    00000008     Display.obj (.const:$P$T1$2)
                  000062bc    00000008     Display.obj (.const:$P$T2$3)
                  000062c4    00000008     Display.obj (.const:$P$T3$4)
                  000062cc    00000008     Display.obj (.const:$P$T4$5)
                  000062d4    00000008     Display.obj (.const:$P$T5$6)
                  000062dc    00000008     msp432p4xx_driverlib.lib : interrupt.o (.const:g_pulEnRegs)

.cinit     0    000062e8    00000098     
                  000062e8    00000074     (.cinit..data.load) [load image, compression = lzss]
                  0000635c    0000000c     (__TI_handler_table)
                  00006368    00000008     (.cinit..bss.load) [load image, compression = zero_init]
                  00006370    00000010     (__TI_cinit_table)

.init_array 
*          0    00000000    00000000     UNINITIALIZED

.binit     0    00000000    00000000     

.sysmem    0    20000000    00000400     UNINITIALIZED
                  20000000    00000010     rtsv7M4_T_le_v4SPD16_eabi.lib : memory.c.obj (.sysmem)
                  20000010    000003f0     --HOLE--

.data      0    20000400    0000020c     UNINITIALIZED
                  20000400    000000f0     rtsv7M4_T_le_v4SPD16_eabi.lib : defs.c.obj (.data:_ftable)
                  200004f0    00000078                                   : host_device.c.obj (.data:_device)
                  20000568    00000050                                   : host_device.c.obj (.data:_stream)
                  200005b8    00000010     Joystick.obj (.data)
                  200005c8    00000010     Crystalfontz128x128_ST7735.obj (.data:g_sCrystalfontz128x128)
                  200005d8    00000010     rtsv7M4_T_le_v4SPD16_eabi.lib : defs.c.obj (.data)
                  200005e8    0000000c                                   : exit.c.obj (.data:$O1$$)
                  200005f4    00000008                                   : _lock.c.obj (.data:$O1$$)
                  200005fc    00000008                                   : memory.c.obj (.data:$O1$$)
                  20000604    00000004                                   : errno.c.obj (.data)
                  20000608    00000004     system_msp432p401r.obj (.data)

.bss       0    2000060c    0000020a     UNINITIALIZED
                  2000060c    00000120     rtsv7M4_T_le_v4SPD16_eabi.lib : trgmsg.c.obj (.bss:_CIOBUF_)
                  2000072c    000000a0     (.common:__TI_tmpnams)
                  200007cc    0000001c     (.common:invisibleContext)
                  200007e8    0000001c     (.common:sContext)
                  20000804    00000008     (.common:parmbuf)
                  2000080c    00000002     (.common:Lcd_ScreenHeigth)
                  2000080e    00000002     (.common:Lcd_ScreenWidth)
                  20000810    00000002     (.common:Lcd_TouchTrim)
                  20000812    00000001     (.common:Lcd_FlagRead)
                  20000813    00000001     (.common:Lcd_FontSolid)
                  20000814    00000001     (.common:Lcd_Orientation)
                  20000815    00000001     (.common:Lcd_PenSolid)

.stack     0    2000fe00    00000200     UNINITIALIZED
                  2000fe00    00000004     rtsv7M4_T_le_v4SPD16_eabi.lib : boot_cortex_m.c.obj (.stack)
                  2000fe04    000001fc     --HOLE--

__llvm_prf_cnts 
*          0    20000000    00000000     UNINITIALIZED

MODULE SUMMARY

       Module                                               code    ro data   rw data
       ------                                               ----    -------   -------
    ./
       Joystick.obj                                         1472    0         32     
       Display.obj                                          1084    48        112    
       system_msp432p401r.obj                               820     0         8      
       startup_msp432p401r_ccs.obj                          14      228       0      
       ConnectionUart.obj                                   88      40        0      
       main.obj                                             110     0         0      
    +--+----------------------------------------------------+-------+---------+---------+
       Total:                                               3588    316       152    
                                                                                     
    ./LcdDriver/
       Crystalfontz128x128_ST7735.obj                       1664    40        52     
       HAL_MSP_EXP432P401R_Crystalfontz128x128_ST7735.obj   204     28        0      
    +--+----------------------------------------------------+-------+---------+---------+
       Total:                                               1868    68        52     
                                                                                     
    /Applications/ti/ccs1210/ccs/tools/compiler/ti-cgt-arm_20.2.7.LTS/lib/rtsv7M4_T_le_v4SPD16_eabi.lib
       _printfi.c.obj                                       4851    0         0      
       defs.c.obj                                           0       0         832    
       memory.c.obj                                         672     0         16     
       trgmsg.c.obj                                         108     0         576    
       fd_add_t2.asm.obj                                    438     0         0      
       host_device.c.obj                                    0       0         400    
       fd_div_t2.asm.obj                                    310     0         0      
       fputs.c.obj                                          276     0         0      
       s_scalbn.c.obj                                       272     0         0      
       fd_cmp_t2.asm.obj                                    268     0         0      
       ctype.c.obj                                          0       257       0      
       fd_mul_t2.asm.obj                                    252     0         0      
       setvbuf.c.obj                                        220     0         0      
       memcpy_t2.asm.obj                                    156     0         0      
       ull_div_t2.asm.obj                                   150     0         0      
       fputc.c.obj                                          140     0         0      
       memset_t2.asm.obj                                    122     0         0      
       fclose.c.obj                                         116     0         0      
       getdevice.c.obj                                      116     0         0      
       hostopen.c.obj                                       96      0         16     
       printf.c.obj                                         112     0         0      
       hostrename.c.obj                                     108     0         0      
       copy_decompress_lzss.c.obj                           104     0         0      
       hostlseek.c.obj                                      104     0         0      
       exit.c.obj                                           76      0         24     
       fseek.c.obj                                          100     0         0      
       s_frexp.c.obj                                        100     0         0      
       _io_perm.c.obj                                       98      0         0      
       sprintf.c.obj                                        98      0         0      
       close.c.obj                                          92      0         0      
       hostread.c.obj                                       88      0         0      
       hostwrite.c.obj                                      88      0         0      
       _ltoa.c.obj                                          84      0         0      
       atoi.c.obj                                           76      0         0      
       fflush.c.obj                                         76      0         0      
       fd_toi_t2.asm.obj                                    72      0         0      
       autoinit.c.obj                                       68      0         0      
       hostclose.c.obj                                      68      0         0      
       hostunlink.c.obj                                     68      0         0      
       strncpy.c.obj                                        54      0         0      
       boot_cortex_m.c.obj                                  52      0         0      
       fopen.c.obj                                          52      0         0      
       i_tofd_t2.asm.obj                                    46      0         0      
       unlink.c.obj                                         44      0         0      
       lseek.c.obj                                          40      0         0      
       write.c.obj                                          40      0         0      
       memchr.c.obj                                         32      0         0      
       copy_zero_init.c.obj                                 28      0         0      
       memccpy.c.obj                                        28      0         0      
       s_copysign.c.obj                                     26      0         0      
       strcmp.c.obj                                         24      0         0      
       strchr.c.obj                                         22      0         0      
       strcpy.c.obj                                         20      0         0      
       strlen.c.obj                                         20      0         0      
       _lock.c.obj                                          2       0         16     
       wcslen.c.obj                                         18      0         0      
       errno.c.obj                                          8       0         8      
       copy_decompress_none.c.obj                           14      0         0      
       pre_init.c.obj                                       4       0         0      
       div0.asm.obj                                         2       0         0      
    +--+----------------------------------------------------+-------+---------+---------+
       Total:                                               10819   257       1888   
                                                                                     
    /Applications/ti/ccs1210/ccs/tools/compiler/ti-cgt-arm_20.2.7.LTS/simplelink_msp432p4_sdk_3_40_01_02/source/ti/devices/msp432p4xx/driverlib/ccs/msp432p4xx_driverlib.lib
       adc14.o                                              1196    128       0      
       pcm.o                                                916     0         0      
       gpio.o                                               752     48        0      
       uart.o                                               406     0         0      
       cs.o                                                 356     0         0      
       spi.o                                                312     0         0      
       interrupt.o                                          176     8         0      
       flash.o                                              72      0         0      
       wdt_a.o                                              36      0         0      
       cpu.o                                                28      0         0      
    +--+----------------------------------------------------+-------+---------+---------+
       Total:                                               4250    184       0      
                                                                                     
    /Applications/ti/ccs1210/ccs/tools/compiler/ti-cgt-arm_20.2.7.LTS/simplelink_msp432p4_sdk_3_40_01_02/source/ti/grlib/lib/ccs/m4f/grlib.a
       string.obj                                           1536    0         0      
       fontfixed6x8.obj                                     0       960       0      
       circle.obj                                           554     0         0      
       line.obj                                             312     0         0      
       display.obj                                          218     0         0      
       context.obj                                          188     0         0      
       rectangle.obj                                        162     0         0      
    +--+----------------------------------------------------+-------+---------+---------+
       Total:                                               2970    960       0      
                                                                                     
       Heap:                                                0       0         2048   
       Stack:                                               0       0         1024   
       Linker Generated:                                    0       152       0      
    +--+----------------------------------------------------+-------+---------+---------+
       Grand Total:                                         23495   1937      5164   


LINKER GENERATED COPY TABLES

__TI_cinit_table @ 00006370 records: 2, size/record: 8, table size: 16
	.data: load addr=000062e8, load size=00000074 bytes, run addr=20000400, run size=0000020c bytes, compression=lzss
	.bss: load addr=00006368, load size=00000008 bytes, run addr=2000060c, run size=0000020a bytes, compression=zero_init


LINKER GENERATED HANDLER TABLE

__TI_handler_table @ 0000635c records: 3, size/record: 4, table size: 12
	index: 0, handler: __TI_decompress_lzss
	index: 1, handler: __TI_decompress_none
	index: 2, handler: __TI_zero_init


GLOBAL SYMBOLS: SORTED ALPHABETICALLY BY Name 

address   name                                       
-------   ----                                       
000016ad  ADC14_IRQHandler                           
000016ad  ADC14_IRQHandler                           
00005639  ADC14_clearInterruptFlag                   
00003cd9  ADC14_configureConversionMemory            
00003d8d  ADC14_configureMultiSequenceMode           
000057d9  ADC14_enableConversion                     
00005669  ADC14_enableInterrupt                      
00005c79  ADC14_enableModule                         
00005501  ADC14_enableSampleTimer                    
000053ed  ADC14_getEnabledInterruptStatus            
00005729  ADC14_getInterruptStatus                   
00005801  ADC14_getResult                            
00004e99  ADC14_initModule                           
00005755  ADC14_toggleConversionTrigger              
00005c75  AES256_IRQHandler                          
00005c75  BusFault_Handler                           
00005cc9  C$$EXIT                                    
00005453  C$$IO$$                                    
00005c75  COMP_E0_IRQHandler                         
00005c75  COMP_E1_IRQHandler                         
00005c85  CPU_cpsid                                  
00005c91  CPU_cpsie                                  
00005cb9  CPU_wfi                                    
00005c75  CS_IRQHandler                              
000030b9  CS_initClockSignal                         
00005535  CS_setDCOCenteredFrequency                 
00000b35  Crystalfontz128x128_Init                   
00000c49  Crystalfontz128x128_SetDrawFrame           
00000d77  Crystalfontz128x128_SetOrientation         
00005c75  DMA_ERR_IRQHandler                         
00005c75  DMA_INT0_IRQHandler                        
00005c75  DMA_INT1_IRQHandler                        
00005c75  DMA_INT2_IRQHandler                        
00005c75  DMA_INT3_IRQHandler                        
00005c75  DebugMon_Handler                           
00005c75  Default_Handler                            
00005c75  EUSCIA0_IRQHandler                         
00005c75  EUSCIA1_IRQHandler                         
00004d2d  EUSCIA2_IRQHandler                         
00004d2d  EUSCIA2_IRQHandler                         
00005c75  EUSCIA3_IRQHandler                         
00005c75  EUSCIB0_IRQHandler                         
00005c75  EUSCIB1_IRQHandler                         
00005c75  EUSCIB2_IRQHandler                         
00005c75  EUSCIB3_IRQHandler                         
00005af5  EUSCI_A_SPI_enable                         
00005b0b  EUSCI_B_SPI_enable                         
00005c75  FLCTL_IRQHandler                           
00005c75  FPU_IRQHandler                             
0000507d  FlashCtl_setWaitState                      
00005829  GPIO_clearInterruptFlag                    
00005851  GPIO_enableInterrupt                       
00004559  GPIO_getEnabledInterruptStatus             
00005969  GPIO_getInterruptStatus                    
00004d39  GPIO_setAsInputPinWithPullUpResistor       
000052ad  GPIO_setAsOutputPin                        
0000433d  GPIO_setAsPeripheralModuleFunctionInputPin 
000043c5  GPIO_setAsPeripheralModuleFunctionOutputPin
00005879  GPIO_setOutputHighOnPin                    
000058a1  GPIO_setOutputLowOnPin                     
00005bb5  Graphics_clearDisplay                      
00005a5d  Graphics_clearDisplayOnDisplay             
0000545d  Graphics_drawHorizontalLineOnDisplay       
00004045  Graphics_drawLineH                         
000040e1  Graphics_drawLineV                         
00005781  Graphics_drawPixelOnDisplay                
00003fa3  Graphics_drawRectangle                     
00001775  Graphics_drawString                        
000050c5  Graphics_drawStringCentered                
00005493  Graphics_drawVerticalLineOnDisplay         
000025d5  Graphics_fillCircle                        
00005c4d  Graphics_flushBuffer                       
00005bc7  Graphics_flushOnDisplay                    
00003951  Graphics_getStringWidth                    
00004f41  Graphics_initContext                       
00005a77  Graphics_setBackgroundColor                
00005a91  Graphics_setFont                           
00005b21  Graphics_setForegroundColor                
00005b37  Graphics_translateColorOnDisplay           
00003c0d  HAL_LCD_PortInit                           
00003c3d  HAL_LCD_SpiInit                            
00003c73  HAL_LCD_writeCommand                       
00003ca3  HAL_LCD_writeData                          
0000519d  HOSTclose                                  
00004905  HOSTlseek                                  
00004b69  HOSTopen                                   
00004d91  HOSTread                                   
00004899  HOSTrename                                 
000051e1  HOSTunlink                                 
00004de9  HOSTwrite                                  
00005c75  HardFault_Handler                          
00005bfd  Interrupt_disableMaster                    
000045dd  Interrupt_enableInterrupt                  
00005c0d  Interrupt_enableMaster                     
00005c1d  Interrupt_enableSleepOnIsrExit             
20000812  Lcd_FlagRead                               
20000813  Lcd_FontSolid                              
20000814  Lcd_Orientation                            
20000815  Lcd_PenSolid                               
2000080c  Lcd_ScreenHeigth                           
2000080e  Lcd_ScreenWidth                            
20000810  Lcd_TouchTrim                              
00005c75  MemManage_Handler                          
00005c75  NMI_Handler                                
00005c75  PCM_IRQHandler                             
00004bc9  PCM_getCoreVoltageLevel                    
00004c85  PCM_getPowerMode                           
00005b79  PCM_getPowerState                          
000058c9  PCM_gotoLPM0                               
000059d1  PCM_gotoLPM0InterruptSafe                  
00005c2d  PCM_setCoreVoltageLevel                    
00005c3d  PCM_setPowerMode                           
0000129b  PORT1_IRQHandler                           
0000129b  PORT1_IRQHandler                           
00005c75  PORT2_IRQHandler                           
000012ff  PORT3_IRQHandler                           
000012ff  PORT3_IRQHandler                           
0000135b  PORT4_IRQHandler                           
0000135b  PORT4_IRQHandler                           
000013dd  PORT5_IRQHandler                           
000013dd  PORT5_IRQHandler                           
00005c75  PORT6_IRQHandler                           
00005c75  PSS_IRQHandler                             
00005c75  PendSV_Handler                             
00005c75  RTC_C_IRQHandler                           
00005c69  Reset_Handler                              
000059ed  SPI_enableModule                           
00003ef3  SPI_initMaster                             
00005c75  SVC_Handler                                
00005c75  SysTick_Handler                            
20000608  SystemCoreClock                            
00002031  SystemCoreClockUpdate                      
000022a9  SystemInit                                 
00005c75  T32_INT1_IRQHandler                        
00005c75  T32_INT2_IRQHandler                        
00005c75  T32_INTC_IRQHandler                        
00005c75  TA0_0_IRQHandler                           
00005c75  TA0_N_IRQHandler                           
00005c75  TA1_0_IRQHandler                           
00005c75  TA1_N_IRQHandler                           
00005c75  TA2_0_IRQHandler                           
00005c75  TA2_N_IRQHandler                           
00005c75  TA3_0_IRQHandler                           
00005c75  TA3_N_IRQHandler                           
00005699  UART_enableInterrupt                       
00005b4d  UART_enableModule                          
0000330d  UART_initModule                            
00005569  UART_transmitData                          
00005c75  UsageFault_Handler                         
4000480c  WDTCTL_SYM                                 
00005c75  WDT_A_IRQHandler                           
0000598d  WDT_A_holdTimer                            
2000060c  __CIOBUF_                                  
20010000  __STACK_END                                
00000200  __STACK_SIZE                               
00000400  __SYSMEM_SIZE                              
00006370  __TI_CINIT_Base                            
00006380  __TI_CINIT_Limit                           
0000635c  __TI_Handler_Table_Base                    
00006368  __TI_Handler_Table_Limit                   
00005225  __TI_auto_init_nobinit_nopinit             
0000559d  __TI_cleanup                               
200005e8  __TI_cleanup_ptr                           
000046d9  __TI_closefile                             
0000496d  __TI_decompress_lzss                       
00005c5b  __TI_decompress_none                       
00004fe5  __TI_doflush                               
200005ec  __TI_dtors_ptr                             
200005f0  __TI_enable_exit_profile_output            
200005d8  __TI_ft_end                                
00004eed  __TI_ltoa                                  
ffffffff  __TI_pprof_out_hndl                        
000000e5  __TI_printfi                               
ffffffff  __TI_prof_data_size                        
ffffffff  __TI_prof_data_start                       
000055d1  __TI_readmsg                               
00000000  __TI_static_base__                         
2000072c  __TI_tmpnams                               
00005425  __TI_writemsg                              
00004b05  __TI_wrt_ok                                
00005a09  __TI_zero_init_nomemset                    
0000444d  __aeabi_cdcmpeq                            
0000444d  __aeabi_cdcmple                            
000044d3  __aeabi_cdrcmple                           
00005155  __aeabi_d2iz                               
000029db  __aeabi_dadd                               
00002f81  __aeabi_ddiv                               
00003855  __aeabi_dmul                               
000029d1  __aeabi_dsub                               
00005ca9  __aeabi_errno_addr                         
000056f9  __aeabi_i2d                                
00001bf3  __aeabi_idiv0                              
00001bf3  __aeabi_ldiv0                              
0000465d  __aeabi_memclr                             
0000465d  __aeabi_memclr4                            
0000465d  __aeabi_memclr8                            
0000417d  __aeabi_memcpy                             
0000417d  __aeabi_memcpy4                            
0000417d  __aeabi_memcpy8                            
0000465f  __aeabi_memset                             
0000465f  __aeabi_memset4                            
0000465f  __aeabi_memset8                            
200005e4  __aeabi_stderr                             
200005dc  __aeabi_stdin                              
200005e0  __aeabi_stdout                             
00004219  __aeabi_uldivmod                           
ffffffff  __binit__                                  
ffffffff  __c_args__                                 
UNDEFED   __mpu_init                                 
2000fe00  __stack                                    
20000000  __start___llvm_prf_cnts                    
20000000  __stop___llvm_prf_cnts                     
00005605  _c_int00_noargs                            
00005fc4  _ctypes_                                   
200004f0  _device                                    
20000400  _ftable                                    
200005f4  _lock                                      
00000b33  _nop                                       
20000568  _stream                                    
20000000  _sys_memory                                
UNDEFED   _system_post_cinit                         
00005cc5  _system_pre_init                           
200005f8  _unlock                                    
00005cc9  abort                                      
000011b5  adcInit                                    
00003755  aligned_alloc                              
00005031  atoi                                       
00001449  auto_park_mode                             
ffffffff  binit                                      
00001bff  clear_display_invisible                    
00001bf5  clear_display_visible                      
00004c29  close                                      
00004ce1  configureUart                              
200005bc  cont                                       
00005aab  copysign                                   
00005aab  copysignl                                  
00001c09  draw                                       
00001d73  draw_circle                                
00001c2f  draw_rectangle                             
20000604  errno                                      
0000510d  exit                                       
000056c9  finddevice                                 
000042b1  fputc                                      
00003429  fputs                                      
00003a4d  free                                       
00004a3d  frexp                                      
00004a3d  frexpl                                     
00004aa1  fseek                                      
200005c8  g_sCrystalfontz128x128                     
00006268  g_sCrystalfontz128x128_funcs               
000060c8  g_sFontFixed6x8                            
00005269  getdevice                                  
00001c69  graphicsInit                               
00001e09  graphics_first_menu                        
0000482b  initHW                                     
00000000  interruptVectors                           
200007cc  invisibleContext                           
00001549  joystick_mode_setup                        
000014bf  keep_distance                              
0000353d  ldexp                                      
0000353d  ldexpl                                     
00005919  lseek                                      
00004885  main                                       
00005cb1  malloc                                     
00003755  memalign                                   
00005a41  memccpy                                    
000059b1  memchr                                     
0000417d  memcpy                                     
00004665  memset                                     
20000804  parmbuf                                    
000049d5  printf                                     
000042b1  putc                                       
000057ad  remove                                     
200007e8  sContext                                   
0000353d  scalbn                                     
0000353d  scalbnl                                    
200005c0  sel                                        
200005c4  sel1                                       
200005b8  semaforo                                   
00003b31  setvbuf                                    
0000536d  sprintf                                    
00005b63  strchr                                     
00005add  strcmp                                     
00005b8d  strcpy                                     
00005ba1  strlen                                     
000054c9  strncpy                                    
00006240  uartConfig                                 
000057ad  unlink                                     
00005bd9  wcslen                                     
00005941  write                                      


GLOBAL SYMBOLS: SORTED BY Symbol Address 

address   name                                       
-------   ----                                       
00000000  __TI_static_base__                         
00000000  interruptVectors                           
000000e5  __TI_printfi                               
00000200  __STACK_SIZE                               
00000400  __SYSMEM_SIZE                              
00000b33  _nop                                       
00000b35  Crystalfontz128x128_Init                   
00000c49  Crystalfontz128x128_SetDrawFrame           
00000d77  Crystalfontz128x128_SetOrientation         
000011b5  adcInit                                    
0000129b  PORT1_IRQHandler                           
0000129b  PORT1_IRQHandler                           
000012ff  PORT3_IRQHandler                           
000012ff  PORT3_IRQHandler                           
0000135b  PORT4_IRQHandler                           
0000135b  PORT4_IRQHandler                           
000013dd  PORT5_IRQHandler                           
000013dd  PORT5_IRQHandler                           
00001449  auto_park_mode                             
000014bf  keep_distance                              
00001549  joystick_mode_setup                        
000016ad  ADC14_IRQHandler                           
000016ad  ADC14_IRQHandler                           
00001775  Graphics_drawString                        
00001bf3  __aeabi_idiv0                              
00001bf3  __aeabi_ldiv0                              
00001bf5  clear_display_visible                      
00001bff  clear_display_invisible                    
00001c09  draw                                       
00001c2f  draw_rectangle                             
00001c69  graphicsInit                               
00001d73  draw_circle                                
00001e09  graphics_first_menu                        
00002031  SystemCoreClockUpdate                      
000022a9  SystemInit                                 
000025d5  Graphics_fillCircle                        
000029d1  __aeabi_dsub                               
000029db  __aeabi_dadd                               
00002f81  __aeabi_ddiv                               
000030b9  CS_initClockSignal                         
0000330d  UART_initModule                            
00003429  fputs                                      
0000353d  ldexp                                      
0000353d  ldexpl                                     
0000353d  scalbn                                     
0000353d  scalbnl                                    
00003755  aligned_alloc                              
00003755  memalign                                   
00003855  __aeabi_dmul                               
00003951  Graphics_getStringWidth                    
00003a4d  free                                       
00003b31  setvbuf                                    
00003c0d  HAL_LCD_PortInit                           
00003c3d  HAL_LCD_SpiInit                            
00003c73  HAL_LCD_writeCommand                       
00003ca3  HAL_LCD_writeData                          
00003cd9  ADC14_configureConversionMemory            
00003d8d  ADC14_configureMultiSequenceMode           
00003ef3  SPI_initMaster                             
00003fa3  Graphics_drawRectangle                     
00004045  Graphics_drawLineH                         
000040e1  Graphics_drawLineV                         
0000417d  __aeabi_memcpy                             
0000417d  __aeabi_memcpy4                            
0000417d  __aeabi_memcpy8                            
0000417d  memcpy                                     
00004219  __aeabi_uldivmod                           
000042b1  fputc                                      
000042b1  putc                                       
0000433d  GPIO_setAsPeripheralModuleFunctionInputPin 
000043c5  GPIO_setAsPeripheralModuleFunctionOutputPin
0000444d  __aeabi_cdcmpeq                            
0000444d  __aeabi_cdcmple                            
000044d3  __aeabi_cdrcmple                           
00004559  GPIO_getEnabledInterruptStatus             
000045dd  Interrupt_enableInterrupt                  
0000465d  __aeabi_memclr                             
0000465d  __aeabi_memclr4                            
0000465d  __aeabi_memclr8                            
0000465f  __aeabi_memset                             
0000465f  __aeabi_memset4                            
0000465f  __aeabi_memset8                            
00004665  memset                                     
000046d9  __TI_closefile                             
0000482b  initHW                                     
00004885  main                                       
00004899  HOSTrename                                 
00004905  HOSTlseek                                  
0000496d  __TI_decompress_lzss                       
000049d5  printf                                     
00004a3d  frexp                                      
00004a3d  frexpl                                     
00004aa1  fseek                                      
00004b05  __TI_wrt_ok                                
00004b69  HOSTopen                                   
00004bc9  PCM_getCoreVoltageLevel                    
00004c29  close                                      
00004c85  PCM_getPowerMode                           
00004ce1  configureUart                              
00004d2d  EUSCIA2_IRQHandler                         
00004d2d  EUSCIA2_IRQHandler                         
00004d39  GPIO_setAsInputPinWithPullUpResistor       
00004d91  HOSTread                                   
00004de9  HOSTwrite                                  
00004e99  ADC14_initModule                           
00004eed  __TI_ltoa                                  
00004f41  Graphics_initContext                       
00004fe5  __TI_doflush                               
00005031  atoi                                       
0000507d  FlashCtl_setWaitState                      
000050c5  Graphics_drawStringCentered                
0000510d  exit                                       
00005155  __aeabi_d2iz                               
0000519d  HOSTclose                                  
000051e1  HOSTunlink                                 
00005225  __TI_auto_init_nobinit_nopinit             
00005269  getdevice                                  
000052ad  GPIO_setAsOutputPin                        
0000536d  sprintf                                    
000053ed  ADC14_getEnabledInterruptStatus            
00005425  __TI_writemsg                              
00005453  C$$IO$$                                    
0000545d  Graphics_drawHorizontalLineOnDisplay       
00005493  Graphics_drawVerticalLineOnDisplay         
000054c9  strncpy                                    
00005501  ADC14_enableSampleTimer                    
00005535  CS_setDCOCenteredFrequency                 
00005569  UART_transmitData                          
0000559d  __TI_cleanup                               
000055d1  __TI_readmsg                               
00005605  _c_int00_noargs                            
00005639  ADC14_clearInterruptFlag                   
00005669  ADC14_enableInterrupt                      
00005699  UART_enableInterrupt                       
000056c9  finddevice                                 
000056f9  __aeabi_i2d                                
00005729  ADC14_getInterruptStatus                   
00005755  ADC14_toggleConversionTrigger              
00005781  Graphics_drawPixelOnDisplay                
000057ad  remove                                     
000057ad  unlink                                     
000057d9  ADC14_enableConversion                     
00005801  ADC14_getResult                            
00005829  GPIO_clearInterruptFlag                    
00005851  GPIO_enableInterrupt                       
00005879  GPIO_setOutputHighOnPin                    
000058a1  GPIO_setOutputLowOnPin                     
000058c9  PCM_gotoLPM0                               
00005919  lseek                                      
00005941  write                                      
00005969  GPIO_getInterruptStatus                    
0000598d  WDT_A_holdTimer                            
000059b1  memchr                                     
000059d1  PCM_gotoLPM0InterruptSafe                  
000059ed  SPI_enableModule                           
00005a09  __TI_zero_init_nomemset                    
00005a41  memccpy                                    
00005a5d  Graphics_clearDisplayOnDisplay             
00005a77  Graphics_setBackgroundColor                
00005a91  Graphics_setFont                           
00005aab  copysign                                   
00005aab  copysignl                                  
00005add  strcmp                                     
00005af5  EUSCI_A_SPI_enable                         
00005b0b  EUSCI_B_SPI_enable                         
00005b21  Graphics_setForegroundColor                
00005b37  Graphics_translateColorOnDisplay           
00005b4d  UART_enableModule                          
00005b63  strchr                                     
00005b79  PCM_getPowerState                          
00005b8d  strcpy                                     
00005ba1  strlen                                     
00005bb5  Graphics_clearDisplay                      
00005bc7  Graphics_flushOnDisplay                    
00005bd9  wcslen                                     
00005bfd  Interrupt_disableMaster                    
00005c0d  Interrupt_enableMaster                     
00005c1d  Interrupt_enableSleepOnIsrExit             
00005c2d  PCM_setCoreVoltageLevel                    
00005c3d  PCM_setPowerMode                           
00005c4d  Graphics_flushBuffer                       
00005c5b  __TI_decompress_none                       
00005c69  Reset_Handler                              
00005c75  AES256_IRQHandler                          
00005c75  BusFault_Handler                           
00005c75  COMP_E0_IRQHandler                         
00005c75  COMP_E1_IRQHandler                         
00005c75  CS_IRQHandler                              
00005c75  DMA_ERR_IRQHandler                         
00005c75  DMA_INT0_IRQHandler                        
00005c75  DMA_INT1_IRQHandler                        
00005c75  DMA_INT2_IRQHandler                        
00005c75  DMA_INT3_IRQHandler                        
00005c75  DebugMon_Handler                           
00005c75  Default_Handler                            
00005c75  EUSCIA0_IRQHandler                         
00005c75  EUSCIA1_IRQHandler                         
00005c75  EUSCIA3_IRQHandler                         
00005c75  EUSCIB0_IRQHandler                         
00005c75  EUSCIB1_IRQHandler                         
00005c75  EUSCIB2_IRQHandler                         
00005c75  EUSCIB3_IRQHandler                         
00005c75  FLCTL_IRQHandler                           
00005c75  FPU_IRQHandler                             
00005c75  HardFault_Handler                          
00005c75  MemManage_Handler                          
00005c75  NMI_Handler                                
00005c75  PCM_IRQHandler                             
00005c75  PORT2_IRQHandler                           
00005c75  PORT6_IRQHandler                           
00005c75  PSS_IRQHandler                             
00005c75  PendSV_Handler                             
00005c75  RTC_C_IRQHandler                           
00005c75  SVC_Handler                                
00005c75  SysTick_Handler                            
00005c75  T32_INT1_IRQHandler                        
00005c75  T32_INT2_IRQHandler                        
00005c75  T32_INTC_IRQHandler                        
00005c75  TA0_0_IRQHandler                           
00005c75  TA0_N_IRQHandler                           
00005c75  TA1_0_IRQHandler                           
00005c75  TA1_N_IRQHandler                           
00005c75  TA2_0_IRQHandler                           
00005c75  TA2_N_IRQHandler                           
00005c75  TA3_0_IRQHandler                           
00005c75  TA3_N_IRQHandler                           
00005c75  UsageFault_Handler                         
00005c75  WDT_A_IRQHandler                           
00005c79  ADC14_enableModule                         
00005c85  CPU_cpsid                                  
00005c91  CPU_cpsie                                  
00005ca9  __aeabi_errno_addr                         
00005cb1  malloc                                     
00005cb9  CPU_wfi                                    
00005cc5  _system_pre_init                           
00005cc9  C$$EXIT                                    
00005cc9  abort                                      
00005fc4  _ctypes_                                   
000060c8  g_sFontFixed6x8                            
00006240  uartConfig                                 
00006268  g_sCrystalfontz128x128_funcs               
0000635c  __TI_Handler_Table_Base                    
00006368  __TI_Handler_Table_Limit                   
00006370  __TI_CINIT_Base                            
00006380  __TI_CINIT_Limit                           
20000000  __start___llvm_prf_cnts                    
20000000  __stop___llvm_prf_cnts                     
20000000  _sys_memory                                
20000400  _ftable                                    
200004f0  _device                                    
20000568  _stream                                    
200005b8  semaforo                                   
200005bc  cont                                       
200005c0  sel                                        
200005c4  sel1                                       
200005c8  g_sCrystalfontz128x128                     
200005d8  __TI_ft_end                                
200005dc  __aeabi_stdin                              
200005e0  __aeabi_stdout                             
200005e4  __aeabi_stderr                             
200005e8  __TI_cleanup_ptr                           
200005ec  __TI_dtors_ptr                             
200005f0  __TI_enable_exit_profile_output            
200005f4  _lock                                      
200005f8  _unlock                                    
20000604  errno                                      
20000608  SystemCoreClock                            
2000060c  __CIOBUF_                                  
2000072c  __TI_tmpnams                               
200007cc  invisibleContext                           
200007e8  sContext                                   
20000804  parmbuf                                    
2000080c  Lcd_ScreenHeigth                           
2000080e  Lcd_ScreenWidth                            
20000810  Lcd_TouchTrim                              
20000812  Lcd_FlagRead                               
20000813  Lcd_FontSolid                              
20000814  Lcd_Orientation                            
20000815  Lcd_PenSolid                               
2000fe00  __stack                                    
20010000  __STACK_END                                
4000480c  WDTCTL_SYM                                 
ffffffff  __TI_pprof_out_hndl                        
ffffffff  __TI_prof_data_size                        
ffffffff  __TI_prof_data_start                       
ffffffff  __binit__                                  
ffffffff  __c_args__                                 
ffffffff  binit                                      
UNDEFED   __mpu_init                                 
UNDEFED   _system_post_cinit                         

[290 symbols]
